check-context	Set up job	﻿2025-07-29T15:01:20.3542220Z Current runner version: '2.326.0'
check-context	Set up job	2025-07-29T15:01:20.3568028Z ##[group]Runner Image Provisioner
check-context	Set up job	2025-07-29T15:01:20.3568902Z Hosted Compute Agent
check-context	Set up job	2025-07-29T15:01:20.3569455Z Version: 20250711.363
check-context	Set up job	2025-07-29T15:01:20.3570164Z Commit: 6785254374ce925a23743850c1cb91912ce5c14c
check-context	Set up job	2025-07-29T15:01:20.3571097Z Build Date: 2025-07-11T20:04:25Z
check-context	Set up job	2025-07-29T15:01:20.3571693Z ##[endgroup]
check-context	Set up job	2025-07-29T15:01:20.3572360Z ##[group]Operating System
check-context	Set up job	2025-07-29T15:01:20.3572914Z Ubuntu
check-context	Set up job	2025-07-29T15:01:20.3573404Z 24.04.2
check-context	Set up job	2025-07-29T15:01:20.3573886Z LTS
check-context	Set up job	2025-07-29T15:01:20.3574384Z ##[endgroup]
check-context	Set up job	2025-07-29T15:01:20.3574864Z ##[group]Runner Image
check-context	Set up job	2025-07-29T15:01:20.3575485Z Image: ubuntu-24.04
check-context	Set up job	2025-07-29T15:01:20.3576033Z Version: 20250720.1.0
check-context	Set up job	2025-07-29T15:01:20.3577007Z Included Software: https://github.com/actions/runner-images/blob/ubuntu24/20250720.1/images/ubuntu/Ubuntu2404-Readme.md
check-context	Set up job	2025-07-29T15:01:20.3578412Z Image Release: https://github.com/actions/runner-images/releases/tag/ubuntu24%2F20250720.1
check-context	Set up job	2025-07-29T15:01:20.3579602Z ##[endgroup]
check-context	Set up job	2025-07-29T15:01:20.3580986Z ##[group]GITHUB_TOKEN Permissions
check-context	Set up job	2025-07-29T15:01:20.3582856Z Contents: read
check-context	Set up job	2025-07-29T15:01:20.3583379Z Metadata: read
check-context	Set up job	2025-07-29T15:01:20.3584006Z Packages: read
check-context	Set up job	2025-07-29T15:01:20.3584484Z ##[endgroup]
check-context	Set up job	2025-07-29T15:01:20.3586487Z Secret source: Actions
check-context	Set up job	2025-07-29T15:01:20.3587265Z Prepare workflow directory
check-context	Set up job	2025-07-29T15:01:20.3942278Z Prepare all required actions
check-context	Set up job	2025-07-29T15:01:20.3980929Z Getting action download info
check-context	Set up job	2025-07-29T15:01:20.7042318Z ##[group]Download immutable action package 'actions/checkout@v4'
check-context	Set up job	2025-07-29T15:01:20.7043458Z Version: 4.2.2
check-context	Set up job	2025-07-29T15:01:20.7044452Z Digest: sha256:ccb2698953eaebd21c7bf6268a94f9c26518a7e38e27e0b83c1fe1ad049819b1
check-context	Set up job	2025-07-29T15:01:20.7045569Z Source commit SHA: 11bd71901bbe5b1630ceea73d27597364c9af683
check-context	Set up job	2025-07-29T15:01:20.7046344Z ##[endgroup]
check-context	Set up job	2025-07-29T15:01:21.3473036Z Complete job name: check-context
check-context	Checkout repository	﻿2025-07-29T15:01:21.4150245Z ##[group]Run actions/checkout@v4
check-context	Checkout repository	2025-07-29T15:01:21.4151389Z with:
check-context	Checkout repository	2025-07-29T15:01:21.4151856Z   repository: Metta-AI/metta
check-context	Checkout repository	2025-07-29T15:01:21.4152558Z   token: ***
check-context	Checkout repository	2025-07-29T15:01:21.4152969Z   ssh-strict: true
check-context	Checkout repository	2025-07-29T15:01:21.4153387Z   ssh-user: git
check-context	Checkout repository	2025-07-29T15:01:21.4153821Z   persist-credentials: true
check-context	Checkout repository	2025-07-29T15:01:21.4154301Z   clean: true
check-context	Checkout repository	2025-07-29T15:01:21.4154733Z   sparse-checkout-cone-mode: true
check-context	Checkout repository	2025-07-29T15:01:21.4155256Z   fetch-depth: 1
check-context	Checkout repository	2025-07-29T15:01:21.4155690Z   fetch-tags: false
check-context	Checkout repository	2025-07-29T15:01:21.4156122Z   show-progress: true
check-context	Checkout repository	2025-07-29T15:01:21.4156555Z   lfs: false
check-context	Checkout repository	2025-07-29T15:01:21.4156950Z   submodules: false
check-context	Checkout repository	2025-07-29T15:01:21.4157422Z   set-safe-directory: true
check-context	Checkout repository	2025-07-29T15:01:21.4158111Z ##[endgroup]
check-context	Checkout repository	2025-07-29T15:01:21.5219075Z Syncing repository: Metta-AI/metta
check-context	Checkout repository	2025-07-29T15:01:21.5221311Z ##[group]Getting Git version info
check-context	Checkout repository	2025-07-29T15:01:21.5222086Z Working directory is '/home/runner/work/metta/metta'
check-context	Checkout repository	2025-07-29T15:01:21.5223116Z [command]/usr/bin/git version
check-context	Checkout repository	2025-07-29T15:01:21.6458753Z git version 2.50.1
check-context	Checkout repository	2025-07-29T15:01:21.6498268Z ##[endgroup]
check-context	Checkout repository	2025-07-29T15:01:21.6515591Z Temporarily overriding HOME='/home/runner/work/_temp/195ce76c-8ea6-44d8-bb75-d91c9ffdfda9' before making global git config changes
check-context	Checkout repository	2025-07-29T15:01:21.6517037Z Adding repository directory to the temporary git global config as a safe directory
check-context	Checkout repository	2025-07-29T15:01:21.6521395Z [command]/usr/bin/git config --global --add safe.directory /home/runner/work/metta/metta
check-context	Checkout repository	2025-07-29T15:01:21.6616633Z Deleting the contents of '/home/runner/work/metta/metta'
check-context	Checkout repository	2025-07-29T15:01:21.6620273Z ##[group]Initializing the repository
check-context	Checkout repository	2025-07-29T15:01:21.6624810Z [command]/usr/bin/git init /home/runner/work/metta/metta
check-context	Checkout repository	2025-07-29T15:01:21.7468457Z hint: Using 'master' as the name for the initial branch. This default branch name
check-context	Checkout repository	2025-07-29T15:01:21.7469755Z hint: is subject to change. To configure the initial branch name to use in all
check-context	Checkout repository	2025-07-29T15:01:21.7471095Z hint: of your new repositories, which will suppress this warning, call:
check-context	Checkout repository	2025-07-29T15:01:21.7471927Z hint:
check-context	Checkout repository	2025-07-29T15:01:21.7472901Z hint: 	git config --global init.defaultBranch <name>
check-context	Checkout repository	2025-07-29T15:01:21.7473542Z hint:
check-context	Checkout repository	2025-07-29T15:01:21.7474142Z hint: Names commonly chosen instead of 'master' are 'main', 'trunk' and
check-context	Checkout repository	2025-07-29T15:01:21.7475144Z hint: 'development'. The just-created branch can be renamed via this command:
check-context	Checkout repository	2025-07-29T15:01:21.7475932Z hint:
check-context	Checkout repository	2025-07-29T15:01:21.7476343Z hint: 	git branch -m <name>
check-context	Checkout repository	2025-07-29T15:01:21.7476821Z hint:
check-context	Checkout repository	2025-07-29T15:01:21.7477463Z hint: Disable this message with "git config set advice.defaultBranchName false"
check-context	Checkout repository	2025-07-29T15:01:21.7518308Z Initialized empty Git repository in /home/runner/work/metta/metta/.git/
check-context	Checkout repository	2025-07-29T15:01:21.7533115Z [command]/usr/bin/git remote add origin https://github.com/Metta-AI/metta
check-context	Checkout repository	2025-07-29T15:01:21.7625756Z ##[endgroup]
check-context	Checkout repository	2025-07-29T15:01:21.7626976Z ##[group]Disabling automatic garbage collection
check-context	Checkout repository	2025-07-29T15:01:21.7631213Z [command]/usr/bin/git config --local gc.auto 0
check-context	Checkout repository	2025-07-29T15:01:21.7661426Z ##[endgroup]
check-context	Checkout repository	2025-07-29T15:01:21.7662137Z ##[group]Setting up auth
check-context	Checkout repository	2025-07-29T15:01:21.7668471Z [command]/usr/bin/git config --local --name-only --get-regexp core\.sshCommand
check-context	Checkout repository	2025-07-29T15:01:21.7699559Z [command]/usr/bin/git submodule foreach --recursive sh -c "git config --local --name-only --get-regexp 'core\.sshCommand' && git config --local --unset-all 'core.sshCommand' || :"
check-context	Checkout repository	2025-07-29T15:01:21.9702038Z [command]/usr/bin/git config --local --name-only --get-regexp http\.https\:\/\/github\.com\/\.extraheader
check-context	Checkout repository	2025-07-29T15:01:21.9731306Z [command]/usr/bin/git submodule foreach --recursive sh -c "git config --local --name-only --get-regexp 'http\.https\:\/\/github\.com\/\.extraheader' && git config --local --unset-all 'http.https://github.com/.extraheader' || :"
check-context	Checkout repository	2025-07-29T15:01:21.9950985Z [command]/usr/bin/git config --local http.https://github.com/.extraheader AUTHORIZATION: basic ***
check-context	Checkout repository	2025-07-29T15:01:21.9993012Z ##[endgroup]
check-context	Checkout repository	2025-07-29T15:01:21.9994367Z ##[group]Fetching the repository
check-context	Checkout repository	2025-07-29T15:01:22.0002793Z [command]/usr/bin/git -c protocol.version=2 fetch --no-tags --prune --no-recurse-submodules --depth=1 origin +77ba8aadd67c08fd2364798abc4b79d282c1e2ff:refs/remotes/pull/1774/merge
check-context	Checkout repository	2025-07-29T15:01:22.8700975Z From https://github.com/Metta-AI/metta
check-context	Checkout repository	2025-07-29T15:01:22.8704257Z  * [new ref]         77ba8aadd67c08fd2364798abc4b79d282c1e2ff -> pull/1774/merge
check-context	Checkout repository	2025-07-29T15:01:22.8805924Z ##[endgroup]
check-context	Checkout repository	2025-07-29T15:01:22.8807992Z ##[group]Determining the checkout info
check-context	Checkout repository	2025-07-29T15:01:22.8810499Z ##[endgroup]
check-context	Checkout repository	2025-07-29T15:01:22.8812933Z [command]/usr/bin/git sparse-checkout disable
check-context	Checkout repository	2025-07-29T15:01:22.8912654Z [command]/usr/bin/git config --local --unset-all extensions.worktreeConfig
check-context	Checkout repository	2025-07-29T15:01:22.8942501Z ##[group]Checking out the ref
check-context	Checkout repository	2025-07-29T15:01:22.8945244Z [command]/usr/bin/git checkout --progress --force refs/remotes/pull/1774/merge
check-context	Checkout repository	2025-07-29T15:01:23.0619625Z Note: switching to 'refs/remotes/pull/1774/merge'.
check-context	Checkout repository	2025-07-29T15:01:23.0621680Z 
check-context	Checkout repository	2025-07-29T15:01:23.0622751Z You are in 'detached HEAD' state. You can look around, make experimental
check-context	Checkout repository	2025-07-29T15:01:23.0625044Z changes and commit them, and you can discard any commits you make in this
check-context	Checkout repository	2025-07-29T15:01:23.0627264Z state without impacting any branches by switching back to a branch.
check-context	Checkout repository	2025-07-29T15:01:23.0628592Z 
check-context	Checkout repository	2025-07-29T15:01:23.0629660Z If you want to create a new branch to retain commits you create, you may
check-context	Checkout repository	2025-07-29T15:01:23.0632193Z do so (now or later) by using -c with the switch command. Example:
check-context	Checkout repository	2025-07-29T15:01:23.0633377Z 
check-context	Checkout repository	2025-07-29T15:01:23.0633861Z   git switch -c <new-branch-name>
check-context	Checkout repository	2025-07-29T15:01:23.0634663Z 
check-context	Checkout repository	2025-07-29T15:01:23.0635242Z Or undo this operation with:
check-context	Checkout repository	2025-07-29T15:01:23.0636034Z 
check-context	Checkout repository	2025-07-29T15:01:23.0636520Z   git switch -
check-context	Checkout repository	2025-07-29T15:01:23.0637075Z 
check-context	Checkout repository	2025-07-29T15:01:23.0638035Z Turn off this advice by setting config variable advice.detachedHead to false
check-context	Checkout repository	2025-07-29T15:01:23.0639391Z 
check-context	Checkout repository	2025-07-29T15:01:23.0641139Z HEAD is now at 77ba8aa Merge 061d163aab14f12f028a36e880118314dbb01622 into 6932e08ffdb7e72a31b602634662fe4170fc143d
check-context	Checkout repository	2025-07-29T15:01:23.0645717Z ##[endgroup]
check-context	Checkout repository	2025-07-29T15:01:23.0669868Z [command]/usr/bin/git log -1 --format=%H
check-context	Checkout repository	2025-07-29T15:01:23.0692270Z 77ba8aadd67c08fd2364798abc4b79d282c1e2ff
check-context	Detect PR context	﻿2025-07-29T15:01:23.0995832Z Prepare all required actions
check-context	Detect PR context	2025-07-29T15:01:23.1106067Z ##[group]Run ./.github/actions/detect-external-pr
check-context	Detect PR context	2025-07-29T15:01:23.1107321Z ##[endgroup]
check-context	Detect PR context	2025-07-29T15:01:23.1249670Z ##[group]Run # Detect the context
check-context	Detect PR context	2025-07-29T15:01:23.1251135Z [36;1m# Detect the context[0m
check-context	Detect PR context	2025-07-29T15:01:23.1252153Z [36;1mIS_FORK="false"[0m
check-context	Detect PR context	2025-07-29T15:01:23.1253110Z [36;1mIS_DEPENDABOT="false"[0m
check-context	Detect PR context	2025-07-29T15:01:23.1254150Z [36;1mHEAD_REPO="Metta-AI/metta"[0m
check-context	Detect PR context	2025-07-29T15:01:23.1255237Z [36;1mBASE_REPO="Metta-AI/metta"[0m
check-context	Detect PR context	2025-07-29T15:01:23.1256241Z [36;1m[0m
check-context	Detect PR context	2025-07-29T15:01:23.1257007Z [36;1m# Determine if external[0m
check-context	Detect PR context	2025-07-29T15:01:23.1258727Z [36;1mif [[ "$IS_FORK" == "true" ]] || [[ "$IS_DEPENDABOT" == "true" ]] || [[ "$HEAD_REPO" != "$BASE_REPO" && -n "$HEAD_REPO" ]]; then[0m
check-context	Detect PR context	2025-07-29T15:01:23.1260623Z [36;1m  echo "is_external=true" >> $GITHUB_OUTPUT[0m
check-context	Detect PR context	2025-07-29T15:01:23.1262466Z [36;1m  echo "::notice::🔓 Running on external PR - external services will be skipped"[0m
check-context	Detect PR context	2025-07-29T15:01:23.1264042Z [36;1melse[0m
check-context	Detect PR context	2025-07-29T15:01:23.1264969Z [36;1m  echo "is_external=false" >> $GITHUB_OUTPUT[0m
check-context	Detect PR context	2025-07-29T15:01:23.1266499Z [36;1m  echo "::notice::🔒 Running on internal PR - all services enabled"[0m
check-context	Detect PR context	2025-07-29T15:01:23.1267894Z [36;1mfi[0m
check-context	Detect PR context	2025-07-29T15:01:23.1268622Z [36;1m[0m
check-context	Detect PR context	2025-07-29T15:01:23.1269446Z [36;1m# Detailed logging for debugging[0m
check-context	Detect PR context	2025-07-29T15:01:23.1270604Z [36;1mecho "::group::PR Context Details"[0m
check-context	Detect PR context	2025-07-29T15:01:23.1271822Z [36;1mecho "Is Fork: $IS_FORK"[0m
check-context	Detect PR context	2025-07-29T15:01:23.1272953Z [36;1mecho "Is Dependabot: $IS_DEPENDABOT"[0m
check-context	Detect PR context	2025-07-29T15:01:23.1274098Z [36;1mecho "Actor: badjacent"[0m
check-context	Detect PR context	2025-07-29T15:01:23.1275129Z [36;1mecho "Head Repo: $HEAD_REPO"[0m
check-context	Detect PR context	2025-07-29T15:01:23.1276186Z [36;1mecho "Base Repo: $BASE_REPO"[0m
check-context	Detect PR context	2025-07-29T15:01:23.1277283Z [36;1mecho "Event Name: pull_request"[0m
check-context	Detect PR context	2025-07-29T15:01:23.1278396Z [36;1mecho "PR Number: 1774"[0m
check-context	Detect PR context	2025-07-29T15:01:23.1279380Z [36;1mecho "::endgroup::"[0m
check-context	Detect PR context	2025-07-29T15:01:23.1314556Z shell: /usr/bin/bash --noprofile --norc -e -o pipefail {0}
check-context	Detect PR context	2025-07-29T15:01:23.1315905Z ##[endgroup]
check-context	Detect PR context	2025-07-29T15:01:23.1410364Z ##[notice]🔒 Running on internal PR - all services enabled
check-context	Detect PR context	2025-07-29T15:01:23.1412661Z ##[group]PR Context Details
check-context	Detect PR context	2025-07-29T15:01:23.1413648Z Is Fork: false
check-context	Detect PR context	2025-07-29T15:01:23.1414422Z Is Dependabot: false
check-context	Detect PR context	2025-07-29T15:01:23.1415242Z Actor: badjacent
check-context	Detect PR context	2025-07-29T15:01:23.1416068Z Head Repo: Metta-AI/metta
check-context	Detect PR context	2025-07-29T15:01:23.1416960Z Base Repo: Metta-AI/metta
check-context	Detect PR context	2025-07-29T15:01:23.1417850Z Event Name: pull_request
check-context	Detect PR context	2025-07-29T15:01:23.1418713Z PR Number: 1774
check-context	Detect PR context	2025-07-29T15:01:23.1419986Z ##[endgroup]
check-context	Post Checkout repository	﻿2025-07-29T15:01:23.1645921Z Post job cleanup.
check-context	Post Checkout repository	2025-07-29T15:01:23.2583682Z [command]/usr/bin/git version
check-context	Post Checkout repository	2025-07-29T15:01:23.2619640Z git version 2.50.1
check-context	Post Checkout repository	2025-07-29T15:01:23.2662462Z Temporarily overriding HOME='/home/runner/work/_temp/1c6ede47-6c69-4853-8011-15e7d0d11805' before making global git config changes
check-context	Post Checkout repository	2025-07-29T15:01:23.2665492Z Adding repository directory to the temporary git global config as a safe directory
check-context	Post Checkout repository	2025-07-29T15:01:23.2674963Z [command]/usr/bin/git config --global --add safe.directory /home/runner/work/metta/metta
check-context	Post Checkout repository	2025-07-29T15:01:23.2707804Z [command]/usr/bin/git config --local --name-only --get-regexp core\.sshCommand
check-context	Post Checkout repository	2025-07-29T15:01:23.2742195Z [command]/usr/bin/git submodule foreach --recursive sh -c "git config --local --name-only --get-regexp 'core\.sshCommand' && git config --local --unset-all 'core.sshCommand' || :"
check-context	Post Checkout repository	2025-07-29T15:01:23.2962470Z [command]/usr/bin/git config --local --name-only --get-regexp http\.https\:\/\/github\.com\/\.extraheader
check-context	Post Checkout repository	2025-07-29T15:01:23.2981654Z http.https://github.com/.extraheader
check-context	Post Checkout repository	2025-07-29T15:01:23.2995982Z [command]/usr/bin/git config --local --unset-all http.https://github.com/.extraheader
check-context	Post Checkout repository	2025-07-29T15:01:23.3029387Z [command]/usr/bin/git submodule foreach --recursive sh -c "git config --local --name-only --get-regexp 'http\.https\:\/\/github\.com\/\.extraheader' && git config --local --unset-all 'http.https://github.com/.extraheader' || :"
check-context	Complete job	﻿2025-07-29T15:01:23.3363255Z Evaluate and set job outputs
check-context	Complete job	2025-07-29T15:01:23.3369607Z Set output 'is_external'
check-context	Complete job	2025-07-29T15:01:23.3372864Z Cleaning up orphan processes
asana_integration	Set up job	﻿2025-07-29T15:01:32.9660562Z Current runner version: '2.326.0'
asana_integration	Set up job	2025-07-29T15:01:32.9686385Z ##[group]Runner Image Provisioner
asana_integration	Set up job	2025-07-29T15:01:32.9687294Z Hosted Compute Agent
asana_integration	Set up job	2025-07-29T15:01:32.9687900Z Version: 20250711.363
asana_integration	Set up job	2025-07-29T15:01:32.9688522Z Commit: 6785254374ce925a23743850c1cb91912ce5c14c
asana_integration	Set up job	2025-07-29T15:01:32.9689207Z Build Date: 2025-07-11T20:04:25Z
asana_integration	Set up job	2025-07-29T15:01:32.9689946Z ##[endgroup]
asana_integration	Set up job	2025-07-29T15:01:32.9690522Z ##[group]Operating System
asana_integration	Set up job	2025-07-29T15:01:32.9691067Z Ubuntu
asana_integration	Set up job	2025-07-29T15:01:32.9691526Z 24.04.2
asana_integration	Set up job	2025-07-29T15:01:32.9692003Z LTS
asana_integration	Set up job	2025-07-29T15:01:32.9692460Z ##[endgroup]
asana_integration	Set up job	2025-07-29T15:01:32.9693305Z ##[group]Runner Image
asana_integration	Set up job	2025-07-29T15:01:32.9693967Z Image: ubuntu-24.04
asana_integration	Set up job	2025-07-29T15:01:32.9694486Z Version: 20250720.1.0
asana_integration	Set up job	2025-07-29T15:01:32.9695545Z Included Software: https://github.com/actions/runner-images/blob/ubuntu24/20250720.1/images/ubuntu/Ubuntu2404-Readme.md
asana_integration	Set up job	2025-07-29T15:01:32.9696900Z Image Release: https://github.com/actions/runner-images/releases/tag/ubuntu24%2F20250720.1
asana_integration	Set up job	2025-07-29T15:01:32.9698160Z ##[endgroup]
asana_integration	Set up job	2025-07-29T15:01:32.9699346Z ##[group]GITHUB_TOKEN Permissions
asana_integration	Set up job	2025-07-29T15:01:32.9701528Z Actions: read
asana_integration	Set up job	2025-07-29T15:01:32.9702078Z Contents: read
asana_integration	Set up job	2025-07-29T15:01:32.9702592Z Metadata: read
asana_integration	Set up job	2025-07-29T15:01:32.9703384Z PullRequests: write
asana_integration	Set up job	2025-07-29T15:01:32.9703886Z ##[endgroup]
asana_integration	Set up job	2025-07-29T15:01:32.9705998Z Secret source: Actions
asana_integration	Set up job	2025-07-29T15:01:32.9706991Z Prepare workflow directory
asana_integration	Set up job	2025-07-29T15:01:33.0054367Z Prepare all required actions
asana_integration	Set up job	2025-07-29T15:01:33.0095604Z Getting action download info
asana_integration	Set up job	2025-07-29T15:01:33.3303183Z ##[group]Download immutable action package 'actions/checkout@v4'
asana_integration	Set up job	2025-07-29T15:01:33.3304270Z Version: 4.2.2
asana_integration	Set up job	2025-07-29T15:01:33.3305364Z Digest: sha256:ccb2698953eaebd21c7bf6268a94f9c26518a7e38e27e0b83c1fe1ad049819b1
asana_integration	Set up job	2025-07-29T15:01:33.3306537Z Source commit SHA: 11bd71901bbe5b1630ceea73d27597364c9af683
asana_integration	Set up job	2025-07-29T15:01:33.3307272Z ##[endgroup]
asana_integration	Set up job	2025-07-29T15:01:33.5367094Z Complete job name: asana_integration
asana_integration	Checkout repository	﻿2025-07-29T15:01:33.6034442Z ##[group]Run actions/checkout@v4
asana_integration	Checkout repository	2025-07-29T15:01:33.6035357Z with:
asana_integration	Checkout repository	2025-07-29T15:01:33.6035762Z   repository: Metta-AI/metta
asana_integration	Checkout repository	2025-07-29T15:01:33.6036405Z   token: ***
asana_integration	Checkout repository	2025-07-29T15:01:33.6036782Z   ssh-strict: true
asana_integration	Checkout repository	2025-07-29T15:01:33.6037165Z   ssh-user: git
asana_integration	Checkout repository	2025-07-29T15:01:33.6037559Z   persist-credentials: true
asana_integration	Checkout repository	2025-07-29T15:01:33.6037999Z   clean: true
asana_integration	Checkout repository	2025-07-29T15:01:33.6038387Z   sparse-checkout-cone-mode: true
asana_integration	Checkout repository	2025-07-29T15:01:33.6038859Z   fetch-depth: 1
asana_integration	Checkout repository	2025-07-29T15:01:33.6039241Z   fetch-tags: false
asana_integration	Checkout repository	2025-07-29T15:01:33.6039630Z   show-progress: true
asana_integration	Checkout repository	2025-07-29T15:01:33.6040030Z   lfs: false
asana_integration	Checkout repository	2025-07-29T15:01:33.6040397Z   submodules: false
asana_integration	Checkout repository	2025-07-29T15:01:33.6040797Z   set-safe-directory: true
asana_integration	Checkout repository	2025-07-29T15:01:33.6041483Z ##[endgroup]
asana_integration	Checkout repository	2025-07-29T15:01:33.7109971Z Syncing repository: Metta-AI/metta
asana_integration	Checkout repository	2025-07-29T15:01:33.7111726Z ##[group]Getting Git version info
asana_integration	Checkout repository	2025-07-29T15:01:33.7112400Z Working directory is '/home/runner/work/metta/metta'
asana_integration	Checkout repository	2025-07-29T15:01:33.7113519Z [command]/usr/bin/git version
asana_integration	Checkout repository	2025-07-29T15:01:33.7190142Z git version 2.50.1
asana_integration	Checkout repository	2025-07-29T15:01:33.7216467Z ##[endgroup]
asana_integration	Checkout repository	2025-07-29T15:01:33.7232372Z Temporarily overriding HOME='/home/runner/work/_temp/e6bc7d2f-e5e7-4c7f-8db3-17ee3dedbc2c' before making global git config changes
asana_integration	Checkout repository	2025-07-29T15:01:33.7235015Z Adding repository directory to the temporary git global config as a safe directory
asana_integration	Checkout repository	2025-07-29T15:01:33.7239064Z [command]/usr/bin/git config --global --add safe.directory /home/runner/work/metta/metta
asana_integration	Checkout repository	2025-07-29T15:01:33.7276575Z Deleting the contents of '/home/runner/work/metta/metta'
asana_integration	Checkout repository	2025-07-29T15:01:33.7280505Z ##[group]Initializing the repository
asana_integration	Checkout repository	2025-07-29T15:01:33.7285378Z [command]/usr/bin/git init /home/runner/work/metta/metta
asana_integration	Checkout repository	2025-07-29T15:01:33.7368297Z hint: Using 'master' as the name for the initial branch. This default branch name
asana_integration	Checkout repository	2025-07-29T15:01:33.7369806Z hint: is subject to change. To configure the initial branch name to use in all
asana_integration	Checkout repository	2025-07-29T15:01:33.7370709Z hint: of your new repositories, which will suppress this warning, call:
asana_integration	Checkout repository	2025-07-29T15:01:33.7371841Z hint:
asana_integration	Checkout repository	2025-07-29T15:01:33.7372895Z hint: 	git config --global init.defaultBranch <name>
asana_integration	Checkout repository	2025-07-29T15:01:33.7373606Z hint:
asana_integration	Checkout repository	2025-07-29T15:01:33.7374370Z hint: Names commonly chosen instead of 'master' are 'main', 'trunk' and
asana_integration	Checkout repository	2025-07-29T15:01:33.7376048Z hint: 'development'. The just-created branch can be renamed via this command:
asana_integration	Checkout repository	2025-07-29T15:01:33.7377355Z hint:
asana_integration	Checkout repository	2025-07-29T15:01:33.7378074Z hint: 	git branch -m <name>
asana_integration	Checkout repository	2025-07-29T15:01:33.7378878Z hint:
asana_integration	Checkout repository	2025-07-29T15:01:33.7379969Z hint: Disable this message with "git config set advice.defaultBranchName false"
asana_integration	Checkout repository	2025-07-29T15:01:33.7381664Z Initialized empty Git repository in /home/runner/work/metta/metta/.git/
asana_integration	Checkout repository	2025-07-29T15:01:33.7386719Z [command]/usr/bin/git remote add origin https://github.com/Metta-AI/metta
asana_integration	Checkout repository	2025-07-29T15:01:33.7421694Z ##[endgroup]
asana_integration	Checkout repository	2025-07-29T15:01:33.7423114Z ##[group]Disabling automatic garbage collection
asana_integration	Checkout repository	2025-07-29T15:01:33.7426705Z [command]/usr/bin/git config --local gc.auto 0
asana_integration	Checkout repository	2025-07-29T15:01:33.7455853Z ##[endgroup]
asana_integration	Checkout repository	2025-07-29T15:01:33.7457106Z ##[group]Setting up auth
asana_integration	Checkout repository	2025-07-29T15:01:33.7463486Z [command]/usr/bin/git config --local --name-only --get-regexp core\.sshCommand
asana_integration	Checkout repository	2025-07-29T15:01:33.7494452Z [command]/usr/bin/git submodule foreach --recursive sh -c "git config --local --name-only --get-regexp 'core\.sshCommand' && git config --local --unset-all 'core.sshCommand' || :"
asana_integration	Checkout repository	2025-07-29T15:01:33.7795844Z [command]/usr/bin/git config --local --name-only --get-regexp http\.https\:\/\/github\.com\/\.extraheader
asana_integration	Checkout repository	2025-07-29T15:01:33.7826290Z [command]/usr/bin/git submodule foreach --recursive sh -c "git config --local --name-only --get-regexp 'http\.https\:\/\/github\.com\/\.extraheader' && git config --local --unset-all 'http.https://github.com/.extraheader' || :"
asana_integration	Checkout repository	2025-07-29T15:01:33.8048747Z [command]/usr/bin/git config --local http.https://github.com/.extraheader AUTHORIZATION: basic ***
asana_integration	Checkout repository	2025-07-29T15:01:33.8086621Z ##[endgroup]
asana_integration	Checkout repository	2025-07-29T15:01:33.8087669Z ##[group]Fetching the repository
asana_integration	Checkout repository	2025-07-29T15:01:33.8094962Z [command]/usr/bin/git -c protocol.version=2 fetch --no-tags --prune --no-recurse-submodules --depth=1 origin +77ba8aadd67c08fd2364798abc4b79d282c1e2ff:refs/remotes/pull/1774/merge
asana_integration	Checkout repository	2025-07-29T15:01:34.5743803Z From https://github.com/Metta-AI/metta
asana_integration	Checkout repository	2025-07-29T15:01:34.5746179Z  * [new ref]         77ba8aadd67c08fd2364798abc4b79d282c1e2ff -> pull/1774/merge
asana_integration	Checkout repository	2025-07-29T15:01:34.5770726Z ##[endgroup]
asana_integration	Checkout repository	2025-07-29T15:01:34.5772941Z ##[group]Determining the checkout info
asana_integration	Checkout repository	2025-07-29T15:01:34.5775101Z ##[endgroup]
asana_integration	Checkout repository	2025-07-29T15:01:34.5778881Z [command]/usr/bin/git sparse-checkout disable
asana_integration	Checkout repository	2025-07-29T15:01:34.5820935Z [command]/usr/bin/git config --local --unset-all extensions.worktreeConfig
asana_integration	Checkout repository	2025-07-29T15:01:34.5849138Z ##[group]Checking out the ref
asana_integration	Checkout repository	2025-07-29T15:01:34.5852603Z [command]/usr/bin/git checkout --progress --force refs/remotes/pull/1774/merge
asana_integration	Checkout repository	2025-07-29T15:01:34.7370944Z Note: switching to 'refs/remotes/pull/1774/merge'.
asana_integration	Checkout repository	2025-07-29T15:01:34.7372434Z 
asana_integration	Checkout repository	2025-07-29T15:01:34.7373760Z You are in 'detached HEAD' state. You can look around, make experimental
asana_integration	Checkout repository	2025-07-29T15:01:34.7376425Z changes and commit them, and you can discard any commits you make in this
asana_integration	Checkout repository	2025-07-29T15:01:34.7379012Z state without impacting any branches by switching back to a branch.
asana_integration	Checkout repository	2025-07-29T15:01:34.7380519Z 
asana_integration	Checkout repository	2025-07-29T15:01:34.7381515Z If you want to create a new branch to retain commits you create, you may
asana_integration	Checkout repository	2025-07-29T15:01:34.7383715Z do so (now or later) by using -c with the switch command. Example:
asana_integration	Checkout repository	2025-07-29T15:01:34.7384631Z 
asana_integration	Checkout repository	2025-07-29T15:01:34.7385187Z   git switch -c <new-branch-name>
asana_integration	Checkout repository	2025-07-29T15:01:34.7386126Z 
asana_integration	Checkout repository	2025-07-29T15:01:34.7386680Z Or undo this operation with:
asana_integration	Checkout repository	2025-07-29T15:01:34.7387667Z 
asana_integration	Checkout repository	2025-07-29T15:01:34.7388167Z   git switch -
asana_integration	Checkout repository	2025-07-29T15:01:34.7388838Z 
asana_integration	Checkout repository	2025-07-29T15:01:34.7389962Z Turn off this advice by setting config variable advice.detachedHead to false
asana_integration	Checkout repository	2025-07-29T15:01:34.7391705Z 
asana_integration	Checkout repository	2025-07-29T15:01:34.7393915Z HEAD is now at 77ba8aa Merge 061d163aab14f12f028a36e880118314dbb01622 into 6932e08ffdb7e72a31b602634662fe4170fc143d
asana_integration	Checkout repository	2025-07-29T15:01:34.7399630Z ##[endgroup]
asana_integration	Checkout repository	2025-07-29T15:01:34.7436447Z [command]/usr/bin/git log -1 --format=%H
asana_integration	Checkout repository	2025-07-29T15:01:34.7460532Z 77ba8aadd67c08fd2364798abc4b79d282c1e2ff
asana_integration	Sync PR Task (GH to Asana)	﻿2025-07-29T15:01:34.7912333Z Prepare all required actions
asana_integration	Sync PR Task (GH to Asana)	2025-07-29T15:01:34.7913945Z Getting action download info
asana_integration	Sync PR Task (GH to Asana)	2025-07-29T15:01:34.9612164Z Download action repository 'astral-sh/setup-uv@v6' (SHA:e92bafb6253dcd438e0484186d7669ea7a8ca1cc)
asana_integration	Sync PR Task (GH to Asana)	2025-07-29T15:01:35.4316791Z ##[group]Download immutable action package 'actions/upload-artifact@v4'
asana_integration	Sync PR Task (GH to Asana)	2025-07-29T15:01:35.4318461Z Version: 4.6.2
asana_integration	Sync PR Task (GH to Asana)	2025-07-29T15:01:35.4319962Z Digest: sha256:290722aa3281d5caf23d0acdc3dbeb3424786a1a01a9cc97e72f147225e37c38
asana_integration	Sync PR Task (GH to Asana)	2025-07-29T15:01:35.4321900Z Source commit SHA: ea165f8d65b6e75b540449e92b4886f43607fa02
asana_integration	Sync PR Task (GH to Asana)	2025-07-29T15:01:35.4323553Z ##[endgroup]
asana_integration	Sync PR Task (GH to Asana)	2025-07-29T15:01:35.6469043Z ##[group]Run ./.github/actions/asana/pr_gh_to_asana
asana_integration	Sync PR Task (GH to Asana)	2025-07-29T15:01:35.6470207Z with:
asana_integration	Sync PR Task (GH to Asana)	2025-07-29T15:01:35.6471124Z   title: add a change so that a pull request can be created
asana_integration	Sync PR Task (GH to Asana)	2025-07-29T15:01:35.6472310Z   pr_state: open
asana_integration	Sync PR Task (GH to Asana)	2025-07-29T15:01:35.6473246Z   project_id: 1210348820405981
asana_integration	Sync PR Task (GH to Asana)	2025-07-29T15:01:35.6474154Z   workspace_id: 1209016784099267
asana_integration	Sync PR Task (GH to Asana)	2025-07-29T15:01:35.6475728Z   asana_token: ***
asana_integration	Sync PR Task (GH to Asana)	2025-07-29T15:01:35.6476784Z   github_url: https://github.com/Metta-AI/metta/pull/1774
asana_integration	Sync PR Task (GH to Asana)	2025-07-29T15:01:35.6477997Z   github_url_field_id: 1210578228718257
asana_integration	Sync PR Task (GH to Asana)	2025-07-29T15:01:35.6478999Z   roster_project_id: 1209948553419016
asana_integration	Sync PR Task (GH to Asana)	2025-07-29T15:01:35.6479983Z   gh_login_field_id: 1210594297567963
asana_integration	Sync PR Task (GH to Asana)	2025-07-29T15:01:35.6480956Z   asana_email_field_id: 1209050603577235
asana_integration	Sync PR Task (GH to Asana)	2025-07-29T15:01:35.6481944Z   pr_author_field_id: 1210679003513019
asana_integration	Sync PR Task (GH to Asana)	2025-07-29T15:01:35.6483602Z   asana_attachment_secret: ***
asana_integration	Sync PR Task (GH to Asana)	2025-07-29T15:01:35.6484488Z   pr_number: 1774
asana_integration	Sync PR Task (GH to Asana)	2025-07-29T15:01:35.6485265Z   github_repo: Metta-AI/metta
asana_integration	Sync PR Task (GH to Asana)	2025-07-29T15:01:35.6486465Z   github_token: ***
asana_integration	Sync PR Task (GH to Asana)	2025-07-29T15:01:35.6487223Z ##[endgroup]
asana_integration	Sync PR Task (GH to Asana)	2025-07-29T15:01:35.6670034Z ##[group]Run astral-sh/setup-uv@v6
asana_integration	Sync PR Task (GH to Asana)	2025-07-29T15:01:35.6671013Z with:
asana_integration	Sync PR Task (GH to Asana)	2025-07-29T15:01:35.6671731Z   version: 0.7.3
asana_integration	Sync PR Task (GH to Asana)	2025-07-29T15:01:35.6672505Z   enable-cache: true
asana_integration	Sync PR Task (GH to Asana)	2025-07-29T15:01:35.6673468Z   activate-environment: false
asana_integration	Sync PR Task (GH to Asana)	2025-07-29T15:01:35.6674509Z   working-directory: /home/runner/work/metta/metta
asana_integration	Sync PR Task (GH to Asana)	2025-07-29T15:01:35.6675680Z   server-url: https://github.com
asana_integration	Sync PR Task (GH to Asana)	2025-07-29T15:01:35.6676894Z   github-token: ***
asana_integration	Sync PR Task (GH to Asana)	2025-07-29T15:01:35.6678670Z   cache-dependency-glob: **/*requirements*.txt
asana_integration	Sync PR Task (GH to Asana)	**/*requirements*.in
asana_integration	Sync PR Task (GH to Asana)	**/*constraints*.txt
asana_integration	Sync PR Task (GH to Asana)	**/*constraints*.in
asana_integration	Sync PR Task (GH to Asana)	**/pyproject.toml
asana_integration	Sync PR Task (GH to Asana)	**/uv.lock
asana_integration	Sync PR Task (GH to Asana)	
asana_integration	Sync PR Task (GH to Asana)	2025-07-29T15:01:35.6680649Z   prune-cache: true
asana_integration	Sync PR Task (GH to Asana)	2025-07-29T15:01:35.6681478Z   ignore-nothing-to-cache: false
asana_integration	Sync PR Task (GH to Asana)	2025-07-29T15:01:35.6682439Z   ignore-empty-workdir: false
asana_integration	Sync PR Task (GH to Asana)	2025-07-29T15:01:35.6683434Z ##[endgroup]
asana_integration	Sync PR Task (GH to Asana)	2025-07-29T15:01:35.9042584Z manifest-file not provided, reading from local file.
asana_integration	Sync PR Task (GH to Asana)	2025-07-29T15:01:35.9083796Z Downloading uv from "https://github.com/astral-sh/uv/releases/download/0.7.3/uv-x86_64-unknown-linux-gnu.tar.gz" ...
asana_integration	Sync PR Task (GH to Asana)	2025-07-29T15:01:36.2708122Z [command]/usr/bin/tar xz --warning=no-unknown-keyword --overwrite -C /home/runner/work/_temp/f93017d5-644b-4582-9047-cc3ebb83ef41 -f /home/runner/work/_temp/cc86e290-e677-4c3b-b44b-9539d9a64c54
asana_integration	Sync PR Task (GH to Asana)	2025-07-29T15:01:36.6231855Z Added /home/runner/.local/bin to the path
asana_integration	Sync PR Task (GH to Asana)	2025-07-29T15:01:36.6235566Z Added /opt/hostedtoolcache/uv/0.7.3/x86_64 to the path
asana_integration	Sync PR Task (GH to Asana)	2025-07-29T15:01:36.6262911Z Set UV_CACHE_DIR to /home/runner/work/_temp/setup-uv-cache
asana_integration	Sync PR Task (GH to Asana)	2025-07-29T15:01:36.6263686Z Successfully installed uv version 0.7.3
asana_integration	Sync PR Task (GH to Asana)	2025-07-29T15:01:36.6266231Z Searching files using cache dependency glob: /home/runner/work/metta/metta/**/*requirements*.txt,/home/runner/work/metta/metta/**/*requirements*.in,/home/runner/work/metta/metta/**/*constraints*.txt,/home/runner/work/metta/metta/**/*constraints*.in,/home/runner/work/metta/metta/**/pyproject.toml,/home/runner/work/metta/metta/**/uv.lock
asana_integration	Sync PR Task (GH to Asana)	2025-07-29T15:01:36.6458851Z /home/runner/work/metta/metta/.github/actions/asana/pr_gh_to_asana/test/requirements.txt
asana_integration	Sync PR Task (GH to Asana)	2025-07-29T15:01:36.6607584Z /home/runner/work/metta/metta/agent/pyproject.toml
asana_integration	Sync PR Task (GH to Asana)	2025-07-29T15:01:36.6694764Z /home/runner/work/metta/metta/app_backend/pyproject.toml
asana_integration	Sync PR Task (GH to Asana)	2025-07-29T15:01:36.6781520Z /home/runner/work/metta/metta/common/pyproject.toml
asana_integration	Sync PR Task (GH to Asana)	2025-07-29T15:01:36.7696236Z /home/runner/work/metta/metta/experiments/pyproject.toml
asana_integration	Sync PR Task (GH to Asana)	2025-07-29T15:01:36.8085908Z /home/runner/work/metta/metta/metta/setup/tools/codeclip/pyproject.toml
asana_integration	Sync PR Task (GH to Asana)	2025-07-29T15:01:36.8167098Z /home/runner/work/metta/metta/mettagrid/pyproject.toml
asana_integration	Sync PR Task (GH to Asana)	2025-07-29T15:01:36.8822361Z /home/runner/work/metta/metta/pyproject.toml
asana_integration	Sync PR Task (GH to Asana)	2025-07-29T15:01:36.9157169Z /home/runner/work/metta/metta/uv.lock
asana_integration	Sync PR Task (GH to Asana)	2025-07-29T15:01:36.9174492Z Found 9 files to hash.
asana_integration	Sync PR Task (GH to Asana)	2025-07-29T15:01:37.0236136Z Trying to restore uv cache from GitHub Actions cache with key: setup-uv-1-x86_64-unknown-linux-gnu-unknown-pruned-f31d0ded8f4bdf30f7c278585dbd2bb5dfd62d818fb3293fbab368bf16ff989c
asana_integration	Sync PR Task (GH to Asana)	2025-07-29T15:01:37.1834254Z Cache hit for: setup-uv-1-x86_64-unknown-linux-gnu-unknown-pruned-f31d0ded8f4bdf30f7c278585dbd2bb5dfd62d818fb3293fbab368bf16ff989c
asana_integration	Sync PR Task (GH to Asana)	2025-07-29T15:01:37.5136292Z Received 1050256 of 1050256 (100.0%), 5.0 MBs/sec
asana_integration	Sync PR Task (GH to Asana)	2025-07-29T15:01:37.5137121Z Cache Size: ~1 MB (1050256 B)
asana_integration	Sync PR Task (GH to Asana)	2025-07-29T15:01:37.5169110Z [command]/usr/bin/tar -xf /home/runner/work/_temp/10c6b1c7-f773-4afd-93c2-c3394127408e/cache.tzst -P -C /home/runner/work/metta/metta --use-compress-program unzstd
asana_integration	Sync PR Task (GH to Asana)	2025-07-29T15:01:37.5325667Z Cache restored successfully
asana_integration	Sync PR Task (GH to Asana)	2025-07-29T15:01:37.5335128Z uv cache restored from GitHub Actions cache with key: setup-uv-1-x86_64-unknown-linux-gnu-unknown-pruned-f31d0ded8f4bdf30f7c278585dbd2bb5dfd62d818fb3293fbab368bf16ff989c
asana_integration	Sync PR Task (GH to Asana)	2025-07-29T15:01:37.5508356Z ##[group]Run uv run /home/runner/work/metta/metta/./.github/actions/asana/pr_gh_to_asana/pr_gh_to_asana.py
asana_integration	Sync PR Task (GH to Asana)	2025-07-29T15:01:37.5509135Z [36;1muv run /home/runner/work/metta/metta/./.github/actions/asana/pr_gh_to_asana/pr_gh_to_asana.py[0m
asana_integration	Sync PR Task (GH to Asana)	2025-07-29T15:01:37.5543681Z shell: /usr/bin/bash --noprofile --norc -e -o pipefail {0}
asana_integration	Sync PR Task (GH to Asana)	2025-07-29T15:01:37.5544037Z env:
asana_integration	Sync PR Task (GH to Asana)	2025-07-29T15:01:37.5544272Z   UV_CACHE_DIR: /home/runner/work/_temp/setup-uv-cache
asana_integration	Sync PR Task (GH to Asana)	2025-07-29T15:01:37.5544666Z   INPUT_TITLE: add a change so that a pull request can be created
asana_integration	Sync PR Task (GH to Asana)	2025-07-29T15:01:37.5544998Z   INPUT_PR_STATE: open
asana_integration	Sync PR Task (GH to Asana)	2025-07-29T15:01:37.5545225Z   INPUT_PROJECT_ID: 1210348820405981
asana_integration	Sync PR Task (GH to Asana)	2025-07-29T15:01:37.5545489Z   INPUT_WORKSPACE_ID: 1209016784099267
asana_integration	Sync PR Task (GH to Asana)	2025-07-29T15:01:37.5545995Z   INPUT_ASANA_TOKEN: ***
asana_integration	Sync PR Task (GH to Asana)	2025-07-29T15:01:37.5546329Z   INPUT_GITHUB_URL: https://github.com/Metta-AI/metta/pull/1774
asana_integration	Sync PR Task (GH to Asana)	2025-07-29T15:01:37.5546681Z   INPUT_GITHUB_URL_FIELD_ID: 1210578228718257
asana_integration	Sync PR Task (GH to Asana)	2025-07-29T15:01:37.5546946Z   INPUT_ROSTER_PROJECT_ID: 1209948553419016
asana_integration	Sync PR Task (GH to Asana)	2025-07-29T15:01:37.5547206Z   INPUT_GH_LOGIN_FIELD_ID: 1210594297567963
asana_integration	Sync PR Task (GH to Asana)	2025-07-29T15:01:37.5547465Z   INPUT_ASANA_EMAIL_FIELD_ID: 1209050603577235
asana_integration	Sync PR Task (GH to Asana)	2025-07-29T15:01:37.5547739Z   INPUT_PR_AUTHOR_FIELD_ID: 1210679003513019
asana_integration	Sync PR Task (GH to Asana)	2025-07-29T15:01:37.5548178Z   INPUT_ASANA_ATTACHMENT_SECRET: ***
asana_integration	Sync PR Task (GH to Asana)	2025-07-29T15:01:37.5548421Z   INPUT_PR_NUMBER: 1774
asana_integration	Sync PR Task (GH to Asana)	2025-07-29T15:01:37.5548629Z   INPUT_GITHUB_REPO: Metta-AI/metta
asana_integration	Sync PR Task (GH to Asana)	2025-07-29T15:01:37.5549013Z   INPUT_GITHUB_TOKEN: ***
asana_integration	Sync PR Task (GH to Asana)	2025-07-29T15:01:37.5549248Z ##[endgroup]
asana_integration	Sync PR Task (GH to Asana)	2025-07-29T15:01:37.7147379Z Downloading cpython-3.11.7-linux-x86_64-gnu (download) (28.0MiB)
asana_integration	Sync PR Task (GH to Asana)	2025-07-29T15:01:38.2508717Z  Downloading cpython-3.11.7-linux-x86_64-gnu (download)
asana_integration	Sync PR Task (GH to Asana)	2025-07-29T15:01:38.5312554Z Installed 11 packages in 5ms
asana_integration	Sync PR Task (GH to Asana)	2025-07-29T15:01:43.2733395Z VCR record mode: new_episodes
asana_integration	Sync PR Task (GH to Asana)	2025-07-29T15:01:43.2734451Z Starting VCR recording with cassette: http_interactions_16599866463.yaml
asana_integration	Sync PR Task (GH to Asana)	2025-07-29T15:01:43.2735594Z Current working directory: /home/runner/work/metta/metta
asana_integration	Sync PR Task (GH to Asana)	2025-07-29T15:01:43.2736561Z Environment variable 'INPUT_PROJECT_ID' = '1210348820405981'
asana_integration	Sync PR Task (GH to Asana)	2025-07-29T15:01:43.2737646Z Environment variable 'INPUT_WORKSPACE_ID' = '1209016784099267'
asana_integration	Sync PR Task (GH to Asana)	2025-07-29T15:01:43.2739286Z Environment variable 'INPUT_ASANA_TOKEN' = '***'
asana_integration	Sync PR Task (GH to Asana)	2025-07-29T15:01:43.2740259Z Environment variable 'INPUT_GITHUB_URL' = 'https://github.com/Metta-AI/metta/pull/1774'
asana_integration	Sync PR Task (GH to Asana)	2025-07-29T15:01:43.2741293Z Environment variable 'INPUT_GITHUB_URL_FIELD_ID' = '1210578228718257'
asana_integration	Sync PR Task (GH to Asana)	2025-07-29T15:01:43.2742577Z Environment variable 'INPUT_GH_LOGIN_FIELD_ID' = '1210594297567963'
asana_integration	Sync PR Task (GH to Asana)	2025-07-29T15:01:43.2743655Z Environment variable 'INPUT_ASANA_EMAIL_FIELD_ID' = '1209050603577235'
asana_integration	Sync PR Task (GH to Asana)	2025-07-29T15:01:43.2744498Z Environment variable 'INPUT_ROSTER_PROJECT_ID' = '1209948553419016'
asana_integration	Sync PR Task (GH to Asana)	2025-07-29T15:01:43.2745667Z Environment variable 'INPUT_PR_AUTHOR_FIELD_ID' = '1210679003513019'
asana_integration	Sync PR Task (GH to Asana)	2025-07-29T15:01:43.2747039Z Environment variable 'INPUT_ASANA_ATTACHMENT_SECRET' = '***'
asana_integration	Sync PR Task (GH to Asana)	2025-07-29T15:01:43.2747794Z Environment variable 'INPUT_PR_NUMBER' = '1774'
asana_integration	Sync PR Task (GH to Asana)	2025-07-29T15:01:43.2748529Z Environment variable 'INPUT_GITHUB_REPO' = 'Metta-AI/metta'
asana_integration	Sync PR Task (GH to Asana)	2025-07-29T15:01:43.2749723Z Environment variable 'INPUT_GITHUB_TOKEN' = '***'
asana_integration	Sync PR Task (GH to Asana)	2025-07-29T15:01:43.2750502Z github_login_to_asana_email: {'sasmith': 'sasmith@stem.ai', 'badjacent': 'mh.next@gmail.com'}
asana_integration	Sync PR Task (GH to Asana)	2025-07-29T15:01:43.2751201Z assignees: ['sasmith']
asana_integration	Sync PR Task (GH to Asana)	2025-07-29T15:01:43.2751558Z author: badjacent
asana_integration	Sync PR Task (GH to Asana)	2025-07-29T15:01:43.2751972Z reviewers: ['badjacent2']
asana_integration	Sync PR Task (GH to Asana)	2025-07-29T15:01:43.2752376Z commenters: []
asana_integration	Sync PR Task (GH to Asana)	2025-07-29T15:01:43.2753038Z github_logins: {'badjacent', 'badjacent2', 'sasmith'}
asana_integration	Sync PR Task (GH to Asana)	2025-07-29T15:01:43.2755681Z event stream: [{'type': 'review', 'timestamp': '2025-07-29T14:54:22Z', 'user': 'badjacent2', 'text': 'You checked in an empty file. Please fix this in one of the following ways:\r\n\r\n1. Add some contents to the file\r\n2. Delete the file\r\n3. Rename the file', 'action': 'changes_requested', 'id': 3067973019}, {'type': 'review_requested', 'timestamp': '2025-07-29T15:01:13Z', 'user': 'badjacent', 'requested_reviewer': 'badjacent2', 'action': 're-requested', 'text': ' review from badjacent2', 'id': 18880876204}]
asana_integration	Sync PR Task (GH to Asana)	2025-07-29T15:01:43.2759140Z last event: {'type': 'review_requested', 'timestamp': '2025-07-29T15:01:13Z', 'user': 'badjacent', 'requested_reviewer': 'badjacent2', 'action': 're-requested', 'text': ' review from badjacent2', 'id': 18880876204}
asana_integration	Sync PR Task (GH to Asana)	2025-07-29T15:01:43.2760775Z [__init__] Initializing AsanaTask with project_id=1210348820405981, workspace_id=1209016784099267
asana_integration	Sync PR Task (GH to Asana)	2025-07-29T15:01:43.2761617Z Found 1 Asana URLs in description: 
asana_integration	Sync PR Task (GH to Asana)	2025-07-29T15:01:43.2761919Z 
asana_integration	Sync PR Task (GH to Asana)	2025-07-29T15:01:43.2762404Z [Asana Task](https://app.asana.com/1/1209016784099267/project/1210348820405981/task/1210917200277624)
asana_integration	Sync PR Task (GH to Asana)	2025-07-29T15:01:43.2764617Z [ensure] ensure() called with title='add a change so that a pull request can be created', github_url='https://github.com/Metta-AI/metta/pull/1774', urls=['https://app.asana.com/1/1209016784099267/project/1210348820405981/task/1210917200277624)']
asana_integration	Sync PR Task (GH to Asana)	2025-07-29T15:01:43.2766233Z [ensure] Checking 1 existing URLs for validation
asana_integration	Sync PR Task (GH to Asana)	2025-07-29T15:01:43.2767156Z [ensure] Validating URL: https://app.asana.com/1/1209016784099267/project/1210348820405981/task/1210917200277624)
asana_integration	Sync PR Task (GH to Asana)	2025-07-29T15:01:43.2768823Z [validate] validate() called with url='https://app.asana.com/1/1209016784099267/project/1210348820405981/task/1210917200277624)', github_url='https://github.com/Metta-AI/metta/pull/1774'
asana_integration	Sync PR Task (GH to Asana)	2025-07-29T15:01:43.2770698Z [extract_gid_from_url] extract_gid_from_url() called with task_url='https://app.asana.com/1/1209016784099267/project/1210348820405981/task/1210917200277624)'
asana_integration	Sync PR Task (GH to Asana)	2025-07-29T15:01:43.2771900Z [extract_gid_from_url] Extracted GID using Format 2: 1210917200277624
asana_integration	Sync PR Task (GH to Asana)	2025-07-29T15:01:43.2772516Z [validate] Extracted GID: 1210917200277624
asana_integration	Sync PR Task (GH to Asana)	2025-07-29T15:01:43.2773521Z [validate] Making GET request to: https://app.asana.com/api/1.0/tasks/1210917200277624
asana_integration	Sync PR Task (GH to Asana)	2025-07-29T15:01:43.2774231Z [validate] Response status: 200
asana_integration	Sync PR Task (GH to Asana)	2025-07-29T15:01:43.2775147Z [validate] Task GitHub URL: 'https://github.com/Metta-AI/metta/pull/1774', expected: 'https://github.com/Metta-AI/metta/pull/1774'
asana_integration	Sync PR Task (GH to Asana)	2025-07-29T15:01:43.2776125Z [validate] Task validation successful
asana_integration	Sync PR Task (GH to Asana)	2025-07-29T15:01:43.2777016Z [ensure] Found valid existing task: https://app.asana.com/1/1209016784099267/project/1210348820405981/task/1210917200277624
asana_integration	Sync PR Task (GH to Asana)	2025-07-29T15:01:43.2778361Z [ensure] Updating existing task: https://app.asana.com/1/1209016784099267/project/1210348820405981/task/1210917200277624
asana_integration	Sync PR Task (GH to Asana)	2025-07-29T15:01:43.2779291Z [update_if_needed] update_if_needed() called
asana_integration	Sync PR Task (GH to Asana)	2025-07-29T15:01:43.2780068Z [update_if_needed] Current vs new values:
asana_integration	Sync PR Task (GH to Asana)	2025-07-29T15:01:43.2780877Z   title: 'add a change so that a pull request can be created' vs 'add a change so that a pull request can be created'
asana_integration	Sync PR Task (GH to Asana)	2025-07-29T15:01:43.2781851Z   notes: '
asana_integration	Sync PR Task (GH to Asana)	2025-07-29T15:01:43.2782023Z 
asana_integration	Sync PR Task (GH to Asana)	2025-07-29T15:01:43.2782271Z [Asana Task](https://app.asana.com/1/12090167840...' vs '
asana_integration	Sync PR Task (GH to Asana)	2025-07-29T15:01:43.2782892Z 
asana_integration	Sync PR Task (GH to Asana)	2025-07-29T15:01:43.2783119Z [Asana Task](https://app.asana.com/1/12090167840...'
asana_integration	Sync PR Task (GH to Asana)	2025-07-29T15:01:43.2783633Z   completed: False vs False
asana_integration	Sync PR Task (GH to Asana)	2025-07-29T15:01:43.2784099Z   assignee: 'mh.next@gmail.com' vs 'sasmith@stem.ai'
asana_integration	Sync PR Task (GH to Asana)	2025-07-29T15:01:43.2784680Z [update_if_needed] Changes detected, updating task
asana_integration	Sync PR Task (GH to Asana)	2025-07-29T15:01:43.2785613Z [update] update() called with gid='1210917200277624', title='add a change so that a pull request can be created', completed=False
asana_integration	Sync PR Task (GH to Asana)	2025-07-29T15:01:43.2788458Z [update] Updating task with payload: {'data': {'name': 'add a change so that a pull request can be created', 'notes': '\n\n[Asana Task](https://app.asana.com/1/1209016784099267/project/1210348820405981/task/1210917200277624)', 'completed': False, 'assignee': 'sasmith@stem.ai', 'custom_fields': {'1210578228718257': 'https://github.com/Metta-AI/metta/pull/1774', '1210679003513019': 'mh.next@gmail.com'}}}
asana_integration	Sync PR Task (GH to Asana)	2025-07-29T15:01:43.2790932Z [update] Update response status: 200
asana_integration	Sync PR Task (GH to Asana)	2025-07-29T15:01:43.2791240Z [update] Task updated successfully
asana_integration	Sync PR Task (GH to Asana)	2025-07-29T15:01:43.2791750Z [task_url.setter] Setting task_url to: https://app.asana.com/1/1209016784099267/project/1210348820405981/task/1210917200277624
asana_integration	Sync PR Task (GH to Asana)	2025-07-29T15:01:43.2792332Z [synchronize_comments_in_asana_as_multiple_blocks] Starting with:
asana_integration	Sync PR Task (GH to Asana)	2025-07-29T15:01:43.2792976Z [asana_comments_with_links] asana_comments_with_links() called
asana_integration	Sync PR Task (GH to Asana)	2025-07-29T15:01:43.2793634Z [extract_gid_from_url] extract_gid_from_url() called with task_url='https://app.asana.com/1/1209016784099267/project/1210348820405981/task/1210917200277624'
asana_integration	Sync PR Task (GH to Asana)	2025-07-29T15:01:43.2794885Z [extract_gid_from_url] Extracted GID using Format 2: 1210917200277624
asana_integration	Sync PR Task (GH to Asana)	2025-07-29T15:01:43.2796076Z [task_gid] Extracted task_gid: 1210917200277624 from URL: https://app.asana.com/1/1209016784099267/project/1210348820405981/task/1210917200277624
asana_integration	Sync PR Task (GH to Asana)	2025-07-29T15:01:43.2797147Z [get_comments] get_comments() called with task_id='1210917200277624'
asana_integration	Sync PR Task (GH to Asana)	2025-07-29T15:01:43.2797642Z [get_comments] Making GET request to: https://app.asana.com/api/1.0/tasks/1210917200277624/stories
asana_integration	Sync PR Task (GH to Asana)	2025-07-29T15:01:43.2798082Z [get_comments] Get comments response status: 200
asana_integration	Sync PR Task (GH to Asana)	2025-07-29T15:01:43.2798419Z [get_comments] Found 1 comment stories out of 6 total stories
asana_integration	Sync PR Task (GH to Asana)	2025-07-29T15:01:43.2798743Z [get_comments] Processed 1 comments
asana_integration	Sync PR Task (GH to Asana)	2025-07-29T15:01:43.2800848Z comments in asana: [{'id': '1210917862433494', 'text': 'Review from badjacent2 (ID 3067973019): Changes Requested\nYou checked in an empty file. Please fix this in one of the following ways:\n\n1. Add some contents to the file\n2. Delete the file\n3. Rename the file', 'html_text': '<body><strong>Review from badjacent2 (ID 3067973019)</strong>: Changes Requested\nYou checked in an empty file. Please fix this in one of the following ways:\n\n1. Add some contents to the file\n2. Delete the file\n3. Rename the file</body>', 'author': {'name': 'Github Sync', 'email': 'stemaidaemon@gmail.com'}, 'created_at': datetime.datetime(2025, 7, 29, 14, 54, 46, 979000, tzinfo=datetime.timezone.utc), 'is_pinned': False, 'review_id': 3067973019}]
asana_integration	Sync PR Task (GH to Asana)	2025-07-29T15:01:43.2803258Z [asana_comments_with_links] Found 1 comments with review links of 1
asana_integration	Sync PR Task (GH to Asana)	2025-07-29T15:01:43.2803661Z   asana_comments_with_links: 1 comments
asana_integration	Sync PR Task (GH to Asana)	2025-07-29T15:01:43.2803913Z   comments_from_github: 1 reviews
asana_integration	Sync PR Task (GH to Asana)	2025-07-29T15:01:43.2804482Z [extract_gid_from_url] extract_gid_from_url() called with task_url='https://app.asana.com/1/1209016784099267/project/1210348820405981/task/1210917200277624'
asana_integration	Sync PR Task (GH to Asana)	2025-07-29T15:01:43.2805132Z [extract_gid_from_url] Extracted GID using Format 2: 1210917200277624
asana_integration	Sync PR Task (GH to Asana)	2025-07-29T15:01:43.2805751Z [task_gid] Extracted task_gid: 1210917200277624 from URL: https://app.asana.com/1/1209016784099267/project/1210348820405981/task/1210917200277624
asana_integration	Sync PR Task (GH to Asana)	2025-07-29T15:01:43.2806534Z [s] Existing comments by review ID: [3067973019]
asana_integration	Sync PR Task (GH to Asana)	2025-07-29T15:01:43.2806891Z [s] Processing review 3067973019 from badjacent2 (changes_requested)
asana_integration	Sync PR Task (GH to Asana)	2025-07-29T15:01:43.2807333Z VCR record mode: new_episodes
asana_integration	Sync PR Task (GH to Asana)	2025-07-29T15:01:43.2807729Z [synchronize_comments_in_asana_as_multiple_blocks] Review 3067973019 has existing Asana comment
asana_integration	Sync PR Task (GH to Asana)	2025-07-29T15:01:43.2808169Z [s] Updating existing comment for review 3067973019
asana_integration	Sync PR Task (GH to Asana)	2025-07-29T15:01:43.2809060Z {'data': {'html_text': '<body><strong>Review from badjacent2 (ID 3067973019)</strong>: Changes Requested\nYou checked in an empty file. Please fix this in one of the following ways:\r\n\r\n1. Add some contents to the file\r\n2. Delete the file\r\n3. Rename the file</body>'}}
asana_integration	Sync PR Task (GH to Asana)	2025-07-29T15:01:43.2809966Z Updated Asana comment 1210917862433494 for review 3067973019
asana_integration	Sync PR Task (GH to Asana)	2025-07-29T15:01:43.2810355Z Recorded 9 HTTP interactions in http_interactions_16599866463.yaml
asana_integration	Sync PR Task (GH to Asana)	2025-07-29T15:01:43.2810781Z   1. GET https://api.github.com/repos/Metta-AI/metta/pulls/1774 -> 200
asana_integration	Sync PR Task (GH to Asana)	2025-07-29T15:01:43.2811682Z   2. GET https://api.github.com/repos/Metta-AI/metta/issues/1774/comments -> 200
asana_integration	Sync PR Task (GH to Asana)	2025-07-29T15:01:43.2812572Z   3. GET https://api.github.com/repos/Metta-AI/metta/pulls/1774/reviews -> 200
asana_integration	Sync PR Task (GH to Asana)	2025-07-29T15:01:43.2813486Z   4. GET https://api.github.com/repos/Metta-AI/metta/issues/1774/timeline -> 200
asana_integration	Sync PR Task (GH to Asana)	2025-07-29T15:01:43.2814062Z   5. GET https://app.asana.com/api/1.0/projects/1209948553419016/tasks?limit=100&opt_fields=custom_fields -> 200
asana_integration	Sync PR Task (GH to Asana)	2025-07-29T15:01:43.2815028Z   6. GET https://app.asana.com/api/1.0/tasks/1210917200277624?opt_fields=permalink_url%2Ccustom_fields%2Cname%2Cnotes%2Cmodified_at%2Ccompleted%2Cassignee.email%2Cfollowers.email%2Cprojects.gid -> 200
asana_integration	Sync PR Task (GH to Asana)	2025-07-29T15:01:43.2815851Z   7. PUT https://app.asana.com/api/1.0/tasks/1210917200277624 -> 200
asana_integration	Sync PR Task (GH to Asana)	2025-07-29T15:01:43.2816640Z   8. GET https://app.asana.com/api/1.0/tasks/1210917200277624/stories?opt_fields=text%2Chtml_text%2Ccreated_by.name%2Ccreated_by.email%2Ccreated_at%2Ctype%2Cresource_subtype%2Cis_pinned -> 200
asana_integration	Sync PR Task (GH to Asana)	2025-07-29T15:01:43.2817428Z   9. PUT https://app.asana.com/api/1.0/stories/1210917862433494 -> 200
asana_integration	Sync PR Task (GH to Asana)	2025-07-29T15:01:43.3121857Z ##[group]Run actions/upload-artifact@v4
asana_integration	Sync PR Task (GH to Asana)	2025-07-29T15:01:43.3122136Z with:
asana_integration	Sync PR Task (GH to Asana)	2025-07-29T15:01:43.3122325Z   name: http-interactions-16599866463
asana_integration	Sync PR Task (GH to Asana)	2025-07-29T15:01:43.3122587Z   path: http_interactions_*.yaml
asana_integration	Sync PR Task (GH to Asana)	2025-07-29T15:01:43.3123019Z   retention-days: 7
asana_integration	Sync PR Task (GH to Asana)	2025-07-29T15:01:43.3123218Z   if-no-files-found: warn
asana_integration	Sync PR Task (GH to Asana)	2025-07-29T15:01:43.3123429Z   compression-level: 6
asana_integration	Sync PR Task (GH to Asana)	2025-07-29T15:01:43.3123626Z   overwrite: false
asana_integration	Sync PR Task (GH to Asana)	2025-07-29T15:01:43.3123824Z   include-hidden-files: false
asana_integration	Sync PR Task (GH to Asana)	2025-07-29T15:01:43.3124035Z env:
asana_integration	Sync PR Task (GH to Asana)	2025-07-29T15:01:43.3124240Z   UV_CACHE_DIR: /home/runner/work/_temp/setup-uv-cache
asana_integration	Sync PR Task (GH to Asana)	2025-07-29T15:01:43.3124518Z ##[endgroup]
asana_integration	Sync PR Task (GH to Asana)	2025-07-29T15:01:43.5298971Z With the provided path, there will be 1 file uploaded
asana_integration	Sync PR Task (GH to Asana)	2025-07-29T15:01:43.5306070Z Artifact name is valid!
asana_integration	Sync PR Task (GH to Asana)	2025-07-29T15:01:43.5307486Z Root directory input is valid!
asana_integration	Sync PR Task (GH to Asana)	2025-07-29T15:01:43.6912187Z Beginning upload of artifact content to blob storage
asana_integration	Sync PR Task (GH to Asana)	2025-07-29T15:01:43.8558418Z Uploaded bytes 12403
asana_integration	Sync PR Task (GH to Asana)	2025-07-29T15:01:43.8972291Z Finished uploading artifact content to blob storage!
asana_integration	Sync PR Task (GH to Asana)	2025-07-29T15:01:43.8975801Z SHA256 digest of uploaded artifact zip is 5e3c05394be100b57ab0072254beae291b8d1342202d4ffc57cff0861b25172a
asana_integration	Sync PR Task (GH to Asana)	2025-07-29T15:01:43.8977615Z Finalizing artifact upload
asana_integration	Sync PR Task (GH to Asana)	2025-07-29T15:01:44.0080900Z Artifact http-interactions-16599866463.zip successfully finalized. Artifact ID 3640123626
asana_integration	Sync PR Task (GH to Asana)	2025-07-29T15:01:44.0082587Z Artifact http-interactions-16599866463 has been successfully uploaded! Final size is 12403 bytes. Artifact ID is 3640123626
asana_integration	Sync PR Task (GH to Asana)	2025-07-29T15:01:44.0089499Z Artifact download URL: https://github.com/Metta-AI/metta/actions/runs/16599866463/artifacts/3640123626
asana_integration	Sync PR Description (Asana to GH)	﻿2025-07-29T15:01:44.0222485Z Prepare all required actions
asana_integration	Sync PR Description (Asana to GH)	2025-07-29T15:01:44.0223072Z Getting action download info
asana_integration	Sync PR Description (Asana to GH)	2025-07-29T15:01:44.1480107Z ##[group]Run ./.github/actions/asana/pr_description_asana_to_gh
asana_integration	Sync PR Description (Asana to GH)	2025-07-29T15:01:44.1480657Z with:
asana_integration	Sync PR Description (Asana to GH)	2025-07-29T15:01:44.1480844Z   pr_number: 1774
asana_integration	Sync PR Description (Asana to GH)	2025-07-29T15:01:44.1481046Z   repo: Metta-AI/metta
asana_integration	Sync PR Description (Asana to GH)	2025-07-29T15:01:44.1481422Z   token: ***
asana_integration	Sync PR Description (Asana to GH)	2025-07-29T15:01:44.1481797Z   task_url: https://app.asana.com/1/1209016784099267/project/1210348820405981/task/1210917200277624
asana_integration	Sync PR Description (Asana to GH)	2025-07-29T15:01:44.1482220Z env:
asana_integration	Sync PR Description (Asana to GH)	2025-07-29T15:01:44.1482444Z   UV_CACHE_DIR: /home/runner/work/_temp/setup-uv-cache
asana_integration	Sync PR Description (Asana to GH)	2025-07-29T15:01:44.1482912Z ##[endgroup]
asana_integration	Sync PR Description (Asana to GH)	2025-07-29T15:01:44.1546937Z ##[group]Run astral-sh/setup-uv@v6
asana_integration	Sync PR Description (Asana to GH)	2025-07-29T15:01:44.1547189Z with:
asana_integration	Sync PR Description (Asana to GH)	2025-07-29T15:01:44.1547364Z   version: 0.7.3
asana_integration	Sync PR Description (Asana to GH)	2025-07-29T15:01:44.1547559Z   enable-cache: true
asana_integration	Sync PR Description (Asana to GH)	2025-07-29T15:01:44.1547775Z   activate-environment: false
asana_integration	Sync PR Description (Asana to GH)	2025-07-29T15:01:44.1548049Z   working-directory: /home/runner/work/metta/metta
asana_integration	Sync PR Description (Asana to GH)	2025-07-29T15:01:44.1548361Z   server-url: https://github.com
asana_integration	Sync PR Description (Asana to GH)	2025-07-29T15:01:44.1548771Z   github-token: ***
asana_integration	Sync PR Description (Asana to GH)	2025-07-29T15:01:44.1549256Z   cache-dependency-glob: **/*requirements*.txt
asana_integration	Sync PR Description (Asana to GH)	**/*requirements*.in
asana_integration	Sync PR Description (Asana to GH)	**/*constraints*.txt
asana_integration	Sync PR Description (Asana to GH)	**/*constraints*.in
asana_integration	Sync PR Description (Asana to GH)	**/pyproject.toml
asana_integration	Sync PR Description (Asana to GH)	**/uv.lock
asana_integration	Sync PR Description (Asana to GH)	
asana_integration	Sync PR Description (Asana to GH)	2025-07-29T15:01:44.1549792Z   prune-cache: true
asana_integration	Sync PR Description (Asana to GH)	2025-07-29T15:01:44.1550006Z   ignore-nothing-to-cache: false
asana_integration	Sync PR Description (Asana to GH)	2025-07-29T15:01:44.1550256Z   ignore-empty-workdir: false
asana_integration	Sync PR Description (Asana to GH)	2025-07-29T15:01:44.1550474Z env:
asana_integration	Sync PR Description (Asana to GH)	2025-07-29T15:01:44.1550694Z   UV_CACHE_DIR: /home/runner/work/_temp/setup-uv-cache
asana_integration	Sync PR Description (Asana to GH)	2025-07-29T15:01:44.1550982Z ##[endgroup]
asana_integration	Sync PR Description (Asana to GH)	2025-07-29T15:01:44.3996620Z Found uv in tool-cache for 0.7.3
asana_integration	Sync PR Description (Asana to GH)	2025-07-29T15:01:44.4002620Z Added /home/runner/.local/bin to the path
asana_integration	Sync PR Description (Asana to GH)	2025-07-29T15:01:44.4009478Z Added /opt/hostedtoolcache/uv/0.7.3/x86_64 to the path
asana_integration	Sync PR Description (Asana to GH)	2025-07-29T15:01:44.4018360Z Set UV_CACHE_DIR to /home/runner/work/_temp/setup-uv-cache
asana_integration	Sync PR Description (Asana to GH)	2025-07-29T15:01:44.4023072Z Successfully installed uv version 0.7.3
asana_integration	Sync PR Description (Asana to GH)	2025-07-29T15:01:44.4027399Z Searching files using cache dependency glob: /home/runner/work/metta/metta/**/*requirements*.txt,/home/runner/work/metta/metta/**/*requirements*.in,/home/runner/work/metta/metta/**/*constraints*.txt,/home/runner/work/metta/metta/**/*constraints*.in,/home/runner/work/metta/metta/**/pyproject.toml,/home/runner/work/metta/metta/**/uv.lock
asana_integration	Sync PR Description (Asana to GH)	2025-07-29T15:01:44.4265306Z /home/runner/work/metta/metta/.github/actions/asana/pr_gh_to_asana/test/requirements.txt
asana_integration	Sync PR Description (Asana to GH)	2025-07-29T15:01:44.4429936Z /home/runner/work/metta/metta/agent/pyproject.toml
asana_integration	Sync PR Description (Asana to GH)	2025-07-29T15:01:44.4508844Z /home/runner/work/metta/metta/app_backend/pyproject.toml
asana_integration	Sync PR Description (Asana to GH)	2025-07-29T15:01:44.4586045Z /home/runner/work/metta/metta/common/pyproject.toml
asana_integration	Sync PR Description (Asana to GH)	2025-07-29T15:01:44.5620674Z /home/runner/work/metta/metta/experiments/pyproject.toml
asana_integration	Sync PR Description (Asana to GH)	2025-07-29T15:01:44.5917925Z /home/runner/work/metta/metta/metta/setup/tools/codeclip/pyproject.toml
asana_integration	Sync PR Description (Asana to GH)	2025-07-29T15:01:44.5974796Z /home/runner/work/metta/metta/mettagrid/pyproject.toml
asana_integration	Sync PR Description (Asana to GH)	2025-07-29T15:01:44.6646746Z /home/runner/work/metta/metta/pyproject.toml
asana_integration	Sync PR Description (Asana to GH)	2025-07-29T15:01:44.7003838Z /home/runner/work/metta/metta/uv.lock
asana_integration	Sync PR Description (Asana to GH)	2025-07-29T15:01:44.7024599Z Found 9 files to hash.
asana_integration	Sync PR Description (Asana to GH)	2025-07-29T15:01:44.7296754Z Trying to restore uv cache from GitHub Actions cache with key: setup-uv-1-x86_64-unknown-linux-gnu-3.11.7-pruned-f31d0ded8f4bdf30f7c278585dbd2bb5dfd62d818fb3293fbab368bf16ff989c
asana_integration	Sync PR Description (Asana to GH)	2025-07-29T15:01:44.8438940Z Cache hit for: setup-uv-1-x86_64-unknown-linux-gnu-3.11.7-pruned-f31d0ded8f4bdf30f7c278585dbd2bb5dfd62d818fb3293fbab368bf16ff989c
asana_integration	Sync PR Description (Asana to GH)	2025-07-29T15:01:45.1485732Z Received 1644471 of 1644471 (100.0%), 7.8 MBs/sec
asana_integration	Sync PR Description (Asana to GH)	2025-07-29T15:01:45.1486275Z Cache Size: ~2 MB (1644471 B)
asana_integration	Sync PR Description (Asana to GH)	2025-07-29T15:01:45.1514374Z [command]/usr/bin/tar -xf /home/runner/work/_temp/0cbcbda3-faac-4922-a55b-97369301aa25/cache.tzst -P -C /home/runner/work/metta/metta --use-compress-program unzstd
asana_integration	Sync PR Description (Asana to GH)	2025-07-29T15:01:45.1715023Z Cache restored successfully
asana_integration	Sync PR Description (Asana to GH)	2025-07-29T15:01:45.1725050Z uv cache restored from GitHub Actions cache with key: setup-uv-1-x86_64-unknown-linux-gnu-3.11.7-pruned-f31d0ded8f4bdf30f7c278585dbd2bb5dfd62d818fb3293fbab368bf16ff989c
asana_integration	Sync PR Description (Asana to GH)	2025-07-29T15:01:45.1821440Z ##[group]Run uv run /home/runner/work/metta/metta/./.github/actions/asana/pr_description_asana_to_gh/pr_description_asana_to_gh.py
asana_integration	Sync PR Description (Asana to GH)	2025-07-29T15:01:45.1822517Z [36;1muv run /home/runner/work/metta/metta/./.github/actions/asana/pr_description_asana_to_gh/pr_description_asana_to_gh.py[0m
asana_integration	Sync PR Description (Asana to GH)	2025-07-29T15:01:45.1850550Z shell: /usr/bin/bash --noprofile --norc -e -o pipefail {0}
asana_integration	Sync PR Description (Asana to GH)	2025-07-29T15:01:45.1850878Z env:
asana_integration	Sync PR Description (Asana to GH)	2025-07-29T15:01:45.1851111Z   UV_CACHE_DIR: /home/runner/work/_temp/setup-uv-cache
asana_integration	Sync PR Description (Asana to GH)	2025-07-29T15:01:45.1851412Z   INPUT_REPO: Metta-AI/metta
asana_integration	Sync PR Description (Asana to GH)	2025-07-29T15:01:45.1851643Z   INPUT_PR_NUMBER: 1774
asana_integration	Sync PR Description (Asana to GH)	2025-07-29T15:01:45.1852068Z   INPUT_TASK_URL: https://app.asana.com/1/1209016784099267/project/1210348820405981/task/1210917200277624
asana_integration	Sync PR Description (Asana to GH)	2025-07-29T15:01:45.1852940Z   INPUT_TOKEN: ***
asana_integration	Sync PR Description (Asana to GH)	2025-07-29T15:01:45.1853161Z ##[endgroup]
asana_integration	Sync PR Description (Asana to GH)	2025-07-29T15:01:45.2698668Z Installed 5 packages in 3ms
asana_integration	Sync PR Description (Asana to GH)	2025-07-29T15:01:46.7056892Z Updating PR description for Metta-AI/metta #1774 with task https://app.asana.com/1/1209016784099267/project/1210348820405981/task/1210917200277624
asana_integration	Post Sync PR Description (Asana to GH)	﻿2025-07-29T15:01:46.7297176Z Post job cleanup.
asana_integration	Post Sync PR Description (Asana to GH)	2025-07-29T15:01:46.7335326Z Post job cleanup.
asana_integration	Post Sync PR Description (Asana to GH)	2025-07-29T15:01:46.8944006Z Cache hit occurred on key setup-uv-1-x86_64-unknown-linux-gnu-3.11.7-pruned-f31d0ded8f4bdf30f7c278585dbd2bb5dfd62d818fb3293fbab368bf16ff989c, not saving cache.
asana_integration	Post Sync PR Task (GH to Asana)	﻿2025-07-29T15:01:46.9056491Z Post job cleanup.
asana_integration	Post Sync PR Task (GH to Asana)	2025-07-29T15:01:46.9096564Z Post job cleanup.
asana_integration	Post Sync PR Task (GH to Asana)	2025-07-29T15:01:47.0667141Z Cache hit occurred on key setup-uv-1-x86_64-unknown-linux-gnu-unknown-pruned-f31d0ded8f4bdf30f7c278585dbd2bb5dfd62d818fb3293fbab368bf16ff989c, not saving cache.
asana_integration	Post Checkout repository	﻿2025-07-29T15:01:47.0824970Z Post job cleanup.
asana_integration	Post Checkout repository	2025-07-29T15:01:47.1774743Z [command]/usr/bin/git version
asana_integration	Post Checkout repository	2025-07-29T15:01:47.1831847Z git version 2.50.1
asana_integration	Post Checkout repository	2025-07-29T15:01:47.1897027Z Temporarily overriding HOME='/home/runner/work/_temp/faf24ab1-68ce-44a6-a777-fdb324b540c5' before making global git config changes
asana_integration	Post Checkout repository	2025-07-29T15:01:47.1898318Z Adding repository directory to the temporary git global config as a safe directory
asana_integration	Post Checkout repository	2025-07-29T15:01:47.1905130Z [command]/usr/bin/git config --global --add safe.directory /home/runner/work/metta/metta
asana_integration	Post Checkout repository	2025-07-29T15:01:47.1949475Z [command]/usr/bin/git config --local --name-only --get-regexp core\.sshCommand
asana_integration	Post Checkout repository	2025-07-29T15:01:47.1990958Z [command]/usr/bin/git submodule foreach --recursive sh -c "git config --local --name-only --get-regexp 'core\.sshCommand' && git config --local --unset-all 'core.sshCommand' || :"
asana_integration	Post Checkout repository	2025-07-29T15:01:47.2242626Z [command]/usr/bin/git config --local --name-only --get-regexp http\.https\:\/\/github\.com\/\.extraheader
asana_integration	Post Checkout repository	2025-07-29T15:01:47.2269816Z http.https://github.com/.extraheader
asana_integration	Post Checkout repository	2025-07-29T15:01:47.2283752Z [command]/usr/bin/git config --local --unset-all http.https://github.com/.extraheader
asana_integration	Post Checkout repository	2025-07-29T15:01:47.2321546Z [command]/usr/bin/git submodule foreach --recursive sh -c "git config --local --name-only --get-regexp 'http\.https\:\/\/github\.com\/\.extraheader' && git config --local --unset-all 'http.https://github.com/.extraheader' || :"
asana_integration	Complete job	﻿2025-07-29T15:01:47.2656768Z Cleaning up orphan processes
