check-context	Set up job	﻿2025-07-29T15:04:42.4197922Z Current runner version: '2.326.0'
check-context	Set up job	2025-07-29T15:04:42.4234812Z ##[group]Runner Image Provisioner
check-context	Set up job	2025-07-29T15:04:42.4236244Z Hosted Compute Agent
check-context	Set up job	2025-07-29T15:04:42.4237207Z Version: 20250711.363
check-context	Set up job	2025-07-29T15:04:42.4238421Z Commit: 6785254374ce925a23743850c1cb91912ce5c14c
check-context	Set up job	2025-07-29T15:04:42.4239750Z Build Date: 2025-07-11T20:04:25Z
check-context	Set up job	2025-07-29T15:04:42.4240693Z ##[endgroup]
check-context	Set up job	2025-07-29T15:04:42.4241541Z ##[group]Operating System
check-context	Set up job	2025-07-29T15:04:42.4242626Z Ubuntu
check-context	Set up job	2025-07-29T15:04:42.4243393Z 24.04.2
check-context	Set up job	2025-07-29T15:04:42.4244090Z LTS
check-context	Set up job	2025-07-29T15:04:42.4245017Z ##[endgroup]
check-context	Set up job	2025-07-29T15:04:42.4245844Z ##[group]Runner Image
check-context	Set up job	2025-07-29T15:04:42.4246773Z Image: ubuntu-24.04
check-context	Set up job	2025-07-29T15:04:42.4247928Z Version: 20250720.1.0
check-context	Set up job	2025-07-29T15:04:42.4249678Z Included Software: https://github.com/actions/runner-images/blob/ubuntu24/20250720.1/images/ubuntu/Ubuntu2404-Readme.md
check-context	Set up job	2025-07-29T15:04:42.4252147Z Image Release: https://github.com/actions/runner-images/releases/tag/ubuntu24%2F20250720.1
check-context	Set up job	2025-07-29T15:04:42.4254349Z ##[endgroup]
check-context	Set up job	2025-07-29T15:04:42.4256236Z ##[group]GITHUB_TOKEN Permissions
check-context	Set up job	2025-07-29T15:04:42.4259159Z Contents: read
check-context	Set up job	2025-07-29T15:04:42.4260077Z Metadata: read
check-context	Set up job	2025-07-29T15:04:42.4260881Z Packages: read
check-context	Set up job	2025-07-29T15:04:42.4261646Z ##[endgroup]
check-context	Set up job	2025-07-29T15:04:42.4264454Z Secret source: Actions
check-context	Set up job	2025-07-29T15:04:42.4265555Z Prepare workflow directory
check-context	Set up job	2025-07-29T15:04:42.4745455Z Prepare all required actions
check-context	Set up job	2025-07-29T15:04:42.4801893Z Getting action download info
check-context	Set up job	2025-07-29T15:04:42.7673810Z ##[group]Download immutable action package 'actions/checkout@v4'
check-context	Set up job	2025-07-29T15:04:42.7674834Z Version: 4.2.2
check-context	Set up job	2025-07-29T15:04:42.7675861Z Digest: sha256:ccb2698953eaebd21c7bf6268a94f9c26518a7e38e27e0b83c1fe1ad049819b1
check-context	Set up job	2025-07-29T15:04:42.7677041Z Source commit SHA: 11bd71901bbe5b1630ceea73d27597364c9af683
check-context	Set up job	2025-07-29T15:04:42.7677907Z ##[endgroup]
check-context	Set up job	2025-07-29T15:04:42.9259727Z Complete job name: check-context
check-context	Checkout repository	﻿2025-07-29T15:04:42.9914458Z ##[group]Run actions/checkout@v4
check-context	Checkout repository	2025-07-29T15:04:42.9915281Z with:
check-context	Checkout repository	2025-07-29T15:04:42.9915709Z   repository: Metta-AI/metta
check-context	Checkout repository	2025-07-29T15:04:42.9916348Z   token: ***
check-context	Checkout repository	2025-07-29T15:04:42.9916740Z   ssh-strict: true
check-context	Checkout repository	2025-07-29T15:04:42.9917147Z   ssh-user: git
check-context	Checkout repository	2025-07-29T15:04:42.9917903Z   persist-credentials: true
check-context	Checkout repository	2025-07-29T15:04:42.9918387Z   clean: true
check-context	Checkout repository	2025-07-29T15:04:42.9918800Z   sparse-checkout-cone-mode: true
check-context	Checkout repository	2025-07-29T15:04:42.9919287Z   fetch-depth: 1
check-context	Checkout repository	2025-07-29T15:04:42.9919706Z   fetch-tags: false
check-context	Checkout repository	2025-07-29T15:04:42.9920110Z   show-progress: true
check-context	Checkout repository	2025-07-29T15:04:42.9920514Z   lfs: false
check-context	Checkout repository	2025-07-29T15:04:42.9920883Z   submodules: false
check-context	Checkout repository	2025-07-29T15:04:42.9921300Z   set-safe-directory: true
check-context	Checkout repository	2025-07-29T15:04:42.9922043Z ##[endgroup]
check-context	Checkout repository	2025-07-29T15:04:43.0974308Z Syncing repository: Metta-AI/metta
check-context	Checkout repository	2025-07-29T15:04:43.0976192Z ##[group]Getting Git version info
check-context	Checkout repository	2025-07-29T15:04:43.0976980Z Working directory is '/home/runner/work/metta/metta'
check-context	Checkout repository	2025-07-29T15:04:43.0978189Z [command]/usr/bin/git version
check-context	Checkout repository	2025-07-29T15:04:43.1007254Z git version 2.50.1
check-context	Checkout repository	2025-07-29T15:04:43.1032824Z ##[endgroup]
check-context	Checkout repository	2025-07-29T15:04:43.1046517Z Temporarily overriding HOME='/home/runner/work/_temp/aba89a12-665c-46bc-bef0-0781168546b3' before making global git config changes
check-context	Checkout repository	2025-07-29T15:04:43.1048162Z Adding repository directory to the temporary git global config as a safe directory
check-context	Checkout repository	2025-07-29T15:04:43.1052475Z [command]/usr/bin/git config --global --add safe.directory /home/runner/work/metta/metta
check-context	Checkout repository	2025-07-29T15:04:43.1085502Z Deleting the contents of '/home/runner/work/metta/metta'
check-context	Checkout repository	2025-07-29T15:04:43.1089521Z ##[group]Initializing the repository
check-context	Checkout repository	2025-07-29T15:04:43.1093975Z [command]/usr/bin/git init /home/runner/work/metta/metta
check-context	Checkout repository	2025-07-29T15:04:43.1155748Z hint: Using 'master' as the name for the initial branch. This default branch name
check-context	Checkout repository	2025-07-29T15:04:43.1157156Z hint: is subject to change. To configure the initial branch name to use in all
check-context	Checkout repository	2025-07-29T15:04:43.1158795Z hint: of your new repositories, which will suppress this warning, call:
check-context	Checkout repository	2025-07-29T15:04:43.1159562Z hint:
check-context	Checkout repository	2025-07-29T15:04:43.1160923Z hint: 	git config --global init.defaultBranch <name>
check-context	Checkout repository	2025-07-29T15:04:43.1161973Z hint:
check-context	Checkout repository	2025-07-29T15:04:43.1162925Z hint: Names commonly chosen instead of 'master' are 'main', 'trunk' and
check-context	Checkout repository	2025-07-29T15:04:43.1164513Z hint: 'development'. The just-created branch can be renamed via this command:
check-context	Checkout repository	2025-07-29T15:04:43.1165797Z hint:
check-context	Checkout repository	2025-07-29T15:04:43.1166448Z hint: 	git branch -m <name>
check-context	Checkout repository	2025-07-29T15:04:43.1167180Z hint:
check-context	Checkout repository	2025-07-29T15:04:43.1168403Z hint: Disable this message with "git config set advice.defaultBranchName false"
check-context	Checkout repository	2025-07-29T15:04:43.1170071Z Initialized empty Git repository in /home/runner/work/metta/metta/.git/
check-context	Checkout repository	2025-07-29T15:04:43.1172689Z [command]/usr/bin/git remote add origin https://github.com/Metta-AI/metta
check-context	Checkout repository	2025-07-29T15:04:43.1204266Z ##[endgroup]
check-context	Checkout repository	2025-07-29T15:04:43.1205578Z ##[group]Disabling automatic garbage collection
check-context	Checkout repository	2025-07-29T15:04:43.1209305Z [command]/usr/bin/git config --local gc.auto 0
check-context	Checkout repository	2025-07-29T15:04:43.1237067Z ##[endgroup]
check-context	Checkout repository	2025-07-29T15:04:43.1238460Z ##[group]Setting up auth
check-context	Checkout repository	2025-07-29T15:04:43.1244627Z [command]/usr/bin/git config --local --name-only --get-regexp core\.sshCommand
check-context	Checkout repository	2025-07-29T15:04:43.1274813Z [command]/usr/bin/git submodule foreach --recursive sh -c "git config --local --name-only --get-regexp 'core\.sshCommand' && git config --local --unset-all 'core.sshCommand' || :"
check-context	Checkout repository	2025-07-29T15:04:43.1539247Z [command]/usr/bin/git config --local --name-only --get-regexp http\.https\:\/\/github\.com\/\.extraheader
check-context	Checkout repository	2025-07-29T15:04:43.1568670Z [command]/usr/bin/git submodule foreach --recursive sh -c "git config --local --name-only --get-regexp 'http\.https\:\/\/github\.com\/\.extraheader' && git config --local --unset-all 'http.https://github.com/.extraheader' || :"
check-context	Checkout repository	2025-07-29T15:04:43.1784322Z [command]/usr/bin/git config --local http.https://github.com/.extraheader AUTHORIZATION: basic ***
check-context	Checkout repository	2025-07-29T15:04:43.1818653Z ##[endgroup]
check-context	Checkout repository	2025-07-29T15:04:43.1819863Z ##[group]Fetching the repository
check-context	Checkout repository	2025-07-29T15:04:43.1828840Z [command]/usr/bin/git -c protocol.version=2 fetch --no-tags --prune --no-recurse-submodules --depth=1 origin +77ba8aadd67c08fd2364798abc4b79d282c1e2ff:refs/remotes/pull/1774/merge
check-context	Checkout repository	2025-07-29T15:04:43.9629029Z From https://github.com/Metta-AI/metta
check-context	Checkout repository	2025-07-29T15:04:43.9631282Z  * [new ref]         77ba8aadd67c08fd2364798abc4b79d282c1e2ff -> pull/1774/merge
check-context	Checkout repository	2025-07-29T15:04:43.9652331Z ##[endgroup]
check-context	Checkout repository	2025-07-29T15:04:43.9654287Z ##[group]Determining the checkout info
check-context	Checkout repository	2025-07-29T15:04:43.9656368Z ##[endgroup]
check-context	Checkout repository	2025-07-29T15:04:43.9661162Z [command]/usr/bin/git sparse-checkout disable
check-context	Checkout repository	2025-07-29T15:04:43.9699800Z [command]/usr/bin/git config --local --unset-all extensions.worktreeConfig
check-context	Checkout repository	2025-07-29T15:04:43.9727197Z ##[group]Checking out the ref
check-context	Checkout repository	2025-07-29T15:04:43.9730883Z [command]/usr/bin/git checkout --progress --force refs/remotes/pull/1774/merge
check-context	Checkout repository	2025-07-29T15:04:44.1219867Z Note: switching to 'refs/remotes/pull/1774/merge'.
check-context	Checkout repository	2025-07-29T15:04:44.1221057Z 
check-context	Checkout repository	2025-07-29T15:04:44.1221924Z You are in 'detached HEAD' state. You can look around, make experimental
check-context	Checkout repository	2025-07-29T15:04:44.1223772Z changes and commit them, and you can discard any commits you make in this
check-context	Checkout repository	2025-07-29T15:04:44.1225782Z state without impacting any branches by switching back to a branch.
check-context	Checkout repository	2025-07-29T15:04:44.1227715Z 
check-context	Checkout repository	2025-07-29T15:04:44.1228944Z If you want to create a new branch to retain commits you create, you may
check-context	Checkout repository	2025-07-29T15:04:44.1231310Z do so (now or later) by using -c with the switch command. Example:
check-context	Checkout repository	2025-07-29T15:04:44.1232663Z 
check-context	Checkout repository	2025-07-29T15:04:44.1233260Z   git switch -c <new-branch-name>
check-context	Checkout repository	2025-07-29T15:04:44.1234198Z 
check-context	Checkout repository	2025-07-29T15:04:44.1234732Z Or undo this operation with:
check-context	Checkout repository	2025-07-29T15:04:44.1235560Z 
check-context	Checkout repository	2025-07-29T15:04:44.1236011Z   git switch -
check-context	Checkout repository	2025-07-29T15:04:44.1236732Z 
check-context	Checkout repository	2025-07-29T15:04:44.1238039Z Turn off this advice by setting config variable advice.detachedHead to false
check-context	Checkout repository	2025-07-29T15:04:44.1239850Z 
check-context	Checkout repository	2025-07-29T15:04:44.1241718Z HEAD is now at 77ba8aa Merge 061d163aab14f12f028a36e880118314dbb01622 into 6932e08ffdb7e72a31b602634662fe4170fc143d
check-context	Checkout repository	2025-07-29T15:04:44.1246931Z ##[endgroup]
check-context	Checkout repository	2025-07-29T15:04:44.1273789Z [command]/usr/bin/git log -1 --format=%H
check-context	Checkout repository	2025-07-29T15:04:44.1296088Z 77ba8aadd67c08fd2364798abc4b79d282c1e2ff
check-context	Detect PR context	﻿2025-07-29T15:04:44.1617305Z Prepare all required actions
check-context	Detect PR context	2025-07-29T15:04:44.1726009Z ##[group]Run ./.github/actions/detect-external-pr
check-context	Detect PR context	2025-07-29T15:04:44.1727498Z ##[endgroup]
check-context	Detect PR context	2025-07-29T15:04:44.1872116Z ##[group]Run # Detect the context
check-context	Detect PR context	2025-07-29T15:04:44.1873380Z [36;1m# Detect the context[0m
check-context	Detect PR context	2025-07-29T15:04:44.1874442Z [36;1mIS_FORK="false"[0m
check-context	Detect PR context	2025-07-29T15:04:44.1875484Z [36;1mIS_DEPENDABOT="false"[0m
check-context	Detect PR context	2025-07-29T15:04:44.1876610Z [36;1mHEAD_REPO="Metta-AI/metta"[0m
check-context	Detect PR context	2025-07-29T15:04:44.1877948Z [36;1mBASE_REPO="Metta-AI/metta"[0m
check-context	Detect PR context	2025-07-29T15:04:44.1879025Z [36;1m[0m
check-context	Detect PR context	2025-07-29T15:04:44.1879838Z [36;1m# Determine if external[0m
check-context	Detect PR context	2025-07-29T15:04:44.1881635Z [36;1mif [[ "$IS_FORK" == "true" ]] || [[ "$IS_DEPENDABOT" == "true" ]] || [[ "$HEAD_REPO" != "$BASE_REPO" && -n "$HEAD_REPO" ]]; then[0m
check-context	Detect PR context	2025-07-29T15:04:44.1883590Z [36;1m  echo "is_external=true" >> $GITHUB_OUTPUT[0m
check-context	Detect PR context	2025-07-29T15:04:44.1885382Z [36;1m  echo "::notice::🔓 Running on external PR - external services will be skipped"[0m
check-context	Detect PR context	2025-07-29T15:04:44.1887048Z [36;1melse[0m
check-context	Detect PR context	2025-07-29T15:04:44.1888327Z [36;1m  echo "is_external=false" >> $GITHUB_OUTPUT[0m
check-context	Detect PR context	2025-07-29T15:04:44.1889962Z [36;1m  echo "::notice::🔒 Running on internal PR - all services enabled"[0m
check-context	Detect PR context	2025-07-29T15:04:44.1891410Z [36;1mfi[0m
check-context	Detect PR context	2025-07-29T15:04:44.1892178Z [36;1m[0m
check-context	Detect PR context	2025-07-29T15:04:44.1893033Z [36;1m# Detailed logging for debugging[0m
check-context	Detect PR context	2025-07-29T15:04:44.1894256Z [36;1mecho "::group::PR Context Details"[0m
check-context	Detect PR context	2025-07-29T15:04:44.1895425Z [36;1mecho "Is Fork: $IS_FORK"[0m
check-context	Detect PR context	2025-07-29T15:04:44.1896579Z [36;1mecho "Is Dependabot: $IS_DEPENDABOT"[0m
check-context	Detect PR context	2025-07-29T15:04:44.1897886Z [36;1mecho "Actor: badjacent"[0m
check-context	Detect PR context	2025-07-29T15:04:44.1898983Z [36;1mecho "Head Repo: $HEAD_REPO"[0m
check-context	Detect PR context	2025-07-29T15:04:44.1900099Z [36;1mecho "Base Repo: $BASE_REPO"[0m
check-context	Detect PR context	2025-07-29T15:04:44.1901244Z [36;1mecho "Event Name: pull_request"[0m
check-context	Detect PR context	2025-07-29T15:04:44.1902405Z [36;1mecho "PR Number: 1774"[0m
check-context	Detect PR context	2025-07-29T15:04:44.1903428Z [36;1mecho "::endgroup::"[0m
check-context	Detect PR context	2025-07-29T15:04:44.1938664Z shell: /usr/bin/bash --noprofile --norc -e -o pipefail {0}
check-context	Detect PR context	2025-07-29T15:04:44.1940104Z ##[endgroup]
check-context	Detect PR context	2025-07-29T15:04:44.2035749Z ##[notice]🔒 Running on internal PR - all services enabled
check-context	Detect PR context	2025-07-29T15:04:44.2038104Z ##[group]PR Context Details
check-context	Detect PR context	2025-07-29T15:04:44.2039086Z Is Fork: false
check-context	Detect PR context	2025-07-29T15:04:44.2039881Z Is Dependabot: false
check-context	Detect PR context	2025-07-29T15:04:44.2040718Z Actor: badjacent
check-context	Detect PR context	2025-07-29T15:04:44.2041543Z Head Repo: Metta-AI/metta
check-context	Detect PR context	2025-07-29T15:04:44.2042455Z Base Repo: Metta-AI/metta
check-context	Detect PR context	2025-07-29T15:04:44.2043355Z Event Name: pull_request
check-context	Detect PR context	2025-07-29T15:04:44.2044226Z PR Number: 1774
check-context	Detect PR context	2025-07-29T15:04:44.2045529Z ##[endgroup]
check-context	Post Checkout repository	﻿2025-07-29T15:04:44.2270914Z Post job cleanup.
check-context	Post Checkout repository	2025-07-29T15:04:44.3209843Z [command]/usr/bin/git version
check-context	Post Checkout repository	2025-07-29T15:04:44.3245476Z git version 2.50.1
check-context	Post Checkout repository	2025-07-29T15:04:44.3294252Z Temporarily overriding HOME='/home/runner/work/_temp/604354a2-7fe1-419a-bc8c-c2646cb14d36' before making global git config changes
check-context	Post Checkout repository	2025-07-29T15:04:44.3298583Z Adding repository directory to the temporary git global config as a safe directory
check-context	Post Checkout repository	2025-07-29T15:04:44.3301253Z [command]/usr/bin/git config --global --add safe.directory /home/runner/work/metta/metta
check-context	Post Checkout repository	2025-07-29T15:04:44.3332866Z [command]/usr/bin/git config --local --name-only --get-regexp core\.sshCommand
check-context	Post Checkout repository	2025-07-29T15:04:44.3365042Z [command]/usr/bin/git submodule foreach --recursive sh -c "git config --local --name-only --get-regexp 'core\.sshCommand' && git config --local --unset-all 'core.sshCommand' || :"
check-context	Post Checkout repository	2025-07-29T15:04:44.3588749Z [command]/usr/bin/git config --local --name-only --get-regexp http\.https\:\/\/github\.com\/\.extraheader
check-context	Post Checkout repository	2025-07-29T15:04:44.3608296Z http.https://github.com/.extraheader
check-context	Post Checkout repository	2025-07-29T15:04:44.3622231Z [command]/usr/bin/git config --local --unset-all http.https://github.com/.extraheader
check-context	Post Checkout repository	2025-07-29T15:04:44.3659751Z [command]/usr/bin/git submodule foreach --recursive sh -c "git config --local --name-only --get-regexp 'http\.https\:\/\/github\.com\/\.extraheader' && git config --local --unset-all 'http.https://github.com/.extraheader' || :"
check-context	Complete job	﻿2025-07-29T15:04:44.4010918Z Evaluate and set job outputs
check-context	Complete job	2025-07-29T15:04:44.4018109Z Set output 'is_external'
check-context	Complete job	2025-07-29T15:04:44.4020878Z Cleaning up orphan processes
asana_integration	Set up job	﻿2025-07-29T15:04:50.4609096Z Current runner version: '2.326.0'
asana_integration	Set up job	2025-07-29T15:04:50.4637415Z ##[group]Runner Image Provisioner
asana_integration	Set up job	2025-07-29T15:04:50.4638396Z Hosted Compute Agent
asana_integration	Set up job	2025-07-29T15:04:50.4638945Z Version: 20250711.363
asana_integration	Set up job	2025-07-29T15:04:50.4639541Z Commit: 6785254374ce925a23743850c1cb91912ce5c14c
asana_integration	Set up job	2025-07-29T15:04:50.4640320Z Build Date: 2025-07-11T20:04:25Z
asana_integration	Set up job	2025-07-29T15:04:50.4640905Z ##[endgroup]
asana_integration	Set up job	2025-07-29T15:04:50.4641471Z ##[group]Operating System
asana_integration	Set up job	2025-07-29T15:04:50.4642104Z Ubuntu
asana_integration	Set up job	2025-07-29T15:04:50.4642559Z 24.04.2
asana_integration	Set up job	2025-07-29T15:04:50.4643028Z LTS
asana_integration	Set up job	2025-07-29T15:04:50.4643605Z ##[endgroup]
asana_integration	Set up job	2025-07-29T15:04:50.4644122Z ##[group]Runner Image
asana_integration	Set up job	2025-07-29T15:04:50.4644892Z Image: ubuntu-24.04
asana_integration	Set up job	2025-07-29T15:04:50.4645516Z Version: 20250720.1.0
asana_integration	Set up job	2025-07-29T15:04:50.4646540Z Included Software: https://github.com/actions/runner-images/blob/ubuntu24/20250720.1/images/ubuntu/Ubuntu2404-Readme.md
asana_integration	Set up job	2025-07-29T15:04:50.4647859Z Image Release: https://github.com/actions/runner-images/releases/tag/ubuntu24%2F20250720.1
asana_integration	Set up job	2025-07-29T15:04:50.4649086Z ##[endgroup]
asana_integration	Set up job	2025-07-29T15:04:50.4650356Z ##[group]GITHUB_TOKEN Permissions
asana_integration	Set up job	2025-07-29T15:04:50.4652369Z Actions: read
asana_integration	Set up job	2025-07-29T15:04:50.4652924Z Contents: read
asana_integration	Set up job	2025-07-29T15:04:50.4653547Z Metadata: read
asana_integration	Set up job	2025-07-29T15:04:50.4654076Z PullRequests: write
asana_integration	Set up job	2025-07-29T15:04:50.4654854Z ##[endgroup]
asana_integration	Set up job	2025-07-29T15:04:50.4657233Z Secret source: Actions
asana_integration	Set up job	2025-07-29T15:04:50.4658253Z Prepare workflow directory
asana_integration	Set up job	2025-07-29T15:04:50.5005320Z Prepare all required actions
asana_integration	Set up job	2025-07-29T15:04:50.5042171Z Getting action download info
asana_integration	Set up job	2025-07-29T15:04:51.1420969Z ##[group]Download immutable action package 'actions/checkout@v4'
asana_integration	Set up job	2025-07-29T15:04:51.1422112Z Version: 4.2.2
asana_integration	Set up job	2025-07-29T15:04:51.1423186Z Digest: sha256:ccb2698953eaebd21c7bf6268a94f9c26518a7e38e27e0b83c1fe1ad049819b1
asana_integration	Set up job	2025-07-29T15:04:51.1424737Z Source commit SHA: 11bd71901bbe5b1630ceea73d27597364c9af683
asana_integration	Set up job	2025-07-29T15:04:51.1425553Z ##[endgroup]
asana_integration	Set up job	2025-07-29T15:04:51.7378606Z Complete job name: asana_integration
asana_integration	Checkout repository	﻿2025-07-29T15:04:51.8158586Z ##[group]Run actions/checkout@v4
asana_integration	Checkout repository	2025-07-29T15:04:51.8160026Z with:
asana_integration	Checkout repository	2025-07-29T15:04:51.8160858Z   repository: Metta-AI/metta
asana_integration	Checkout repository	2025-07-29T15:04:51.8162104Z   token: ***
asana_integration	Checkout repository	2025-07-29T15:04:51.8162907Z   ssh-strict: true
asana_integration	Checkout repository	2025-07-29T15:04:51.8163749Z   ssh-user: git
asana_integration	Checkout repository	2025-07-29T15:04:51.8164881Z   persist-credentials: true
asana_integration	Checkout repository	2025-07-29T15:04:51.8165866Z   clean: true
asana_integration	Checkout repository	2025-07-29T15:04:51.8166746Z   sparse-checkout-cone-mode: true
asana_integration	Checkout repository	2025-07-29T15:04:51.8167821Z   fetch-depth: 1
asana_integration	Checkout repository	2025-07-29T15:04:51.8168663Z   fetch-tags: false
asana_integration	Checkout repository	2025-07-29T15:04:51.8169540Z   show-progress: true
asana_integration	Checkout repository	2025-07-29T15:04:51.8170425Z   lfs: false
asana_integration	Checkout repository	2025-07-29T15:04:51.8171230Z   submodules: false
asana_integration	Checkout repository	2025-07-29T15:04:51.8172113Z   set-safe-directory: true
asana_integration	Checkout repository	2025-07-29T15:04:51.8173311Z ##[endgroup]
asana_integration	Checkout repository	2025-07-29T15:04:51.9254448Z Syncing repository: Metta-AI/metta
asana_integration	Checkout repository	2025-07-29T15:04:51.9257201Z ##[group]Getting Git version info
asana_integration	Checkout repository	2025-07-29T15:04:51.9258557Z Working directory is '/home/runner/work/metta/metta'
asana_integration	Checkout repository	2025-07-29T15:04:51.9260493Z [command]/usr/bin/git version
asana_integration	Checkout repository	2025-07-29T15:04:52.0277213Z git version 2.50.1
asana_integration	Checkout repository	2025-07-29T15:04:52.0321307Z ##[endgroup]
asana_integration	Checkout repository	2025-07-29T15:04:52.0329942Z Temporarily overriding HOME='/home/runner/work/_temp/ffe65ac4-f19f-46af-9a56-450371138834' before making global git config changes
asana_integration	Checkout repository	2025-07-29T15:04:52.0333203Z Adding repository directory to the temporary git global config as a safe directory
asana_integration	Checkout repository	2025-07-29T15:04:52.0335907Z [command]/usr/bin/git config --global --add safe.directory /home/runner/work/metta/metta
asana_integration	Checkout repository	2025-07-29T15:04:52.0393865Z Deleting the contents of '/home/runner/work/metta/metta'
asana_integration	Checkout repository	2025-07-29T15:04:52.0397805Z ##[group]Initializing the repository
asana_integration	Checkout repository	2025-07-29T15:04:52.0401256Z [command]/usr/bin/git init /home/runner/work/metta/metta
asana_integration	Checkout repository	2025-07-29T15:04:52.1192034Z hint: Using 'master' as the name for the initial branch. This default branch name
asana_integration	Checkout repository	2025-07-29T15:04:52.1194335Z hint: is subject to change. To configure the initial branch name to use in all
asana_integration	Checkout repository	2025-07-29T15:04:52.1196279Z hint: of your new repositories, which will suppress this warning, call:
asana_integration	Checkout repository	2025-07-29T15:04:52.1198028Z hint:
asana_integration	Checkout repository	2025-07-29T15:04:52.1198940Z hint: 	git config --global init.defaultBranch <name>
asana_integration	Checkout repository	2025-07-29T15:04:52.1200146Z hint:
asana_integration	Checkout repository	2025-07-29T15:04:52.1201351Z hint: Names commonly chosen instead of 'master' are 'main', 'trunk' and
asana_integration	Checkout repository	2025-07-29T15:04:52.1203327Z hint: 'development'. The just-created branch can be renamed via this command:
asana_integration	Checkout repository	2025-07-29T15:04:52.1204950Z hint:
asana_integration	Checkout repository	2025-07-29T15:04:52.1205680Z hint: 	git branch -m <name>
asana_integration	Checkout repository	2025-07-29T15:04:52.1206552Z hint:
asana_integration	Checkout repository	2025-07-29T15:04:52.1207760Z hint: Disable this message with "git config set advice.defaultBranchName false"
asana_integration	Checkout repository	2025-07-29T15:04:52.1231055Z Initialized empty Git repository in /home/runner/work/metta/metta/.git/
asana_integration	Checkout repository	2025-07-29T15:04:52.1243649Z [command]/usr/bin/git remote add origin https://github.com/Metta-AI/metta
asana_integration	Checkout repository	2025-07-29T15:04:52.1321128Z ##[endgroup]
asana_integration	Checkout repository	2025-07-29T15:04:52.1322575Z ##[group]Disabling automatic garbage collection
asana_integration	Checkout repository	2025-07-29T15:04:52.1324555Z [command]/usr/bin/git config --local gc.auto 0
asana_integration	Checkout repository	2025-07-29T15:04:52.1352635Z ##[endgroup]
asana_integration	Checkout repository	2025-07-29T15:04:52.1353984Z ##[group]Setting up auth
asana_integration	Checkout repository	2025-07-29T15:04:52.1358743Z [command]/usr/bin/git config --local --name-only --get-regexp core\.sshCommand
asana_integration	Checkout repository	2025-07-29T15:04:52.1388270Z [command]/usr/bin/git submodule foreach --recursive sh -c "git config --local --name-only --get-regexp 'core\.sshCommand' && git config --local --unset-all 'core.sshCommand' || :"
asana_integration	Checkout repository	2025-07-29T15:04:52.3121058Z [command]/usr/bin/git config --local --name-only --get-regexp http\.https\:\/\/github\.com\/\.extraheader
asana_integration	Checkout repository	2025-07-29T15:04:52.3150149Z [command]/usr/bin/git submodule foreach --recursive sh -c "git config --local --name-only --get-regexp 'http\.https\:\/\/github\.com\/\.extraheader' && git config --local --unset-all 'http.https://github.com/.extraheader' || :"
asana_integration	Checkout repository	2025-07-29T15:04:52.3365489Z [command]/usr/bin/git config --local http.https://github.com/.extraheader AUTHORIZATION: basic ***
asana_integration	Checkout repository	2025-07-29T15:04:52.3406244Z ##[endgroup]
asana_integration	Checkout repository	2025-07-29T15:04:52.3407738Z ##[group]Fetching the repository
asana_integration	Checkout repository	2025-07-29T15:04:52.3415709Z [command]/usr/bin/git -c protocol.version=2 fetch --no-tags --prune --no-recurse-submodules --depth=1 origin +77ba8aadd67c08fd2364798abc4b79d282c1e2ff:refs/remotes/pull/1774/merge
asana_integration	Checkout repository	2025-07-29T15:04:53.1411384Z From https://github.com/Metta-AI/metta
asana_integration	Checkout repository	2025-07-29T15:04:53.1415776Z  * [new ref]         77ba8aadd67c08fd2364798abc4b79d282c1e2ff -> pull/1774/merge
asana_integration	Checkout repository	2025-07-29T15:04:53.1479417Z ##[endgroup]
asana_integration	Checkout repository	2025-07-29T15:04:53.1481831Z ##[group]Determining the checkout info
asana_integration	Checkout repository	2025-07-29T15:04:53.1484688Z ##[endgroup]
asana_integration	Checkout repository	2025-07-29T15:04:53.1486878Z [command]/usr/bin/git sparse-checkout disable
asana_integration	Checkout repository	2025-07-29T15:04:53.1565548Z [command]/usr/bin/git config --local --unset-all extensions.worktreeConfig
asana_integration	Checkout repository	2025-07-29T15:04:53.1594577Z ##[group]Checking out the ref
asana_integration	Checkout repository	2025-07-29T15:04:53.1597434Z [command]/usr/bin/git checkout --progress --force refs/remotes/pull/1774/merge
asana_integration	Checkout repository	2025-07-29T15:04:53.3288075Z Note: switching to 'refs/remotes/pull/1774/merge'.
asana_integration	Checkout repository	2025-07-29T15:04:53.3289776Z 
asana_integration	Checkout repository	2025-07-29T15:04:53.3290462Z You are in 'detached HEAD' state. You can look around, make experimental
asana_integration	Checkout repository	2025-07-29T15:04:53.3291542Z changes and commit them, and you can discard any commits you make in this
asana_integration	Checkout repository	2025-07-29T15:04:53.3292477Z state without impacting any branches by switching back to a branch.
asana_integration	Checkout repository	2025-07-29T15:04:53.3293836Z 
asana_integration	Checkout repository	2025-07-29T15:04:53.3294362Z If you want to create a new branch to retain commits you create, you may
asana_integration	Checkout repository	2025-07-29T15:04:53.3295127Z do so (now or later) by using -c with the switch command. Example:
asana_integration	Checkout repository	2025-07-29T15:04:53.3295537Z 
asana_integration	Checkout repository	2025-07-29T15:04:53.3295731Z   git switch -c <new-branch-name>
asana_integration	Checkout repository	2025-07-29T15:04:53.3296039Z 
asana_integration	Checkout repository	2025-07-29T15:04:53.3296229Z Or undo this operation with:
asana_integration	Checkout repository	2025-07-29T15:04:53.3296512Z 
asana_integration	Checkout repository	2025-07-29T15:04:53.3296674Z   git switch -
asana_integration	Checkout repository	2025-07-29T15:04:53.3296912Z 
asana_integration	Checkout repository	2025-07-29T15:04:53.3297281Z Turn off this advice by setting config variable advice.detachedHead to false
asana_integration	Checkout repository	2025-07-29T15:04:53.3297780Z 
asana_integration	Checkout repository	2025-07-29T15:04:53.3298340Z HEAD is now at 77ba8aa Merge 061d163aab14f12f028a36e880118314dbb01622 into 6932e08ffdb7e72a31b602634662fe4170fc143d
asana_integration	Checkout repository	2025-07-29T15:04:53.3303168Z ##[endgroup]
asana_integration	Checkout repository	2025-07-29T15:04:53.3339930Z [command]/usr/bin/git log -1 --format=%H
asana_integration	Checkout repository	2025-07-29T15:04:53.3361760Z 77ba8aadd67c08fd2364798abc4b79d282c1e2ff
asana_integration	Sync PR Task (GH to Asana)	﻿2025-07-29T15:04:53.3650688Z Prepare all required actions
asana_integration	Sync PR Task (GH to Asana)	2025-07-29T15:04:53.3651191Z Getting action download info
asana_integration	Sync PR Task (GH to Asana)	2025-07-29T15:04:53.5171377Z Download action repository 'astral-sh/setup-uv@v6' (SHA:e92bafb6253dcd438e0484186d7669ea7a8ca1cc)
asana_integration	Sync PR Task (GH to Asana)	2025-07-29T15:04:53.9382719Z ##[group]Download immutable action package 'actions/upload-artifact@v4'
asana_integration	Sync PR Task (GH to Asana)	2025-07-29T15:04:53.9383391Z Version: 4.6.2
asana_integration	Sync PR Task (GH to Asana)	2025-07-29T15:04:53.9383784Z Digest: sha256:290722aa3281d5caf23d0acdc3dbeb3424786a1a01a9cc97e72f147225e37c38
asana_integration	Sync PR Task (GH to Asana)	2025-07-29T15:04:53.9384574Z Source commit SHA: ea165f8d65b6e75b540449e92b4886f43607fa02
asana_integration	Sync PR Task (GH to Asana)	2025-07-29T15:04:53.9384928Z ##[endgroup]
asana_integration	Sync PR Task (GH to Asana)	2025-07-29T15:04:54.1316452Z ##[group]Run ./.github/actions/asana/pr_gh_to_asana
asana_integration	Sync PR Task (GH to Asana)	2025-07-29T15:04:54.1316858Z with:
asana_integration	Sync PR Task (GH to Asana)	2025-07-29T15:04:54.1317157Z   title: add a change so that a pull request can be created
asana_integration	Sync PR Task (GH to Asana)	2025-07-29T15:04:54.1317503Z   pr_state: closed
asana_integration	Sync PR Task (GH to Asana)	2025-07-29T15:04:54.1317741Z   project_id: 1210348820405981
asana_integration	Sync PR Task (GH to Asana)	2025-07-29T15:04:54.1318006Z   workspace_id: 1209016784099267
asana_integration	Sync PR Task (GH to Asana)	2025-07-29T15:04:54.1318548Z   asana_token: ***
asana_integration	Sync PR Task (GH to Asana)	2025-07-29T15:04:54.1318908Z   github_url: https://github.com/Metta-AI/metta/pull/1774
asana_integration	Sync PR Task (GH to Asana)	2025-07-29T15:04:54.1319260Z   github_url_field_id: 1210578228718257
asana_integration	Sync PR Task (GH to Asana)	2025-07-29T15:04:54.1319554Z   roster_project_id: 1209948553419016
asana_integration	Sync PR Task (GH to Asana)	2025-07-29T15:04:54.1319840Z   gh_login_field_id: 1210594297567963
asana_integration	Sync PR Task (GH to Asana)	2025-07-29T15:04:54.1320119Z   asana_email_field_id: 1209050603577235
asana_integration	Sync PR Task (GH to Asana)	2025-07-29T15:04:54.1320414Z   pr_author_field_id: 1210679003513019
asana_integration	Sync PR Task (GH to Asana)	2025-07-29T15:04:54.1320868Z   asana_attachment_secret: ***
asana_integration	Sync PR Task (GH to Asana)	2025-07-29T15:04:54.1321123Z   pr_number: 1774
asana_integration	Sync PR Task (GH to Asana)	2025-07-29T15:04:54.1321362Z   github_repo: Metta-AI/metta
asana_integration	Sync PR Task (GH to Asana)	2025-07-29T15:04:54.1321746Z   github_token: ***
asana_integration	Sync PR Task (GH to Asana)	2025-07-29T15:04:54.1321986Z ##[endgroup]
asana_integration	Sync PR Task (GH to Asana)	2025-07-29T15:04:54.1444533Z ##[group]Run astral-sh/setup-uv@v6
asana_integration	Sync PR Task (GH to Asana)	2025-07-29T15:04:54.1444874Z with:
asana_integration	Sync PR Task (GH to Asana)	2025-07-29T15:04:54.1445110Z   version: 0.7.3
asana_integration	Sync PR Task (GH to Asana)	2025-07-29T15:04:54.1445341Z   enable-cache: true
asana_integration	Sync PR Task (GH to Asana)	2025-07-29T15:04:54.1445597Z   activate-environment: false
asana_integration	Sync PR Task (GH to Asana)	2025-07-29T15:04:54.1445917Z   working-directory: /home/runner/work/metta/metta
asana_integration	Sync PR Task (GH to Asana)	2025-07-29T15:04:54.1446299Z   server-url: https://github.com
asana_integration	Sync PR Task (GH to Asana)	2025-07-29T15:04:54.1446842Z   github-token: ***
asana_integration	Sync PR Task (GH to Asana)	2025-07-29T15:04:54.1447359Z   cache-dependency-glob: **/*requirements*.txt
asana_integration	Sync PR Task (GH to Asana)	**/*requirements*.in
asana_integration	Sync PR Task (GH to Asana)	**/*constraints*.txt
asana_integration	Sync PR Task (GH to Asana)	**/*constraints*.in
asana_integration	Sync PR Task (GH to Asana)	**/pyproject.toml
asana_integration	Sync PR Task (GH to Asana)	**/uv.lock
asana_integration	Sync PR Task (GH to Asana)	
asana_integration	Sync PR Task (GH to Asana)	2025-07-29T15:04:54.1447930Z   prune-cache: true
asana_integration	Sync PR Task (GH to Asana)	2025-07-29T15:04:54.1448183Z   ignore-nothing-to-cache: false
asana_integration	Sync PR Task (GH to Asana)	2025-07-29T15:04:54.1448466Z   ignore-empty-workdir: false
asana_integration	Sync PR Task (GH to Asana)	2025-07-29T15:04:54.1448910Z ##[endgroup]
asana_integration	Sync PR Task (GH to Asana)	2025-07-29T15:04:54.3893330Z manifest-file not provided, reading from local file.
asana_integration	Sync PR Task (GH to Asana)	2025-07-29T15:04:54.3937222Z Downloading uv from "https://github.com/astral-sh/uv/releases/download/0.7.3/uv-x86_64-unknown-linux-gnu.tar.gz" ...
asana_integration	Sync PR Task (GH to Asana)	2025-07-29T15:04:54.7277664Z [command]/usr/bin/tar xz --warning=no-unknown-keyword --overwrite -C /home/runner/work/_temp/e9a5760e-d191-4ea5-856b-8cbb858e9243 -f /home/runner/work/_temp/52f63e45-bd66-479c-bfc2-d9618f4ee4ca
asana_integration	Sync PR Task (GH to Asana)	2025-07-29T15:04:55.0824104Z Added /home/runner/.local/bin to the path
asana_integration	Sync PR Task (GH to Asana)	2025-07-29T15:04:55.0828070Z Added /opt/hostedtoolcache/uv/0.7.3/x86_64 to the path
asana_integration	Sync PR Task (GH to Asana)	2025-07-29T15:04:55.0848222Z Set UV_CACHE_DIR to /home/runner/work/_temp/setup-uv-cache
asana_integration	Sync PR Task (GH to Asana)	2025-07-29T15:04:55.0848835Z Successfully installed uv version 0.7.3
asana_integration	Sync PR Task (GH to Asana)	2025-07-29T15:04:55.0851117Z Searching files using cache dependency glob: /home/runner/work/metta/metta/**/*requirements*.txt,/home/runner/work/metta/metta/**/*requirements*.in,/home/runner/work/metta/metta/**/*constraints*.txt,/home/runner/work/metta/metta/**/*constraints*.in,/home/runner/work/metta/metta/**/pyproject.toml,/home/runner/work/metta/metta/**/uv.lock
asana_integration	Sync PR Task (GH to Asana)	2025-07-29T15:04:55.1040515Z /home/runner/work/metta/metta/.github/actions/asana/pr_gh_to_asana/test/requirements.txt
asana_integration	Sync PR Task (GH to Asana)	2025-07-29T15:04:55.1196781Z /home/runner/work/metta/metta/agent/pyproject.toml
asana_integration	Sync PR Task (GH to Asana)	2025-07-29T15:04:55.1289003Z /home/runner/work/metta/metta/app_backend/pyproject.toml
asana_integration	Sync PR Task (GH to Asana)	2025-07-29T15:04:55.1376537Z /home/runner/work/metta/metta/common/pyproject.toml
asana_integration	Sync PR Task (GH to Asana)	2025-07-29T15:04:55.2356905Z /home/runner/work/metta/metta/experiments/pyproject.toml
asana_integration	Sync PR Task (GH to Asana)	2025-07-29T15:04:55.2698167Z /home/runner/work/metta/metta/metta/setup/tools/codeclip/pyproject.toml
asana_integration	Sync PR Task (GH to Asana)	2025-07-29T15:04:55.2752805Z /home/runner/work/metta/metta/mettagrid/pyproject.toml
asana_integration	Sync PR Task (GH to Asana)	2025-07-29T15:04:55.3392566Z /home/runner/work/metta/metta/pyproject.toml
asana_integration	Sync PR Task (GH to Asana)	2025-07-29T15:04:55.3752653Z /home/runner/work/metta/metta/uv.lock
asana_integration	Sync PR Task (GH to Asana)	2025-07-29T15:04:55.3767765Z Found 9 files to hash.
asana_integration	Sync PR Task (GH to Asana)	2025-07-29T15:04:55.4799166Z Trying to restore uv cache from GitHub Actions cache with key: setup-uv-1-x86_64-unknown-linux-gnu-unknown-pruned-f31d0ded8f4bdf30f7c278585dbd2bb5dfd62d818fb3293fbab368bf16ff989c
asana_integration	Sync PR Task (GH to Asana)	2025-07-29T15:04:55.6955297Z Cache hit for: setup-uv-1-x86_64-unknown-linux-gnu-unknown-pruned-f31d0ded8f4bdf30f7c278585dbd2bb5dfd62d818fb3293fbab368bf16ff989c
asana_integration	Sync PR Task (GH to Asana)	2025-07-29T15:04:56.0412789Z Received 1050256 of 1050256 (100.0%), 4.5 MBs/sec
asana_integration	Sync PR Task (GH to Asana)	2025-07-29T15:04:56.0413272Z Cache Size: ~1 MB (1050256 B)
asana_integration	Sync PR Task (GH to Asana)	2025-07-29T15:04:56.0434993Z [command]/usr/bin/tar -xf /home/runner/work/_temp/7807ad7b-af15-445f-97c0-e28c79d15bdf/cache.tzst -P -C /home/runner/work/metta/metta --use-compress-program unzstd
asana_integration	Sync PR Task (GH to Asana)	2025-07-29T15:04:56.0667841Z Cache restored successfully
asana_integration	Sync PR Task (GH to Asana)	2025-07-29T15:04:56.0676897Z uv cache restored from GitHub Actions cache with key: setup-uv-1-x86_64-unknown-linux-gnu-unknown-pruned-f31d0ded8f4bdf30f7c278585dbd2bb5dfd62d818fb3293fbab368bf16ff989c
asana_integration	Sync PR Task (GH to Asana)	2025-07-29T15:04:56.0838003Z ##[group]Run uv run /home/runner/work/metta/metta/./.github/actions/asana/pr_gh_to_asana/pr_gh_to_asana.py
asana_integration	Sync PR Task (GH to Asana)	2025-07-29T15:04:56.0838788Z [36;1muv run /home/runner/work/metta/metta/./.github/actions/asana/pr_gh_to_asana/pr_gh_to_asana.py[0m
asana_integration	Sync PR Task (GH to Asana)	2025-07-29T15:04:56.0871279Z shell: /usr/bin/bash --noprofile --norc -e -o pipefail {0}
asana_integration	Sync PR Task (GH to Asana)	2025-07-29T15:04:56.0871634Z env:
asana_integration	Sync PR Task (GH to Asana)	2025-07-29T15:04:56.0871877Z   UV_CACHE_DIR: /home/runner/work/_temp/setup-uv-cache
asana_integration	Sync PR Task (GH to Asana)	2025-07-29T15:04:56.0872283Z   INPUT_TITLE: add a change so that a pull request can be created
asana_integration	Sync PR Task (GH to Asana)	2025-07-29T15:04:56.0872634Z   INPUT_PR_STATE: closed
asana_integration	Sync PR Task (GH to Asana)	2025-07-29T15:04:56.0872917Z   INPUT_PROJECT_ID: 1210348820405981
asana_integration	Sync PR Task (GH to Asana)	2025-07-29T15:04:56.0873190Z   INPUT_WORKSPACE_ID: 1209016784099267
asana_integration	Sync PR Task (GH to Asana)	2025-07-29T15:04:56.0873796Z   INPUT_ASANA_TOKEN: ***
asana_integration	Sync PR Task (GH to Asana)	2025-07-29T15:04:56.0874119Z   INPUT_GITHUB_URL: https://github.com/Metta-AI/metta/pull/1774
asana_integration	Sync PR Task (GH to Asana)	2025-07-29T15:04:56.0874781Z   INPUT_GITHUB_URL_FIELD_ID: 1210578228718257
asana_integration	Sync PR Task (GH to Asana)	2025-07-29T15:04:56.0875071Z   INPUT_ROSTER_PROJECT_ID: 1209948553419016
asana_integration	Sync PR Task (GH to Asana)	2025-07-29T15:04:56.0875340Z   INPUT_GH_LOGIN_FIELD_ID: 1210594297567963
asana_integration	Sync PR Task (GH to Asana)	2025-07-29T15:04:56.0875614Z   INPUT_ASANA_EMAIL_FIELD_ID: 1209050603577235
asana_integration	Sync PR Task (GH to Asana)	2025-07-29T15:04:56.0875889Z   INPUT_PR_AUTHOR_FIELD_ID: 1210679003513019
asana_integration	Sync PR Task (GH to Asana)	2025-07-29T15:04:56.0876345Z   INPUT_ASANA_ATTACHMENT_SECRET: ***
asana_integration	Sync PR Task (GH to Asana)	2025-07-29T15:04:56.0876603Z   INPUT_PR_NUMBER: 1774
asana_integration	Sync PR Task (GH to Asana)	2025-07-29T15:04:56.0876825Z   INPUT_GITHUB_REPO: Metta-AI/metta
asana_integration	Sync PR Task (GH to Asana)	2025-07-29T15:04:56.0877216Z   INPUT_GITHUB_TOKEN: ***
asana_integration	Sync PR Task (GH to Asana)	2025-07-29T15:04:56.0877446Z ##[endgroup]
asana_integration	Sync PR Task (GH to Asana)	2025-07-29T15:04:56.2334972Z Downloading cpython-3.11.7-linux-x86_64-gnu (download) (28.0MiB)
asana_integration	Sync PR Task (GH to Asana)	2025-07-29T15:04:56.7469080Z  Downloading cpython-3.11.7-linux-x86_64-gnu (download)
asana_integration	Sync PR Task (GH to Asana)	2025-07-29T15:04:57.0969614Z Installed 11 packages in 4ms
asana_integration	Sync PR Task (GH to Asana)	2025-07-29T15:05:01.6113912Z VCR record mode: new_episodes
asana_integration	Sync PR Task (GH to Asana)	2025-07-29T15:05:01.6115025Z Starting VCR recording with cassette: http_interactions_16599950352.yaml
asana_integration	Sync PR Task (GH to Asana)	2025-07-29T15:05:01.6115883Z Current working directory: /home/runner/work/metta/metta
asana_integration	Sync PR Task (GH to Asana)	2025-07-29T15:05:01.6116649Z Environment variable 'INPUT_PROJECT_ID' = '1210348820405981'
asana_integration	Sync PR Task (GH to Asana)	2025-07-29T15:05:01.6117523Z Environment variable 'INPUT_WORKSPACE_ID' = '1209016784099267'
asana_integration	Sync PR Task (GH to Asana)	2025-07-29T15:05:01.6118783Z Environment variable 'INPUT_ASANA_TOKEN' = '***'
asana_integration	Sync PR Task (GH to Asana)	2025-07-29T15:05:01.6119467Z Environment variable 'INPUT_GITHUB_URL' = 'https://github.com/Metta-AI/metta/pull/1774'
asana_integration	Sync PR Task (GH to Asana)	2025-07-29T15:05:01.6120090Z Environment variable 'INPUT_GITHUB_URL_FIELD_ID' = '1210578228718257'
asana_integration	Sync PR Task (GH to Asana)	2025-07-29T15:05:01.6120970Z Environment variable 'INPUT_GH_LOGIN_FIELD_ID' = '1210594297567963'
asana_integration	Sync PR Task (GH to Asana)	2025-07-29T15:05:01.6121494Z Environment variable 'INPUT_ASANA_EMAIL_FIELD_ID' = '1209050603577235'
asana_integration	Sync PR Task (GH to Asana)	2025-07-29T15:05:01.6122004Z Environment variable 'INPUT_ROSTER_PROJECT_ID' = '1209948553419016'
asana_integration	Sync PR Task (GH to Asana)	2025-07-29T15:05:01.6122696Z Environment variable 'INPUT_PR_AUTHOR_FIELD_ID' = '1210679003513019'
asana_integration	Sync PR Task (GH to Asana)	2025-07-29T15:05:01.6123420Z Environment variable 'INPUT_ASANA_ATTACHMENT_SECRET' = '***'
asana_integration	Sync PR Task (GH to Asana)	2025-07-29T15:05:01.6123803Z Environment variable 'INPUT_PR_NUMBER' = '1774'
asana_integration	Sync PR Task (GH to Asana)	2025-07-29T15:05:01.6124363Z Environment variable 'INPUT_GITHUB_REPO' = 'Metta-AI/metta'
asana_integration	Sync PR Task (GH to Asana)	2025-07-29T15:05:01.6124949Z Environment variable 'INPUT_GITHUB_TOKEN' = '***'
asana_integration	Sync PR Task (GH to Asana)	2025-07-29T15:05:01.6125406Z github_login_to_asana_email: {'sasmith': 'sasmith@stem.ai', 'badjacent': 'mh.next@gmail.com'}
asana_integration	Sync PR Task (GH to Asana)	2025-07-29T15:05:01.6125827Z assignees: ['sasmith']
asana_integration	Sync PR Task (GH to Asana)	2025-07-29T15:05:01.6126041Z author: badjacent
asana_integration	Sync PR Task (GH to Asana)	2025-07-29T15:05:01.6126244Z reviewers: ['badjacent2']
asana_integration	Sync PR Task (GH to Asana)	2025-07-29T15:05:01.6126471Z commenters: []
asana_integration	Sync PR Task (GH to Asana)	2025-07-29T15:05:01.6126716Z github_logins: {'badjacent2', 'sasmith', 'badjacent'}
asana_integration	Sync PR Task (GH to Asana)	2025-07-29T15:05:01.6128249Z event stream: [{'type': 'review', 'timestamp': '2025-07-29T14:54:22Z', 'user': 'badjacent2', 'text': 'You checked in an empty file. Please fix this in one of the following ways:\r\n\r\n1. Add some contents to the file\r\n2. Delete the file\r\n3. Rename the file', 'action': 'changes_requested', 'id': 3067973019}, {'type': 'review_requested', 'timestamp': '2025-07-29T15:01:13Z', 'user': 'badjacent', 'requested_reviewer': 'badjacent2', 'action': 're-requested', 'text': ' review from badjacent2', 'id': 18880876204}]
asana_integration	Sync PR Task (GH to Asana)	2025-07-29T15:05:01.6130234Z last event: {'type': 'review_requested', 'timestamp': '2025-07-29T15:01:13Z', 'user': 'badjacent', 'requested_reviewer': 'badjacent2', 'action': 're-requested', 'text': ' review from badjacent2', 'id': 18880876204}
asana_integration	Sync PR Task (GH to Asana)	2025-07-29T15:05:01.6131113Z [__init__] Initializing AsanaTask with project_id=1210348820405981, workspace_id=1209016784099267
asana_integration	Sync PR Task (GH to Asana)	2025-07-29T15:05:01.6131569Z Found 1 Asana URLs in description: 
asana_integration	Sync PR Task (GH to Asana)	2025-07-29T15:05:01.6131748Z 
asana_integration	Sync PR Task (GH to Asana)	2025-07-29T15:05:01.6132078Z [Asana Task](https://app.asana.com/1/1209016784099267/project/1210348820405981/task/1210917200277624)
asana_integration	Sync PR Task (GH to Asana)	2025-07-29T15:05:01.6133170Z [ensure] ensure() called with title='add a change so that a pull request can be created', github_url='https://github.com/Metta-AI/metta/pull/1774', urls=['https://app.asana.com/1/1209016784099267/project/1210348820405981/task/1210917200277624)']
asana_integration	Sync PR Task (GH to Asana)	2025-07-29T15:05:01.6134038Z [ensure] Checking 1 existing URLs for validation
asana_integration	Sync PR Task (GH to Asana)	2025-07-29T15:05:01.6134633Z [ensure] Validating URL: https://app.asana.com/1/1209016784099267/project/1210348820405981/task/1210917200277624)
asana_integration	Sync PR Task (GH to Asana)	2025-07-29T15:05:01.6135553Z [validate] validate() called with url='https://app.asana.com/1/1209016784099267/project/1210348820405981/task/1210917200277624)', github_url='https://github.com/Metta-AI/metta/pull/1774'
asana_integration	Sync PR Task (GH to Asana)	2025-07-29T15:05:01.6136568Z [extract_gid_from_url] extract_gid_from_url() called with task_url='https://app.asana.com/1/1209016784099267/project/1210348820405981/task/1210917200277624)'
asana_integration	Sync PR Task (GH to Asana)	2025-07-29T15:05:01.6137211Z [extract_gid_from_url] Extracted GID using Format 2: 1210917200277624
asana_integration	Sync PR Task (GH to Asana)	2025-07-29T15:05:01.6137557Z [validate] Extracted GID: 1210917200277624
asana_integration	Sync PR Task (GH to Asana)	2025-07-29T15:05:01.6137945Z [validate] Making GET request to: https://app.asana.com/api/1.0/tasks/1210917200277624
asana_integration	Sync PR Task (GH to Asana)	2025-07-29T15:05:01.6138330Z [validate] Response status: 200
asana_integration	Sync PR Task (GH to Asana)	2025-07-29T15:05:01.6138833Z [validate] Task GitHub URL: 'https://github.com/Metta-AI/metta/pull/1774', expected: 'https://github.com/Metta-AI/metta/pull/1774'
asana_integration	Sync PR Task (GH to Asana)	2025-07-29T15:05:01.6139352Z [validate] Task validation successful
asana_integration	Sync PR Task (GH to Asana)	2025-07-29T15:05:01.6139842Z [ensure] Found valid existing task: https://app.asana.com/1/1209016784099267/project/1210348820405981/task/1210917200277624
asana_integration	Sync PR Task (GH to Asana)	2025-07-29T15:05:01.6140572Z [ensure] Updating existing task: https://app.asana.com/1/1209016784099267/project/1210348820405981/task/1210917200277624
asana_integration	Sync PR Task (GH to Asana)	2025-07-29T15:05:01.6141074Z [update_if_needed] update_if_needed() called
asana_integration	Sync PR Task (GH to Asana)	2025-07-29T15:05:01.6141525Z [update_if_needed] Current vs new values:
asana_integration	Sync PR Task (GH to Asana)	2025-07-29T15:05:01.6141986Z   title: 'add a change so that a pull request can be created' vs 'add a change so that a pull request can be created'
asana_integration	Sync PR Task (GH to Asana)	2025-07-29T15:05:01.6142519Z   notes: '
asana_integration	Sync PR Task (GH to Asana)	2025-07-29T15:05:01.6142619Z 
asana_integration	Sync PR Task (GH to Asana)	2025-07-29T15:05:01.6142768Z [Asana Task](https://app.asana.com/1/12090167840...' vs '
asana_integration	Sync PR Task (GH to Asana)	2025-07-29T15:05:01.6142996Z 
asana_integration	Sync PR Task (GH to Asana)	2025-07-29T15:05:01.6143132Z [Asana Task](https://app.asana.com/1/12090167840...'
asana_integration	Sync PR Task (GH to Asana)	2025-07-29T15:05:01.6143430Z   completed: False vs True
asana_integration	Sync PR Task (GH to Asana)	2025-07-29T15:05:01.6143685Z   assignee: 'sasmith@stem.ai' vs 'sasmith@stem.ai'
asana_integration	Sync PR Task (GH to Asana)	2025-07-29T15:05:01.6144000Z [update_if_needed] Changes detected, updating task
asana_integration	Sync PR Task (GH to Asana)	2025-07-29T15:05:01.6144616Z [update] update() called with gid='1210917200277624', title='add a change so that a pull request can be created', completed=True
asana_integration	Sync PR Task (GH to Asana)	2025-07-29T15:05:01.6146087Z [update] Updating task with payload: {'data': {'name': 'add a change so that a pull request can be created', 'notes': '\n\n[Asana Task](https://app.asana.com/1/1209016784099267/project/1210348820405981/task/1210917200277624)', 'completed': True, 'assignee': 'sasmith@stem.ai', 'custom_fields': {'1210578228718257': 'https://github.com/Metta-AI/metta/pull/1774', '1210679003513019': 'mh.next@gmail.com'}}}
asana_integration	Sync PR Task (GH to Asana)	2025-07-29T15:05:01.6147331Z [update] Update response status: 200
asana_integration	Sync PR Task (GH to Asana)	2025-07-29T15:05:01.6147596Z [update] Task updated successfully
asana_integration	Sync PR Task (GH to Asana)	2025-07-29T15:05:01.6148082Z [task_url.setter] Setting task_url to: https://app.asana.com/1/1209016784099267/project/1210348820405981/task/1210917200277624
asana_integration	Sync PR Task (GH to Asana)	2025-07-29T15:05:01.6148656Z [synchronize_comments_in_asana_as_multiple_blocks] Starting with:
asana_integration	Sync PR Task (GH to Asana)	2025-07-29T15:05:01.6149061Z [asana_comments_with_links] asana_comments_with_links() called
asana_integration	Sync PR Task (GH to Asana)	2025-07-29T15:05:01.6149685Z [extract_gid_from_url] extract_gid_from_url() called with task_url='https://app.asana.com/1/1209016784099267/project/1210348820405981/task/1210917200277624'
asana_integration	Sync PR Task (GH to Asana)	2025-07-29T15:05:01.6150324Z [extract_gid_from_url] Extracted GID using Format 2: 1210917200277624
asana_integration	Sync PR Task (GH to Asana)	2025-07-29T15:05:01.6150946Z [task_gid] Extracted task_gid: 1210917200277624 from URL: https://app.asana.com/1/1209016784099267/project/1210348820405981/task/1210917200277624
asana_integration	Sync PR Task (GH to Asana)	2025-07-29T15:05:01.6151559Z [get_comments] get_comments() called with task_id='1210917200277624'
asana_integration	Sync PR Task (GH to Asana)	2025-07-29T15:05:01.6152037Z [get_comments] Making GET request to: https://app.asana.com/api/1.0/tasks/1210917200277624/stories
asana_integration	Sync PR Task (GH to Asana)	2025-07-29T15:05:01.6152467Z [get_comments] Get comments response status: 200
asana_integration	Sync PR Task (GH to Asana)	2025-07-29T15:05:01.6152807Z [get_comments] Found 1 comment stories out of 8 total stories
asana_integration	Sync PR Task (GH to Asana)	2025-07-29T15:05:01.6153132Z [get_comments] Processed 1 comments
asana_integration	Sync PR Task (GH to Asana)	2025-07-29T15:05:01.6155349Z comments in asana: [{'id': '1210917862433494', 'text': 'Review from badjacent2 (ID 3067973019): Changes Requested\nYou checked in an empty file. Please fix this in one of the following ways:\n\n1. Add some contents to the file\n2. Delete the file\n3. Rename the file', 'html_text': '<body><strong>Review from badjacent2 (ID 3067973019)</strong>: Changes Requested\nYou checked in an empty file. Please fix this in one of the following ways:\n\n1. Add some contents to the file\n2. Delete the file\n3. Rename the file</body>', 'author': {'name': 'Github Sync', 'email': 'stemaidaemon@gmail.com'}, 'created_at': datetime.datetime(2025, 7, 29, 14, 54, 46, 979000, tzinfo=datetime.timezone.utc), 'is_pinned': False, 'review_id': 3067973019}]
asana_integration	Sync PR Task (GH to Asana)	2025-07-29T15:05:01.6157454Z [asana_comments_with_links] Found 1 comments with review links of 1
asana_integration	Sync PR Task (GH to Asana)	2025-07-29T15:05:01.6157857Z   asana_comments_with_links: 1 comments
asana_integration	Sync PR Task (GH to Asana)	2025-07-29T15:05:01.6158121Z   comments_from_github: 1 reviews
asana_integration	Sync PR Task (GH to Asana)	2025-07-29T15:05:01.6158683Z [extract_gid_from_url] extract_gid_from_url() called with task_url='https://app.asana.com/1/1209016784099267/project/1210348820405981/task/1210917200277624'
asana_integration	Sync PR Task (GH to Asana)	2025-07-29T15:05:01.6159326Z [extract_gid_from_url] Extracted GID using Format 2: 1210917200277624
asana_integration	Sync PR Task (GH to Asana)	2025-07-29T15:05:01.6159945Z [task_gid] Extracted task_gid: 1210917200277624 from URL: https://app.asana.com/1/1209016784099267/project/1210348820405981/task/1210917200277624
asana_integration	Sync PR Task (GH to Asana)	2025-07-29T15:05:01.6160641Z [s] Existing comments by review ID: [3067973019]
asana_integration	Sync PR Task (GH to Asana)	2025-07-29T15:05:01.6160989Z [s] Processing review 3067973019 from badjacent2 (changes_requested)
asana_integration	Sync PR Task (GH to Asana)	2025-07-29T15:05:01.6161423Z VCR record mode: new_episodes
asana_integration	Sync PR Task (GH to Asana)	2025-07-29T15:05:01.6161820Z [synchronize_comments_in_asana_as_multiple_blocks] Review 3067973019 has existing Asana comment
asana_integration	Sync PR Task (GH to Asana)	2025-07-29T15:05:01.6162262Z [s] Updating existing comment for review 3067973019
asana_integration	Sync PR Task (GH to Asana)	2025-07-29T15:05:01.6163140Z {'data': {'html_text': '<body><strong>Review from badjacent2 (ID 3067973019)</strong>: Changes Requested\nYou checked in an empty file. Please fix this in one of the following ways:\r\n\r\n1. Add some contents to the file\r\n2. Delete the file\r\n3. Rename the file</body>'}}
asana_integration	Sync PR Task (GH to Asana)	2025-07-29T15:05:01.6164029Z Updated Asana comment 1210917862433494 for review 3067973019
asana_integration	Sync PR Task (GH to Asana)	2025-07-29T15:05:01.6164529Z Recorded 9 HTTP interactions in http_interactions_16599950352.yaml
asana_integration	Sync PR Task (GH to Asana)	2025-07-29T15:05:01.6164956Z   1. GET https://api.github.com/repos/Metta-AI/metta/pulls/1774 -> 200
asana_integration	Sync PR Task (GH to Asana)	2025-07-29T15:05:01.6165432Z   2. GET https://api.github.com/repos/Metta-AI/metta/issues/1774/comments -> 200
asana_integration	Sync PR Task (GH to Asana)	2025-07-29T15:05:01.6165897Z   3. GET https://api.github.com/repos/Metta-AI/metta/pulls/1774/reviews -> 200
asana_integration	Sync PR Task (GH to Asana)	2025-07-29T15:05:01.6166367Z   4. GET https://api.github.com/repos/Metta-AI/metta/issues/1774/timeline -> 200
asana_integration	Sync PR Task (GH to Asana)	2025-07-29T15:05:01.6166960Z   5. GET https://app.asana.com/api/1.0/projects/1209948553419016/tasks?limit=100&opt_fields=custom_fields -> 200
asana_integration	Sync PR Task (GH to Asana)	2025-07-29T15:05:01.6167910Z   6. GET https://app.asana.com/api/1.0/tasks/1210917200277624?opt_fields=permalink_url%2Ccustom_fields%2Cname%2Cnotes%2Cmodified_at%2Ccompleted%2Cassignee.email%2Cfollowers.email%2Cprojects.gid -> 200
asana_integration	Sync PR Task (GH to Asana)	2025-07-29T15:05:01.6168706Z   7. PUT https://app.asana.com/api/1.0/tasks/1210917200277624 -> 200
asana_integration	Sync PR Task (GH to Asana)	2025-07-29T15:05:01.6169483Z   8. GET https://app.asana.com/api/1.0/tasks/1210917200277624/stories?opt_fields=text%2Chtml_text%2Ccreated_by.name%2Ccreated_by.email%2Ccreated_at%2Ctype%2Cresource_subtype%2Cis_pinned -> 200
asana_integration	Sync PR Task (GH to Asana)	2025-07-29T15:05:01.6170261Z   9. PUT https://app.asana.com/api/1.0/stories/1210917862433494 -> 200
asana_integration	Sync PR Task (GH to Asana)	2025-07-29T15:05:01.6462129Z ##[group]Run actions/upload-artifact@v4
asana_integration	Sync PR Task (GH to Asana)	2025-07-29T15:05:01.6462423Z with:
asana_integration	Sync PR Task (GH to Asana)	2025-07-29T15:05:01.6462625Z   name: http-interactions-16599950352
asana_integration	Sync PR Task (GH to Asana)	2025-07-29T15:05:01.6462895Z   path: http_interactions_*.yaml
asana_integration	Sync PR Task (GH to Asana)	2025-07-29T15:05:01.6463130Z   retention-days: 7
asana_integration	Sync PR Task (GH to Asana)	2025-07-29T15:05:01.6463339Z   if-no-files-found: warn
asana_integration	Sync PR Task (GH to Asana)	2025-07-29T15:05:01.6463564Z   compression-level: 6
asana_integration	Sync PR Task (GH to Asana)	2025-07-29T15:05:01.6463773Z   overwrite: false
asana_integration	Sync PR Task (GH to Asana)	2025-07-29T15:05:01.6463976Z   include-hidden-files: false
asana_integration	Sync PR Task (GH to Asana)	2025-07-29T15:05:01.6464450Z env:
asana_integration	Sync PR Task (GH to Asana)	2025-07-29T15:05:01.6464682Z   UV_CACHE_DIR: /home/runner/work/_temp/setup-uv-cache
asana_integration	Sync PR Task (GH to Asana)	2025-07-29T15:05:01.6464980Z ##[endgroup]
asana_integration	Sync PR Task (GH to Asana)	2025-07-29T15:05:01.8545748Z With the provided path, there will be 1 file uploaded
asana_integration	Sync PR Task (GH to Asana)	2025-07-29T15:05:01.8550684Z Artifact name is valid!
asana_integration	Sync PR Task (GH to Asana)	2025-07-29T15:05:01.8551991Z Root directory input is valid!
asana_integration	Sync PR Task (GH to Asana)	2025-07-29T15:05:02.0162383Z Beginning upload of artifact content to blob storage
asana_integration	Sync PR Task (GH to Asana)	2025-07-29T15:05:02.1586119Z Uploaded bytes 12560
asana_integration	Sync PR Task (GH to Asana)	2025-07-29T15:05:02.1965125Z Finished uploading artifact content to blob storage!
asana_integration	Sync PR Task (GH to Asana)	2025-07-29T15:05:02.1968270Z SHA256 digest of uploaded artifact zip is f7a99aec74d99bb17ce3b059f37a0cb20e3fdfbc9a3b7b80e726ede5b6c71d7b
asana_integration	Sync PR Task (GH to Asana)	2025-07-29T15:05:02.1969855Z Finalizing artifact upload
asana_integration	Sync PR Task (GH to Asana)	2025-07-29T15:05:02.3374502Z Artifact http-interactions-16599950352.zip successfully finalized. Artifact ID 3640157107
asana_integration	Sync PR Task (GH to Asana)	2025-07-29T15:05:02.3376020Z Artifact http-interactions-16599950352 has been successfully uploaded! Final size is 12560 bytes. Artifact ID is 3640157107
asana_integration	Sync PR Task (GH to Asana)	2025-07-29T15:05:02.3382183Z Artifact download URL: https://github.com/Metta-AI/metta/actions/runs/16599950352/artifacts/3640157107
asana_integration	Sync PR Description (Asana to GH)	﻿2025-07-29T15:05:02.3502615Z Prepare all required actions
asana_integration	Sync PR Description (Asana to GH)	2025-07-29T15:05:02.3502956Z Getting action download info
asana_integration	Sync PR Description (Asana to GH)	2025-07-29T15:05:02.4731996Z ##[group]Run ./.github/actions/asana/pr_description_asana_to_gh
asana_integration	Sync PR Description (Asana to GH)	2025-07-29T15:05:02.4732543Z with:
asana_integration	Sync PR Description (Asana to GH)	2025-07-29T15:05:02.4732733Z   pr_number: 1774
asana_integration	Sync PR Description (Asana to GH)	2025-07-29T15:05:02.4732939Z   repo: Metta-AI/metta
asana_integration	Sync PR Description (Asana to GH)	2025-07-29T15:05:02.4733294Z   token: ***
asana_integration	Sync PR Description (Asana to GH)	2025-07-29T15:05:02.4733677Z   task_url: https://app.asana.com/1/1209016784099267/project/1210348820405981/task/1210917200277624
asana_integration	Sync PR Description (Asana to GH)	2025-07-29T15:05:02.4734097Z env:
asana_integration	Sync PR Description (Asana to GH)	2025-07-29T15:05:02.4734482Z   UV_CACHE_DIR: /home/runner/work/_temp/setup-uv-cache
asana_integration	Sync PR Description (Asana to GH)	2025-07-29T15:05:02.4734771Z ##[endgroup]
asana_integration	Sync PR Description (Asana to GH)	2025-07-29T15:05:02.4794794Z ##[group]Run astral-sh/setup-uv@v6
asana_integration	Sync PR Description (Asana to GH)	2025-07-29T15:05:02.4795061Z with:
asana_integration	Sync PR Description (Asana to GH)	2025-07-29T15:05:02.4795248Z   version: 0.7.3
asana_integration	Sync PR Description (Asana to GH)	2025-07-29T15:05:02.4795452Z   enable-cache: true
asana_integration	Sync PR Description (Asana to GH)	2025-07-29T15:05:02.4795677Z   activate-environment: false
asana_integration	Sync PR Description (Asana to GH)	2025-07-29T15:05:02.4795960Z   working-directory: /home/runner/work/metta/metta
asana_integration	Sync PR Description (Asana to GH)	2025-07-29T15:05:02.4796273Z   server-url: https://github.com
asana_integration	Sync PR Description (Asana to GH)	2025-07-29T15:05:02.4796671Z   github-token: ***
asana_integration	Sync PR Description (Asana to GH)	2025-07-29T15:05:02.4797154Z   cache-dependency-glob: **/*requirements*.txt
asana_integration	Sync PR Description (Asana to GH)	**/*requirements*.in
asana_integration	Sync PR Description (Asana to GH)	**/*constraints*.txt
asana_integration	Sync PR Description (Asana to GH)	**/*constraints*.in
asana_integration	Sync PR Description (Asana to GH)	**/pyproject.toml
asana_integration	Sync PR Description (Asana to GH)	**/uv.lock
asana_integration	Sync PR Description (Asana to GH)	
asana_integration	Sync PR Description (Asana to GH)	2025-07-29T15:05:02.4797683Z   prune-cache: true
asana_integration	Sync PR Description (Asana to GH)	2025-07-29T15:05:02.4797902Z   ignore-nothing-to-cache: false
asana_integration	Sync PR Description (Asana to GH)	2025-07-29T15:05:02.4798158Z   ignore-empty-workdir: false
asana_integration	Sync PR Description (Asana to GH)	2025-07-29T15:05:02.4798382Z env:
asana_integration	Sync PR Description (Asana to GH)	2025-07-29T15:05:02.4798604Z   UV_CACHE_DIR: /home/runner/work/_temp/setup-uv-cache
asana_integration	Sync PR Description (Asana to GH)	2025-07-29T15:05:02.4798891Z ##[endgroup]
asana_integration	Sync PR Description (Asana to GH)	2025-07-29T15:05:02.7101503Z Found uv in tool-cache for 0.7.3
asana_integration	Sync PR Description (Asana to GH)	2025-07-29T15:05:02.7105847Z Added /home/runner/.local/bin to the path
asana_integration	Sync PR Description (Asana to GH)	2025-07-29T15:05:02.7111211Z Added /opt/hostedtoolcache/uv/0.7.3/x86_64 to the path
asana_integration	Sync PR Description (Asana to GH)	2025-07-29T15:05:02.7118883Z Set UV_CACHE_DIR to /home/runner/work/_temp/setup-uv-cache
asana_integration	Sync PR Description (Asana to GH)	2025-07-29T15:05:02.7119261Z Successfully installed uv version 0.7.3
asana_integration	Sync PR Description (Asana to GH)	2025-07-29T15:05:02.7120466Z Searching files using cache dependency glob: /home/runner/work/metta/metta/**/*requirements*.txt,/home/runner/work/metta/metta/**/*requirements*.in,/home/runner/work/metta/metta/**/*constraints*.txt,/home/runner/work/metta/metta/**/*constraints*.in,/home/runner/work/metta/metta/**/pyproject.toml,/home/runner/work/metta/metta/**/uv.lock
asana_integration	Sync PR Description (Asana to GH)	2025-07-29T15:05:02.7345000Z /home/runner/work/metta/metta/.github/actions/asana/pr_gh_to_asana/test/requirements.txt
asana_integration	Sync PR Description (Asana to GH)	2025-07-29T15:05:02.7512516Z /home/runner/work/metta/metta/agent/pyproject.toml
asana_integration	Sync PR Description (Asana to GH)	2025-07-29T15:05:02.7594012Z /home/runner/work/metta/metta/app_backend/pyproject.toml
asana_integration	Sync PR Description (Asana to GH)	2025-07-29T15:05:02.7671735Z /home/runner/work/metta/metta/common/pyproject.toml
asana_integration	Sync PR Description (Asana to GH)	2025-07-29T15:05:02.8659500Z /home/runner/work/metta/metta/experiments/pyproject.toml
asana_integration	Sync PR Description (Asana to GH)	2025-07-29T15:05:02.8992994Z /home/runner/work/metta/metta/metta/setup/tools/codeclip/pyproject.toml
asana_integration	Sync PR Description (Asana to GH)	2025-07-29T15:05:02.9068717Z /home/runner/work/metta/metta/mettagrid/pyproject.toml
asana_integration	Sync PR Description (Asana to GH)	2025-07-29T15:05:02.9686358Z /home/runner/work/metta/metta/pyproject.toml
asana_integration	Sync PR Description (Asana to GH)	2025-07-29T15:05:02.9992497Z /home/runner/work/metta/metta/uv.lock
asana_integration	Sync PR Description (Asana to GH)	2025-07-29T15:05:03.0008537Z Found 9 files to hash.
asana_integration	Sync PR Description (Asana to GH)	2025-07-29T15:05:03.0235879Z Trying to restore uv cache from GitHub Actions cache with key: setup-uv-1-x86_64-unknown-linux-gnu-3.11.7-pruned-f31d0ded8f4bdf30f7c278585dbd2bb5dfd62d818fb3293fbab368bf16ff989c
asana_integration	Sync PR Description (Asana to GH)	2025-07-29T15:05:03.1370464Z Cache hit for: setup-uv-1-x86_64-unknown-linux-gnu-3.11.7-pruned-f31d0ded8f4bdf30f7c278585dbd2bb5dfd62d818fb3293fbab368bf16ff989c
asana_integration	Sync PR Description (Asana to GH)	2025-07-29T15:05:03.7541565Z Received 1644471 of 1644471 (100.0%), 3.8 MBs/sec
asana_integration	Sync PR Description (Asana to GH)	2025-07-29T15:05:03.7542240Z Cache Size: ~2 MB (1644471 B)
asana_integration	Sync PR Description (Asana to GH)	2025-07-29T15:05:03.7567753Z [command]/usr/bin/tar -xf /home/runner/work/_temp/a35017d5-640f-4287-9a56-40a7651502b7/cache.tzst -P -C /home/runner/work/metta/metta --use-compress-program unzstd
asana_integration	Sync PR Description (Asana to GH)	2025-07-29T15:05:03.7759604Z Cache restored successfully
asana_integration	Sync PR Description (Asana to GH)	2025-07-29T15:05:03.7769128Z uv cache restored from GitHub Actions cache with key: setup-uv-1-x86_64-unknown-linux-gnu-3.11.7-pruned-f31d0ded8f4bdf30f7c278585dbd2bb5dfd62d818fb3293fbab368bf16ff989c
asana_integration	Sync PR Description (Asana to GH)	2025-07-29T15:05:03.7860582Z ##[group]Run uv run /home/runner/work/metta/metta/./.github/actions/asana/pr_description_asana_to_gh/pr_description_asana_to_gh.py
asana_integration	Sync PR Description (Asana to GH)	2025-07-29T15:05:03.7861653Z [36;1muv run /home/runner/work/metta/metta/./.github/actions/asana/pr_description_asana_to_gh/pr_description_asana_to_gh.py[0m
asana_integration	Sync PR Description (Asana to GH)	2025-07-29T15:05:03.7889272Z shell: /usr/bin/bash --noprofile --norc -e -o pipefail {0}
asana_integration	Sync PR Description (Asana to GH)	2025-07-29T15:05:03.7889619Z env:
asana_integration	Sync PR Description (Asana to GH)	2025-07-29T15:05:03.7889859Z   UV_CACHE_DIR: /home/runner/work/_temp/setup-uv-cache
asana_integration	Sync PR Description (Asana to GH)	2025-07-29T15:05:03.7890167Z   INPUT_REPO: Metta-AI/metta
asana_integration	Sync PR Description (Asana to GH)	2025-07-29T15:05:03.7890411Z   INPUT_PR_NUMBER: 1774
asana_integration	Sync PR Description (Asana to GH)	2025-07-29T15:05:03.7890844Z   INPUT_TASK_URL: https://app.asana.com/1/1209016784099267/project/1210348820405981/task/1210917200277624
asana_integration	Sync PR Description (Asana to GH)	2025-07-29T15:05:03.7891479Z   INPUT_TOKEN: ***
asana_integration	Sync PR Description (Asana to GH)	2025-07-29T15:05:03.7891691Z ##[endgroup]
asana_integration	Sync PR Description (Asana to GH)	2025-07-29T15:05:03.8703135Z Installed 5 packages in 3ms
asana_integration	Sync PR Description (Asana to GH)	2025-07-29T15:05:05.4064431Z Updating PR description for Metta-AI/metta #1774 with task https://app.asana.com/1/1209016784099267/project/1210348820405981/task/1210917200277624
asana_integration	Post Sync PR Description (Asana to GH)	﻿2025-07-29T15:05:05.4310391Z Post job cleanup.
asana_integration	Post Sync PR Description (Asana to GH)	2025-07-29T15:05:05.4374082Z Post job cleanup.
asana_integration	Post Sync PR Description (Asana to GH)	2025-07-29T15:05:05.5917732Z Cache hit occurred on key setup-uv-1-x86_64-unknown-linux-gnu-3.11.7-pruned-f31d0ded8f4bdf30f7c278585dbd2bb5dfd62d818fb3293fbab368bf16ff989c, not saving cache.
asana_integration	Post Sync PR Task (GH to Asana)	﻿2025-07-29T15:05:05.6033412Z Post job cleanup.
asana_integration	Post Sync PR Task (GH to Asana)	2025-07-29T15:05:05.6071267Z Post job cleanup.
asana_integration	Post Sync PR Task (GH to Asana)	2025-07-29T15:05:05.7690923Z Cache hit occurred on key setup-uv-1-x86_64-unknown-linux-gnu-unknown-pruned-f31d0ded8f4bdf30f7c278585dbd2bb5dfd62d818fb3293fbab368bf16ff989c, not saving cache.
asana_integration	Post Checkout repository	﻿2025-07-29T15:05:05.7819089Z Post job cleanup.
asana_integration	Post Checkout repository	2025-07-29T15:05:05.8745815Z [command]/usr/bin/git version
asana_integration	Post Checkout repository	2025-07-29T15:05:05.8781099Z git version 2.50.1
asana_integration	Post Checkout repository	2025-07-29T15:05:05.8830719Z Temporarily overriding HOME='/home/runner/work/_temp/c49d756a-c737-409e-91d2-aa276f6d5cfa' before making global git config changes
asana_integration	Post Checkout repository	2025-07-29T15:05:05.8832225Z Adding repository directory to the temporary git global config as a safe directory
asana_integration	Post Checkout repository	2025-07-29T15:05:05.8836997Z [command]/usr/bin/git config --global --add safe.directory /home/runner/work/metta/metta
asana_integration	Post Checkout repository	2025-07-29T15:05:05.8870771Z [command]/usr/bin/git config --local --name-only --get-regexp core\.sshCommand
asana_integration	Post Checkout repository	2025-07-29T15:05:05.8902575Z [command]/usr/bin/git submodule foreach --recursive sh -c "git config --local --name-only --get-regexp 'core\.sshCommand' && git config --local --unset-all 'core.sshCommand' || :"
asana_integration	Post Checkout repository	2025-07-29T15:05:05.9124519Z [command]/usr/bin/git config --local --name-only --get-regexp http\.https\:\/\/github\.com\/\.extraheader
asana_integration	Post Checkout repository	2025-07-29T15:05:05.9144361Z http.https://github.com/.extraheader
asana_integration	Post Checkout repository	2025-07-29T15:05:05.9157211Z [command]/usr/bin/git config --local --unset-all http.https://github.com/.extraheader
asana_integration	Post Checkout repository	2025-07-29T15:05:05.9186392Z [command]/usr/bin/git submodule foreach --recursive sh -c "git config --local --name-only --get-regexp 'http\.https\:\/\/github\.com\/\.extraheader' && git config --local --unset-all 'http.https://github.com/.extraheader' || :"
asana_integration	Complete job	﻿2025-07-29T15:05:05.9501149Z Cleaning up orphan processes
