check-context	UNKNOWN STEP	ï»¿2025-07-29T14:13:01.7530456Z Current runner version: '2.326.0'
check-context	UNKNOWN STEP	2025-07-29T14:13:01.7554806Z ##[group]Runner Image Provisioner
check-context	UNKNOWN STEP	2025-07-29T14:13:01.7555886Z Hosted Compute Agent
check-context	UNKNOWN STEP	2025-07-29T14:13:01.7556519Z Version: 20250711.363
check-context	UNKNOWN STEP	2025-07-29T14:13:01.7557079Z Commit: 6785254374ce925a23743850c1cb91912ce5c14c
check-context	UNKNOWN STEP	2025-07-29T14:13:01.7557752Z Build Date: 2025-07-11T20:04:25Z
check-context	UNKNOWN STEP	2025-07-29T14:13:01.7558391Z ##[endgroup]
check-context	UNKNOWN STEP	2025-07-29T14:13:01.7558909Z ##[group]Operating System
check-context	UNKNOWN STEP	2025-07-29T14:13:01.7559467Z Ubuntu
check-context	UNKNOWN STEP	2025-07-29T14:13:01.7559941Z 24.04.2
check-context	UNKNOWN STEP	2025-07-29T14:13:01.7560409Z LTS
check-context	UNKNOWN STEP	2025-07-29T14:13:01.7560823Z ##[endgroup]
check-context	UNKNOWN STEP	2025-07-29T14:13:01.7561360Z ##[group]Runner Image
check-context	UNKNOWN STEP	2025-07-29T14:13:01.7561889Z Image: ubuntu-24.04
check-context	UNKNOWN STEP	2025-07-29T14:13:01.7562383Z Version: 20250720.1.0
check-context	UNKNOWN STEP	2025-07-29T14:13:01.7563433Z Included Software: https://github.com/actions/runner-images/blob/ubuntu24/20250720.1/images/ubuntu/Ubuntu2404-Readme.md
check-context	UNKNOWN STEP	2025-07-29T14:13:01.7564892Z Image Release: https://github.com/actions/runner-images/releases/tag/ubuntu24%2F20250720.1
check-context	UNKNOWN STEP	2025-07-29T14:13:01.7566161Z ##[endgroup]
check-context	UNKNOWN STEP	2025-07-29T14:13:01.7567227Z ##[group]GITHUB_TOKEN Permissions
check-context	UNKNOWN STEP	2025-07-29T14:13:01.7569097Z Contents: read
check-context	UNKNOWN STEP	2025-07-29T14:13:01.7569644Z Metadata: read
check-context	UNKNOWN STEP	2025-07-29T14:13:01.7570097Z Packages: read
check-context	UNKNOWN STEP	2025-07-29T14:13:01.7570633Z ##[endgroup]
check-context	UNKNOWN STEP	2025-07-29T14:13:01.7572585Z Secret source: Actions
check-context	UNKNOWN STEP	2025-07-29T14:13:01.7573263Z Prepare workflow directory
check-context	UNKNOWN STEP	2025-07-29T14:13:01.7893381Z Prepare all required actions
check-context	UNKNOWN STEP	2025-07-29T14:13:01.7930474Z Getting action download info
check-context	UNKNOWN STEP	2025-07-29T14:13:02.1719558Z ##[group]Download immutable action package 'actions/checkout@v4'
check-context	UNKNOWN STEP	2025-07-29T14:13:02.1720617Z Version: 4.2.2
check-context	UNKNOWN STEP	2025-07-29T14:13:02.1721737Z Digest: sha256:ccb2698953eaebd21c7bf6268a94f9c26518a7e38e27e0b83c1fe1ad049819b1
check-context	UNKNOWN STEP	2025-07-29T14:13:02.1722969Z Source commit SHA: 11bd71901bbe5b1630ceea73d27597364c9af683
check-context	UNKNOWN STEP	2025-07-29T14:13:02.1723737Z ##[endgroup]
check-context	UNKNOWN STEP	2025-07-29T14:13:02.3372782Z Complete job name: check-context
check-context	UNKNOWN STEP	2025-07-29T14:13:02.4048613Z ##[group]Run actions/checkout@v4
check-context	UNKNOWN STEP	2025-07-29T14:13:02.4049519Z with:
check-context	UNKNOWN STEP	2025-07-29T14:13:02.4049975Z   repository: Metta-AI/metta
check-context	UNKNOWN STEP	2025-07-29T14:13:02.4050665Z   token: ***
check-context	UNKNOWN STEP	2025-07-29T14:13:02.4051101Z   ssh-strict: true
check-context	UNKNOWN STEP	2025-07-29T14:13:02.4051539Z   ssh-user: git
check-context	UNKNOWN STEP	2025-07-29T14:13:02.4051998Z   persist-credentials: true
check-context	UNKNOWN STEP	2025-07-29T14:13:02.4052496Z   clean: true
check-context	UNKNOWN STEP	2025-07-29T14:13:02.4052954Z   sparse-checkout-cone-mode: true
check-context	UNKNOWN STEP	2025-07-29T14:13:02.4053490Z   fetch-depth: 1
check-context	UNKNOWN STEP	2025-07-29T14:13:02.4053929Z   fetch-tags: false
check-context	UNKNOWN STEP	2025-07-29T14:13:02.4054371Z   show-progress: true
check-context	UNKNOWN STEP	2025-07-29T14:13:02.4054828Z   lfs: false
check-context	UNKNOWN STEP	2025-07-29T14:13:02.4055417Z   submodules: false
check-context	UNKNOWN STEP	2025-07-29T14:13:02.4055878Z   set-safe-directory: true
check-context	UNKNOWN STEP	2025-07-29T14:13:02.4056622Z ##[endgroup]
check-context	UNKNOWN STEP	2025-07-29T14:13:02.5157294Z Syncing repository: Metta-AI/metta
check-context	UNKNOWN STEP	2025-07-29T14:13:02.5159939Z ##[group]Getting Git version info
check-context	UNKNOWN STEP	2025-07-29T14:13:02.5161097Z Working directory is '/home/runner/work/metta/metta'
check-context	UNKNOWN STEP	2025-07-29T14:13:02.5162822Z [command]/usr/bin/git version
check-context	UNKNOWN STEP	2025-07-29T14:13:02.5185268Z git version 2.50.1
check-context	UNKNOWN STEP	2025-07-29T14:13:02.5211459Z ##[endgroup]
check-context	UNKNOWN STEP	2025-07-29T14:13:02.5227358Z Temporarily overriding HOME='/home/runner/work/_temp/51cdfc23-1ae8-476f-88f6-78d8f479b562' before making global git config changes
check-context	UNKNOWN STEP	2025-07-29T14:13:02.5230107Z Adding repository directory to the temporary git global config as a safe directory
check-context	UNKNOWN STEP	2025-07-29T14:13:02.5232879Z [command]/usr/bin/git config --global --add safe.directory /home/runner/work/metta/metta
check-context	UNKNOWN STEP	2025-07-29T14:13:02.5267102Z Deleting the contents of '/home/runner/work/metta/metta'
check-context	UNKNOWN STEP	2025-07-29T14:13:02.5270977Z ##[group]Initializing the repository
check-context	UNKNOWN STEP	2025-07-29T14:13:02.5275559Z [command]/usr/bin/git init /home/runner/work/metta/metta
check-context	UNKNOWN STEP	2025-07-29T14:13:02.5338693Z hint: Using 'master' as the name for the initial branch. This default branch name
check-context	UNKNOWN STEP	2025-07-29T14:13:02.5340069Z hint: is subject to change. To configure the initial branch name to use in all
check-context	UNKNOWN STEP	2025-07-29T14:13:02.5341765Z hint: of your new repositories, which will suppress this warning, call:
check-context	UNKNOWN STEP	2025-07-29T14:13:02.5342643Z hint:
check-context	UNKNOWN STEP	2025-07-29T14:13:02.5343993Z hint: 	git config --global init.defaultBranch <name>
check-context	UNKNOWN STEP	2025-07-29T14:13:02.5345464Z hint:
check-context	UNKNOWN STEP	2025-07-29T14:13:02.5346735Z hint: Names commonly chosen instead of 'master' are 'main', 'trunk' and
check-context	UNKNOWN STEP	2025-07-29T14:13:02.5348647Z hint: 'development'. The just-created branch can be renamed via this command:
check-context	UNKNOWN STEP	2025-07-29T14:13:02.5350101Z hint:
check-context	UNKNOWN STEP	2025-07-29T14:13:02.5350864Z hint: 	git branch -m <name>
check-context	UNKNOWN STEP	2025-07-29T14:13:02.5351742Z hint:
check-context	UNKNOWN STEP	2025-07-29T14:13:02.5352997Z hint: Disable this message with "git config set advice.defaultBranchName false"
check-context	UNKNOWN STEP	2025-07-29T14:13:02.5355196Z Initialized empty Git repository in /home/runner/work/metta/metta/.git/
check-context	UNKNOWN STEP	2025-07-29T14:13:02.5358201Z [command]/usr/bin/git remote add origin https://github.com/Metta-AI/metta
check-context	UNKNOWN STEP	2025-07-29T14:13:02.5387561Z ##[endgroup]
check-context	UNKNOWN STEP	2025-07-29T14:13:02.5389084Z ##[group]Disabling automatic garbage collection
check-context	UNKNOWN STEP	2025-07-29T14:13:02.5392282Z [command]/usr/bin/git config --local gc.auto 0
check-context	UNKNOWN STEP	2025-07-29T14:13:02.5420831Z ##[endgroup]
check-context	UNKNOWN STEP	2025-07-29T14:13:02.5422268Z ##[group]Setting up auth
check-context	UNKNOWN STEP	2025-07-29T14:13:02.5428455Z [command]/usr/bin/git config --local --name-only --get-regexp core\.sshCommand
check-context	UNKNOWN STEP	2025-07-29T14:13:02.5459124Z [command]/usr/bin/git submodule foreach --recursive sh -c "git config --local --name-only --get-regexp 'core\.sshCommand' && git config --local --unset-all 'core.sshCommand' || :"
check-context	UNKNOWN STEP	2025-07-29T14:13:02.5733524Z [command]/usr/bin/git config --local --name-only --get-regexp http\.https\:\/\/github\.com\/\.extraheader
check-context	UNKNOWN STEP	2025-07-29T14:13:02.5763639Z [command]/usr/bin/git submodule foreach --recursive sh -c "git config --local --name-only --get-regexp 'http\.https\:\/\/github\.com\/\.extraheader' && git config --local --unset-all 'http.https://github.com/.extraheader' || :"
check-context	UNKNOWN STEP	2025-07-29T14:13:02.5981953Z [command]/usr/bin/git config --local http.https://github.com/.extraheader AUTHORIZATION: basic ***
check-context	UNKNOWN STEP	2025-07-29T14:13:02.6016596Z ##[endgroup]
check-context	UNKNOWN STEP	2025-07-29T14:13:02.6018374Z ##[group]Fetching the repository
check-context	UNKNOWN STEP	2025-07-29T14:13:02.6026524Z [command]/usr/bin/git -c protocol.version=2 fetch --no-tags --prune --no-recurse-submodules --depth=1 origin +77ba8aadd67c08fd2364798abc4b79d282c1e2ff:refs/remotes/pull/1774/merge
check-context	UNKNOWN STEP	2025-07-29T14:13:03.2712263Z From https://github.com/Metta-AI/metta
check-context	UNKNOWN STEP	2025-07-29T14:13:03.2715515Z  * [new ref]         77ba8aadd67c08fd2364798abc4b79d282c1e2ff -> pull/1774/merge
check-context	UNKNOWN STEP	2025-07-29T14:13:03.2741435Z ##[endgroup]
check-context	UNKNOWN STEP	2025-07-29T14:13:03.2743037Z ##[group]Determining the checkout info
check-context	UNKNOWN STEP	2025-07-29T14:13:03.2744621Z ##[endgroup]
check-context	UNKNOWN STEP	2025-07-29T14:13:03.2748205Z [command]/usr/bin/git sparse-checkout disable
check-context	UNKNOWN STEP	2025-07-29T14:13:03.2786592Z [command]/usr/bin/git config --local --unset-all extensions.worktreeConfig
check-context	UNKNOWN STEP	2025-07-29T14:13:03.2813814Z ##[group]Checking out the ref
check-context	UNKNOWN STEP	2025-07-29T14:13:03.2816786Z [command]/usr/bin/git checkout --progress --force refs/remotes/pull/1774/merge
check-context	UNKNOWN STEP	2025-07-29T14:13:03.4298286Z Note: switching to 'refs/remotes/pull/1774/merge'.
check-context	UNKNOWN STEP	2025-07-29T14:13:03.4299908Z 
check-context	UNKNOWN STEP	2025-07-29T14:13:03.4301027Z You are in 'detached HEAD' state. You can look around, make experimental
check-context	UNKNOWN STEP	2025-07-29T14:13:03.4303953Z changes and commit them, and you can discard any commits you make in this
check-context	UNKNOWN STEP	2025-07-29T14:13:03.4307118Z state without impacting any branches by switching back to a branch.
check-context	UNKNOWN STEP	2025-07-29T14:13:03.4308375Z 
check-context	UNKNOWN STEP	2025-07-29T14:13:03.4309203Z If you want to create a new branch to retain commits you create, you may
check-context	UNKNOWN STEP	2025-07-29T14:13:03.4311586Z do so (now or later) by using -c with the switch command. Example:
check-context	UNKNOWN STEP	2025-07-29T14:13:03.4312740Z 
check-context	UNKNOWN STEP	2025-07-29T14:13:03.4313209Z   git switch -c <new-branch-name>
check-context	UNKNOWN STEP	2025-07-29T14:13:03.4314019Z 
check-context	UNKNOWN STEP	2025-07-29T14:13:03.4314484Z Or undo this operation with:
check-context	UNKNOWN STEP	2025-07-29T14:13:03.4315582Z 
check-context	UNKNOWN STEP	2025-07-29T14:13:03.4316145Z   git switch -
check-context	UNKNOWN STEP	2025-07-29T14:13:03.4316745Z 
check-context	UNKNOWN STEP	2025-07-29T14:13:03.4317738Z Turn off this advice by setting config variable advice.detachedHead to false
check-context	UNKNOWN STEP	2025-07-29T14:13:03.4319132Z 
check-context	UNKNOWN STEP	2025-07-29T14:13:03.4320763Z HEAD is now at 77ba8aa Merge 061d163aab14f12f028a36e880118314dbb01622 into 6932e08ffdb7e72a31b602634662fe4170fc143d
check-context	UNKNOWN STEP	2025-07-29T14:13:03.4325619Z ##[endgroup]
check-context	UNKNOWN STEP	2025-07-29T14:13:03.4350942Z [command]/usr/bin/git log -1 --format=%H
check-context	UNKNOWN STEP	2025-07-29T14:13:03.4372297Z 77ba8aadd67c08fd2364798abc4b79d282c1e2ff
check-context	UNKNOWN STEP	2025-07-29T14:13:03.4681613Z Prepare all required actions
check-context	UNKNOWN STEP	2025-07-29T14:13:03.4789646Z ##[group]Run ./.github/actions/detect-external-pr
check-context	UNKNOWN STEP	2025-07-29T14:13:03.4790945Z ##[endgroup]
check-context	UNKNOWN STEP	2025-07-29T14:13:03.4932037Z ##[group]Run # Detect the context
check-context	UNKNOWN STEP	2025-07-29T14:13:03.4933338Z [36;1m# Detect the context[0m
check-context	UNKNOWN STEP	2025-07-29T14:13:03.4934375Z [36;1mIS_FORK="false"[0m
check-context	UNKNOWN STEP	2025-07-29T14:13:03.4935552Z [36;1mIS_DEPENDABOT="false"[0m
check-context	UNKNOWN STEP	2025-07-29T14:13:03.4936644Z [36;1mHEAD_REPO="Metta-AI/metta"[0m
check-context	UNKNOWN STEP	2025-07-29T14:13:03.4937771Z [36;1mBASE_REPO="Metta-AI/metta"[0m
check-context	UNKNOWN STEP	2025-07-29T14:13:03.4938834Z [36;1m[0m
check-context	UNKNOWN STEP	2025-07-29T14:13:03.4939802Z [36;1m# Determine if external[0m
check-context	UNKNOWN STEP	2025-07-29T14:13:03.4941611Z [36;1mif [[ "$IS_FORK" == "true" ]] || [[ "$IS_DEPENDABOT" == "true" ]] || [[ "$HEAD_REPO" != "$BASE_REPO" && -n "$HEAD_REPO" ]]; then[0m
check-context	UNKNOWN STEP	2025-07-29T14:13:03.4943777Z [36;1m  echo "is_external=true" >> $GITHUB_OUTPUT[0m
check-context	UNKNOWN STEP	2025-07-29T14:13:03.4945702Z [36;1m  echo "::notice::ð Running on external PR - external services will be skipped"[0m
check-context	UNKNOWN STEP	2025-07-29T14:13:03.4947294Z [36;1melse[0m
check-context	UNKNOWN STEP	2025-07-29T14:13:03.4948269Z [36;1m  echo "is_external=false" >> $GITHUB_OUTPUT[0m
check-context	UNKNOWN STEP	2025-07-29T14:13:03.4949838Z [36;1m  echo "::notice::ð Running on internal PR - all services enabled"[0m
check-context	UNKNOWN STEP	2025-07-29T14:13:03.4951278Z [36;1mfi[0m
check-context	UNKNOWN STEP	2025-07-29T14:13:03.4952057Z [36;1m[0m
check-context	UNKNOWN STEP	2025-07-29T14:13:03.4952904Z [36;1m# Detailed logging for debugging[0m
check-context	UNKNOWN STEP	2025-07-29T14:13:03.4954114Z [36;1mecho "::group::PR Context Details"[0m
check-context	UNKNOWN STEP	2025-07-29T14:13:03.4955372Z [36;1mecho "Is Fork: $IS_FORK"[0m
check-context	UNKNOWN STEP	2025-07-29T14:13:03.4956507Z [36;1mecho "Is Dependabot: $IS_DEPENDABOT"[0m
check-context	UNKNOWN STEP	2025-07-29T14:13:03.4957697Z [36;1mecho "Actor: badjacent"[0m
check-context	UNKNOWN STEP	2025-07-29T14:13:03.4958764Z [36;1mecho "Head Repo: $HEAD_REPO"[0m
check-context	UNKNOWN STEP	2025-07-29T14:13:03.4959877Z [36;1mecho "Base Repo: $BASE_REPO"[0m
check-context	UNKNOWN STEP	2025-07-29T14:13:03.4961008Z [36;1mecho "Event Name: pull_request"[0m
check-context	UNKNOWN STEP	2025-07-29T14:13:03.4962165Z [36;1mecho "PR Number: 1774"[0m
check-context	UNKNOWN STEP	2025-07-29T14:13:03.4963190Z [36;1mecho "::endgroup::"[0m
check-context	UNKNOWN STEP	2025-07-29T14:13:03.4997724Z shell: /usr/bin/bash --noprofile --norc -e -o pipefail {0}
check-context	UNKNOWN STEP	2025-07-29T14:13:03.4999069Z ##[endgroup]
check-context	UNKNOWN STEP	2025-07-29T14:13:03.5096550Z ##[notice]ð Running on internal PR - all services enabled
check-context	UNKNOWN STEP	2025-07-29T14:13:03.5098579Z ##[group]PR Context Details
check-context	UNKNOWN STEP	2025-07-29T14:13:03.5099498Z Is Fork: false
check-context	UNKNOWN STEP	2025-07-29T14:13:03.5100288Z Is Dependabot: false
check-context	UNKNOWN STEP	2025-07-29T14:13:03.5101108Z Actor: badjacent
check-context	UNKNOWN STEP	2025-07-29T14:13:03.5101934Z Head Repo: Metta-AI/metta
check-context	UNKNOWN STEP	2025-07-29T14:13:03.5102840Z Base Repo: Metta-AI/metta
check-context	UNKNOWN STEP	2025-07-29T14:13:03.5103733Z Event Name: pull_request
check-context	UNKNOWN STEP	2025-07-29T14:13:03.5104612Z PR Number: 1774
check-context	UNKNOWN STEP	2025-07-29T14:13:03.5106257Z ##[endgroup]
check-context	UNKNOWN STEP	2025-07-29T14:13:03.5326148Z Post job cleanup.
check-context	UNKNOWN STEP	2025-07-29T14:13:03.6273049Z [command]/usr/bin/git version
check-context	UNKNOWN STEP	2025-07-29T14:13:03.6308358Z git version 2.50.1
check-context	UNKNOWN STEP	2025-07-29T14:13:03.6357932Z Temporarily overriding HOME='/home/runner/work/_temp/2f69a890-e33a-41a2-8fd1-f200e4f2f1e4' before making global git config changes
check-context	UNKNOWN STEP	2025-07-29T14:13:03.6361008Z Adding repository directory to the temporary git global config as a safe directory
check-context	UNKNOWN STEP	2025-07-29T14:13:03.6363527Z [command]/usr/bin/git config --global --add safe.directory /home/runner/work/metta/metta
check-context	UNKNOWN STEP	2025-07-29T14:13:03.6395711Z [command]/usr/bin/git config --local --name-only --get-regexp core\.sshCommand
check-context	UNKNOWN STEP	2025-07-29T14:13:03.6427521Z [command]/usr/bin/git submodule foreach --recursive sh -c "git config --local --name-only --get-regexp 'core\.sshCommand' && git config --local --unset-all 'core.sshCommand' || :"
check-context	UNKNOWN STEP	2025-07-29T14:13:03.6656004Z [command]/usr/bin/git config --local --name-only --get-regexp http\.https\:\/\/github\.com\/\.extraheader
check-context	UNKNOWN STEP	2025-07-29T14:13:03.6677269Z http.https://github.com/.extraheader
check-context	UNKNOWN STEP	2025-07-29T14:13:03.6690020Z [command]/usr/bin/git config --local --unset-all http.https://github.com/.extraheader
check-context	UNKNOWN STEP	2025-07-29T14:13:03.6721835Z [command]/usr/bin/git submodule foreach --recursive sh -c "git config --local --name-only --get-regexp 'http\.https\:\/\/github\.com\/\.extraheader' && git config --local --unset-all 'http.https://github.com/.extraheader' || :"
check-context	UNKNOWN STEP	2025-07-29T14:13:03.7062480Z Evaluate and set job outputs
check-context	UNKNOWN STEP	2025-07-29T14:13:03.7069368Z Set output 'is_external'
check-context	UNKNOWN STEP	2025-07-29T14:13:03.7072695Z Cleaning up orphan processes
asana_integration	UNKNOWN STEP	ï»¿2025-07-29T14:13:25.5026911Z Current runner version: '2.326.0'
asana_integration	UNKNOWN STEP	2025-07-29T14:13:25.5051340Z ##[group]Runner Image Provisioner
asana_integration	UNKNOWN STEP	2025-07-29T14:13:25.5052250Z Hosted Compute Agent
asana_integration	UNKNOWN STEP	2025-07-29T14:13:25.5052818Z Version: 20250711.363
asana_integration	UNKNOWN STEP	2025-07-29T14:13:25.5053737Z Commit: 6785254374ce925a23743850c1cb91912ce5c14c
asana_integration	UNKNOWN STEP	2025-07-29T14:13:25.5054471Z Build Date: 2025-07-11T20:04:25Z
asana_integration	UNKNOWN STEP	2025-07-29T14:13:25.5055401Z ##[endgroup]
asana_integration	UNKNOWN STEP	2025-07-29T14:13:25.5055955Z ##[group]Operating System
asana_integration	UNKNOWN STEP	2025-07-29T14:13:25.5056539Z Ubuntu
asana_integration	UNKNOWN STEP	2025-07-29T14:13:25.5057013Z 24.04.2
asana_integration	UNKNOWN STEP	2025-07-29T14:13:25.5057479Z LTS
asana_integration	UNKNOWN STEP	2025-07-29T14:13:25.5057959Z ##[endgroup]
asana_integration	UNKNOWN STEP	2025-07-29T14:13:25.5058570Z ##[group]Runner Image
asana_integration	UNKNOWN STEP	2025-07-29T14:13:25.5059211Z Image: ubuntu-24.04
asana_integration	UNKNOWN STEP	2025-07-29T14:13:25.5059697Z Version: 20250720.1.0
asana_integration	UNKNOWN STEP	2025-07-29T14:13:25.5060689Z Included Software: https://github.com/actions/runner-images/blob/ubuntu24/20250720.1/images/ubuntu/Ubuntu2404-Readme.md
asana_integration	UNKNOWN STEP	2025-07-29T14:13:25.5062223Z Image Release: https://github.com/actions/runner-images/releases/tag/ubuntu24%2F20250720.1
asana_integration	UNKNOWN STEP	2025-07-29T14:13:25.5063216Z ##[endgroup]
asana_integration	UNKNOWN STEP	2025-07-29T14:13:25.5064442Z ##[group]GITHUB_TOKEN Permissions
asana_integration	UNKNOWN STEP	2025-07-29T14:13:25.5066825Z Actions: read
asana_integration	UNKNOWN STEP	2025-07-29T14:13:25.5067465Z Contents: read
asana_integration	UNKNOWN STEP	2025-07-29T14:13:25.5067940Z Metadata: read
asana_integration	UNKNOWN STEP	2025-07-29T14:13:25.5068456Z PullRequests: write
asana_integration	UNKNOWN STEP	2025-07-29T14:13:25.5069030Z ##[endgroup]
asana_integration	UNKNOWN STEP	2025-07-29T14:13:25.5070993Z Secret source: Actions
asana_integration	UNKNOWN STEP	2025-07-29T14:13:25.5071947Z Prepare workflow directory
asana_integration	UNKNOWN STEP	2025-07-29T14:13:25.5397798Z Prepare all required actions
asana_integration	UNKNOWN STEP	2025-07-29T14:13:25.5437346Z Getting action download info
asana_integration	UNKNOWN STEP	2025-07-29T14:13:25.9175451Z ##[group]Download immutable action package 'actions/checkout@v4'
asana_integration	UNKNOWN STEP	2025-07-29T14:13:25.9176676Z Version: 4.2.2
asana_integration	UNKNOWN STEP	2025-07-29T14:13:25.9177734Z Digest: sha256:ccb2698953eaebd21c7bf6268a94f9c26518a7e38e27e0b83c1fe1ad049819b1
asana_integration	UNKNOWN STEP	2025-07-29T14:13:25.9179078Z Source commit SHA: 11bd71901bbe5b1630ceea73d27597364c9af683
asana_integration	UNKNOWN STEP	2025-07-29T14:13:25.9179874Z ##[endgroup]
asana_integration	UNKNOWN STEP	2025-07-29T14:13:26.0879129Z Complete job name: asana_integration
asana_integration	UNKNOWN STEP	2025-07-29T14:13:26.1578086Z ##[group]Run actions/checkout@v4
asana_integration	UNKNOWN STEP	2025-07-29T14:13:26.1578995Z with:
asana_integration	UNKNOWN STEP	2025-07-29T14:13:26.1579458Z   repository: Metta-AI/metta
asana_integration	UNKNOWN STEP	2025-07-29T14:13:26.1580146Z   token: ***
asana_integration	UNKNOWN STEP	2025-07-29T14:13:26.1580576Z   ssh-strict: true
asana_integration	UNKNOWN STEP	2025-07-29T14:13:26.1581019Z   ssh-user: git
asana_integration	UNKNOWN STEP	2025-07-29T14:13:26.1581474Z   persist-credentials: true
asana_integration	UNKNOWN STEP	2025-07-29T14:13:26.1581967Z   clean: true
asana_integration	UNKNOWN STEP	2025-07-29T14:13:26.1582421Z   sparse-checkout-cone-mode: true
asana_integration	UNKNOWN STEP	2025-07-29T14:13:26.1582955Z   fetch-depth: 1
asana_integration	UNKNOWN STEP	2025-07-29T14:13:26.1583394Z   fetch-tags: false
asana_integration	UNKNOWN STEP	2025-07-29T14:13:26.1583835Z   show-progress: true
asana_integration	UNKNOWN STEP	2025-07-29T14:13:26.1584281Z   lfs: false
asana_integration	UNKNOWN STEP	2025-07-29T14:13:26.1584876Z   submodules: false
asana_integration	UNKNOWN STEP	2025-07-29T14:13:26.1585338Z   set-safe-directory: true
asana_integration	UNKNOWN STEP	2025-07-29T14:13:26.1586090Z ##[endgroup]
asana_integration	UNKNOWN STEP	2025-07-29T14:13:26.2638585Z Syncing repository: Metta-AI/metta
asana_integration	UNKNOWN STEP	2025-07-29T14:13:26.2640517Z ##[group]Getting Git version info
asana_integration	UNKNOWN STEP	2025-07-29T14:13:26.2641257Z Working directory is '/home/runner/work/metta/metta'
asana_integration	UNKNOWN STEP	2025-07-29T14:13:26.2642414Z [command]/usr/bin/git version
asana_integration	UNKNOWN STEP	2025-07-29T14:13:26.2675025Z git version 2.50.1
asana_integration	UNKNOWN STEP	2025-07-29T14:13:26.2701130Z ##[endgroup]
asana_integration	UNKNOWN STEP	2025-07-29T14:13:26.2717422Z Temporarily overriding HOME='/home/runner/work/_temp/e64fc674-ebd2-4b29-be15-60e077b19ba1' before making global git config changes
asana_integration	UNKNOWN STEP	2025-07-29T14:13:26.2720214Z Adding repository directory to the temporary git global config as a safe directory
asana_integration	UNKNOWN STEP	2025-07-29T14:13:26.2723178Z [command]/usr/bin/git config --global --add safe.directory /home/runner/work/metta/metta
asana_integration	UNKNOWN STEP	2025-07-29T14:13:26.2756631Z Deleting the contents of '/home/runner/work/metta/metta'
asana_integration	UNKNOWN STEP	2025-07-29T14:13:26.2760502Z ##[group]Initializing the repository
asana_integration	UNKNOWN STEP	2025-07-29T14:13:26.2765233Z [command]/usr/bin/git init /home/runner/work/metta/metta
asana_integration	UNKNOWN STEP	2025-07-29T14:13:26.2827902Z hint: Using 'master' as the name for the initial branch. This default branch name
asana_integration	UNKNOWN STEP	2025-07-29T14:13:26.2829824Z hint: is subject to change. To configure the initial branch name to use in all
asana_integration	UNKNOWN STEP	2025-07-29T14:13:26.2831057Z hint: of your new repositories, which will suppress this warning, call:
asana_integration	UNKNOWN STEP	2025-07-29T14:13:26.2832860Z hint:
asana_integration	UNKNOWN STEP	2025-07-29T14:13:26.2833852Z hint: 	git config --global init.defaultBranch <name>
asana_integration	UNKNOWN STEP	2025-07-29T14:13:26.2835280Z hint:
asana_integration	UNKNOWN STEP	2025-07-29T14:13:26.2836459Z hint: Names commonly chosen instead of 'master' are 'main', 'trunk' and
asana_integration	UNKNOWN STEP	2025-07-29T14:13:26.2838317Z hint: 'development'. The just-created branch can be renamed via this command:
asana_integration	UNKNOWN STEP	2025-07-29T14:13:26.2839714Z hint:
asana_integration	UNKNOWN STEP	2025-07-29T14:13:26.2840494Z hint: 	git branch -m <name>
asana_integration	UNKNOWN STEP	2025-07-29T14:13:26.2841603Z hint:
asana_integration	UNKNOWN STEP	2025-07-29T14:13:26.2842855Z hint: Disable this message with "git config set advice.defaultBranchName false"
asana_integration	UNKNOWN STEP	2025-07-29T14:13:26.2845081Z Initialized empty Git repository in /home/runner/work/metta/metta/.git/
asana_integration	UNKNOWN STEP	2025-07-29T14:13:26.2847938Z [command]/usr/bin/git remote add origin https://github.com/Metta-AI/metta
asana_integration	UNKNOWN STEP	2025-07-29T14:13:26.2876236Z ##[endgroup]
asana_integration	UNKNOWN STEP	2025-07-29T14:13:26.2877609Z ##[group]Disabling automatic garbage collection
asana_integration	UNKNOWN STEP	2025-07-29T14:13:26.2880849Z [command]/usr/bin/git config --local gc.auto 0
asana_integration	UNKNOWN STEP	2025-07-29T14:13:26.2909521Z ##[endgroup]
asana_integration	UNKNOWN STEP	2025-07-29T14:13:26.2911026Z ##[group]Setting up auth
asana_integration	UNKNOWN STEP	2025-07-29T14:13:26.2917332Z [command]/usr/bin/git config --local --name-only --get-regexp core\.sshCommand
asana_integration	UNKNOWN STEP	2025-07-29T14:13:26.2947552Z [command]/usr/bin/git submodule foreach --recursive sh -c "git config --local --name-only --get-regexp 'core\.sshCommand' && git config --local --unset-all 'core.sshCommand' || :"
asana_integration	UNKNOWN STEP	2025-07-29T14:13:26.3241223Z [command]/usr/bin/git config --local --name-only --get-regexp http\.https\:\/\/github\.com\/\.extraheader
asana_integration	UNKNOWN STEP	2025-07-29T14:13:26.3272167Z [command]/usr/bin/git submodule foreach --recursive sh -c "git config --local --name-only --get-regexp 'http\.https\:\/\/github\.com\/\.extraheader' && git config --local --unset-all 'http.https://github.com/.extraheader' || :"
asana_integration	UNKNOWN STEP	2025-07-29T14:13:26.3485432Z [command]/usr/bin/git config --local http.https://github.com/.extraheader AUTHORIZATION: basic ***
asana_integration	UNKNOWN STEP	2025-07-29T14:13:26.3519112Z ##[endgroup]
asana_integration	UNKNOWN STEP	2025-07-29T14:13:26.3520179Z ##[group]Fetching the repository
asana_integration	UNKNOWN STEP	2025-07-29T14:13:26.3527235Z [command]/usr/bin/git -c protocol.version=2 fetch --no-tags --prune --no-recurse-submodules --depth=1 origin +77ba8aadd67c08fd2364798abc4b79d282c1e2ff:refs/remotes/pull/1774/merge
asana_integration	UNKNOWN STEP	2025-07-29T14:13:27.2429440Z From https://github.com/Metta-AI/metta
asana_integration	UNKNOWN STEP	2025-07-29T14:13:27.2433196Z  * [new ref]         77ba8aadd67c08fd2364798abc4b79d282c1e2ff -> pull/1774/merge
asana_integration	UNKNOWN STEP	2025-07-29T14:13:27.2455370Z ##[endgroup]
asana_integration	UNKNOWN STEP	2025-07-29T14:13:27.2457424Z ##[group]Determining the checkout info
asana_integration	UNKNOWN STEP	2025-07-29T14:13:27.2460009Z ##[endgroup]
asana_integration	UNKNOWN STEP	2025-07-29T14:13:27.2463544Z [command]/usr/bin/git sparse-checkout disable
asana_integration	UNKNOWN STEP	2025-07-29T14:13:27.2503184Z [command]/usr/bin/git config --local --unset-all extensions.worktreeConfig
asana_integration	UNKNOWN STEP	2025-07-29T14:13:27.2532044Z ##[group]Checking out the ref
asana_integration	UNKNOWN STEP	2025-07-29T14:13:27.2535173Z [command]/usr/bin/git checkout --progress --force refs/remotes/pull/1774/merge
asana_integration	UNKNOWN STEP	2025-07-29T14:13:27.4018774Z Note: switching to 'refs/remotes/pull/1774/merge'.
asana_integration	UNKNOWN STEP	2025-07-29T14:13:27.4020245Z 
asana_integration	UNKNOWN STEP	2025-07-29T14:13:27.4021297Z You are in 'detached HEAD' state. You can look around, make experimental
asana_integration	UNKNOWN STEP	2025-07-29T14:13:27.4024050Z changes and commit them, and you can discard any commits you make in this
asana_integration	UNKNOWN STEP	2025-07-29T14:13:27.4027916Z state without impacting any branches by switching back to a branch.
asana_integration	UNKNOWN STEP	2025-07-29T14:13:27.4029805Z 
asana_integration	UNKNOWN STEP	2025-07-29T14:13:27.4031028Z If you want to create a new branch to retain commits you create, you may
asana_integration	UNKNOWN STEP	2025-07-29T14:13:27.4033990Z do so (now or later) by using -c with the switch command. Example:
asana_integration	UNKNOWN STEP	2025-07-29T14:13:27.4035928Z 
asana_integration	UNKNOWN STEP	2025-07-29T14:13:27.4036739Z   git switch -c <new-branch-name>
asana_integration	UNKNOWN STEP	2025-07-29T14:13:27.4037983Z 
asana_integration	UNKNOWN STEP	2025-07-29T14:13:27.4038657Z Or undo this operation with:
asana_integration	UNKNOWN STEP	2025-07-29T14:13:27.4039737Z 
asana_integration	UNKNOWN STEP	2025-07-29T14:13:27.4040343Z   git switch -
asana_integration	UNKNOWN STEP	2025-07-29T14:13:27.4041180Z 
asana_integration	UNKNOWN STEP	2025-07-29T14:13:27.4042509Z Turn off this advice by setting config variable advice.detachedHead to false
asana_integration	UNKNOWN STEP	2025-07-29T14:13:27.4044324Z 
asana_integration	UNKNOWN STEP	2025-07-29T14:13:27.4046213Z HEAD is now at 77ba8aa Merge 061d163aab14f12f028a36e880118314dbb01622 into 6932e08ffdb7e72a31b602634662fe4170fc143d
asana_integration	UNKNOWN STEP	2025-07-29T14:13:27.4052668Z ##[endgroup]
asana_integration	UNKNOWN STEP	2025-07-29T14:13:27.4071204Z [command]/usr/bin/git log -1 --format=%H
asana_integration	UNKNOWN STEP	2025-07-29T14:13:27.4092677Z 77ba8aadd67c08fd2364798abc4b79d282c1e2ff
asana_integration	UNKNOWN STEP	2025-07-29T14:13:27.4538133Z Prepare all required actions
asana_integration	UNKNOWN STEP	2025-07-29T14:13:27.4539477Z Getting action download info
asana_integration	UNKNOWN STEP	2025-07-29T14:13:27.6906973Z Download action repository 'astral-sh/setup-uv@v6' (SHA:e92bafb6253dcd438e0484186d7669ea7a8ca1cc)
asana_integration	UNKNOWN STEP	2025-07-29T14:13:28.2237902Z ##[group]Download immutable action package 'actions/upload-artifact@v4'
asana_integration	UNKNOWN STEP	2025-07-29T14:13:28.2239429Z Version: 4.6.2
asana_integration	UNKNOWN STEP	2025-07-29T14:13:28.2240783Z Digest: sha256:290722aa3281d5caf23d0acdc3dbeb3424786a1a01a9cc97e72f147225e37c38
asana_integration	UNKNOWN STEP	2025-07-29T14:13:28.2242608Z Source commit SHA: ea165f8d65b6e75b540449e92b4886f43607fa02
asana_integration	UNKNOWN STEP	2025-07-29T14:13:28.2243884Z ##[endgroup]
asana_integration	UNKNOWN STEP	2025-07-29T14:13:28.3776117Z ##[group]Run ./.github/actions/asana/pr_gh_to_asana
asana_integration	UNKNOWN STEP	2025-07-29T14:13:28.3777246Z with:
asana_integration	UNKNOWN STEP	2025-07-29T14:13:28.3778162Z   title: add a change so that a pull request can be created
asana_integration	UNKNOWN STEP	2025-07-29T14:13:28.3779369Z   pr_state: open
asana_integration	UNKNOWN STEP	2025-07-29T14:13:28.3780154Z   project_id: 1210348820405981
asana_integration	UNKNOWN STEP	2025-07-29T14:13:28.3781057Z   workspace_id: 1209016784099267
asana_integration	UNKNOWN STEP	2025-07-29T14:13:28.3782646Z   asana_token: ***
asana_integration	UNKNOWN STEP	2025-07-29T14:13:28.3850252Z   github_url: https://github.com/Metta-AI/metta/pull/1774
asana_integration	UNKNOWN STEP	2025-07-29T14:13:28.3851653Z   github_url_field_id: 1210578228718257
asana_integration	UNKNOWN STEP	2025-07-29T14:13:28.3852720Z   roster_project_id: 1209948553419016
asana_integration	UNKNOWN STEP	2025-07-29T14:13:28.3853712Z   gh_login_field_id: 1210594297567963
asana_integration	UNKNOWN STEP	2025-07-29T14:13:28.3854863Z   asana_email_field_id: 1209050603577235
asana_integration	UNKNOWN STEP	2025-07-29T14:13:28.3855882Z   pr_author_field_id: 1210679003513019
asana_integration	UNKNOWN STEP	2025-07-29T14:13:28.3857495Z   asana_attachment_secret: ***
asana_integration	UNKNOWN STEP	2025-07-29T14:13:28.3858400Z   pr_number: 1774
asana_integration	UNKNOWN STEP	2025-07-29T14:13:28.3859200Z   github_repo: Metta-AI/metta
asana_integration	UNKNOWN STEP	2025-07-29T14:13:28.3860458Z   github_token: ***
asana_integration	UNKNOWN STEP	2025-07-29T14:13:28.3861376Z ##[endgroup]
asana_integration	UNKNOWN STEP	2025-07-29T14:13:28.4049257Z ##[group]Run astral-sh/setup-uv@v6
asana_integration	UNKNOWN STEP	2025-07-29T14:13:28.4050220Z with:
asana_integration	UNKNOWN STEP	2025-07-29T14:13:28.4050947Z   version: 0.7.3
asana_integration	UNKNOWN STEP	2025-07-29T14:13:28.4051738Z   enable-cache: true
asana_integration	UNKNOWN STEP	2025-07-29T14:13:28.4052592Z   activate-environment: false
asana_integration	UNKNOWN STEP	2025-07-29T14:13:28.4053667Z   working-directory: /home/runner/work/metta/metta
asana_integration	UNKNOWN STEP	2025-07-29T14:13:28.4054973Z   server-url: https://github.com
asana_integration	UNKNOWN STEP	2025-07-29T14:13:28.4056287Z   github-token: ***
asana_integration	UNKNOWN STEP	2025-07-29T14:13:28.4058089Z   cache-dependency-glob: **/*requirements*.txt
asana_integration	UNKNOWN STEP	**/*requirements*.in
asana_integration	UNKNOWN STEP	**/*constraints*.txt
asana_integration	UNKNOWN STEP	**/*constraints*.in
asana_integration	UNKNOWN STEP	**/pyproject.toml
asana_integration	UNKNOWN STEP	**/uv.lock
asana_integration	UNKNOWN STEP	
asana_integration	UNKNOWN STEP	2025-07-29T14:13:28.4060086Z   prune-cache: true
asana_integration	UNKNOWN STEP	2025-07-29T14:13:28.4060930Z   ignore-nothing-to-cache: false
asana_integration	UNKNOWN STEP	2025-07-29T14:13:28.4061912Z   ignore-empty-workdir: false
asana_integration	UNKNOWN STEP	2025-07-29T14:13:28.4062817Z ##[endgroup]
asana_integration	UNKNOWN STEP	2025-07-29T14:13:28.6460534Z manifest-file not provided, reading from local file.
asana_integration	UNKNOWN STEP	2025-07-29T14:13:28.6502501Z Downloading uv from "https://github.com/astral-sh/uv/releases/download/0.7.3/uv-x86_64-unknown-linux-gnu.tar.gz" ...
asana_integration	UNKNOWN STEP	2025-07-29T14:13:30.6262346Z [command]/usr/bin/tar xz --warning=no-unknown-keyword --overwrite -C /home/runner/work/_temp/8900d9ed-6c2d-426d-86ce-49d316ae2fa4 -f /home/runner/work/_temp/67221389-1a50-4f8e-8d85-624268f9cee3
asana_integration	UNKNOWN STEP	2025-07-29T14:13:30.9632984Z Added /home/runner/.local/bin to the path
asana_integration	UNKNOWN STEP	2025-07-29T14:13:30.9645608Z Added /opt/hostedtoolcache/uv/0.7.3/x86_64 to the path
asana_integration	UNKNOWN STEP	2025-07-29T14:13:30.9663014Z Set UV_CACHE_DIR to /home/runner/work/_temp/setup-uv-cache
asana_integration	UNKNOWN STEP	2025-07-29T14:13:30.9663392Z Successfully installed uv version 0.7.3
asana_integration	UNKNOWN STEP	2025-07-29T14:13:30.9664827Z Searching files using cache dependency glob: /home/runner/work/metta/metta/**/*requirements*.txt,/home/runner/work/metta/metta/**/*requirements*.in,/home/runner/work/metta/metta/**/*constraints*.txt,/home/runner/work/metta/metta/**/*constraints*.in,/home/runner/work/metta/metta/**/pyproject.toml,/home/runner/work/metta/metta/**/uv.lock
asana_integration	UNKNOWN STEP	2025-07-29T14:13:30.9848976Z /home/runner/work/metta/metta/.github/actions/asana/pr_gh_to_asana/test/requirements.txt
asana_integration	UNKNOWN STEP	2025-07-29T14:13:30.9995235Z /home/runner/work/metta/metta/agent/pyproject.toml
asana_integration	UNKNOWN STEP	2025-07-29T14:13:31.0078555Z /home/runner/work/metta/metta/app_backend/pyproject.toml
asana_integration	UNKNOWN STEP	2025-07-29T14:13:31.0256810Z /home/runner/work/metta/metta/common/pyproject.toml
asana_integration	UNKNOWN STEP	2025-07-29T14:13:31.1140956Z /home/runner/work/metta/metta/experiments/pyproject.toml
asana_integration	UNKNOWN STEP	2025-07-29T14:13:31.1474918Z /home/runner/work/metta/metta/metta/setup/tools/codeclip/pyproject.toml
asana_integration	UNKNOWN STEP	2025-07-29T14:13:31.1529252Z /home/runner/work/metta/metta/mettagrid/pyproject.toml
asana_integration	UNKNOWN STEP	2025-07-29T14:13:31.2174964Z /home/runner/work/metta/metta/pyproject.toml
asana_integration	UNKNOWN STEP	2025-07-29T14:13:31.2453118Z /home/runner/work/metta/metta/uv.lock
asana_integration	UNKNOWN STEP	2025-07-29T14:13:31.2467259Z Found 9 files to hash.
asana_integration	UNKNOWN STEP	2025-07-29T14:13:31.3465669Z Trying to restore uv cache from GitHub Actions cache with key: setup-uv-1-x86_64-unknown-linux-gnu-unknown-pruned-f31d0ded8f4bdf30f7c278585dbd2bb5dfd62d818fb3293fbab368bf16ff989c
asana_integration	UNKNOWN STEP	2025-07-29T14:13:31.5297058Z Cache hit for: setup-uv-1-x86_64-unknown-linux-gnu-unknown-pruned-f31d0ded8f4bdf30f7c278585dbd2bb5dfd62d818fb3293fbab368bf16ff989c
asana_integration	UNKNOWN STEP	2025-07-29T14:13:31.9955282Z Received 1050256 of 1050256 (100.0%), 3.3 MBs/sec
asana_integration	UNKNOWN STEP	2025-07-29T14:13:31.9955902Z Cache Size: ~1 MB (1050256 B)
asana_integration	UNKNOWN STEP	2025-07-29T14:13:31.9981487Z [command]/usr/bin/tar -xf /home/runner/work/_temp/034ba3aa-6f9a-499f-8b39-c4c4bac8fe01/cache.tzst -P -C /home/runner/work/metta/metta --use-compress-program unzstd
asana_integration	UNKNOWN STEP	2025-07-29T14:13:32.0113949Z Cache restored successfully
asana_integration	UNKNOWN STEP	2025-07-29T14:13:32.0121964Z uv cache restored from GitHub Actions cache with key: setup-uv-1-x86_64-unknown-linux-gnu-unknown-pruned-f31d0ded8f4bdf30f7c278585dbd2bb5dfd62d818fb3293fbab368bf16ff989c
asana_integration	UNKNOWN STEP	2025-07-29T14:13:32.0285671Z ##[group]Run uv run /home/runner/work/metta/metta/./.github/actions/asana/pr_gh_to_asana/pr_gh_to_asana.py
asana_integration	UNKNOWN STEP	2025-07-29T14:13:32.0286811Z [36;1muv run /home/runner/work/metta/metta/./.github/actions/asana/pr_gh_to_asana/pr_gh_to_asana.py[0m
asana_integration	UNKNOWN STEP	2025-07-29T14:13:32.0319688Z shell: /usr/bin/bash --noprofile --norc -e -o pipefail {0}
asana_integration	UNKNOWN STEP	2025-07-29T14:13:32.0320028Z env:
asana_integration	UNKNOWN STEP	2025-07-29T14:13:32.0320286Z   UV_CACHE_DIR: /home/runner/work/_temp/setup-uv-cache
asana_integration	UNKNOWN STEP	2025-07-29T14:13:32.0320693Z   INPUT_TITLE: add a change so that a pull request can be created
asana_integration	UNKNOWN STEP	2025-07-29T14:13:32.0321057Z   INPUT_PR_STATE: open
asana_integration	UNKNOWN STEP	2025-07-29T14:13:32.0321330Z   INPUT_PROJECT_ID: 1210348820405981
asana_integration	UNKNOWN STEP	2025-07-29T14:13:32.0321592Z   INPUT_WORKSPACE_ID: 1209016784099267
asana_integration	UNKNOWN STEP	2025-07-29T14:13:32.0322224Z   INPUT_ASANA_TOKEN: ***
asana_integration	UNKNOWN STEP	2025-07-29T14:13:32.0322660Z   INPUT_GITHUB_URL: https://github.com/Metta-AI/metta/pull/1774
asana_integration	UNKNOWN STEP	2025-07-29T14:13:32.0323017Z   INPUT_GITHUB_URL_FIELD_ID: 1210578228718257
asana_integration	UNKNOWN STEP	2025-07-29T14:13:32.0323298Z   INPUT_ROSTER_PROJECT_ID: 1209948553419016
asana_integration	UNKNOWN STEP	2025-07-29T14:13:32.0323567Z   INPUT_GH_LOGIN_FIELD_ID: 1210594297567963
asana_integration	UNKNOWN STEP	2025-07-29T14:13:32.0323835Z   INPUT_ASANA_EMAIL_FIELD_ID: 1209050603577235
asana_integration	UNKNOWN STEP	2025-07-29T14:13:32.0324122Z   INPUT_PR_AUTHOR_FIELD_ID: 1210679003513019
asana_integration	UNKNOWN STEP	2025-07-29T14:13:32.0324810Z   INPUT_ASANA_ATTACHMENT_SECRET: ***
asana_integration	UNKNOWN STEP	2025-07-29T14:13:32.0325106Z   INPUT_PR_NUMBER: 1774
asana_integration	UNKNOWN STEP	2025-07-29T14:13:32.0325338Z   INPUT_GITHUB_REPO: Metta-AI/metta
asana_integration	UNKNOWN STEP	2025-07-29T14:13:32.0325739Z   INPUT_GITHUB_TOKEN: ***
asana_integration	UNKNOWN STEP	2025-07-29T14:13:32.0325979Z ##[endgroup]
asana_integration	UNKNOWN STEP	2025-07-29T14:13:32.1950490Z Downloading cpython-3.11.7-linux-x86_64-gnu (download) (28.0MiB)
asana_integration	UNKNOWN STEP	2025-07-29T14:13:34.7733716Z  Downloading cpython-3.11.7-linux-x86_64-gnu (download)
asana_integration	UNKNOWN STEP	2025-07-29T14:13:35.2510424Z Installed 11 packages in 20ms
asana_integration	UNKNOWN STEP	2025-07-29T14:13:39.4756305Z VCR record mode: new_episodes
asana_integration	UNKNOWN STEP	2025-07-29T14:13:39.4756936Z Starting VCR recording with cassette: http_interactions_16598640438.yaml
asana_integration	UNKNOWN STEP	2025-07-29T14:13:39.4757584Z Current working directory: /home/runner/work/metta/metta
asana_integration	UNKNOWN STEP	2025-07-29T14:13:39.4758144Z Environment variable 'INPUT_PROJECT_ID' = '1210348820405981'
asana_integration	UNKNOWN STEP	2025-07-29T14:13:39.4758739Z Environment variable 'INPUT_WORKSPACE_ID' = '1209016784099267'
asana_integration	UNKNOWN STEP	2025-07-29T14:13:39.4759681Z Environment variable 'INPUT_ASANA_TOKEN' = '***'
asana_integration	UNKNOWN STEP	2025-07-29T14:13:39.4760384Z Environment variable 'INPUT_GITHUB_URL' = 'https://github.com/Metta-AI/metta/pull/1774'
asana_integration	UNKNOWN STEP	2025-07-29T14:13:39.4761137Z Environment variable 'INPUT_GITHUB_URL_FIELD_ID' = '1210578228718257'
asana_integration	UNKNOWN STEP	2025-07-29T14:13:39.4762115Z Environment variable 'INPUT_GH_LOGIN_FIELD_ID' = '1210594297567963'
asana_integration	UNKNOWN STEP	2025-07-29T14:13:39.4762759Z Environment variable 'INPUT_ASANA_EMAIL_FIELD_ID' = '1209050603577235'
asana_integration	UNKNOWN STEP	2025-07-29T14:13:39.4763619Z Environment variable 'INPUT_ROSTER_PROJECT_ID' = '1209948553419016'
asana_integration	UNKNOWN STEP	2025-07-29T14:13:39.4764255Z Environment variable 'INPUT_PR_AUTHOR_FIELD_ID' = '1210679003513019'
asana_integration	UNKNOWN STEP	2025-07-29T14:13:39.4765509Z Environment variable 'INPUT_ASANA_ATTACHMENT_SECRET' = '***'
asana_integration	UNKNOWN STEP	2025-07-29T14:13:39.4766036Z Environment variable 'INPUT_PR_NUMBER' = '1774'
asana_integration	UNKNOWN STEP	2025-07-29T14:13:39.4766550Z Environment variable 'INPUT_GITHUB_REPO' = 'Metta-AI/metta'
asana_integration	UNKNOWN STEP	2025-07-29T14:13:39.4767345Z Environment variable 'INPUT_GITHUB_TOKEN' = '***'
asana_integration	UNKNOWN STEP	2025-07-29T14:13:39.4767919Z github_login_to_asana_email: {'badjacent': 'mh.next@gmail.com'}
asana_integration	UNKNOWN STEP	2025-07-29T14:13:39.4768393Z assignees: []
asana_integration	UNKNOWN STEP	2025-07-29T14:13:39.4768677Z author: badjacent
asana_integration	UNKNOWN STEP	2025-07-29T14:13:39.4768963Z reviewers: []
asana_integration	UNKNOWN STEP	2025-07-29T14:13:39.4769234Z commenters: []
asana_integration	UNKNOWN STEP	2025-07-29T14:13:39.4769559Z github_logins: {'badjacent'}
asana_integration	UNKNOWN STEP	2025-07-29T14:13:39.4769909Z event stream: []
asana_integration	UNKNOWN STEP	2025-07-29T14:13:39.4770200Z last event: None
asana_integration	UNKNOWN STEP	2025-07-29T14:13:39.4770767Z [__init__] Initializing AsanaTask with project_id=1210348820405981, workspace_id=1209016784099267
asana_integration	UNKNOWN STEP	2025-07-29T14:13:39.4771438Z Found 1 Asana URLs in description: 
asana_integration	UNKNOWN STEP	2025-07-29T14:13:39.4771695Z 
asana_integration	UNKNOWN STEP	2025-07-29T14:13:39.4772102Z [Asana Task](https://app.asana.com/1/1209016784099267/project/1210348820405981/task/1210917200277624)
asana_integration	UNKNOWN STEP	2025-07-29T14:13:39.4773685Z [ensure] ensure() called with title='add a change so that a pull request can be created', github_url='https://github.com/Metta-AI/metta/pull/1774', urls=['https://app.asana.com/1/1209016784099267/project/1210348820405981/task/1210917200277624)']
asana_integration	UNKNOWN STEP	2025-07-29T14:13:39.4775194Z [ensure] Checking 1 existing URLs for validation
asana_integration	UNKNOWN STEP	2025-07-29T14:13:39.4775979Z [ensure] Validating URL: https://app.asana.com/1/1209016784099267/project/1210348820405981/task/1210917200277624)
asana_integration	UNKNOWN STEP	2025-07-29T14:13:39.4777427Z [validate] validate() called with url='https://app.asana.com/1/1209016784099267/project/1210348820405981/task/1210917200277624)', github_url='https://github.com/Metta-AI/metta/pull/1774'
asana_integration	UNKNOWN STEP	2025-07-29T14:13:39.4779042Z [extract_gid_from_url] extract_gid_from_url() called with task_url='https://app.asana.com/1/1209016784099267/project/1210348820405981/task/1210917200277624)'
asana_integration	UNKNOWN STEP	2025-07-29T14:13:39.4780069Z [extract_gid_from_url] Extracted GID using Format 2: 1210917200277624
asana_integration	UNKNOWN STEP	2025-07-29T14:13:39.4780588Z [validate] Extracted GID: 1210917200277624
asana_integration	UNKNOWN STEP	2025-07-29T14:13:39.4781178Z [validate] Making GET request to: https://app.asana.com/api/1.0/tasks/1210917200277624
asana_integration	UNKNOWN STEP	2025-07-29T14:13:39.4781759Z [validate] Response status: 200
asana_integration	UNKNOWN STEP	2025-07-29T14:13:39.4782538Z [validate] Task GitHub URL: 'https://github.com/Metta-AI/metta/pull/1774', expected: 'https://github.com/Metta-AI/metta/pull/1774'
asana_integration	UNKNOWN STEP	2025-07-29T14:13:39.4783372Z [validate] Task validation successful
asana_integration	UNKNOWN STEP	2025-07-29T14:13:39.4784117Z [ensure] Found valid existing task: https://app.asana.com/1/1209016784099267/project/1210348820405981/task/1210917200277624
asana_integration	UNKNOWN STEP	2025-07-29T14:13:39.4785386Z [ensure] Updating existing task: https://app.asana.com/1/1209016784099267/project/1210348820405981/task/1210917200277624
asana_integration	UNKNOWN STEP	2025-07-29T14:13:39.4786155Z [update_if_needed] update_if_needed() called
asana_integration	UNKNOWN STEP	2025-07-29T14:13:39.4786584Z [update_if_needed] Current vs new values:
asana_integration	UNKNOWN STEP	2025-07-29T14:13:39.4787265Z   title: 'add a change so that a pull request can be created' vs 'add a change so that a pull request can be created'
asana_integration	UNKNOWN STEP	2025-07-29T14:13:39.4787904Z   notes: '...' vs '
asana_integration	UNKNOWN STEP	2025-07-29T14:13:39.4788089Z 
asana_integration	UNKNOWN STEP	2025-07-29T14:13:39.4788278Z [Asana Task](https://app.asana.com/1/12090167840...'
asana_integration	UNKNOWN STEP	2025-07-29T14:13:39.4788717Z   completed: False vs False
asana_integration	UNKNOWN STEP	2025-07-29T14:13:39.4789051Z   assignee: '' vs 'None'
asana_integration	UNKNOWN STEP	2025-07-29T14:13:39.4789423Z [update_if_needed] Changes detected, updating task
asana_integration	UNKNOWN STEP	2025-07-29T14:13:39.4790216Z [update] update() called with gid='1210917200277624', title='add a change so that a pull request can be created', completed=False
asana_integration	UNKNOWN STEP	2025-07-29T14:13:39.4792776Z [update] Updating task with payload: {'data': {'name': 'add a change so that a pull request can be created', 'notes': '\n\n[Asana Task](https://app.asana.com/1/1209016784099267/project/1210348820405981/task/1210917200277624)', 'completed': False, 'custom_fields': {'1210578228718257': 'https://github.com/Metta-AI/metta/pull/1774', '1210679003513019': 'mh.next@gmail.com'}}}
asana_integration	UNKNOWN STEP	2025-07-29T14:13:39.4794764Z [update] Update response status: 200
asana_integration	UNKNOWN STEP	2025-07-29T14:13:39.4795166Z [update] Task updated successfully
asana_integration	UNKNOWN STEP	2025-07-29T14:13:39.4795916Z [task_url.setter] Setting task_url to: https://app.asana.com/1/1209016784099267/project/1210348820405981/task/1210917200277624
asana_integration	UNKNOWN STEP	2025-07-29T14:13:39.4796821Z [synchronize_comments_in_asana_as_multiple_blocks] Starting with:
asana_integration	UNKNOWN STEP	2025-07-29T14:13:39.4797451Z [asana_comments_with_links] asana_comments_with_links() called
asana_integration	UNKNOWN STEP	2025-07-29T14:13:39.4798462Z [extract_gid_from_url] extract_gid_from_url() called with task_url='https://app.asana.com/1/1209016784099267/project/1210348820405981/task/1210917200277624'
asana_integration	UNKNOWN STEP	2025-07-29T14:13:39.4799513Z [extract_gid_from_url] Extracted GID using Format 2: 1210917200277624
asana_integration	UNKNOWN STEP	2025-07-29T14:13:39.4800578Z [task_gid] Extracted task_gid: 1210917200277624 from URL: https://app.asana.com/1/1209016784099267/project/1210348820405981/task/1210917200277624
asana_integration	UNKNOWN STEP	2025-07-29T14:13:39.4801751Z [get_comments] get_comments() called with task_id='1210917200277624'
asana_integration	UNKNOWN STEP	2025-07-29T14:13:39.4802564Z [get_comments] Making GET request to: https://app.asana.com/api/1.0/tasks/1210917200277624/stories
asana_integration	UNKNOWN STEP	2025-07-29T14:13:39.4803290Z [get_comments] Get comments response status: 200
asana_integration	UNKNOWN STEP	2025-07-29T14:13:39.4803860Z [get_comments] Found 0 comment stories out of 3 total stories
asana_integration	UNKNOWN STEP	2025-07-29T14:13:39.4804457Z [get_comments] Processed 0 comments
asana_integration	UNKNOWN STEP	2025-07-29T14:13:39.4805032Z comments in asana: []
asana_integration	UNKNOWN STEP	2025-07-29T14:13:39.4805504Z [asana_comments_with_links] Found 0 comments with review links of 0
asana_integration	UNKNOWN STEP	2025-07-29T14:13:39.4806096Z   asana_comments_with_links: 0 comments
asana_integration	UNKNOWN STEP	2025-07-29T14:13:39.4806581Z   comments_from_github: 0 reviews
asana_integration	UNKNOWN STEP	2025-07-29T14:13:39.4807196Z [synchronize_comments_in_asana_as_multiple_blocks] No GitHub comments to process
asana_integration	UNKNOWN STEP	2025-07-29T14:13:39.4807987Z Recorded 8 HTTP interactions in http_interactions_16598640438.yaml
asana_integration	UNKNOWN STEP	2025-07-29T14:13:39.4808698Z   1. GET https://api.github.com/repos/Metta-AI/metta/pulls/1774 -> 200
asana_integration	UNKNOWN STEP	2025-07-29T14:13:39.4809476Z   2. GET https://api.github.com/repos/Metta-AI/metta/issues/1774/comments -> 200
asana_integration	UNKNOWN STEP	2025-07-29T14:13:39.4810272Z   3. GET https://api.github.com/repos/Metta-AI/metta/pulls/1774/reviews -> 200
asana_integration	UNKNOWN STEP	2025-07-29T14:13:39.4811079Z   4. GET https://api.github.com/repos/Metta-AI/metta/issues/1774/timeline -> 200
asana_integration	UNKNOWN STEP	2025-07-29T14:13:39.4812109Z   5. GET https://app.asana.com/api/1.0/projects/1209948553419016/tasks?limit=100&opt_fields=custom_fields -> 200
asana_integration	UNKNOWN STEP	2025-07-29T14:13:39.4813848Z   6. GET https://app.asana.com/api/1.0/tasks/1210917200277624?opt_fields=permalink_url%2Ccustom_fields%2Cname%2Cnotes%2Cmodified_at%2Ccompleted%2Cassignee.email%2Cfollowers.email%2Cprojects.gid -> 200
asana_integration	UNKNOWN STEP	2025-07-29T14:13:39.4815551Z   7. PUT https://app.asana.com/api/1.0/tasks/1210917200277624 -> 200
asana_integration	UNKNOWN STEP	2025-07-29T14:13:39.4816971Z   8. GET https://app.asana.com/api/1.0/tasks/1210917200277624/stories?opt_fields=text%2Chtml_text%2Ccreated_by.name%2Ccreated_by.email%2Ccreated_at%2Ctype%2Cresource_subtype%2Cis_pinned -> 200
asana_integration	UNKNOWN STEP	2025-07-29T14:13:39.5114179Z ##[group]Run actions/upload-artifact@v4
asana_integration	UNKNOWN STEP	2025-07-29T14:13:39.5114442Z with:
asana_integration	UNKNOWN STEP	2025-07-29T14:13:39.5114894Z   name: http-interactions-16598640438
asana_integration	UNKNOWN STEP	2025-07-29T14:13:39.5115174Z   path: http_interactions_*.yaml
asana_integration	UNKNOWN STEP	2025-07-29T14:13:39.5115424Z   retention-days: 7
asana_integration	UNKNOWN STEP	2025-07-29T14:13:39.5115632Z   if-no-files-found: warn
asana_integration	UNKNOWN STEP	2025-07-29T14:13:39.5115853Z   compression-level: 6
asana_integration	UNKNOWN STEP	2025-07-29T14:13:39.5116051Z   overwrite: false
asana_integration	UNKNOWN STEP	2025-07-29T14:13:39.5116254Z   include-hidden-files: false
asana_integration	UNKNOWN STEP	2025-07-29T14:13:39.5116472Z env:
asana_integration	UNKNOWN STEP	2025-07-29T14:13:39.5116701Z   UV_CACHE_DIR: /home/runner/work/_temp/setup-uv-cache
asana_integration	UNKNOWN STEP	2025-07-29T14:13:39.5116987Z ##[endgroup]
asana_integration	UNKNOWN STEP	2025-07-29T14:13:39.7255412Z With the provided path, there will be 1 file uploaded
asana_integration	UNKNOWN STEP	2025-07-29T14:13:39.7260107Z Artifact name is valid!
asana_integration	UNKNOWN STEP	2025-07-29T14:13:39.7261418Z Root directory input is valid!
asana_integration	UNKNOWN STEP	2025-07-29T14:13:39.9051866Z Beginning upload of artifact content to blob storage
asana_integration	UNKNOWN STEP	2025-07-29T14:13:40.0460977Z Uploaded bytes 11232
asana_integration	UNKNOWN STEP	2025-07-29T14:13:40.0860940Z Finished uploading artifact content to blob storage!
asana_integration	UNKNOWN STEP	2025-07-29T14:13:40.0864810Z SHA256 digest of uploaded artifact zip is aa4c5a037c202b2f3bacbfc8696ffb757130734d0482e9fbb76615fcbafefeb3
asana_integration	UNKNOWN STEP	2025-07-29T14:13:40.0866652Z Finalizing artifact upload
asana_integration	UNKNOWN STEP	2025-07-29T14:13:40.2139241Z Artifact http-interactions-16598640438.zip successfully finalized. Artifact ID 3639628351
asana_integration	UNKNOWN STEP	2025-07-29T14:13:40.2140596Z Artifact http-interactions-16598640438 has been successfully uploaded! Final size is 11232 bytes. Artifact ID is 3639628351
asana_integration	UNKNOWN STEP	2025-07-29T14:13:40.2147261Z Artifact download URL: https://github.com/Metta-AI/metta/actions/runs/16598640438/artifacts/3639628351
asana_integration	UNKNOWN STEP	2025-07-29T14:13:40.2274190Z Prepare all required actions
asana_integration	UNKNOWN STEP	2025-07-29T14:13:40.2274539Z Getting action download info
asana_integration	UNKNOWN STEP	2025-07-29T14:13:40.3731827Z ##[group]Run ./.github/actions/asana/pr_description_asana_to_gh
asana_integration	UNKNOWN STEP	2025-07-29T14:13:40.3732162Z with:
asana_integration	UNKNOWN STEP	2025-07-29T14:13:40.3732341Z   pr_number: 1774
asana_integration	UNKNOWN STEP	2025-07-29T14:13:40.3732545Z   repo: Metta-AI/metta
asana_integration	UNKNOWN STEP	2025-07-29T14:13:40.3732915Z   token: ***
asana_integration	UNKNOWN STEP	2025-07-29T14:13:40.3733301Z   task_url: https://app.asana.com/1/1209016784099267/project/1210348820405981/task/1210917200277624
asana_integration	UNKNOWN STEP	2025-07-29T14:13:40.3733724Z env:
asana_integration	UNKNOWN STEP	2025-07-29T14:13:40.3733948Z   UV_CACHE_DIR: /home/runner/work/_temp/setup-uv-cache
asana_integration	UNKNOWN STEP	2025-07-29T14:13:40.3734239Z ##[endgroup]
asana_integration	UNKNOWN STEP	2025-07-29T14:13:40.3795419Z ##[group]Run astral-sh/setup-uv@v6
asana_integration	UNKNOWN STEP	2025-07-29T14:13:40.3795666Z with:
asana_integration	UNKNOWN STEP	2025-07-29T14:13:40.3795845Z   version: 0.7.3
asana_integration	UNKNOWN STEP	2025-07-29T14:13:40.3796042Z   enable-cache: true
asana_integration	UNKNOWN STEP	2025-07-29T14:13:40.3796263Z   activate-environment: false
asana_integration	UNKNOWN STEP	2025-07-29T14:13:40.3796540Z   working-directory: /home/runner/work/metta/metta
asana_integration	UNKNOWN STEP	2025-07-29T14:13:40.3796884Z   server-url: https://github.com
asana_integration	UNKNOWN STEP	2025-07-29T14:13:40.3797257Z   github-token: ***
asana_integration	UNKNOWN STEP	2025-07-29T14:13:40.3797742Z   cache-dependency-glob: **/*requirements*.txt
asana_integration	UNKNOWN STEP	**/*requirements*.in
asana_integration	UNKNOWN STEP	**/*constraints*.txt
asana_integration	UNKNOWN STEP	**/*constraints*.in
asana_integration	UNKNOWN STEP	**/pyproject.toml
asana_integration	UNKNOWN STEP	**/uv.lock
asana_integration	UNKNOWN STEP	
asana_integration	UNKNOWN STEP	2025-07-29T14:13:40.3798268Z   prune-cache: true
asana_integration	UNKNOWN STEP	2025-07-29T14:13:40.3798484Z   ignore-nothing-to-cache: false
asana_integration	UNKNOWN STEP	2025-07-29T14:13:40.3798736Z   ignore-empty-workdir: false
asana_integration	UNKNOWN STEP	2025-07-29T14:13:40.3798962Z env:
asana_integration	UNKNOWN STEP	2025-07-29T14:13:40.3799184Z   UV_CACHE_DIR: /home/runner/work/_temp/setup-uv-cache
asana_integration	UNKNOWN STEP	2025-07-29T14:13:40.3799472Z ##[endgroup]
asana_integration	UNKNOWN STEP	2025-07-29T14:13:40.6122626Z Found uv in tool-cache for 0.7.3
asana_integration	UNKNOWN STEP	2025-07-29T14:13:40.6127027Z Added /home/runner/.local/bin to the path
asana_integration	UNKNOWN STEP	2025-07-29T14:13:40.6132597Z Added /opt/hostedtoolcache/uv/0.7.3/x86_64 to the path
asana_integration	UNKNOWN STEP	2025-07-29T14:13:40.6140371Z Set UV_CACHE_DIR to /home/runner/work/_temp/setup-uv-cache
asana_integration	UNKNOWN STEP	2025-07-29T14:13:40.6140750Z Successfully installed uv version 0.7.3
asana_integration	UNKNOWN STEP	2025-07-29T14:13:40.6142024Z Searching files using cache dependency glob: /home/runner/work/metta/metta/**/*requirements*.txt,/home/runner/work/metta/metta/**/*requirements*.in,/home/runner/work/metta/metta/**/*constraints*.txt,/home/runner/work/metta/metta/**/*constraints*.in,/home/runner/work/metta/metta/**/pyproject.toml,/home/runner/work/metta/metta/**/uv.lock
asana_integration	UNKNOWN STEP	2025-07-29T14:13:40.6367368Z /home/runner/work/metta/metta/.github/actions/asana/pr_gh_to_asana/test/requirements.txt
asana_integration	UNKNOWN STEP	2025-07-29T14:13:40.6539882Z /home/runner/work/metta/metta/agent/pyproject.toml
asana_integration	UNKNOWN STEP	2025-07-29T14:13:40.6623455Z /home/runner/work/metta/metta/app_backend/pyproject.toml
asana_integration	UNKNOWN STEP	2025-07-29T14:13:40.6700636Z /home/runner/work/metta/metta/common/pyproject.toml
asana_integration	UNKNOWN STEP	2025-07-29T14:13:40.7716065Z /home/runner/work/metta/metta/experiments/pyproject.toml
asana_integration	UNKNOWN STEP	2025-07-29T14:13:40.8022165Z /home/runner/work/metta/metta/metta/setup/tools/codeclip/pyproject.toml
asana_integration	UNKNOWN STEP	2025-07-29T14:13:40.8077382Z /home/runner/work/metta/metta/mettagrid/pyproject.toml
asana_integration	UNKNOWN STEP	2025-07-29T14:13:40.8597480Z /home/runner/work/metta/metta/pyproject.toml
asana_integration	UNKNOWN STEP	2025-07-29T14:13:40.8857238Z /home/runner/work/metta/metta/uv.lock
asana_integration	UNKNOWN STEP	2025-07-29T14:13:40.8871947Z Found 9 files to hash.
asana_integration	UNKNOWN STEP	2025-07-29T14:13:40.9101955Z Trying to restore uv cache from GitHub Actions cache with key: setup-uv-1-x86_64-unknown-linux-gnu-3.11.7-pruned-f31d0ded8f4bdf30f7c278585dbd2bb5dfd62d818fb3293fbab368bf16ff989c
asana_integration	UNKNOWN STEP	2025-07-29T14:13:41.0659090Z Cache hit for: setup-uv-1-x86_64-unknown-linux-gnu-3.11.7-pruned-f31d0ded8f4bdf30f7c278585dbd2bb5dfd62d818fb3293fbab368bf16ff989c
asana_integration	UNKNOWN STEP	2025-07-29T14:13:41.6018239Z Received 1644471 of 1644471 (100.0%), 4.3 MBs/sec
asana_integration	UNKNOWN STEP	2025-07-29T14:13:41.6018861Z Cache Size: ~2 MB (1644471 B)
asana_integration	UNKNOWN STEP	2025-07-29T14:13:41.6042233Z [command]/usr/bin/tar -xf /home/runner/work/_temp/06476a48-8ae4-45ee-ad2e-dd40a8ba9527/cache.tzst -P -C /home/runner/work/metta/metta --use-compress-program unzstd
asana_integration	UNKNOWN STEP	2025-07-29T14:13:41.6203944Z Cache restored successfully
asana_integration	UNKNOWN STEP	2025-07-29T14:13:41.6213496Z uv cache restored from GitHub Actions cache with key: setup-uv-1-x86_64-unknown-linux-gnu-3.11.7-pruned-f31d0ded8f4bdf30f7c278585dbd2bb5dfd62d818fb3293fbab368bf16ff989c
asana_integration	UNKNOWN STEP	2025-07-29T14:13:41.6312870Z ##[group]Run uv run /home/runner/work/metta/metta/./.github/actions/asana/pr_description_asana_to_gh/pr_description_asana_to_gh.py
asana_integration	UNKNOWN STEP	2025-07-29T14:13:41.6313749Z [36;1muv run /home/runner/work/metta/metta/./.github/actions/asana/pr_description_asana_to_gh/pr_description_asana_to_gh.py[0m
asana_integration	UNKNOWN STEP	2025-07-29T14:13:41.6341025Z shell: /usr/bin/bash --noprofile --norc -e -o pipefail {0}
asana_integration	UNKNOWN STEP	2025-07-29T14:13:41.6341353Z env:
asana_integration	UNKNOWN STEP	2025-07-29T14:13:41.6341589Z   UV_CACHE_DIR: /home/runner/work/_temp/setup-uv-cache
asana_integration	UNKNOWN STEP	2025-07-29T14:13:41.6341908Z   INPUT_REPO: Metta-AI/metta
asana_integration	UNKNOWN STEP	2025-07-29T14:13:41.6342149Z   INPUT_PR_NUMBER: 1774
asana_integration	UNKNOWN STEP	2025-07-29T14:13:41.6342587Z   INPUT_TASK_URL: https://app.asana.com/1/1209016784099267/project/1210348820405981/task/1210917200277624
asana_integration	UNKNOWN STEP	2025-07-29T14:13:41.6343218Z   INPUT_TOKEN: ***
asana_integration	UNKNOWN STEP	2025-07-29T14:13:41.6343428Z ##[endgroup]
asana_integration	UNKNOWN STEP	2025-07-29T14:13:41.7610301Z Installed 5 packages in 3ms
asana_integration	UNKNOWN STEP	2025-07-29T14:13:43.1103348Z Updating PR description for Metta-AI/metta #1774 with task https://app.asana.com/1/1209016784099267/project/1210348820405981/task/1210917200277624
asana_integration	UNKNOWN STEP	2025-07-29T14:13:43.1331499Z Post job cleanup.
asana_integration	UNKNOWN STEP	2025-07-29T14:13:43.1370126Z Post job cleanup.
asana_integration	UNKNOWN STEP	2025-07-29T14:13:43.2899851Z Cache hit occurred on key setup-uv-1-x86_64-unknown-linux-gnu-3.11.7-pruned-f31d0ded8f4bdf30f7c278585dbd2bb5dfd62d818fb3293fbab368bf16ff989c, not saving cache.
asana_integration	UNKNOWN STEP	2025-07-29T14:13:43.3009933Z Post job cleanup.
asana_integration	UNKNOWN STEP	2025-07-29T14:13:43.3047562Z Post job cleanup.
asana_integration	UNKNOWN STEP	2025-07-29T14:13:43.4584783Z Cache hit occurred on key setup-uv-1-x86_64-unknown-linux-gnu-unknown-pruned-f31d0ded8f4bdf30f7c278585dbd2bb5dfd62d818fb3293fbab368bf16ff989c, not saving cache.
asana_integration	UNKNOWN STEP	2025-07-29T14:13:43.4706501Z Post job cleanup.
asana_integration	UNKNOWN STEP	2025-07-29T14:13:43.5636325Z [command]/usr/bin/git version
asana_integration	UNKNOWN STEP	2025-07-29T14:13:43.5676394Z git version 2.50.1
asana_integration	UNKNOWN STEP	2025-07-29T14:13:43.5720408Z Temporarily overriding HOME='/home/runner/work/_temp/7daf928a-31ef-4454-ac24-1051876ebb30' before making global git config changes
asana_integration	UNKNOWN STEP	2025-07-29T14:13:43.5721758Z Adding repository directory to the temporary git global config as a safe directory
asana_integration	UNKNOWN STEP	2025-07-29T14:13:43.5733443Z [command]/usr/bin/git config --global --add safe.directory /home/runner/work/metta/metta
asana_integration	UNKNOWN STEP	2025-07-29T14:13:43.5768798Z [command]/usr/bin/git config --local --name-only --get-regexp core\.sshCommand
asana_integration	UNKNOWN STEP	2025-07-29T14:13:43.5801843Z [command]/usr/bin/git submodule foreach --recursive sh -c "git config --local --name-only --get-regexp 'core\.sshCommand' && git config --local --unset-all 'core.sshCommand' || :"
asana_integration	UNKNOWN STEP	2025-07-29T14:13:43.6049066Z [command]/usr/bin/git config --local --name-only --get-regexp http\.https\:\/\/github\.com\/\.extraheader
asana_integration	UNKNOWN STEP	2025-07-29T14:13:43.6071515Z http.https://github.com/.extraheader
asana_integration	UNKNOWN STEP	2025-07-29T14:13:43.6085613Z [command]/usr/bin/git config --local --unset-all http.https://github.com/.extraheader
asana_integration	UNKNOWN STEP	2025-07-29T14:13:43.6118617Z [command]/usr/bin/git submodule foreach --recursive sh -c "git config --local --name-only --get-regexp 'http\.https\:\/\/github\.com\/\.extraheader' && git config --local --unset-all 'http.https://github.com/.extraheader' || :"
asana_integration	UNKNOWN STEP	2025-07-29T14:13:43.6480568Z Cleaning up orphan processes
