asana_integration	Set up job	ï»¿2025-07-15T19:41:35.7725039Z Current runner version: '2.326.0'
asana_integration	Set up job	2025-07-15T19:41:35.7750500Z ##[group]Runner Image Provisioner
asana_integration	Set up job	2025-07-15T19:41:35.7751425Z Hosted Compute Agent
asana_integration	Set up job	2025-07-15T19:41:35.7751945Z Version: 20250711.363
asana_integration	Set up job	2025-07-15T19:41:35.7752670Z Commit: 6785254374ce925a23743850c1cb91912ce5c14c
asana_integration	Set up job	2025-07-15T19:41:35.7753373Z Build Date: 2025-07-11T20:04:25Z
asana_integration	Set up job	2025-07-15T19:41:35.7753915Z ##[endgroup]
asana_integration	Set up job	2025-07-15T19:41:35.7754555Z ##[group]Operating System
asana_integration	Set up job	2025-07-15T19:41:35.7755435Z Ubuntu
asana_integration	Set up job	2025-07-15T19:41:35.7755978Z 24.04.2
asana_integration	Set up job	2025-07-15T19:41:35.7756547Z LTS
asana_integration	Set up job	2025-07-15T19:41:35.7757006Z ##[endgroup]
asana_integration	Set up job	2025-07-15T19:41:35.7757563Z ##[group]Runner Image
asana_integration	Set up job	2025-07-15T19:41:35.7758149Z Image: ubuntu-24.04
asana_integration	Set up job	2025-07-15T19:41:35.7758666Z Version: 20250710.1.0
asana_integration	Set up job	2025-07-15T19:41:35.7759720Z Included Software: https://github.com/actions/runner-images/blob/ubuntu24/20250710.1/images/ubuntu/Ubuntu2404-Readme.md
asana_integration	Set up job	2025-07-15T19:41:35.7761086Z Image Release: https://github.com/actions/runner-images/releases/tag/ubuntu24%2F20250710.1
asana_integration	Set up job	2025-07-15T19:41:35.7762381Z ##[endgroup]
asana_integration	Set up job	2025-07-15T19:41:35.7763551Z ##[group]GITHUB_TOKEN Permissions
asana_integration	Set up job	2025-07-15T19:41:35.7765988Z Actions: read
asana_integration	Set up job	2025-07-15T19:41:35.7766581Z Contents: read
asana_integration	Set up job	2025-07-15T19:41:35.7767053Z Metadata: read
asana_integration	Set up job	2025-07-15T19:41:35.7767632Z PullRequests: write
asana_integration	Set up job	2025-07-15T19:41:35.7768196Z ##[endgroup]
asana_integration	Set up job	2025-07-15T19:41:35.7770291Z Secret source: Actions
asana_integration	Set up job	2025-07-15T19:41:35.7771144Z Prepare workflow directory
asana_integration	Set up job	2025-07-15T19:41:35.8106485Z Prepare all required actions
asana_integration	Set up job	2025-07-15T19:41:35.8146261Z Getting action download info
asana_integration	Set up job	2025-07-15T19:41:36.2878878Z ##[group]Download immutable action package 'actions/checkout@v4'
asana_integration	Set up job	2025-07-15T19:41:36.2879954Z Version: 4.2.2
asana_integration	Set up job	2025-07-15T19:41:36.2880983Z Digest: sha256:ccb2698953eaebd21c7bf6268a94f9c26518a7e38e27e0b83c1fe1ad049819b1
asana_integration	Set up job	2025-07-15T19:41:36.2882311Z Source commit SHA: 11bd71901bbe5b1630ceea73d27597364c9af683
asana_integration	Set up job	2025-07-15T19:41:36.2883127Z ##[endgroup]
asana_integration	Set up job	2025-07-15T19:41:36.4661071Z Complete job name: asana_integration
asana_integration	Checkout repository	ï»¿2025-07-15T19:41:36.5374351Z ##[group]Run actions/checkout@v4
asana_integration	Checkout repository	2025-07-15T19:41:36.5375522Z with:
asana_integration	Checkout repository	2025-07-15T19:41:36.5375929Z   repository: Metta-AI/metta
asana_integration	Checkout repository	2025-07-15T19:41:36.5376584Z   token: ***
asana_integration	Checkout repository	2025-07-15T19:41:36.5376964Z   ssh-strict: true
asana_integration	Checkout repository	2025-07-15T19:41:36.5377353Z   ssh-user: git
asana_integration	Checkout repository	2025-07-15T19:41:36.5377754Z   persist-credentials: true
asana_integration	Checkout repository	2025-07-15T19:41:36.5378204Z   clean: true
asana_integration	Checkout repository	2025-07-15T19:41:36.5378606Z   sparse-checkout-cone-mode: true
asana_integration	Checkout repository	2025-07-15T19:41:36.5379080Z   fetch-depth: 1
asana_integration	Checkout repository	2025-07-15T19:41:36.5379700Z   fetch-tags: false
asana_integration	Checkout repository	2025-07-15T19:41:36.5380220Z   show-progress: true
asana_integration	Checkout repository	2025-07-15T19:41:36.5380774Z   lfs: false
asana_integration	Checkout repository	2025-07-15T19:41:36.5381291Z   submodules: false
asana_integration	Checkout repository	2025-07-15T19:41:36.5381702Z   set-safe-directory: true
asana_integration	Checkout repository	2025-07-15T19:41:36.5382370Z ##[endgroup]
asana_integration	Checkout repository	2025-07-15T19:41:36.6490723Z Syncing repository: Metta-AI/metta
asana_integration	Checkout repository	2025-07-15T19:41:36.6492443Z ##[group]Getting Git version info
asana_integration	Checkout repository	2025-07-15T19:41:36.6493118Z Working directory is '/home/runner/work/metta/metta'
asana_integration	Checkout repository	2025-07-15T19:41:36.6494015Z [command]/usr/bin/git version
asana_integration	Checkout repository	2025-07-15T19:41:36.6573931Z git version 2.50.1
asana_integration	Checkout repository	2025-07-15T19:41:36.6600492Z ##[endgroup]
asana_integration	Checkout repository	2025-07-15T19:41:36.6615789Z Temporarily overriding HOME='/home/runner/work/_temp/7bafea4a-bbb6-4ce9-9d64-ab1e9f617729' before making global git config changes
asana_integration	Checkout repository	2025-07-15T19:41:36.6621179Z Adding repository directory to the temporary git global config as a safe directory
asana_integration	Checkout repository	2025-07-15T19:41:36.6622449Z [command]/usr/bin/git config --global --add safe.directory /home/runner/work/metta/metta
asana_integration	Checkout repository	2025-07-15T19:41:36.6658380Z Deleting the contents of '/home/runner/work/metta/metta'
asana_integration	Checkout repository	2025-07-15T19:41:36.6662318Z ##[group]Initializing the repository
asana_integration	Checkout repository	2025-07-15T19:41:36.6666738Z [command]/usr/bin/git init /home/runner/work/metta/metta
asana_integration	Checkout repository	2025-07-15T19:41:36.6739580Z hint: Using 'master' as the name for the initial branch. This default branch name
asana_integration	Checkout repository	2025-07-15T19:41:36.6741312Z hint: is subject to change. To configure the initial branch name to use in all
asana_integration	Checkout repository	2025-07-15T19:41:36.6742832Z hint: of your new repositories, which will suppress this warning, call:
asana_integration	Checkout repository	2025-07-15T19:41:36.6744257Z hint:
asana_integration	Checkout repository	2025-07-15T19:41:36.6745172Z hint: 	git config --global init.defaultBranch <name>
asana_integration	Checkout repository	2025-07-15T19:41:36.6745771Z hint:
asana_integration	Checkout repository	2025-07-15T19:41:36.6746324Z hint: Names commonly chosen instead of 'master' are 'main', 'trunk' and
asana_integration	Checkout repository	2025-07-15T19:41:36.6747220Z hint: 'development'. The just-created branch can be renamed via this command:
asana_integration	Checkout repository	2025-07-15T19:41:36.6747919Z hint:
asana_integration	Checkout repository	2025-07-15T19:41:36.6748303Z hint: 	git branch -m <name>
asana_integration	Checkout repository	2025-07-15T19:41:36.6748743Z hint:
asana_integration	Checkout repository	2025-07-15T19:41:36.6749569Z hint: Disable this message with "git config set advice.defaultBranchName false"
asana_integration	Checkout repository	2025-07-15T19:41:36.6750832Z Initialized empty Git repository in /home/runner/work/metta/metta/.git/
asana_integration	Checkout repository	2025-07-15T19:41:36.6755533Z [command]/usr/bin/git remote add origin https://github.com/Metta-AI/metta
asana_integration	Checkout repository	2025-07-15T19:41:36.6789678Z ##[endgroup]
asana_integration	Checkout repository	2025-07-15T19:41:36.6790422Z ##[group]Disabling automatic garbage collection
asana_integration	Checkout repository	2025-07-15T19:41:36.6793698Z [command]/usr/bin/git config --local gc.auto 0
asana_integration	Checkout repository	2025-07-15T19:41:36.6823375Z ##[endgroup]
asana_integration	Checkout repository	2025-07-15T19:41:36.6824070Z ##[group]Setting up auth
asana_integration	Checkout repository	2025-07-15T19:41:36.6830246Z [command]/usr/bin/git config --local --name-only --get-regexp core\.sshCommand
asana_integration	Checkout repository	2025-07-15T19:41:36.6860499Z [command]/usr/bin/git submodule foreach --recursive sh -c "git config --local --name-only --get-regexp 'core\.sshCommand' && git config --local --unset-all 'core.sshCommand' || :"
asana_integration	Checkout repository	2025-07-15T19:41:36.7217379Z [command]/usr/bin/git config --local --name-only --get-regexp http\.https\:\/\/github\.com\/\.extraheader
asana_integration	Checkout repository	2025-07-15T19:41:36.7249742Z [command]/usr/bin/git submodule foreach --recursive sh -c "git config --local --name-only --get-regexp 'http\.https\:\/\/github\.com\/\.extraheader' && git config --local --unset-all 'http.https://github.com/.extraheader' || :"
asana_integration	Checkout repository	2025-07-15T19:41:36.7484283Z [command]/usr/bin/git config --local http.https://github.com/.extraheader AUTHORIZATION: basic ***
asana_integration	Checkout repository	2025-07-15T19:41:36.7535648Z ##[endgroup]
asana_integration	Checkout repository	2025-07-15T19:41:36.7548610Z ##[group]Fetching the repository
asana_integration	Checkout repository	2025-07-15T19:41:36.7550314Z [command]/usr/bin/git -c protocol.version=2 fetch --no-tags --prune --no-recurse-submodules --depth=1 origin +56fdf9573fc95c70e25891beca4c76723ff496f5:refs/remotes/pull/1486/merge
asana_integration	Checkout repository	2025-07-15T19:41:37.5530890Z From https://github.com/Metta-AI/metta
asana_integration	Checkout repository	2025-07-15T19:41:37.5532102Z  * [new ref]         56fdf9573fc95c70e25891beca4c76723ff496f5 -> pull/1486/merge
asana_integration	Checkout repository	2025-07-15T19:41:37.5564952Z ##[endgroup]
asana_integration	Checkout repository	2025-07-15T19:41:37.5566454Z ##[group]Determining the checkout info
asana_integration	Checkout repository	2025-07-15T19:41:37.5568081Z ##[endgroup]
asana_integration	Checkout repository	2025-07-15T19:41:37.5571827Z [command]/usr/bin/git sparse-checkout disable
asana_integration	Checkout repository	2025-07-15T19:41:37.5615395Z [command]/usr/bin/git config --local --unset-all extensions.worktreeConfig
asana_integration	Checkout repository	2025-07-15T19:41:37.5647664Z ##[group]Checking out the ref
asana_integration	Checkout repository	2025-07-15T19:41:37.5651592Z [command]/usr/bin/git checkout --progress --force refs/remotes/pull/1486/merge
asana_integration	Checkout repository	2025-07-15T19:41:37.7073449Z Note: switching to 'refs/remotes/pull/1486/merge'.
asana_integration	Checkout repository	2025-07-15T19:41:37.7074513Z
asana_integration	Checkout repository	2025-07-15T19:41:37.7075738Z You are in 'detached HEAD' state. You can look around, make experimental
asana_integration	Checkout repository	2025-07-15T19:41:37.7077357Z changes and commit them, and you can discard any commits you make in this
asana_integration	Checkout repository	2025-07-15T19:41:37.7078696Z state without impacting any branches by switching back to a branch.
asana_integration	Checkout repository	2025-07-15T19:41:37.7079469Z
asana_integration	Checkout repository	2025-07-15T19:41:37.7080015Z If you want to create a new branch to retain commits you create, you may
asana_integration	Checkout repository	2025-07-15T19:41:37.7081234Z do so (now or later) by using -c with the switch command. Example:
asana_integration	Checkout repository	2025-07-15T19:41:37.7081946Z
asana_integration	Checkout repository	2025-07-15T19:41:37.7082268Z   git switch -c <new-branch-name>
asana_integration	Checkout repository	2025-07-15T19:41:37.7082827Z
asana_integration	Checkout repository	2025-07-15T19:41:37.7083151Z Or undo this operation with:
asana_integration	Checkout repository	2025-07-15T19:41:37.7083673Z
asana_integration	Checkout repository	2025-07-15T19:41:37.7083963Z   git switch -
asana_integration	Checkout repository	2025-07-15T19:41:37.7084366Z
asana_integration	Checkout repository	2025-07-15T19:41:37.7085212Z Turn off this advice by setting config variable advice.detachedHead to false
asana_integration	Checkout repository	2025-07-15T19:41:37.7086572Z
asana_integration	Checkout repository	2025-07-15T19:41:37.7087711Z HEAD is now at 56fdf95 Merge 4e002245f95633c163e6dd1b70ef747f39a33023 into c08a73ce31e86cc1b869e6c9abbbf2dae6c6391d
asana_integration	Checkout repository	2025-07-15T19:41:37.7091345Z ##[endgroup]
asana_integration	Checkout repository	2025-07-15T19:41:37.7129747Z [command]/usr/bin/git log -1 --format=%H
asana_integration	Checkout repository	2025-07-15T19:41:37.7154078Z 56fdf9573fc95c70e25891beca4c76723ff496f5
asana_integration	Extract Assignees and Reviewers	ï»¿2025-07-15T19:41:37.7449875Z ##[group]Run assignees=$(echo '[]' | jq -r '.[].login' | tr '\n' ',' | sed 's/,$//')
asana_integration	Extract Assignees and Reviewers	2025-07-15T19:41:37.7452351Z [36;1massignees=$(echo '[]' | jq -r '.[].login' | tr '\n' ',' | sed 's/,$//')[0m
asana_integration	Extract Assignees and Reviewers	2025-07-15T19:41:37.7454023Z [36;1mreviewers=$(echo '[[0m
asana_integration	Extract Assignees and Reviewers	2025-07-15T19:41:37.7455303Z [36;1m  {[0m
asana_integration	Extract Assignees and Reviewers	2025-07-15T19:41:37.7456734Z [36;1m    "avatar_url": "https://avatars.githubusercontent.com/u/2469501?v=4",[0m
asana_integration	Extract Assignees and Reviewers	2025-07-15T19:41:37.7458925Z [36;1m    "events_url": "https://api.github.com/users/sasmith/events{/privacy}",[0m
asana_integration	Extract Assignees and Reviewers	2025-07-15T19:41:37.7461045Z [36;1m    "followers_url": "https://api.github.com/users/sasmith/followers",[0m
asana_integration	Extract Assignees and Reviewers	2025-07-15T19:41:37.7463313Z [36;1m    "following_url": "https://api.github.com/users/sasmith/following{/other_user}",[0m
asana_integration	Extract Assignees and Reviewers	2025-07-15T19:41:37.7465753Z [36;1m    "gists_url": "https://api.github.com/users/sasmith/gists{/gist_id}",[0m
asana_integration	Extract Assignees and Reviewers	2025-07-15T19:41:37.7467360Z [36;1m    "gravatar_id": "",[0m
asana_integration	Extract Assignees and Reviewers	2025-07-15T19:41:37.7468538Z [36;1m    "html_url": "https://github.com/sasmith",[0m
asana_integration	Extract Assignees and Reviewers	2025-07-15T19:41:37.7469823Z [36;1m    "id": 2469501,[0m
asana_integration	Extract Assignees and Reviewers	2025-07-15T19:41:37.7470793Z [36;1m    "login": "sasmith",[0m
asana_integration	Extract Assignees and Reviewers	2025-07-15T19:41:37.7471924Z [36;1m    "node_id": "MDQ6VXNlcjI0Njk1MDE=",[0m
asana_integration	Extract Assignees and Reviewers	2025-07-15T19:41:37.7473614Z [36;1m    "organizations_url": "https://api.github.com/users/sasmith/orgs",[0m
asana_integration	Extract Assignees and Reviewers	2025-07-15T19:41:37.7476112Z [36;1m    "received_events_url": "https://api.github.com/users/sasmith/received_events",[0m
asana_integration	Extract Assignees and Reviewers	2025-07-15T19:41:37.7478258Z [36;1m    "repos_url": "https://api.github.com/users/sasmith/repos",[0m
asana_integration	Extract Assignees and Reviewers	2025-07-15T19:41:37.7479782Z [36;1m    "site_admin": false,[0m
asana_integration	Extract Assignees and Reviewers	2025-07-15T19:41:37.7481413Z [36;1m    "starred_url": "https://api.github.com/users/sasmith/starred{/owner}{/repo}",[0m
asana_integration	Extract Assignees and Reviewers	2025-07-15T19:41:37.7483746Z [36;1m    "subscriptions_url": "https://api.github.com/users/sasmith/subscriptions",[0m
asana_integration	Extract Assignees and Reviewers	2025-07-15T19:41:37.7485589Z [36;1m    "type": "User",[0m
asana_integration	Extract Assignees and Reviewers	2025-07-15T19:41:37.7486738Z [36;1m    "url": "https://api.github.com/users/sasmith",[0m
asana_integration	Extract Assignees and Reviewers	2025-07-15T19:41:37.7488121Z [36;1m    "user_view_type": "public"[0m
asana_integration	Extract Assignees and Reviewers	2025-07-15T19:41:37.7489179Z [36;1m  },[0m
asana_integration	Extract Assignees and Reviewers	2025-07-15T19:41:37.7489917Z [36;1m  {[0m
asana_integration	Extract Assignees and Reviewers	2025-07-15T19:41:37.7491172Z [36;1m    "avatar_url": "https://avatars.githubusercontent.com/u/2687775?v=4",[0m
asana_integration	Extract Assignees and Reviewers	2025-07-15T19:41:37.7493302Z [36;1m    "events_url": "https://api.github.com/users/rjwalters/events{/privacy}",[0m
asana_integration	Extract Assignees and Reviewers	2025-07-15T19:41:37.7495530Z [36;1m    "followers_url": "https://api.github.com/users/rjwalters/followers",[0m
asana_integration	Extract Assignees and Reviewers	2025-07-15T19:41:37.7497830Z [36;1m    "following_url": "https://api.github.com/users/rjwalters/following{/other_user}",[0m
asana_integration	Extract Assignees and Reviewers	2025-07-15T19:41:37.7500099Z [36;1m    "gists_url": "https://api.github.com/users/rjwalters/gists{/gist_id}",[0m
asana_integration	Extract Assignees and Reviewers	2025-07-15T19:41:37.7501719Z [36;1m    "gravatar_id": "",[0m
asana_integration	Extract Assignees and Reviewers	2025-07-15T19:41:37.7502914Z [36;1m    "html_url": "https://github.com/rjwalters",[0m
asana_integration	Extract Assignees and Reviewers	2025-07-15T19:41:37.7504163Z [36;1m    "id": 2687775,[0m
asana_integration	Extract Assignees and Reviewers	2025-07-15T19:41:37.7505239Z [36;1m    "login": "rjwalters",[0m
asana_integration	Extract Assignees and Reviewers	2025-07-15T19:41:37.7506379Z [36;1m    "node_id": "MDQ6VXNlcjI2ODc3NzU=",[0m
asana_integration	Extract Assignees and Reviewers	2025-07-15T19:41:37.7508069Z [36;1m    "organizations_url": "https://api.github.com/users/rjwalters/orgs",[0m
asana_integration	Extract Assignees and Reviewers	2025-07-15T19:41:37.7510346Z [36;1m    "received_events_url": "https://api.github.com/users/rjwalters/received_events",[0m
asana_integration	Extract Assignees and Reviewers	2025-07-15T19:41:37.7512580Z [36;1m    "repos_url": "https://api.github.com/users/rjwalters/repos",[0m
asana_integration	Extract Assignees and Reviewers	2025-07-15T19:41:37.7514051Z [36;1m    "site_admin": false,[0m
asana_integration	Extract Assignees and Reviewers	2025-07-15T19:41:37.7515811Z [36;1m    "starred_url": "https://api.github.com/users/rjwalters/starred{/owner}{/repo}",[0m
asana_integration	Extract Assignees and Reviewers	2025-07-15T19:41:37.7518167Z [36;1m    "subscriptions_url": "https://api.github.com/users/rjwalters/subscriptions",[0m
asana_integration	Extract Assignees and Reviewers	2025-07-15T19:41:37.7519912Z [36;1m    "type": "User",[0m
asana_integration	Extract Assignees and Reviewers	2025-07-15T19:41:37.7521076Z [36;1m    "url": "https://api.github.com/users/rjwalters",[0m
asana_integration	Extract Assignees and Reviewers	2025-07-15T19:41:37.7522780Z [36;1m    "user_view_type": "public"[0m
asana_integration	Extract Assignees and Reviewers	2025-07-15T19:41:37.7523853Z [36;1m  }[0m
asana_integration	Extract Assignees and Reviewers	2025-07-15T19:41:37.7524876Z [36;1m]' | jq -r '.[].login' | tr '\n' ',' | sed 's/,$//')[0m
asana_integration	Extract Assignees and Reviewers	2025-07-15T19:41:37.7526393Z [36;1m[0m
asana_integration	Extract Assignees and Reviewers	2025-07-15T19:41:37.7527369Z [36;1mecho "assignees=$assignees" >> $GITHUB_OUTPUT[0m
asana_integration	Extract Assignees and Reviewers	2025-07-15T19:41:37.7528847Z [36;1mecho "reviewers=$reviewers" >> $GITHUB_OUTPUT[0m
asana_integration	Extract Assignees and Reviewers	2025-07-15T19:41:37.7566125Z shell: /usr/bin/bash -e {0}
asana_integration	Extract Assignees and Reviewers	2025-07-15T19:41:37.7567190Z ##[endgroup]
asana_integration	Sync PR Task (GH to Asana)	ï»¿2025-07-15T19:41:37.8036971Z Prepare all required actions
asana_integration	Sync PR Task (GH to Asana)	2025-07-15T19:41:37.8038423Z Getting action download info
asana_integration	Sync PR Task (GH to Asana)	2025-07-15T19:41:37.9915990Z Download action repository 'astral-sh/setup-uv@v6' (SHA:bd01e18f51369d5a26f1651c3cb451d3417e3bba)
asana_integration	Sync PR Task (GH to Asana)	2025-07-15T19:41:38.6273146Z ##[group]Run ./.github/actions/asana/pr_gh_to_asana
asana_integration	Sync PR Task (GH to Asana)	2025-07-15T19:41:38.6274260Z with:
asana_integration	Sync PR Task (GH to Asana)	2025-07-15T19:41:38.6275197Z   title: Hollander/asana integration c
asana_integration	Sync PR Task (GH to Asana)	2025-07-15T19:41:38.6277027Z   description:
asana_integration	Sync PR Task (GH to Asana)
asana_integration	Sync PR Task (GH to Asana)	[Asana Task](https://app.asana.com/1/1209016784099267/project/1210348820405981/task/1210804661391892)
asana_integration	Sync PR Task (GH to Asana)	2025-07-15T19:41:38.6278845Z   pr_state: open
asana_integration	Sync PR Task (GH to Asana)	2025-07-15T19:41:38.6279568Z   author: badjacent
asana_integration	Sync PR Task (GH to Asana)	2025-07-15T19:41:38.6280335Z   reviewers: sasmith,rjwalters
asana_integration	Sync PR Task (GH to Asana)	2025-07-15T19:41:38.6281217Z   project_id: 1210348820405981
asana_integration	Sync PR Task (GH to Asana)	2025-07-15T19:41:38.6282085Z   workspace_id: 1209016784099267
asana_integration	Sync PR Task (GH to Asana)	2025-07-15T19:41:38.6283622Z   asana_token: ***
asana_integration	Sync PR Task (GH to Asana)	2025-07-15T19:41:38.6284561Z   github_url: https://github.com/Metta-AI/metta/pull/1486
asana_integration	Sync PR Task (GH to Asana)	2025-07-15T19:41:38.6285862Z   github_url_field_id: 1210578228718257
asana_integration	Sync PR Task (GH to Asana)	2025-07-15T19:41:38.6286862Z   roster_project_id: 1209948553419016
asana_integration	Sync PR Task (GH to Asana)	2025-07-15T19:41:38.6287796Z   gh_login_field_id: 1210594297567963
asana_integration	Sync PR Task (GH to Asana)	2025-07-15T19:41:38.6288759Z   asana_email_field_id: 1209050603577235
asana_integration	Sync PR Task (GH to Asana)	2025-07-15T19:41:38.6289727Z   pr_author_field_id: 1210679003513019
asana_integration	Sync PR Task (GH to Asana)	2025-07-15T19:41:38.6291249Z   asana_attachment_secret: ***
asana_integration	Sync PR Task (GH to Asana)	2025-07-15T19:41:38.6292103Z   pr_number: 1486
asana_integration	Sync PR Task (GH to Asana)	2025-07-15T19:41:38.6292853Z   github_repo: Metta-AI/metta
asana_integration	Sync PR Task (GH to Asana)	2025-07-15T19:41:38.6294108Z   github_token: ***
asana_integration	Sync PR Task (GH to Asana)	2025-07-15T19:41:38.6295018Z ##[endgroup]
asana_integration	Sync PR Task (GH to Asana)	2025-07-15T19:41:38.6481252Z ##[group]Run astral-sh/setup-uv@v6
asana_integration	Sync PR Task (GH to Asana)	2025-07-15T19:41:38.6482218Z with:
asana_integration	Sync PR Task (GH to Asana)	2025-07-15T19:41:38.6482870Z   version: 0.7.3
asana_integration	Sync PR Task (GH to Asana)	2025-07-15T19:41:38.6483578Z   enable-cache: true
asana_integration	Sync PR Task (GH to Asana)	2025-07-15T19:41:38.6484363Z   activate-environment: false
asana_integration	Sync PR Task (GH to Asana)	2025-07-15T19:41:38.6485545Z   working-directory: /home/runner/work/metta/metta
asana_integration	Sync PR Task (GH to Asana)	2025-07-15T19:41:38.6486666Z   server-url: https://github.com
asana_integration	Sync PR Task (GH to Asana)	2025-07-15T19:41:38.6487898Z   github-token: ***
asana_integration	Sync PR Task (GH to Asana)	2025-07-15T19:41:38.6489660Z   cache-dependency-glob: **/*requirements*.txt
asana_integration	Sync PR Task (GH to Asana)	**/*requirements*.in
asana_integration	Sync PR Task (GH to Asana)	**/*constraints*.txt
asana_integration	Sync PR Task (GH to Asana)	**/*constraints*.in
asana_integration	Sync PR Task (GH to Asana)	**/pyproject.toml
asana_integration	Sync PR Task (GH to Asana)	**/uv.lock
asana_integration	Sync PR Task (GH to Asana)
asana_integration	Sync PR Task (GH to Asana)	2025-07-15T19:41:38.6491651Z   prune-cache: true
asana_integration	Sync PR Task (GH to Asana)	2025-07-15T19:41:38.6492437Z   ignore-nothing-to-cache: false
asana_integration	Sync PR Task (GH to Asana)	2025-07-15T19:41:38.6493349Z   ignore-empty-workdir: false
asana_integration	Sync PR Task (GH to Asana)	2025-07-15T19:41:38.6494195Z ##[endgroup]
asana_integration	Sync PR Task (GH to Asana)	2025-07-15T19:41:38.8981936Z manifest-file not provided, reading from local file.
asana_integration	Sync PR Task (GH to Asana)	2025-07-15T19:41:38.9024797Z Downloading uv from "https://github.com/astral-sh/uv/releases/download/0.7.3/uv-x86_64-unknown-linux-gnu.tar.gz" ...
asana_integration	Sync PR Task (GH to Asana)	2025-07-15T19:41:39.3077001Z [command]/usr/bin/tar xz --warning=no-unknown-keyword --overwrite -C /home/runner/work/_temp/c352422b-4c74-4dde-8295-cc7929eb8bc6 -f /home/runner/work/_temp/f005ff28-cab2-471c-83cb-b831820a7d86
asana_integration	Sync PR Task (GH to Asana)	2025-07-15T19:41:39.6735085Z Added /home/runner/.local/bin to the path
asana_integration	Sync PR Task (GH to Asana)	2025-07-15T19:41:39.6738229Z Added /opt/hostedtoolcache/uv/0.7.3/x86_64 to the path
asana_integration	Sync PR Task (GH to Asana)	2025-07-15T19:41:39.6764530Z Set UV_CACHE_DIR to /home/runner/work/_temp/setup-uv-cache
asana_integration	Sync PR Task (GH to Asana)	2025-07-15T19:41:39.6765528Z Successfully installed uv version 0.7.3
asana_integration	Sync PR Task (GH to Asana)	2025-07-15T19:41:39.6766656Z Searching files using cache dependency glob: **/*requirements*.txt,**/*requirements*.in,**/*constraints*.txt,**/*constraints*.in,**/pyproject.toml,**/uv.lock
asana_integration	Sync PR Task (GH to Asana)	2025-07-15T19:41:39.7055926Z /home/runner/work/metta/metta/agent/pyproject.toml
asana_integration	Sync PR Task (GH to Asana)	2025-07-15T19:41:39.7174928Z /home/runner/work/metta/metta/app_backend/pyproject.toml
asana_integration	Sync PR Task (GH to Asana)	2025-07-15T19:41:39.7236935Z /home/runner/work/metta/metta/common/pyproject.toml
asana_integration	Sync PR Task (GH to Asana)	2025-07-15T19:41:39.8302064Z /home/runner/work/metta/metta/mettagrid/pyproject.toml
asana_integration	Sync PR Task (GH to Asana)	2025-07-15T19:41:39.8860205Z /home/runner/work/metta/metta/pyproject.toml
asana_integration	Sync PR Task (GH to Asana)	2025-07-15T19:41:39.9239282Z /home/runner/work/metta/metta/uv.lock
asana_integration	Sync PR Task (GH to Asana)	2025-07-15T19:41:39.9249969Z Found 6 files to hash.
asana_integration	Sync PR Task (GH to Asana)	2025-07-15T19:41:40.0361734Z Trying to restore uv cache from GitHub Actions cache with key: setup-uv-1-x86_64-unknown-linux-gnu-unknown-pruned-fc7ad3d6132e153efefb4acae453fc8242b7ddf9bf716f8e4f241dc1c5de034f
asana_integration	Sync PR Task (GH to Asana)	2025-07-15T19:41:40.4058179Z Cache hit for: setup-uv-1-x86_64-unknown-linux-gnu-unknown-pruned-fc7ad3d6132e153efefb4acae453fc8242b7ddf9bf716f8e4f241dc1c5de034f
asana_integration	Sync PR Task (GH to Asana)	2025-07-15T19:41:41.0577257Z Received 219325 of 219325 (100.0%), 0.6 MBs/sec
asana_integration	Sync PR Task (GH to Asana)	2025-07-15T19:41:41.0577809Z Cache Size: ~0 MB (219325 B)
asana_integration	Sync PR Task (GH to Asana)	2025-07-15T19:41:41.0604441Z [command]/usr/bin/tar -xf /home/runner/work/_temp/25be73e9-7229-43ab-8703-b1fa6048654b/cache.tzst -P -C /home/runner/work/metta/metta --use-compress-program unzstd
asana_integration	Sync PR Task (GH to Asana)	2025-07-15T19:41:41.0802374Z Cache restored successfully
asana_integration	Sync PR Task (GH to Asana)	2025-07-15T19:41:41.0809999Z uv cache restored from GitHub Actions cache with key: setup-uv-1-x86_64-unknown-linux-gnu-unknown-pruned-fc7ad3d6132e153efefb4acae453fc8242b7ddf9bf716f8e4f241dc1c5de034f
asana_integration	Sync PR Task (GH to Asana)	2025-07-15T19:41:41.0962501Z ##[group]Run uv run /home/runner/work/metta/metta/./.github/actions/asana/pr_gh_to_asana/pr_gh_to_asana.py
asana_integration	Sync PR Task (GH to Asana)	2025-07-15T19:41:41.0963207Z [36;1muv run /home/runner/work/metta/metta/./.github/actions/asana/pr_gh_to_asana/pr_gh_to_asana.py[0m
asana_integration	Sync PR Task (GH to Asana)	2025-07-15T19:41:41.0996862Z shell: /usr/bin/bash --noprofile --norc -e -o pipefail {0}
asana_integration	Sync PR Task (GH to Asana)	2025-07-15T19:41:41.0997236Z env:
asana_integration	Sync PR Task (GH to Asana)	2025-07-15T19:41:41.0997487Z   UV_CACHE_DIR: /home/runner/work/_temp/setup-uv-cache
asana_integration	Sync PR Task (GH to Asana)	2025-07-15T19:41:41.0997835Z   INPUT_TITLE: Hollander/asana integration c
asana_integration	Sync PR Task (GH to Asana)	2025-07-15T19:41:41.0998397Z   INPUT_DESCRIPTION:
asana_integration	Sync PR Task (GH to Asana)
asana_integration	Sync PR Task (GH to Asana)	[Asana Task](https://app.asana.com/1/1209016784099267/project/1210348820405981/task/1210804661391892)
asana_integration	Sync PR Task (GH to Asana)	2025-07-15T19:41:41.0998922Z   INPUT_PR_STATE: open
asana_integration	Sync PR Task (GH to Asana)	2025-07-15T19:41:41.0999130Z   INPUT_AUTHOR: badjacent
asana_integration	Sync PR Task (GH to Asana)	2025-07-15T19:41:41.0999353Z   INPUT_ASSIGNEES:
asana_integration	Sync PR Task (GH to Asana)	2025-07-15T19:41:41.0999606Z   INPUT_REVIEWERS: sasmith,rjwalters
asana_integration	Sync PR Task (GH to Asana)	2025-07-15T19:41:41.0999857Z   INPUT_PROJECT_ID: 1210348820405981
asana_integration	Sync PR Task (GH to Asana)	2025-07-15T19:41:41.1000095Z   INPUT_WORKSPACE_ID: 1209016784099267
asana_integration	Sync PR Task (GH to Asana)	2025-07-15T19:41:41.1000642Z   INPUT_ASANA_TOKEN: ***
asana_integration	Sync PR Task (GH to Asana)	2025-07-15T19:41:41.1001029Z   INPUT_GITHUB_URL: https://github.com/Metta-AI/metta/pull/1486
asana_integration	Sync PR Task (GH to Asana)	2025-07-15T19:41:41.1001380Z   INPUT_GITHUB_URL_FIELD_ID: 1210578228718257
asana_integration	Sync PR Task (GH to Asana)	2025-07-15T19:41:41.1001674Z   INPUT_ROSTER_PROJECT_ID: 1209948553419016
asana_integration	Sync PR Task (GH to Asana)	2025-07-15T19:41:41.1001946Z   INPUT_GH_LOGIN_FIELD_ID: 1210594297567963
asana_integration	Sync PR Task (GH to Asana)	2025-07-15T19:41:41.1002210Z   INPUT_ASANA_EMAIL_FIELD_ID: 1209050603577235
asana_integration	Sync PR Task (GH to Asana)	2025-07-15T19:41:41.1002481Z   INPUT_PR_AUTHOR_FIELD_ID: 1210679003513019
asana_integration	Sync PR Task (GH to Asana)	2025-07-15T19:41:41.1002927Z   INPUT_ASANA_ATTACHMENT_SECRET: ***
asana_integration	Sync PR Task (GH to Asana)	2025-07-15T19:41:41.1003180Z   INPUT_PR_NUMBER: 1486
asana_integration	Sync PR Task (GH to Asana)	2025-07-15T19:41:41.1003394Z   INPUT_GITHUB_REPO: Metta-AI/metta
asana_integration	Sync PR Task (GH to Asana)	2025-07-15T19:41:41.1003789Z   INPUT_GITHUB_TOKEN: ***
asana_integration	Sync PR Task (GH to Asana)	2025-07-15T19:41:41.1004019Z ##[endgroup]
asana_integration	Sync PR Task (GH to Asana)	2025-07-15T19:41:41.3446065Z Downloading cpython-3.11.7-linux-x86_64-gnu (download) (28.0MiB)
asana_integration	Sync PR Task (GH to Asana)	2025-07-15T19:41:41.8718453Z  Downloading cpython-3.11.7-linux-x86_64-gnu (download)
asana_integration	Sync PR Task (GH to Asana)	2025-07-15T19:41:42.1115034Z Installed 5 packages in 4ms
asana_integration	Sync PR Task (GH to Asana)	2025-07-15T19:41:42.9487633Z Pull request retrieved from GitHub: {
asana_integration	Sync PR Task (GH to Asana)	2025-07-15T19:41:42.9488418Z   "url": "https://api.github.com/repos/Metta-AI/metta/pulls/1486",
asana_integration	Sync PR Task (GH to Asana)	2025-07-15T19:41:42.9489215Z   "id": 2668476480,
asana_integration	Sync PR Task (GH to Asana)	2025-07-15T19:41:42.9489591Z   "node_id": "PR_kwDOMk49j86fDbhA",
asana_integration	Sync PR Task (GH to Asana)	2025-07-15T19:41:42.9490186Z   "html_url": "https://github.com/Metta-AI/metta/pull/1486",
asana_integration	Sync PR Task (GH to Asana)	2025-07-15T19:41:42.9490854Z   "diff_url": "https://github.com/Metta-AI/metta/pull/1486.diff",
asana_integration	Sync PR Task (GH to Asana)	2025-07-15T19:41:42.9491557Z   "patch_url": "https://github.com/Metta-AI/metta/pull/1486.patch",
asana_integration	Sync PR Task (GH to Asana)	2025-07-15T19:41:42.9492312Z   "issue_url": "https://api.github.com/repos/Metta-AI/metta/issues/1486",
asana_integration	Sync PR Task (GH to Asana)	2025-07-15T19:41:42.9493356Z   "number": 1486,
asana_integration	Sync PR Task (GH to Asana)	2025-07-15T19:41:42.9493698Z   "state": "open",
asana_integration	Sync PR Task (GH to Asana)	2025-07-15T19:41:42.9494027Z   "locked": false,
asana_integration	Sync PR Task (GH to Asana)	2025-07-15T19:41:42.9494392Z   "title": "Hollander/asana integration c",
asana_integration	Sync PR Task (GH to Asana)	2025-07-15T19:41:42.9495056Z   "user": {
asana_integration	Sync PR Task (GH to Asana)	2025-07-15T19:41:42.9495370Z     "login": "badjacent",
asana_integration	Sync PR Task (GH to Asana)	2025-07-15T19:41:42.9495725Z     "id": 3730593,
asana_integration	Sync PR Task (GH to Asana)	2025-07-15T19:41:42.9496072Z     "node_id": "MDQ6VXNlcjM3MzA1OTM=",
asana_integration	Sync PR Task (GH to Asana)	2025-07-15T19:41:42.9496692Z     "avatar_url": "https://avatars.githubusercontent.com/u/3730593?v=4",
asana_integration	Sync PR Task (GH to Asana)	2025-07-15T19:41:42.9497277Z     "gravatar_id": "",
asana_integration	Sync PR Task (GH to Asana)	2025-07-15T19:41:42.9497691Z     "url": "https://api.github.com/users/badjacent",
asana_integration	Sync PR Task (GH to Asana)	2025-07-15T19:41:42.9498659Z     "html_url": "https://github.com/badjacent",
asana_integration	Sync PR Task (GH to Asana)	2025-07-15T19:41:42.9499375Z     "followers_url": "https://api.github.com/users/badjacent/followers",
asana_integration	Sync PR Task (GH to Asana)	2025-07-15T19:41:42.9500137Z     "following_url": "https://api.github.com/users/badjacent/following{/other_user}",
asana_integration	Sync PR Task (GH to Asana)	2025-07-15T19:41:42.9500871Z     "gists_url": "https://api.github.com/users/badjacent/gists{/gist_id}",
asana_integration	Sync PR Task (GH to Asana)	2025-07-15T19:41:42.9501626Z     "starred_url": "https://api.github.com/users/badjacent/starred{/owner}{/repo}",
asana_integration	Sync PR Task (GH to Asana)	2025-07-15T19:41:42.9502135Z     "subscriptions_url": "https://api.github.com/users/badjacent/subscriptions",
asana_integration	Sync PR Task (GH to Asana)	2025-07-15T19:41:42.9502600Z     "organizations_url": "https://api.github.com/users/badjacent/orgs",
asana_integration	Sync PR Task (GH to Asana)	2025-07-15T19:41:42.9503217Z     "repos_url": "https://api.github.com/users/badjacent/repos",
asana_integration	Sync PR Task (GH to Asana)	2025-07-15T19:41:42.9503644Z     "events_url": "https://api.github.com/users/badjacent/events{/privacy}",
asana_integration	Sync PR Task (GH to Asana)	2025-07-15T19:41:42.9504108Z     "received_events_url": "https://api.github.com/users/badjacent/received_events",
asana_integration	Sync PR Task (GH to Asana)	2025-07-15T19:41:42.9504477Z     "type": "User",
asana_integration	Sync PR Task (GH to Asana)	2025-07-15T19:41:42.9504965Z     "user_view_type": "public",
asana_integration	Sync PR Task (GH to Asana)	2025-07-15T19:41:42.9505277Z     "site_admin": false
asana_integration	Sync PR Task (GH to Asana)	2025-07-15T19:41:42.9505470Z   },
asana_integration	Sync PR Task (GH to Asana)	2025-07-15T19:41:42.9505861Z   "body": "\n\n[Asana Task](https://app.asana.com/1/1209016784099267/project/1210348820405981/task/1210804661391892)",
asana_integration	Sync PR Task (GH to Asana)	2025-07-15T19:41:42.9506333Z   "created_at": "2025-07-15T19:29:41Z",
asana_integration	Sync PR Task (GH to Asana)	2025-07-15T19:41:42.9506586Z   "updated_at": "2025-07-15T19:41:28Z",
asana_integration	Sync PR Task (GH to Asana)	2025-07-15T19:41:42.9506810Z   "closed_at": null,
asana_integration	Sync PR Task (GH to Asana)	2025-07-15T19:41:42.9507003Z   "merged_at": null,
asana_integration	Sync PR Task (GH to Asana)	2025-07-15T19:41:42.9507259Z   "merge_commit_sha": "56fdf9573fc95c70e25891beca4c76723ff496f5",
asana_integration	Sync PR Task (GH to Asana)	2025-07-15T19:41:42.9507565Z   "assignee": null,
asana_integration	Sync PR Task (GH to Asana)	2025-07-15T19:41:42.9507755Z   "assignees": [],
asana_integration	Sync PR Task (GH to Asana)	2025-07-15T19:41:42.9507951Z   "requested_reviewers": [
asana_integration	Sync PR Task (GH to Asana)	2025-07-15T19:41:42.9508155Z     {
asana_integration	Sync PR Task (GH to Asana)	2025-07-15T19:41:42.9508326Z       "login": "sasmith",
asana_integration	Sync PR Task (GH to Asana)	2025-07-15T19:41:42.9508530Z       "id": 2469501,
asana_integration	Sync PR Task (GH to Asana)	2025-07-15T19:41:42.9508742Z       "node_id": "MDQ6VXNlcjI0Njk1MDE=",
asana_integration	Sync PR Task (GH to Asana)	2025-07-15T19:41:42.9509095Z       "avatar_url": "https://avatars.githubusercontent.com/u/2469501?v=4",
asana_integration	Sync PR Task (GH to Asana)	2025-07-15T19:41:42.9509433Z       "gravatar_id": "",
asana_integration	Sync PR Task (GH to Asana)	2025-07-15T19:41:42.9509678Z       "url": "https://api.github.com/users/sasmith",
asana_integration	Sync PR Task (GH to Asana)	2025-07-15T19:41:42.9509978Z       "html_url": "https://github.com/sasmith",
asana_integration	Sync PR Task (GH to Asana)	2025-07-15T19:41:42.9510320Z       "followers_url": "https://api.github.com/users/sasmith/followers",
asana_integration	Sync PR Task (GH to Asana)	2025-07-15T19:41:42.9510777Z       "following_url": "https://api.github.com/users/sasmith/following{/other_user}",
asana_integration	Sync PR Task (GH to Asana)	2025-07-15T19:41:42.9511217Z       "gists_url": "https://api.github.com/users/sasmith/gists{/gist_id}",
asana_integration	Sync PR Task (GH to Asana)	2025-07-15T19:41:42.9511656Z       "starred_url": "https://api.github.com/users/sasmith/starred{/owner}{/repo}",
asana_integration	Sync PR Task (GH to Asana)	2025-07-15T19:41:42.9512119Z       "subscriptions_url": "https://api.github.com/users/sasmith/subscriptions",
asana_integration	Sync PR Task (GH to Asana)	2025-07-15T19:41:42.9512559Z       "organizations_url": "https://api.github.com/users/sasmith/orgs",
asana_integration	Sync PR Task (GH to Asana)	2025-07-15T19:41:42.9512955Z       "repos_url": "https://api.github.com/users/sasmith/repos",
asana_integration	Sync PR Task (GH to Asana)	2025-07-15T19:41:42.9513338Z       "events_url": "https://api.github.com/users/sasmith/events{/privacy}",
asana_integration	Sync PR Task (GH to Asana)	2025-07-15T19:41:42.9513783Z       "received_events_url": "https://api.github.com/users/sasmith/received_events",
asana_integration	Sync PR Task (GH to Asana)	2025-07-15T19:41:42.9514136Z       "type": "User",
asana_integration	Sync PR Task (GH to Asana)	2025-07-15T19:41:42.9514344Z       "user_view_type": "public",
asana_integration	Sync PR Task (GH to Asana)	2025-07-15T19:41:42.9515072Z       "site_admin": false
asana_integration	Sync PR Task (GH to Asana)	2025-07-15T19:41:42.9515272Z     },
asana_integration	Sync PR Task (GH to Asana)	2025-07-15T19:41:42.9515429Z     {
asana_integration	Sync PR Task (GH to Asana)	2025-07-15T19:41:42.9515604Z       "login": "rjwalters",
asana_integration	Sync PR Task (GH to Asana)	2025-07-15T19:41:42.9515814Z       "id": 2687775,
asana_integration	Sync PR Task (GH to Asana)	2025-07-15T19:41:42.9516025Z       "node_id": "MDQ6VXNlcjI2ODc3NzU=",
asana_integration	Sync PR Task (GH to Asana)	2025-07-15T19:41:42.9516376Z       "avatar_url": "https://avatars.githubusercontent.com/u/2687775?v=4",
asana_integration	Sync PR Task (GH to Asana)	2025-07-15T19:41:42.9516713Z       "gravatar_id": "",
asana_integration	Sync PR Task (GH to Asana)	2025-07-15T19:41:42.9516954Z       "url": "https://api.github.com/users/rjwalters",
asana_integration	Sync PR Task (GH to Asana)	2025-07-15T19:41:42.9517255Z       "html_url": "https://github.com/rjwalters",
asana_integration	Sync PR Task (GH to Asana)	2025-07-15T19:41:42.9517746Z       "followers_url": "https://api.github.com/users/rjwalters/followers",
asana_integration	Sync PR Task (GH to Asana)	2025-07-15T19:41:42.9518192Z       "following_url": "https://api.github.com/users/rjwalters/following{/other_user}",
asana_integration	Sync PR Task (GH to Asana)	2025-07-15T19:41:42.9518636Z       "gists_url": "https://api.github.com/users/rjwalters/gists{/gist_id}",
asana_integration	Sync PR Task (GH to Asana)	2025-07-15T19:41:42.9519077Z       "starred_url": "https://api.github.com/users/rjwalters/starred{/owner}{/repo}",
asana_integration	Sync PR Task (GH to Asana)	2025-07-15T19:41:42.9519552Z       "subscriptions_url": "https://api.github.com/users/rjwalters/subscriptions",
asana_integration	Sync PR Task (GH to Asana)	2025-07-15T19:41:42.9519996Z       "organizations_url": "https://api.github.com/users/rjwalters/orgs",
asana_integration	Sync PR Task (GH to Asana)	2025-07-15T19:41:42.9520391Z       "repos_url": "https://api.github.com/users/rjwalters/repos",
asana_integration	Sync PR Task (GH to Asana)	2025-07-15T19:41:42.9520791Z       "events_url": "https://api.github.com/users/rjwalters/events{/privacy}",
asana_integration	Sync PR Task (GH to Asana)	2025-07-15T19:41:42.9521245Z       "received_events_url": "https://api.github.com/users/rjwalters/received_events",
asana_integration	Sync PR Task (GH to Asana)	2025-07-15T19:41:42.9521611Z       "type": "User",
asana_integration	Sync PR Task (GH to Asana)	2025-07-15T19:41:42.9521820Z       "user_view_type": "public",
asana_integration	Sync PR Task (GH to Asana)	2025-07-15T19:41:42.9522053Z       "site_admin": false
asana_integration	Sync PR Task (GH to Asana)	2025-07-15T19:41:42.9522240Z     }
asana_integration	Sync PR Task (GH to Asana)	2025-07-15T19:41:42.9522403Z   ],
asana_integration	Sync PR Task (GH to Asana)	2025-07-15T19:41:42.9522574Z   "requested_teams": [],
asana_integration	Sync PR Task (GH to Asana)	2025-07-15T19:41:42.9522776Z   "labels": [],
asana_integration	Sync PR Task (GH to Asana)	2025-07-15T19:41:42.9522960Z   "milestone": null,
asana_integration	Sync PR Task (GH to Asana)	2025-07-15T19:41:42.9523145Z   "draft": false,
asana_integration	Sync PR Task (GH to Asana)	2025-07-15T19:41:42.9523455Z   "commits_url": "https://api.github.com/repos/Metta-AI/metta/pulls/1486/commits",
asana_integration	Sync PR Task (GH to Asana)	2025-07-15T19:41:42.9523961Z   "review_comments_url": "https://api.github.com/repos/Metta-AI/metta/pulls/1486/comments",
asana_integration	Sync PR Task (GH to Asana)	2025-07-15T19:41:42.9524500Z   "review_comment_url": "https://api.github.com/repos/Metta-AI/metta/pulls/comments{/number}",
asana_integration	Sync PR Task (GH to Asana)	2025-07-15T19:41:42.9525149Z   "comments_url": "https://api.github.com/repos/Metta-AI/metta/issues/1486/comments",
asana_integration	Sync PR Task (GH to Asana)	2025-07-15T19:41:42.9525734Z   "statuses_url": "https://api.github.com/repos/Metta-AI/metta/statuses/4e002245f95633c163e6dd1b70ef747f39a33023",
asana_integration	Sync PR Task (GH to Asana)	2025-07-15T19:41:42.9526196Z   "head": {
asana_integration	Sync PR Task (GH to Asana)	2025-07-15T19:41:42.9526411Z     "label": "Metta-AI:hollander/asana-integration-c",
asana_integration	Sync PR Task (GH to Asana)	2025-07-15T19:41:42.9526709Z     "ref": "hollander/asana-integration-c",
asana_integration	Sync PR Task (GH to Asana)	2025-07-15T19:41:42.9526989Z     "sha": "4e002245f95633c163e6dd1b70ef747f39a33023",
asana_integration	Sync PR Task (GH to Asana)	2025-07-15T19:41:42.9527243Z     "user": {
asana_integration	Sync PR Task (GH to Asana)	2025-07-15T19:41:42.9527428Z       "login": "Metta-AI",
asana_integration	Sync PR Task (GH to Asana)	2025-07-15T19:41:42.9527638Z       "id": 178685062,
asana_integration	Sync PR Task (GH to Asana)	2025-07-15T19:41:42.9527830Z       "node_id": "O_kgDOCqaEhg",
asana_integration	Sync PR Task (GH to Asana)	2025-07-15T19:41:42.9528158Z       "avatar_url": "https://avatars.githubusercontent.com/u/178685062?v=4",
asana_integration	Sync PR Task (GH to Asana)	2025-07-15T19:41:42.9528499Z       "gravatar_id": "",
asana_integration	Sync PR Task (GH to Asana)	2025-07-15T19:41:42.9528744Z       "url": "https://api.github.com/users/Metta-AI",
asana_integration	Sync PR Task (GH to Asana)	2025-07-15T19:41:42.9529295Z       "html_url": "https://github.com/Metta-AI",
asana_integration	Sync PR Task (GH to Asana)	2025-07-15T19:41:42.9529676Z       "followers_url": "https://api.github.com/users/Metta-AI/followers",
asana_integration	Sync PR Task (GH to Asana)	2025-07-15T19:41:42.9530115Z       "following_url": "https://api.github.com/users/Metta-AI/following{/other_user}",
asana_integration	Sync PR Task (GH to Asana)	2025-07-15T19:41:42.9530857Z       "gists_url": "https://api.github.com/users/Metta-AI/gists{/gist_id}",
asana_integration	Sync PR Task (GH to Asana)	2025-07-15T19:41:42.9531561Z       "starred_url": "https://api.github.com/users/Metta-AI/starred{/owner}{/repo}",
asana_integration	Sync PR Task (GH to Asana)	2025-07-15T19:41:42.9532037Z       "subscriptions_url": "https://api.github.com/users/Metta-AI/subscriptions",
asana_integration	Sync PR Task (GH to Asana)	2025-07-15T19:41:42.9532561Z       "organizations_url": "https://api.github.com/users/Metta-AI/orgs",
asana_integration	Sync PR Task (GH to Asana)	2025-07-15T19:41:42.9533155Z       "repos_url": "https://api.github.com/users/Metta-AI/repos",
asana_integration	Sync PR Task (GH to Asana)	2025-07-15T19:41:42.9533556Z       "events_url": "https://api.github.com/users/Metta-AI/events{/privacy}",
asana_integration	Sync PR Task (GH to Asana)	2025-07-15T19:41:42.9534002Z       "received_events_url": "https://api.github.com/users/Metta-AI/received_events",
asana_integration	Sync PR Task (GH to Asana)	2025-07-15T19:41:42.9534368Z       "type": "Organization",
asana_integration	Sync PR Task (GH to Asana)	2025-07-15T19:41:42.9534878Z       "user_view_type": "public",
asana_integration	Sync PR Task (GH to Asana)	2025-07-15T19:41:42.9535244Z       "site_admin": false
asana_integration	Sync PR Task (GH to Asana)	2025-07-15T19:41:42.9535447Z     },
asana_integration	Sync PR Task (GH to Asana)	2025-07-15T19:41:42.9535615Z     "repo": {
asana_integration	Sync PR Task (GH to Asana)	2025-07-15T19:41:42.9535938Z       "id": 843988367,
asana_integration	Sync PR Task (GH to Asana)	2025-07-15T19:41:42.9536129Z       "node_id": "R_kgDOMk49jw",
asana_integration	Sync PR Task (GH to Asana)	2025-07-15T19:41:42.9536355Z       "name": "metta",
asana_integration	Sync PR Task (GH to Asana)	2025-07-15T19:41:42.9536555Z       "full_name": "Metta-AI/metta",
asana_integration	Sync PR Task (GH to Asana)	2025-07-15T19:41:42.9536790Z       "private": false,
asana_integration	Sync PR Task (GH to Asana)	2025-07-15T19:41:42.9536978Z       "owner": {
asana_integration	Sync PR Task (GH to Asana)	2025-07-15T19:41:42.9537163Z         "login": "Metta-AI",
asana_integration	Sync PR Task (GH to Asana)	2025-07-15T19:41:42.9537369Z         "id": 178685062,
asana_integration	Sync PR Task (GH to Asana)	2025-07-15T19:41:42.9537574Z         "node_id": "O_kgDOCqaEhg",
asana_integration	Sync PR Task (GH to Asana)	2025-07-15T19:41:42.9537943Z         "avatar_url": "https://avatars.githubusercontent.com/u/178685062?v=4",
asana_integration	Sync PR Task (GH to Asana)	2025-07-15T19:41:42.9538380Z         "gravatar_id": "",
asana_integration	Sync PR Task (GH to Asana)	2025-07-15T19:41:42.9538627Z         "url": "https://api.github.com/users/Metta-AI",
asana_integration	Sync PR Task (GH to Asana)	2025-07-15T19:41:42.9538935Z         "html_url": "https://github.com/Metta-AI",
asana_integration	Sync PR Task (GH to Asana)	2025-07-15T19:41:42.9539288Z         "followers_url": "https://api.github.com/users/Metta-AI/followers",
asana_integration	Sync PR Task (GH to Asana)	2025-07-15T19:41:42.9539739Z         "following_url": "https://api.github.com/users/Metta-AI/following{/other_user}",
asana_integration	Sync PR Task (GH to Asana)	2025-07-15T19:41:42.9540188Z         "gists_url": "https://api.github.com/users/Metta-AI/gists{/gist_id}",
asana_integration	Sync PR Task (GH to Asana)	2025-07-15T19:41:42.9540618Z         "starred_url": "https://api.github.com/users/Metta-AI/starred{/owner}{/repo}",
asana_integration	Sync PR Task (GH to Asana)	2025-07-15T19:41:42.9541075Z         "subscriptions_url": "https://api.github.com/users/Metta-AI/subscriptions",
asana_integration	Sync PR Task (GH to Asana)	2025-07-15T19:41:42.9541519Z         "organizations_url": "https://api.github.com/users/Metta-AI/orgs",
asana_integration	Sync PR Task (GH to Asana)	2025-07-15T19:41:42.9541915Z         "repos_url": "https://api.github.com/users/Metta-AI/repos",
asana_integration	Sync PR Task (GH to Asana)	2025-07-15T19:41:42.9542329Z         "events_url": "https://api.github.com/users/Metta-AI/events{/privacy}",
asana_integration	Sync PR Task (GH to Asana)	2025-07-15T19:41:42.9542784Z         "received_events_url": "https://api.github.com/users/Metta-AI/received_events",
asana_integration	Sync PR Task (GH to Asana)	2025-07-15T19:41:42.9543148Z         "type": "Organization",
asana_integration	Sync PR Task (GH to Asana)	2025-07-15T19:41:42.9543380Z         "user_view_type": "public",
asana_integration	Sync PR Task (GH to Asana)	2025-07-15T19:41:42.9543628Z         "site_admin": false
asana_integration	Sync PR Task (GH to Asana)	2025-07-15T19:41:42.9543832Z       },
asana_integration	Sync PR Task (GH to Asana)	2025-07-15T19:41:42.9544051Z       "html_url": "https://github.com/Metta-AI/metta",
asana_integration	Sync PR Task (GH to Asana)	2025-07-15T19:41:42.9544802Z       "description": "A reinforcement learning codebase focusing on the emergence of cooperation and alignment in multi-agent AI systems.",
asana_integration	Sync PR Task (GH to Asana)	2025-07-15T19:41:42.9545351Z       "fork": false,
asana_integration	Sync PR Task (GH to Asana)	2025-07-15T19:41:42.9545599Z       "url": "https://api.github.com/repos/Metta-AI/metta",
asana_integration	Sync PR Task (GH to Asana)	2025-07-15T19:41:42.9545969Z       "forks_url": "https://api.github.com/repos/Metta-AI/metta/forks",
asana_integration	Sync PR Task (GH to Asana)	2025-07-15T19:41:42.9546383Z       "keys_url": "https://api.github.com/repos/Metta-AI/metta/keys{/key_id}",
asana_integration	Sync PR Task (GH to Asana)	2025-07-15T19:41:42.9546897Z       "collaborators_url": "https://api.github.com/repos/Metta-AI/metta/collaborators{/collaborator}",
asana_integration	Sync PR Task (GH to Asana)	2025-07-15T19:41:42.9547389Z       "teams_url": "https://api.github.com/repos/Metta-AI/metta/teams",
asana_integration	Sync PR Task (GH to Asana)	2025-07-15T19:41:42.9547762Z       "hooks_url": "https://api.github.com/repos/Metta-AI/metta/hooks",
asana_integration	Sync PR Task (GH to Asana)	2025-07-15T19:41:42.9548217Z       "issue_events_url": "https://api.github.com/repos/Metta-AI/metta/issues/events{/number}",
asana_integration	Sync PR Task (GH to Asana)	2025-07-15T19:41:42.9548692Z       "events_url": "https://api.github.com/repos/Metta-AI/metta/events",
asana_integration	Sync PR Task (GH to Asana)	2025-07-15T19:41:42.9549130Z       "assignees_url": "https://api.github.com/repos/Metta-AI/metta/assignees{/user}",
asana_integration	Sync PR Task (GH to Asana)	2025-07-15T19:41:42.9549594Z       "branches_url": "https://api.github.com/repos/Metta-AI/metta/branches{/branch}",
asana_integration	Sync PR Task (GH to Asana)	2025-07-15T19:41:42.9550018Z       "tags_url": "https://api.github.com/repos/Metta-AI/metta/tags",
asana_integration	Sync PR Task (GH to Asana)	2025-07-15T19:41:42.9550567Z       "blobs_url": "https://api.github.com/repos/Metta-AI/metta/git/blobs{/sha}",
asana_integration	Sync PR Task (GH to Asana)	2025-07-15T19:41:42.9551010Z       "git_tags_url": "https://api.github.com/repos/Metta-AI/metta/git/tags{/sha}",
asana_integration	Sync PR Task (GH to Asana)	2025-07-15T19:41:42.9551451Z       "git_refs_url": "https://api.github.com/repos/Metta-AI/metta/git/refs{/sha}",
asana_integration	Sync PR Task (GH to Asana)	2025-07-15T19:41:42.9551883Z       "trees_url": "https://api.github.com/repos/Metta-AI/metta/git/trees{/sha}",
asana_integration	Sync PR Task (GH to Asana)	2025-07-15T19:41:42.9552323Z       "statuses_url": "https://api.github.com/repos/Metta-AI/metta/statuses/{sha}",
asana_integration	Sync PR Task (GH to Asana)	2025-07-15T19:41:42.9552866Z       "languages_url": "https://api.github.com/repos/Metta-AI/metta/languages",
asana_integration	Sync PR Task (GH to Asana)	2025-07-15T19:41:42.9553305Z       "stargazers_url": "https://api.github.com/repos/Metta-AI/metta/stargazers",
asana_integration	Sync PR Task (GH to Asana)	2025-07-15T19:41:42.9553766Z       "contributors_url": "https://api.github.com/repos/Metta-AI/metta/contributors",
asana_integration	Sync PR Task (GH to Asana)	2025-07-15T19:41:42.9554274Z       "subscribers_url": "https://api.github.com/repos/Metta-AI/metta/subscribers",
asana_integration	Sync PR Task (GH to Asana)	2025-07-15T19:41:42.9554979Z       "subscription_url": "https://api.github.com/repos/Metta-AI/metta/subscription",
asana_integration	Sync PR Task (GH to Asana)	2025-07-15T19:41:42.9555447Z       "commits_url": "https://api.github.com/repos/Metta-AI/metta/commits{/sha}",
asana_integration	Sync PR Task (GH to Asana)	2025-07-15T19:41:42.9555908Z       "git_commits_url": "https://api.github.com/repos/Metta-AI/metta/git/commits{/sha}",
asana_integration	Sync PR Task (GH to Asana)	2025-07-15T19:41:42.9556383Z       "comments_url": "https://api.github.com/repos/Metta-AI/metta/comments{/number}",
asana_integration	Sync PR Task (GH to Asana)	2025-07-15T19:41:42.9556886Z       "issue_comment_url": "https://api.github.com/repos/Metta-AI/metta/issues/comments{/number}",
asana_integration	Sync PR Task (GH to Asana)	2025-07-15T19:41:42.9557412Z       "contents_url": "https://api.github.com/repos/Metta-AI/metta/contents/{+path}",
asana_integration	Sync PR Task (GH to Asana)	2025-07-15T19:41:42.9557901Z       "compare_url": "https://api.github.com/repos/Metta-AI/metta/compare/{base}...{head}",
asana_integration	Sync PR Task (GH to Asana)	2025-07-15T19:41:42.9558360Z       "merges_url": "https://api.github.com/repos/Metta-AI/metta/merges",
asana_integration	Sync PR Task (GH to Asana)	2025-07-15T19:41:42.9558815Z       "archive_url": "https://api.github.com/repos/Metta-AI/metta/{archive_format}{/ref}",
asana_integration	Sync PR Task (GH to Asana)	2025-07-15T19:41:42.9559292Z       "downloads_url": "https://api.github.com/repos/Metta-AI/metta/downloads",
asana_integration	Sync PR Task (GH to Asana)	2025-07-15T19:41:42.9559741Z       "issues_url": "https://api.github.com/repos/Metta-AI/metta/issues{/number}",
asana_integration	Sync PR Task (GH to Asana)	2025-07-15T19:41:42.9560191Z       "pulls_url": "https://api.github.com/repos/Metta-AI/metta/pulls{/number}",
asana_integration	Sync PR Task (GH to Asana)	2025-07-15T19:41:42.9560658Z       "milestones_url": "https://api.github.com/repos/Metta-AI/metta/milestones{/number}",
asana_integration	Sync PR Task (GH to Asana)	2025-07-15T19:41:42.9561244Z       "notifications_url": "https://api.github.com/repos/Metta-AI/metta/notifications{?since,all,participating}",
asana_integration	Sync PR Task (GH to Asana)	2025-07-15T19:41:42.9561803Z       "labels_url": "https://api.github.com/repos/Metta-AI/metta/labels{/name}",
asana_integration	Sync PR Task (GH to Asana)	2025-07-15T19:41:42.9562252Z       "releases_url": "https://api.github.com/repos/Metta-AI/metta/releases{/id}",
asana_integration	Sync PR Task (GH to Asana)	2025-07-15T19:41:42.9562714Z       "deployments_url": "https://api.github.com/repos/Metta-AI/metta/deployments",
asana_integration	Sync PR Task (GH to Asana)	2025-07-15T19:41:42.9563082Z       "created_at": "2024-08-18T03:16:25Z",
asana_integration	Sync PR Task (GH to Asana)	2025-07-15T19:41:42.9563340Z       "updated_at": "2025-07-15T18:53:56Z",
asana_integration	Sync PR Task (GH to Asana)	2025-07-15T19:41:42.9563581Z       "pushed_at": "2025-07-15T19:40:57Z",
asana_integration	Sync PR Task (GH to Asana)	2025-07-15T19:41:42.9563865Z       "git_url": "git://github.com/Metta-AI/metta.git",
asana_integration	Sync PR Task (GH to Asana)	2025-07-15T19:41:42.9564173Z       "ssh_url": "git@github.com:Metta-AI/metta.git",
asana_integration	Sync PR Task (GH to Asana)	2025-07-15T19:41:42.9564495Z       "clone_url": "https://github.com/Metta-AI/metta.git",
asana_integration	Sync PR Task (GH to Asana)	2025-07-15T19:41:42.9565079Z       "svn_url": "https://github.com/Metta-AI/metta",
asana_integration	Sync PR Task (GH to Asana)	2025-07-15T19:41:42.9565370Z       "homepage": "http://softmax.com",
asana_integration	Sync PR Task (GH to Asana)	2025-07-15T19:41:42.9565618Z       "size": 198708,
asana_integration	Sync PR Task (GH to Asana)	2025-07-15T19:41:42.9565817Z       "stargazers_count": 63,
asana_integration	Sync PR Task (GH to Asana)	2025-07-15T19:41:42.9566040Z       "watchers_count": 63,
asana_integration	Sync PR Task (GH to Asana)	2025-07-15T19:41:42.9566251Z       "language": "Python",
asana_integration	Sync PR Task (GH to Asana)	2025-07-15T19:41:42.9566457Z       "has_issues": true,
asana_integration	Sync PR Task (GH to Asana)	2025-07-15T19:41:42.9566667Z       "has_projects": false,
asana_integration	Sync PR Task (GH to Asana)	2025-07-15T19:41:42.9566880Z       "has_downloads": true,
asana_integration	Sync PR Task (GH to Asana)	2025-07-15T19:41:42.9567088Z       "has_wiki": true,
asana_integration	Sync PR Task (GH to Asana)	2025-07-15T19:41:42.9567443Z       "has_pages": true,
asana_integration	Sync PR Task (GH to Asana)	2025-07-15T19:41:42.9567649Z       "has_discussions": false,
asana_integration	Sync PR Task (GH to Asana)	2025-07-15T19:41:42.9567865Z       "forks_count": 30,
asana_integration	Sync PR Task (GH to Asana)	2025-07-15T19:41:42.9568061Z       "mirror_url": null,
asana_integration	Sync PR Task (GH to Asana)	2025-07-15T19:41:42.9568260Z       "archived": false,
asana_integration	Sync PR Task (GH to Asana)	2025-07-15T19:41:42.9568459Z       "disabled": false,
asana_integration	Sync PR Task (GH to Asana)	2025-07-15T19:41:42.9568659Z       "open_issues_count": 45,
asana_integration	Sync PR Task (GH to Asana)	2025-07-15T19:41:42.9568872Z       "license": {
asana_integration	Sync PR Task (GH to Asana)	2025-07-15T19:41:42.9569057Z         "key": "mit",
asana_integration	Sync PR Task (GH to Asana)	2025-07-15T19:41:42.9569248Z         "name": "MIT License",
asana_integration	Sync PR Task (GH to Asana)	2025-07-15T19:41:42.9569454Z         "spdx_id": "MIT",
asana_integration	Sync PR Task (GH to Asana)	2025-07-15T19:41:42.9569819Z         "url": "https://api.github.com/licenses/mit",
asana_integration	Sync PR Task (GH to Asana)	2025-07-15T19:41:42.9570104Z         "node_id": "MDc6TGljZW5zZTEz"
asana_integration	Sync PR Task (GH to Asana)	2025-07-15T19:41:42.9570337Z       },
asana_integration	Sync PR Task (GH to Asana)	2025-07-15T19:41:42.9570511Z       "allow_forking": true,
asana_integration	Sync PR Task (GH to Asana)	2025-07-15T19:41:42.9570731Z       "is_template": false,
asana_integration	Sync PR Task (GH to Asana)	2025-07-15T19:41:42.9570956Z       "web_commit_signoff_required": false,
asana_integration	Sync PR Task (GH to Asana)	2025-07-15T19:41:42.9571212Z       "topics": [],
asana_integration	Sync PR Task (GH to Asana)	2025-07-15T19:41:42.9571412Z       "visibility": "public",
asana_integration	Sync PR Task (GH to Asana)	2025-07-15T19:41:42.9571629Z       "forks": 30,
asana_integration	Sync PR Task (GH to Asana)	2025-07-15T19:41:42.9571818Z       "open_issues": 45,
asana_integration	Sync PR Task (GH to Asana)	2025-07-15T19:41:42.9572016Z       "watchers": 63,
asana_integration	Sync PR Task (GH to Asana)	2025-07-15T19:41:42.9572216Z       "default_branch": "main"
asana_integration	Sync PR Task (GH to Asana)	2025-07-15T19:41:42.9572424Z     }
asana_integration	Sync PR Task (GH to Asana)	2025-07-15T19:41:42.9572580Z   },
asana_integration	Sync PR Task (GH to Asana)	2025-07-15T19:41:42.9572740Z   "base": {
asana_integration	Sync PR Task (GH to Asana)	2025-07-15T19:41:42.9572954Z     "label": "Metta-AI:hollander/asana-integration",
asana_integration	Sync PR Task (GH to Asana)	2025-07-15T19:41:42.9573246Z     "ref": "hollander/asana-integration",
asana_integration	Sync PR Task (GH to Asana)	2025-07-15T19:41:42.9573537Z     "sha": "c08a73ce31e86cc1b869e6c9abbbf2dae6c6391d",
asana_integration	Sync PR Task (GH to Asana)	2025-07-15T19:41:42.9573809Z     "user": {
asana_integration	Sync PR Task (GH to Asana)	2025-07-15T19:41:42.9573991Z       "login": "Metta-AI",
asana_integration	Sync PR Task (GH to Asana)	2025-07-15T19:41:42.9574199Z       "id": 178685062,
asana_integration	Sync PR Task (GH to Asana)	2025-07-15T19:41:42.9574398Z       "node_id": "O_kgDOCqaEhg",
asana_integration	Sync PR Task (GH to Asana)	2025-07-15T19:41:42.9574961Z       "avatar_url": "https://avatars.githubusercontent.com/u/178685062?v=4",
asana_integration	Sync PR Task (GH to Asana)	2025-07-15T19:41:42.9575318Z       "gravatar_id": "",
asana_integration	Sync PR Task (GH to Asana)	2025-07-15T19:41:42.9575569Z       "url": "https://api.github.com/users/Metta-AI",
asana_integration	Sync PR Task (GH to Asana)	2025-07-15T19:41:42.9575870Z       "html_url": "https://github.com/Metta-AI",
asana_integration	Sync PR Task (GH to Asana)	2025-07-15T19:41:42.9576228Z       "followers_url": "https://api.github.com/users/Metta-AI/followers",
asana_integration	Sync PR Task (GH to Asana)	2025-07-15T19:41:42.9576673Z       "following_url": "https://api.github.com/users/Metta-AI/following{/other_user}",
asana_integration	Sync PR Task (GH to Asana)	2025-07-15T19:41:42.9577114Z       "gists_url": "https://api.github.com/users/Metta-AI/gists{/gist_id}",
asana_integration	Sync PR Task (GH to Asana)	2025-07-15T19:41:42.9577544Z       "starred_url": "https://api.github.com/users/Metta-AI/starred{/owner}{/repo}",
asana_integration	Sync PR Task (GH to Asana)	2025-07-15T19:41:42.9578011Z       "subscriptions_url": "https://api.github.com/users/Metta-AI/subscriptions",
asana_integration	Sync PR Task (GH to Asana)	2025-07-15T19:41:42.9578448Z       "organizations_url": "https://api.github.com/users/Metta-AI/orgs",
asana_integration	Sync PR Task (GH to Asana)	2025-07-15T19:41:42.9578844Z       "repos_url": "https://api.github.com/users/Metta-AI/repos",
asana_integration	Sync PR Task (GH to Asana)	2025-07-15T19:41:42.9579243Z       "events_url": "https://api.github.com/users/Metta-AI/events{/privacy}",
asana_integration	Sync PR Task (GH to Asana)	2025-07-15T19:41:42.9579697Z       "received_events_url": "https://api.github.com/users/Metta-AI/received_events",
asana_integration	Sync PR Task (GH to Asana)	2025-07-15T19:41:42.9580059Z       "type": "Organization",
asana_integration	Sync PR Task (GH to Asana)	2025-07-15T19:41:42.9580283Z       "user_view_type": "public",
asana_integration	Sync PR Task (GH to Asana)	2025-07-15T19:41:42.9580513Z       "site_admin": false
asana_integration	Sync PR Task (GH to Asana)	2025-07-15T19:41:42.9580706Z     },
asana_integration	Sync PR Task (GH to Asana)	2025-07-15T19:41:42.9580866Z     "repo": {
asana_integration	Sync PR Task (GH to Asana)	2025-07-15T19:41:42.9581038Z       "id": 843988367,
asana_integration	Sync PR Task (GH to Asana)	2025-07-15T19:41:42.9581228Z       "node_id": "R_kgDOMk49jw",
asana_integration	Sync PR Task (GH to Asana)	2025-07-15T19:41:42.9581446Z       "name": "metta",
asana_integration	Sync PR Task (GH to Asana)	2025-07-15T19:41:42.9581644Z       "full_name": "Metta-AI/metta",
asana_integration	Sync PR Task (GH to Asana)	2025-07-15T19:41:42.9581883Z       "private": false,
asana_integration	Sync PR Task (GH to Asana)	2025-07-15T19:41:42.9582074Z       "owner": {
asana_integration	Sync PR Task (GH to Asana)	2025-07-15T19:41:42.9582260Z         "login": "Metta-AI",
asana_integration	Sync PR Task (GH to Asana)	2025-07-15T19:41:42.9582464Z         "id": 178685062,
asana_integration	Sync PR Task (GH to Asana)	2025-07-15T19:41:42.9582673Z         "node_id": "O_kgDOCqaEhg",
asana_integration	Sync PR Task (GH to Asana)	2025-07-15T19:41:42.9583007Z         "avatar_url": "https://avatars.githubusercontent.com/u/178685062?v=4",
asana_integration	Sync PR Task (GH to Asana)	2025-07-15T19:41:42.9583346Z         "gravatar_id": "",
asana_integration	Sync PR Task (GH to Asana)	2025-07-15T19:41:42.9583730Z         "url": "https://api.github.com/users/Metta-AI",
asana_integration	Sync PR Task (GH to Asana)	2025-07-15T19:41:42.9584031Z         "html_url": "https://github.com/Metta-AI",
asana_integration	Sync PR Task (GH to Asana)	2025-07-15T19:41:42.9584377Z         "followers_url": "https://api.github.com/users/Metta-AI/followers",
asana_integration	Sync PR Task (GH to Asana)	2025-07-15T19:41:42.9584979Z         "following_url": "https://api.github.com/users/Metta-AI/following{/other_user}",
asana_integration	Sync PR Task (GH to Asana)	2025-07-15T19:41:42.9585430Z         "gists_url": "https://api.github.com/users/Metta-AI/gists{/gist_id}",
asana_integration	Sync PR Task (GH to Asana)	2025-07-15T19:41:42.9585863Z         "starred_url": "https://api.github.com/users/Metta-AI/starred{/owner}{/repo}",
asana_integration	Sync PR Task (GH to Asana)	2025-07-15T19:41:42.9586454Z         "subscriptions_url": "https://api.github.com/users/Metta-AI/subscriptions",
asana_integration	Sync PR Task (GH to Asana)	2025-07-15T19:41:42.9586899Z         "organizations_url": "https://api.github.com/users/Metta-AI/orgs",
asana_integration	Sync PR Task (GH to Asana)	2025-07-15T19:41:42.9587290Z         "repos_url": "https://api.github.com/users/Metta-AI/repos",
asana_integration	Sync PR Task (GH to Asana)	2025-07-15T19:41:42.9587692Z         "events_url": "https://api.github.com/users/Metta-AI/events{/privacy}",
asana_integration	Sync PR Task (GH to Asana)	2025-07-15T19:41:42.9588148Z         "received_events_url": "https://api.github.com/users/Metta-AI/received_events",
asana_integration	Sync PR Task (GH to Asana)	2025-07-15T19:41:42.9588521Z         "type": "Organization",
asana_integration	Sync PR Task (GH to Asana)	2025-07-15T19:41:42.9588756Z         "user_view_type": "public",
asana_integration	Sync PR Task (GH to Asana)	2025-07-15T19:41:42.9588995Z         "site_admin": false
asana_integration	Sync PR Task (GH to Asana)	2025-07-15T19:41:42.9589203Z       },
asana_integration	Sync PR Task (GH to Asana)	2025-07-15T19:41:42.9589414Z       "html_url": "https://github.com/Metta-AI/metta",
asana_integration	Sync PR Task (GH to Asana)	2025-07-15T19:41:42.9589979Z       "description": "A reinforcement learning codebase focusing on the emergence of cooperation and alignment in multi-agent AI systems.",
asana_integration	Sync PR Task (GH to Asana)	2025-07-15T19:41:42.9590507Z       "fork": false,
asana_integration	Sync PR Task (GH to Asana)	2025-07-15T19:41:42.9590759Z       "url": "https://api.github.com/repos/Metta-AI/metta",
asana_integration	Sync PR Task (GH to Asana)	2025-07-15T19:41:42.9591138Z       "forks_url": "https://api.github.com/repos/Metta-AI/metta/forks",
asana_integration	Sync PR Task (GH to Asana)	2025-07-15T19:41:42.9591557Z       "keys_url": "https://api.github.com/repos/Metta-AI/metta/keys{/key_id}",
asana_integration	Sync PR Task (GH to Asana)	2025-07-15T19:41:42.9592074Z       "collaborators_url": "https://api.github.com/repos/Metta-AI/metta/collaborators{/collaborator}",
asana_integration	Sync PR Task (GH to Asana)	2025-07-15T19:41:42.9592573Z       "teams_url": "https://api.github.com/repos/Metta-AI/metta/teams",
asana_integration	Sync PR Task (GH to Asana)	2025-07-15T19:41:42.9592948Z       "hooks_url": "https://api.github.com/repos/Metta-AI/metta/hooks",
asana_integration	Sync PR Task (GH to Asana)	2025-07-15T19:41:42.9593400Z       "issue_events_url": "https://api.github.com/repos/Metta-AI/metta/issues/events{/number}",
asana_integration	Sync PR Task (GH to Asana)	2025-07-15T19:41:42.9593872Z       "events_url": "https://api.github.com/repos/Metta-AI/metta/events",
asana_integration	Sync PR Task (GH to Asana)	2025-07-15T19:41:42.9594313Z       "assignees_url": "https://api.github.com/repos/Metta-AI/metta/assignees{/user}",
asana_integration	Sync PR Task (GH to Asana)	2025-07-15T19:41:42.9594941Z       "branches_url": "https://api.github.com/repos/Metta-AI/metta/branches{/branch}",
asana_integration	Sync PR Task (GH to Asana)	2025-07-15T19:41:42.9595366Z       "tags_url": "https://api.github.com/repos/Metta-AI/metta/tags",
asana_integration	Sync PR Task (GH to Asana)	2025-07-15T19:41:42.9595769Z       "blobs_url": "https://api.github.com/repos/Metta-AI/metta/git/blobs{/sha}",
asana_integration	Sync PR Task (GH to Asana)	2025-07-15T19:41:42.9596214Z       "git_tags_url": "https://api.github.com/repos/Metta-AI/metta/git/tags{/sha}",
asana_integration	Sync PR Task (GH to Asana)	2025-07-15T19:41:42.9596652Z       "git_refs_url": "https://api.github.com/repos/Metta-AI/metta/git/refs{/sha}",
asana_integration	Sync PR Task (GH to Asana)	2025-07-15T19:41:42.9597086Z       "trees_url": "https://api.github.com/repos/Metta-AI/metta/git/trees{/sha}",
asana_integration	Sync PR Task (GH to Asana)	2025-07-15T19:41:42.9597528Z       "statuses_url": "https://api.github.com/repos/Metta-AI/metta/statuses/{sha}",
asana_integration	Sync PR Task (GH to Asana)	2025-07-15T19:41:42.9597972Z       "languages_url": "https://api.github.com/repos/Metta-AI/metta/languages",
asana_integration	Sync PR Task (GH to Asana)	2025-07-15T19:41:42.9598422Z       "stargazers_url": "https://api.github.com/repos/Metta-AI/metta/stargazers",
asana_integration	Sync PR Task (GH to Asana)	2025-07-15T19:41:42.9598884Z       "contributors_url": "https://api.github.com/repos/Metta-AI/metta/contributors",
asana_integration	Sync PR Task (GH to Asana)	2025-07-15T19:41:42.9599353Z       "subscribers_url": "https://api.github.com/repos/Metta-AI/metta/subscribers",
asana_integration	Sync PR Task (GH to Asana)	2025-07-15T19:41:42.9599813Z       "subscription_url": "https://api.github.com/repos/Metta-AI/metta/subscription",
asana_integration	Sync PR Task (GH to Asana)	2025-07-15T19:41:42.9600268Z       "commits_url": "https://api.github.com/repos/Metta-AI/metta/commits{/sha}",
asana_integration	Sync PR Task (GH to Asana)	2025-07-15T19:41:42.9600855Z       "git_commits_url": "https://api.github.com/repos/Metta-AI/metta/git/commits{/sha}",
asana_integration	Sync PR Task (GH to Asana)	2025-07-15T19:41:42.9601335Z       "comments_url": "https://api.github.com/repos/Metta-AI/metta/comments{/number}",
asana_integration	Sync PR Task (GH to Asana)	2025-07-15T19:41:42.9601842Z       "issue_comment_url": "https://api.github.com/repos/Metta-AI/metta/issues/comments{/number}",
asana_integration	Sync PR Task (GH to Asana)	2025-07-15T19:41:42.9602356Z       "contents_url": "https://api.github.com/repos/Metta-AI/metta/contents/{+path}",
asana_integration	Sync PR Task (GH to Asana)	2025-07-15T19:41:42.9602840Z       "compare_url": "https://api.github.com/repos/Metta-AI/metta/compare/{base}...{head}",
asana_integration	Sync PR Task (GH to Asana)	2025-07-15T19:41:42.9603426Z       "merges_url": "https://api.github.com/repos/Metta-AI/metta/merges",
asana_integration	Sync PR Task (GH to Asana)	2025-07-15T19:41:42.9603873Z       "archive_url": "https://api.github.com/repos/Metta-AI/metta/{archive_format}{/ref}",
asana_integration	Sync PR Task (GH to Asana)	2025-07-15T19:41:42.9604346Z       "downloads_url": "https://api.github.com/repos/Metta-AI/metta/downloads",
asana_integration	Sync PR Task (GH to Asana)	2025-07-15T19:41:42.9605050Z       "issues_url": "https://api.github.com/repos/Metta-AI/metta/issues{/number}",
asana_integration	Sync PR Task (GH to Asana)	2025-07-15T19:41:42.9605522Z       "pulls_url": "https://api.github.com/repos/Metta-AI/metta/pulls{/number}",
asana_integration	Sync PR Task (GH to Asana)	2025-07-15T19:41:42.9605998Z       "milestones_url": "https://api.github.com/repos/Metta-AI/metta/milestones{/number}",
asana_integration	Sync PR Task (GH to Asana)	2025-07-15T19:41:42.9606584Z       "notifications_url": "https://api.github.com/repos/Metta-AI/metta/notifications{?since,all,participating}",
asana_integration	Sync PR Task (GH to Asana)	2025-07-15T19:41:42.9607140Z       "labels_url": "https://api.github.com/repos/Metta-AI/metta/labels{/name}",
asana_integration	Sync PR Task (GH to Asana)	2025-07-15T19:41:42.9607583Z       "releases_url": "https://api.github.com/repos/Metta-AI/metta/releases{/id}",
asana_integration	Sync PR Task (GH to Asana)	2025-07-15T19:41:42.9608042Z       "deployments_url": "https://api.github.com/repos/Metta-AI/metta/deployments",
asana_integration	Sync PR Task (GH to Asana)	2025-07-15T19:41:42.9630560Z       "created_at": "2024-08-18T03:16:25Z",
asana_integration	Sync PR Task (GH to Asana)	2025-07-15T19:41:42.9630893Z       "updated_at": "2025-07-15T18:53:56Z",
asana_integration	Sync PR Task (GH to Asana)	2025-07-15T19:41:42.9631169Z       "pushed_at": "2025-07-15T19:40:57Z",
asana_integration	Sync PR Task (GH to Asana)	2025-07-15T19:41:42.9631483Z       "git_url": "git://github.com/Metta-AI/metta.git",
asana_integration	Sync PR Task (GH to Asana)	2025-07-15T19:41:42.9631819Z       "ssh_url": "git@github.com:Metta-AI/metta.git",
asana_integration	Sync PR Task (GH to Asana)	2025-07-15T19:41:42.9632138Z       "clone_url": "https://github.com/Metta-AI/metta.git",
asana_integration	Sync PR Task (GH to Asana)	2025-07-15T19:41:42.9632468Z       "svn_url": "https://github.com/Metta-AI/metta",
asana_integration	Sync PR Task (GH to Asana)	2025-07-15T19:41:42.9632760Z       "homepage": "http://softmax.com",
asana_integration	Sync PR Task (GH to Asana)	2025-07-15T19:41:42.9633015Z       "size": 198708,
asana_integration	Sync PR Task (GH to Asana)	2025-07-15T19:41:42.9633230Z       "stargazers_count": 63,
asana_integration	Sync PR Task (GH to Asana)	2025-07-15T19:41:42.9633460Z       "watchers_count": 63,
asana_integration	Sync PR Task (GH to Asana)	2025-07-15T19:41:42.9633667Z       "language": "Python",
asana_integration	Sync PR Task (GH to Asana)	2025-07-15T19:41:42.9633877Z       "has_issues": true,
asana_integration	Sync PR Task (GH to Asana)	2025-07-15T19:41:42.9634101Z       "has_projects": false,
asana_integration	Sync PR Task (GH to Asana)	2025-07-15T19:41:42.9634323Z       "has_downloads": true,
asana_integration	Sync PR Task (GH to Asana)	2025-07-15T19:41:42.9634534Z       "has_wiki": true,
asana_integration	Sync PR Task (GH to Asana)	2025-07-15T19:41:42.9634876Z       "has_pages": true,
asana_integration	Sync PR Task (GH to Asana)	2025-07-15T19:41:42.9635084Z       "has_discussions": false,
asana_integration	Sync PR Task (GH to Asana)	2025-07-15T19:41:42.9635317Z       "forks_count": 30,
asana_integration	Sync PR Task (GH to Asana)	2025-07-15T19:41:42.9635524Z       "mirror_url": null,
asana_integration	Sync PR Task (GH to Asana)	2025-07-15T19:41:42.9635745Z       "archived": false,
asana_integration	Sync PR Task (GH to Asana)	2025-07-15T19:41:42.9635946Z       "disabled": false,
asana_integration	Sync PR Task (GH to Asana)	2025-07-15T19:41:42.9636142Z       "open_issues_count": 45,
asana_integration	Sync PR Task (GH to Asana)	2025-07-15T19:41:42.9636362Z       "license": {
asana_integration	Sync PR Task (GH to Asana)	2025-07-15T19:41:42.9636543Z         "key": "mit",
asana_integration	Sync PR Task (GH to Asana)	2025-07-15T19:41:42.9636752Z         "name": "MIT License",
asana_integration	Sync PR Task (GH to Asana)	2025-07-15T19:41:42.9636960Z         "spdx_id": "MIT",
asana_integration	Sync PR Task (GH to Asana)	2025-07-15T19:41:42.9637200Z         "url": "https://api.github.com/licenses/mit",
asana_integration	Sync PR Task (GH to Asana)	2025-07-15T19:41:42.9637493Z         "node_id": "MDc6TGljZW5zZTEz"
asana_integration	Sync PR Task (GH to Asana)	2025-07-15T19:41:42.9637729Z       },
asana_integration	Sync PR Task (GH to Asana)	2025-07-15T19:41:42.9637906Z       "allow_forking": true,
asana_integration	Sync PR Task (GH to Asana)	2025-07-15T19:41:42.9638128Z       "is_template": false,
asana_integration	Sync PR Task (GH to Asana)	2025-07-15T19:41:42.9638358Z       "web_commit_signoff_required": false,
asana_integration	Sync PR Task (GH to Asana)	2025-07-15T19:41:42.9638602Z       "topics": [],
asana_integration	Sync PR Task (GH to Asana)	2025-07-15T19:41:42.9638800Z       "visibility": "public",
asana_integration	Sync PR Task (GH to Asana)	2025-07-15T19:41:42.9639011Z       "forks": 30,
asana_integration	Sync PR Task (GH to Asana)	2025-07-15T19:41:42.9639193Z       "open_issues": 45,
asana_integration	Sync PR Task (GH to Asana)	2025-07-15T19:41:42.9639394Z       "watchers": 63,
asana_integration	Sync PR Task (GH to Asana)	2025-07-15T19:41:42.9639890Z       "default_branch": "main"
asana_integration	Sync PR Task (GH to Asana)	2025-07-15T19:41:42.9640097Z     }
asana_integration	Sync PR Task (GH to Asana)	2025-07-15T19:41:42.9640255Z   },
asana_integration	Sync PR Task (GH to Asana)	2025-07-15T19:41:42.9640416Z   "_links": {
asana_integration	Sync PR Task (GH to Asana)	2025-07-15T19:41:42.9640584Z     "self": {
asana_integration	Sync PR Task (GH to Asana)	2025-07-15T19:41:42.9640855Z       "href": "https://api.github.com/repos/Metta-AI/metta/pulls/1486"
asana_integration	Sync PR Task (GH to Asana)	2025-07-15T19:41:42.9641163Z     },
asana_integration	Sync PR Task (GH to Asana)	2025-07-15T19:41:42.9641325Z     "html": {
asana_integration	Sync PR Task (GH to Asana)	2025-07-15T19:41:42.9641560Z       "href": "https://github.com/Metta-AI/metta/pull/1486"
asana_integration	Sync PR Task (GH to Asana)	2025-07-15T19:41:42.9641835Z     },
asana_integration	Sync PR Task (GH to Asana)	2025-07-15T19:41:42.9641997Z     "issue": {
asana_integration	Sync PR Task (GH to Asana)	2025-07-15T19:41:42.9642262Z       "href": "https://api.github.com/repos/Metta-AI/metta/issues/1486"
asana_integration	Sync PR Task (GH to Asana)	2025-07-15T19:41:42.9642683Z     },
asana_integration	Sync PR Task (GH to Asana)	2025-07-15T19:41:42.9642845Z     "comments": {
asana_integration	Sync PR Task (GH to Asana)	2025-07-15T19:41:42.9643138Z       "href": "https://api.github.com/repos/Metta-AI/metta/issues/1486/comments"
asana_integration	Sync PR Task (GH to Asana)	2025-07-15T19:41:42.9643464Z     },
asana_integration	Sync PR Task (GH to Asana)	2025-07-15T19:41:42.9643634Z     "review_comments": {
asana_integration	Sync PR Task (GH to Asana)	2025-07-15T19:41:42.9643939Z       "href": "https://api.github.com/repos/Metta-AI/metta/pulls/1486/comments"
asana_integration	Sync PR Task (GH to Asana)	2025-07-15T19:41:42.9644268Z     },
asana_integration	Sync PR Task (GH to Asana)	2025-07-15T19:41:42.9644438Z     "review_comment": {
asana_integration	Sync PR Task (GH to Asana)	2025-07-15T19:41:42.9644882Z       "href": "https://api.github.com/repos/Metta-AI/metta/pulls/comments{/number}"
asana_integration	Sync PR Task (GH to Asana)	2025-07-15T19:41:42.9645231Z     },
asana_integration	Sync PR Task (GH to Asana)	2025-07-15T19:41:42.9645397Z     "commits": {
asana_integration	Sync PR Task (GH to Asana)	2025-07-15T19:41:42.9645683Z       "href": "https://api.github.com/repos/Metta-AI/metta/pulls/1486/commits"
asana_integration	Sync PR Task (GH to Asana)	2025-07-15T19:41:42.9646009Z     },
asana_integration	Sync PR Task (GH to Asana)	2025-07-15T19:41:42.9646175Z     "statuses": {
asana_integration	Sync PR Task (GH to Asana)	2025-07-15T19:41:42.9646564Z       "href": "https://api.github.com/repos/Metta-AI/metta/statuses/4e002245f95633c163e6dd1b70ef747f39a33023"
asana_integration	Sync PR Task (GH to Asana)	2025-07-15T19:41:42.9647013Z     }
asana_integration	Sync PR Task (GH to Asana)	2025-07-15T19:41:42.9647205Z   },
asana_integration	Sync PR Task (GH to Asana)	2025-07-15T19:41:42.9647388Z   "author_association": "NONE",
asana_integration	Sync PR Task (GH to Asana)	2025-07-15T19:41:42.9647617Z   "auto_merge": null,
asana_integration	Sync PR Task (GH to Asana)	2025-07-15T19:41:42.9647822Z   "active_lock_reason": null,
asana_integration	Sync PR Task (GH to Asana)	2025-07-15T19:41:42.9648037Z   "merged": false,
asana_integration	Sync PR Task (GH to Asana)	2025-07-15T19:41:42.9648220Z   "mergeable": true,
asana_integration	Sync PR Task (GH to Asana)	2025-07-15T19:41:42.9648412Z   "rebaseable": true,
asana_integration	Sync PR Task (GH to Asana)	2025-07-15T19:41:42.9648622Z   "mergeable_state": "unstable",
asana_integration	Sync PR Task (GH to Asana)	2025-07-15T19:41:42.9648844Z   "merged_by": null,
asana_integration	Sync PR Task (GH to Asana)	2025-07-15T19:41:42.9649030Z   "comments": 0,
asana_integration	Sync PR Task (GH to Asana)	2025-07-15T19:41:42.9649216Z   "review_comments": 0,
asana_integration	Sync PR Task (GH to Asana)	2025-07-15T19:41:42.9649420Z   "maintainer_can_modify": false,
asana_integration	Sync PR Task (GH to Asana)	2025-07-15T19:41:42.9649648Z   "commits": 7,
asana_integration	Sync PR Task (GH to Asana)	2025-07-15T19:41:42.9649829Z   "additions": 29713,
asana_integration	Sync PR Task (GH to Asana)	2025-07-15T19:41:42.9650016Z   "deletions": 8,
asana_integration	Sync PR Task (GH to Asana)	2025-07-15T19:41:42.9650199Z   "changed_files": 8
asana_integration	Sync PR Task (GH to Asana)	2025-07-15T19:41:44.0903732Z }
asana_integration	Sync PR Task (GH to Asana)	2025-07-15T19:41:45.0436093Z -----------
asana_integration	Sync PR Task (GH to Asana)	2025-07-15T19:41:45.0436823Z github_login_to_asana_email: {'sasmith': 'sasmith@stem.ai', 'rjwalters': 'robb@stem.ai', 'badjacent': 'mh.next@gmail.com'}
asana_integration	Sync PR Task (GH to Asana)	2025-07-15T19:41:45.0437562Z Found 1 tasks matching GitHub URL: https://github.com/Metta-AI/metta/pull/1486
asana_integration	Sync PR Task (GH to Asana)	2025-07-15T19:41:45.0438343Z Found existing Asana task via search: https://app.asana.com/1/1209016784099267/project/1210348820405981/task/1210804661391892
asana_integration	Sync PR Task (GH to Asana)	2025-07-15T19:41:45.0438953Z Task needs updates
asana_integration	Sync PR Task (GH to Asana)	2025-07-15T19:41:45.0440332Z Updating task 1210804661391892 with payload: {'data': {'name': 'Hollander/asana integration c', 'notes': '\n\n[Asana Task](https://app.asana.com/1/1209016784099267/project/1210348820405981/task/1210804661391892)', 'completed': False, 'custom_fields': {'1210578228718257': 'https://github.com/Metta-AI/metta/pull/1486', '1210679003513019': 'mh.next@gmail.com'}}}
asana_integration	Sync PR Task (GH to Asana)	2025-07-15T19:41:45.0441804Z Successfully updated task 1210804661391892
asana_integration	Sync PR Description (GH to Asana)	ï»¿2025-07-15T19:41:45.0731046Z Prepare all required actions
asana_integration	Sync PR Description (GH to Asana)	2025-07-15T19:41:45.0731383Z Getting action download info
asana_integration	Sync PR Description (GH to Asana)	2025-07-15T19:41:45.2848228Z ##[group]Run ./.github/actions/asana/pr_description_gh_to_asana
asana_integration	Sync PR Description (GH to Asana)	2025-07-15T19:41:45.2848564Z with:
asana_integration	Sync PR Description (GH to Asana)	2025-07-15T19:41:45.2848736Z   pr_number: 1486
asana_integration	Sync PR Description (GH to Asana)	2025-07-15T19:41:45.2848928Z   repo: Metta-AI/metta
asana_integration	Sync PR Description (GH to Asana)	2025-07-15T19:41:45.2849330Z   token: ***
asana_integration	Sync PR Description (GH to Asana)	2025-07-15T19:41:45.2849704Z   task_url: https://app.asana.com/1/1209016784099267/project/1210348820405981/task/1210804661391892
asana_integration	Sync PR Description (GH to Asana)	2025-07-15T19:41:45.2850115Z env:
asana_integration	Sync PR Description (GH to Asana)	2025-07-15T19:41:45.2850337Z   UV_CACHE_DIR: /home/runner/work/_temp/setup-uv-cache
asana_integration	Sync PR Description (GH to Asana)	2025-07-15T19:41:45.2850620Z ##[endgroup]
asana_integration	Sync PR Description (GH to Asana)	2025-07-15T19:41:45.2909088Z ##[group]Run astral-sh/setup-uv@v6
asana_integration	Sync PR Description (GH to Asana)	2025-07-15T19:41:45.2909432Z with:
asana_integration	Sync PR Description (GH to Asana)	2025-07-15T19:41:45.2909735Z   version: 0.7.3
asana_integration	Sync PR Description (GH to Asana)	2025-07-15T19:41:45.2910038Z   enable-cache: true
asana_integration	Sync PR Description (GH to Asana)	2025-07-15T19:41:45.2910340Z   activate-environment: false
asana_integration	Sync PR Description (GH to Asana)	2025-07-15T19:41:45.2910775Z   working-directory: /home/runner/work/metta/metta
asana_integration	Sync PR Description (GH to Asana)	2025-07-15T19:41:45.2911135Z   server-url: https://github.com
asana_integration	Sync PR Description (GH to Asana)	2025-07-15T19:41:45.2911739Z   github-token: ***
asana_integration	Sync PR Description (GH to Asana)	2025-07-15T19:41:45.2912323Z   cache-dependency-glob: **/*requirements*.txt
asana_integration	Sync PR Description (GH to Asana)	**/*requirements*.in
asana_integration	Sync PR Description (GH to Asana)	**/*constraints*.txt
asana_integration	Sync PR Description (GH to Asana)	**/*constraints*.in
asana_integration	Sync PR Description (GH to Asana)	**/pyproject.toml
asana_integration	Sync PR Description (GH to Asana)	**/uv.lock
asana_integration	Sync PR Description (GH to Asana)
asana_integration	Sync PR Description (GH to Asana)	2025-07-15T19:41:45.2912930Z   prune-cache: true
asana_integration	Sync PR Description (GH to Asana)	2025-07-15T19:41:45.2913313Z   ignore-nothing-to-cache: false
asana_integration	Sync PR Description (GH to Asana)	2025-07-15T19:41:45.2913825Z   ignore-empty-workdir: false
asana_integration	Sync PR Description (GH to Asana)	2025-07-15T19:41:45.2914100Z env:
asana_integration	Sync PR Description (GH to Asana)	2025-07-15T19:41:45.2914452Z   UV_CACHE_DIR: /home/runner/work/_temp/setup-uv-cache
asana_integration	Sync PR Description (GH to Asana)	2025-07-15T19:41:45.2914978Z ##[endgroup]
asana_integration	Sync PR Description (GH to Asana)	2025-07-15T19:41:45.5363893Z Found uv in tool-cache for 0.7.3
asana_integration	Sync PR Description (GH to Asana)	2025-07-15T19:41:45.5368222Z Added /home/runner/.local/bin to the path
asana_integration	Sync PR Description (GH to Asana)	2025-07-15T19:41:45.5374894Z Added /opt/hostedtoolcache/uv/0.7.3/x86_64 to the path
asana_integration	Sync PR Description (GH to Asana)	2025-07-15T19:41:45.5384460Z Set UV_CACHE_DIR to /home/runner/work/_temp/setup-uv-cache
asana_integration	Sync PR Description (GH to Asana)	2025-07-15T19:41:45.5385430Z Successfully installed uv version 0.7.3
asana_integration	Sync PR Description (GH to Asana)	2025-07-15T19:41:45.5386636Z Searching files using cache dependency glob: **/*requirements*.txt,**/*requirements*.in,**/*constraints*.txt,**/*constraints*.in,**/pyproject.toml,**/uv.lock
asana_integration	Sync PR Description (GH to Asana)	2025-07-15T19:41:45.5707475Z /home/runner/work/metta/metta/agent/pyproject.toml
asana_integration	Sync PR Description (GH to Asana)	2025-07-15T19:41:45.5851269Z /home/runner/work/metta/metta/app_backend/pyproject.toml
asana_integration	Sync PR Description (GH to Asana)	2025-07-15T19:41:45.5914100Z /home/runner/work/metta/metta/common/pyproject.toml
asana_integration	Sync PR Description (GH to Asana)	2025-07-15T19:41:45.7206434Z /home/runner/work/metta/metta/mettagrid/pyproject.toml
asana_integration	Sync PR Description (GH to Asana)	2025-07-15T19:41:45.7856693Z /home/runner/work/metta/metta/pyproject.toml
asana_integration	Sync PR Description (GH to Asana)	2025-07-15T19:41:45.8299904Z /home/runner/work/metta/metta/uv.lock
asana_integration	Sync PR Description (GH to Asana)	2025-07-15T19:41:45.8318011Z Found 6 files to hash.
asana_integration	Sync PR Description (GH to Asana)	2025-07-15T19:41:45.8591514Z Trying to restore uv cache from GitHub Actions cache with key: setup-uv-1-x86_64-unknown-linux-gnu-3.11.7-pruned-fc7ad3d6132e153efefb4acae453fc8242b7ddf9bf716f8e4f241dc1c5de034f
asana_integration	Sync PR Description (GH to Asana)	2025-07-15T19:41:46.1448850Z Cache hit for: setup-uv-1-x86_64-unknown-linux-gnu-3.11.7-pruned-fc7ad3d6132e153efefb4acae453fc8242b7ddf9bf716f8e4f241dc1c5de034f
asana_integration	Sync PR Description (GH to Asana)	2025-07-15T19:41:46.8143011Z Received 219308 of 219308 (100.0%), 0.6 MBs/sec
asana_integration	Sync PR Description (GH to Asana)	2025-07-15T19:41:46.8143682Z Cache Size: ~0 MB (219308 B)
asana_integration	Sync PR Description (GH to Asana)	2025-07-15T19:41:46.8174019Z [command]/usr/bin/tar -xf /home/runner/work/_temp/c95d3c29-5ba4-474c-8386-2fa535329270/cache.tzst -P -C /home/runner/work/metta/metta --use-compress-program unzstd
asana_integration	Sync PR Description (GH to Asana)	2025-07-15T19:41:46.8256765Z Cache restored successfully
asana_integration	Sync PR Description (GH to Asana)	2025-07-15T19:41:46.8263959Z uv cache restored from GitHub Actions cache with key: setup-uv-1-x86_64-unknown-linux-gnu-3.11.7-pruned-fc7ad3d6132e153efefb4acae453fc8242b7ddf9bf716f8e4f241dc1c5de034f
asana_integration	Sync PR Description (GH to Asana)	2025-07-15T19:41:46.8374976Z ##[group]Run uv run /home/runner/work/metta/metta/./.github/actions/asana/pr_description_gh_to_asana/pr_description_gh_to_asana.py
asana_integration	Sync PR Description (GH to Asana)	2025-07-15T19:41:46.8376524Z [36;1muv run /home/runner/work/metta/metta/./.github/actions/asana/pr_description_gh_to_asana/pr_description_gh_to_asana.py[0m
asana_integration	Sync PR Description (GH to Asana)	2025-07-15T19:41:46.8418534Z shell: /usr/bin/bash --noprofile --norc -e -o pipefail {0}
asana_integration	Sync PR Description (GH to Asana)	2025-07-15T19:41:46.8419112Z env:
asana_integration	Sync PR Description (GH to Asana)	2025-07-15T19:41:46.8419519Z   UV_CACHE_DIR: /home/runner/work/_temp/setup-uv-cache
asana_integration	Sync PR Description (GH to Asana)	2025-07-15T19:41:46.8420514Z   INPUT_REPO: Metta-AI/metta
asana_integration	Sync PR Description (GH to Asana)	2025-07-15T19:41:46.8420994Z   INPUT_PR_NUMBER: 1486
asana_integration	Sync PR Description (GH to Asana)	2025-07-15T19:41:46.8421741Z   INPUT_TASK_URL: https://app.asana.com/1/1209016784099267/project/1210348820405981/task/1210804661391892
asana_integration	Sync PR Description (GH to Asana)	2025-07-15T19:41:46.8422882Z   INPUT_TOKEN: ***
asana_integration	Sync PR Description (GH to Asana)	2025-07-15T19:41:46.8423265Z ##[endgroup]
asana_integration	Sync PR Description (GH to Asana)	2025-07-15T19:41:46.8789001Z Installed 5 packages in 3ms
asana_integration	Sync PR Description (GH to Asana)	2025-07-15T19:41:48.1286848Z Updating PR description for Metta-AI/metta #1486 with task https://app.asana.com/1/1209016784099267/project/1210348820405981/task/1210804661391892
asana_integration	Sync PR Review (GH To Asana)	ï»¿2025-07-15T19:41:48.1570359Z Prepare all required actions
asana_integration	Sync PR Review (GH To Asana)	2025-07-15T19:41:48.1570725Z Getting action download info
asana_integration	Sync PR Review (GH To Asana)	2025-07-15T19:41:48.3504343Z ##[group]Run ./.github/actions/asana/pr_review_gh_to_asana
asana_integration	Sync PR Review (GH To Asana)	2025-07-15T19:41:48.3505007Z with:
asana_integration	Sync PR Review (GH To Asana)	2025-07-15T19:41:48.3505517Z   task_url: https://app.asana.com/1/1209016784099267/project/1210348820405981/task/1210804661391892
asana_integration	Sync PR Review (GH To Asana)	2025-07-15T19:41:48.3505952Z   state: commented
asana_integration	Sync PR Review (GH To Asana)	2025-07-15T19:41:48.3506151Z   author: badjacent
asana_integration	Sync PR Review (GH To Asana)	2025-07-15T19:41:48.3506385Z   comment: you're going to have to be more convincing
asana_integration	Sync PR Review (GH To Asana)	2025-07-15T19:41:48.3506906Z   asana_token: ***
asana_integration	Sync PR Review (GH To Asana)	2025-07-15T19:41:48.3507100Z env:
asana_integration	Sync PR Review (GH To Asana)	2025-07-15T19:41:48.3507323Z   UV_CACHE_DIR: /home/runner/work/_temp/setup-uv-cache
asana_integration	Sync PR Review (GH To Asana)	2025-07-15T19:41:48.3507805Z ##[endgroup]
asana_integration	Sync PR Review (GH To Asana)	2025-07-15T19:41:48.3544956Z ##[group]Run astral-sh/setup-uv@v6
asana_integration	Sync PR Review (GH To Asana)	2025-07-15T19:41:48.3545283Z with:
asana_integration	Sync PR Review (GH To Asana)	2025-07-15T19:41:48.3545461Z   version: 0.7.3
asana_integration	Sync PR Review (GH To Asana)	2025-07-15T19:41:48.3545659Z   enable-cache: true
asana_integration	Sync PR Review (GH To Asana)	2025-07-15T19:41:48.3545874Z   activate-environment: false
asana_integration	Sync PR Review (GH To Asana)	2025-07-15T19:41:48.3546147Z   working-directory: /home/runner/work/metta/metta
asana_integration	Sync PR Review (GH To Asana)	2025-07-15T19:41:48.3546498Z   server-url: https://github.com
asana_integration	Sync PR Review (GH To Asana)	2025-07-15T19:41:48.3546884Z   github-token: ***
asana_integration	Sync PR Review (GH To Asana)	2025-07-15T19:41:48.3547366Z   cache-dependency-glob: **/*requirements*.txt
asana_integration	Sync PR Review (GH To Asana)	**/*requirements*.in
asana_integration	Sync PR Review (GH To Asana)	**/*constraints*.txt
asana_integration	Sync PR Review (GH To Asana)	**/*constraints*.in
asana_integration	Sync PR Review (GH To Asana)	**/pyproject.toml
asana_integration	Sync PR Review (GH To Asana)	**/uv.lock
asana_integration	Sync PR Review (GH To Asana)
asana_integration	Sync PR Review (GH To Asana)	2025-07-15T19:41:48.3547892Z   prune-cache: true
asana_integration	Sync PR Review (GH To Asana)	2025-07-15T19:41:48.3548103Z   ignore-nothing-to-cache: false
asana_integration	Sync PR Review (GH To Asana)	2025-07-15T19:41:48.3548355Z   ignore-empty-workdir: false
asana_integration	Sync PR Review (GH To Asana)	2025-07-15T19:41:48.3548581Z env:
asana_integration	Sync PR Review (GH To Asana)	2025-07-15T19:41:48.3548801Z   UV_CACHE_DIR: /home/runner/work/_temp/setup-uv-cache
asana_integration	Sync PR Review (GH To Asana)	2025-07-15T19:41:48.3549082Z ##[endgroup]
asana_integration	Sync PR Review (GH To Asana)	2025-07-15T19:41:48.5960886Z Found uv in tool-cache for 0.7.3
asana_integration	Sync PR Review (GH To Asana)	2025-07-15T19:41:48.5965357Z Added /home/runner/.local/bin to the path
asana_integration	Sync PR Review (GH To Asana)	2025-07-15T19:41:48.5971191Z Added /opt/hostedtoolcache/uv/0.7.3/x86_64 to the path
asana_integration	Sync PR Review (GH To Asana)	2025-07-15T19:41:48.5995598Z Set UV_CACHE_DIR to /home/runner/work/_temp/setup-uv-cache
asana_integration	Sync PR Review (GH To Asana)	2025-07-15T19:41:48.5996270Z Successfully installed uv version 0.7.3
asana_integration	Sync PR Review (GH To Asana)	2025-07-15T19:41:48.5997144Z Searching files using cache dependency glob: **/*requirements*.txt,**/*requirements*.in,**/*constraints*.txt,**/*constraints*.in,**/pyproject.toml,**/uv.lock
asana_integration	Sync PR Review (GH To Asana)	2025-07-15T19:41:48.6382649Z /home/runner/work/metta/metta/agent/pyproject.toml
asana_integration	Sync PR Review (GH To Asana)	2025-07-15T19:41:48.6528124Z /home/runner/work/metta/metta/app_backend/pyproject.toml
asana_integration	Sync PR Review (GH To Asana)	2025-07-15T19:41:48.6585831Z /home/runner/work/metta/metta/common/pyproject.toml
asana_integration	Sync PR Review (GH To Asana)	2025-07-15T19:41:48.7724387Z /home/runner/work/metta/metta/mettagrid/pyproject.toml
asana_integration	Sync PR Review (GH To Asana)	2025-07-15T19:41:48.8279726Z /home/runner/work/metta/metta/pyproject.toml
asana_integration	Sync PR Review (GH To Asana)	2025-07-15T19:41:48.8639179Z /home/runner/work/metta/metta/uv.lock
asana_integration	Sync PR Review (GH To Asana)	2025-07-15T19:41:48.8656487Z Found 6 files to hash.
asana_integration	Sync PR Review (GH To Asana)	2025-07-15T19:41:48.8936213Z Trying to restore uv cache from GitHub Actions cache with key: setup-uv-1-x86_64-unknown-linux-gnu-3.11.7-pruned-fc7ad3d6132e153efefb4acae453fc8242b7ddf9bf716f8e4f241dc1c5de034f
asana_integration	Sync PR Review (GH To Asana)	2025-07-15T19:41:49.1903185Z Cache hit for: setup-uv-1-x86_64-unknown-linux-gnu-3.11.7-pruned-fc7ad3d6132e153efefb4acae453fc8242b7ddf9bf716f8e4f241dc1c5de034f
asana_integration	Sync PR Review (GH To Asana)	2025-07-15T19:41:49.8242977Z Received 219308 of 219308 (100.0%), 0.6 MBs/sec
asana_integration	Sync PR Review (GH To Asana)	2025-07-15T19:41:49.8243594Z Cache Size: ~0 MB (219308 B)
asana_integration	Sync PR Review (GH To Asana)	2025-07-15T19:41:49.8269369Z [command]/usr/bin/tar -xf /home/runner/work/_temp/b268551d-ff76-4f16-9e2a-b4daba567cea/cache.tzst -P -C /home/runner/work/metta/metta --use-compress-program unzstd
asana_integration	Sync PR Review (GH To Asana)	2025-07-15T19:41:49.8353092Z Cache restored successfully
asana_integration	Sync PR Review (GH To Asana)	2025-07-15T19:41:49.8360565Z uv cache restored from GitHub Actions cache with key: setup-uv-1-x86_64-unknown-linux-gnu-3.11.7-pruned-fc7ad3d6132e153efefb4acae453fc8242b7ddf9bf716f8e4f241dc1c5de034f
asana_integration	Sync PR Review (GH To Asana)	2025-07-15T19:41:49.8458604Z ##[group]Run uv run /home/runner/work/metta/metta/./.github/actions/asana/pr_review_gh_to_asana/pr_review_gh_to_asana.py
asana_integration	Sync PR Review (GH To Asana)	2025-07-15T19:41:49.8459434Z [36;1muv run /home/runner/work/metta/metta/./.github/actions/asana/pr_review_gh_to_asana/pr_review_gh_to_asana.py[0m
asana_integration	Sync PR Review (GH To Asana)	2025-07-15T19:41:49.8487953Z shell: /usr/bin/bash --noprofile --norc -e -o pipefail {0}
asana_integration	Sync PR Review (GH To Asana)	2025-07-15T19:41:49.8488545Z env:
asana_integration	Sync PR Review (GH To Asana)	2025-07-15T19:41:49.8488788Z   UV_CACHE_DIR: /home/runner/work/_temp/setup-uv-cache
asana_integration	Sync PR Review (GH To Asana)	2025-07-15T19:41:49.8489297Z   INPUT_TASK_URL: https://app.asana.com/1/1209016784099267/project/1210348820405981/task/1210804661391892
asana_integration	Sync PR Review (GH To Asana)	2025-07-15T19:41:49.8489756Z   INPUT_STATE: commented
asana_integration	Sync PR Review (GH To Asana)	2025-07-15T19:41:49.8490409Z   INPUT_ASANA_TOKEN: ***
asana_integration	Sync PR Review (GH To Asana)	2025-07-15T19:41:49.8490672Z   INPUT_AUTHOR: badjacent
asana_integration	Sync PR Review (GH To Asana)	2025-07-15T19:41:49.8490957Z   INPUT_COMMENT: you're going to have to be more convincing
asana_integration	Sync PR Review (GH To Asana)	2025-07-15T19:41:49.8491268Z ##[endgroup]
asana_integration	Sync PR Review (GH To Asana)	2025-07-15T19:41:49.8633925Z Using CPython 3.11.7
asana_integration	Sync PR Review (GH To Asana)	2025-07-15T19:41:49.8634452Z Creating virtual environment at: .venv
asana_integration	Sync PR Review (GH To Asana)	2025-07-15T19:41:49.8943974Z    Building metta-common @ file:///home/runner/work/metta/metta/common
asana_integration	Sync PR Review (GH To Asana)	2025-07-15T19:41:49.8951671Z    Updating https://github.com/Metta-AI/PufferLib.git (dcd597ef1a094cc2da886f5a4ab2c7f1b27d0183)
asana_integration	Sync PR Review (GH To Asana)	2025-07-15T19:41:49.8953070Z    Building metta-app-backend @ file:///home/runner/work/metta/metta/app_backend
asana_integration	Sync PR Review (GH To Asana)	2025-07-15T19:41:49.8953928Z    Building metta-agent @ file:///home/runner/work/metta/metta/agent
asana_integration	Sync PR Review (GH To Asana)	2025-07-15T19:41:49.8961515Z    Building metta-mettagrid @ file:///home/runner/work/metta/metta/mettagrid
asana_integration	Sync PR Review (GH To Asana)	2025-07-15T19:41:49.8963417Z    Building metta @ file:///home/runner/work/metta/metta
asana_integration	Sync PR Review (GH To Asana)	2025-07-15T19:41:49.9262663Z Downloading nvidia-nccl-cu12 (192.0MiB)
asana_integration	Sync PR Review (GH To Asana)	2025-07-15T19:41:49.9288273Z Downloading sympy (6.0MiB)
asana_integration	Sync PR Review (GH To Asana)	2025-07-15T19:41:49.9289378Z Downloading nvidia-cuda-nvrtc-cu12 (22.6MiB)
asana_integration	Sync PR Review (GH To Asana)	2025-07-15T19:41:49.9290634Z Downloading numpy (16.1MiB)
asana_integration	Sync PR Review (GH To Asana)	2025-07-15T19:41:49.9291138Z Downloading plotly (9.2MiB)
asana_integration	Sync PR Review (GH To Asana)	2025-07-15T19:41:49.9291624Z Downloading uvloop (3.8MiB)
asana_integration	Sync PR Review (GH To Asana)	2025-07-15T19:41:49.9292129Z Downloading nvidia-cuda-cupti-cu12 (8.5MiB)
asana_integration	Sync PR Review (GH To Asana)	2025-07-15T19:41:49.9293167Z Downloading scipy (33.6MiB)
asana_integration	Sync PR Review (GH To Asana)	2025-07-15T19:41:49.9293953Z Downloading matplotlib (8.2MiB)
asana_integration	Sync PR Review (GH To Asana)	2025-07-15T19:41:49.9295624Z Downloading psycopg-binary (4.3MiB)
asana_integration	Sync PR Review (GH To Asana)	2025-07-15T19:41:49.9296283Z Downloading pillow (4.4MiB)
asana_integration	Sync PR Review (GH To Asana)	2025-07-15T19:41:49.9297015Z Downloading pandas (11.8MiB)
asana_integration	Sync PR Review (GH To Asana)	2025-07-15T19:41:49.9297655Z Downloading wandb (22.1MiB)
asana_integration	Sync PR Review (GH To Asana)	2025-07-15T19:41:49.9298220Z Downloading nvidia-nvjitlink-cu12 (18.8MiB)
asana_integration	Sync PR Review (GH To Asana)	2025-07-15T19:41:49.9299602Z Downloading setuptools (1.1MiB)
asana_integration	Sync PR Review (GH To Asana)	2025-07-15T19:41:49.9300125Z Downloading nvidia-cudnn-cu12 (544.5MiB)
asana_integration	Sync PR Review (GH To Asana)	2025-07-15T19:41:49.9300630Z Downloading cryptography (4.3MiB)
asana_integration	Sync PR Review (GH To Asana)	2025-07-15T19:41:49.9302229Z Downloading nvidia-cufft-cu12 (190.9MiB)
asana_integration	Sync PR Review (GH To Asana)	2025-07-15T19:41:49.9302815Z Downloading nvidia-cublas-cu12 (374.9MiB)
asana_integration	Sync PR Review (GH To Asana)	2025-07-15T19:41:49.9304260Z Downloading pyright (5.4MiB)
asana_integration	Sync PR Review (GH To Asana)	2025-07-15T19:41:49.9305810Z Downloading pyglet (1.0MiB)
asana_integration	Sync PR Review (GH To Asana)	2025-07-15T19:41:49.9306533Z Downloading fonttools (4.7MiB)
asana_integration	Sync PR Review (GH To Asana)	2025-07-15T19:41:49.9307121Z Downloading nvidia-cufile-cu12 (1.1MiB)
asana_integration	Sync PR Review (GH To Asana)	2025-07-15T19:41:49.9308474Z Downloading triton (148.5MiB)
asana_integration	Sync PR Review (GH To Asana)	2025-07-15T19:41:49.9372550Z Downloading wandb-core (4.3MiB)
asana_integration	Sync PR Review (GH To Asana)	2025-07-15T19:41:49.9374065Z Downloading torch (783.1MiB)
asana_integration	Sync PR Review (GH To Asana)	2025-07-15T19:41:49.9376161Z Downloading pulp (15.6MiB)
asana_integration	Sync PR Review (GH To Asana)	2025-07-15T19:41:49.9377819Z Downloading duckdb (20.1MiB)
asana_integration	Sync PR Review (GH To Asana)	2025-07-15T19:41:49.9378518Z Downloading nvidia-cusparse-cu12 (206.5MiB)
asana_integration	Sync PR Review (GH To Asana)	2025-07-15T19:41:49.9385645Z Downloading opencv-python (60.1MiB)
asana_integration	Sync PR Review (GH To Asana)	2025-07-15T19:41:49.9387370Z Downloading ruff (11.1MiB)
asana_integration	Sync PR Review (GH To Asana)	2025-07-15T19:41:49.9388922Z Downloading nvidia-cusolver-cu12 (150.9MiB)
asana_integration	Sync PR Review (GH To Asana)	2025-07-15T19:41:49.9390235Z Downloading botocore (13.1MiB)
asana_integration	Sync PR Review (GH To Asana)	2025-07-15T19:41:49.9396727Z Downloading pygments (1.2MiB)
asana_integration	Sync PR Review (GH To Asana)	2025-07-15T19:41:49.9399469Z Downloading nvidia-cusparselt-cu12 (149.5MiB)
asana_integration	Sync PR Review (GH To Asana)	2025-07-15T19:41:49.9402584Z Downloading networkx (1.9MiB)
asana_integration	Sync PR Review (GH To Asana)	2025-07-15T19:41:49.9406182Z Downloading pydantic-core (1.9MiB)
asana_integration	Sync PR Review (GH To Asana)	2025-07-15T19:41:49.9411219Z Downloading kiwisolver (1.4MiB)
asana_integration	Sync PR Review (GH To Asana)	2025-07-15T19:41:49.9421716Z Downloading nvidia-curand-cu12 (53.7MiB)
asana_integration	Sync PR Review (GH To Asana)	2025-07-15T19:41:49.9465431Z Downloading torchrl (1.2MiB)
asana_integration	Sync PR Review (GH To Asana)	2025-07-15T19:41:49.9520214Z Downloading skypilot (1.9MiB)
asana_integration	Sync PR Review (GH To Asana)	2025-07-15T19:41:50.7453974Z  Downloading nvidia-cufile-cu12
asana_integration	Sync PR Review (GH To Asana)	2025-07-15T19:41:50.7606672Z  Downloading pyglet
asana_integration	Sync PR Review (GH To Asana)	2025-07-15T19:41:50.8756554Z  Downloading torchrl
asana_integration	Sync PR Review (GH To Asana)	2025-07-15T19:41:50.9742933Z  Downloading kiwisolver
asana_integration	Sync PR Review (GH To Asana)	2025-07-15T19:41:51.1303624Z  Downloading pygments
asana_integration	Sync PR Review (GH To Asana)	2025-07-15T19:41:51.3610209Z  Downloading pydantic-core
asana_integration	Sync PR Review (GH To Asana)	2025-07-15T19:41:51.7803556Z  Downloading setuptools
asana_integration	Sync PR Review (GH To Asana)	2025-07-15T19:41:52.0763693Z  Downloading skypilot
asana_integration	Sync PR Review (GH To Asana)	2025-07-15T19:41:52.3154114Z  Downloading networkx
asana_integration	Sync PR Review (GH To Asana)	2025-07-15T19:41:53.0286727Z       Built metta-app-backend @ file:///home/runner/work/metta/metta/app_backend
asana_integration	Sync PR Review (GH To Asana)	2025-07-15T19:41:53.1216049Z       Built metta-common @ file:///home/runner/work/metta/metta/common
asana_integration	Sync PR Review (GH To Asana)	2025-07-15T19:41:53.1400964Z       Built metta-agent @ file:///home/runner/work/metta/metta/agent
asana_integration	Sync PR Review (GH To Asana)	2025-07-15T19:41:53.2883696Z    Building gym==0.25.2
asana_integration	Sync PR Review (GH To Asana)	2025-07-15T19:41:53.4279257Z  Downloading uvloop
asana_integration	Sync PR Review (GH To Asana)	2025-07-15T19:41:53.6900382Z    Building pixie-python==4.3.0
asana_integration	Sync PR Review (GH To Asana)	2025-07-15T19:41:53.7120188Z  Downloading psycopg-binary
asana_integration	Sync PR Review (GH To Asana)	2025-07-15T19:41:53.7296583Z  Downloading wandb-core
asana_integration	Sync PR Review (GH To Asana)	2025-07-15T19:41:53.7649092Z  Downloading cryptography
asana_integration	Sync PR Review (GH To Asana)	2025-07-15T19:41:53.8105690Z  Downloading pillow
asana_integration	Sync PR Review (GH To Asana)	2025-07-15T19:41:53.9660130Z  Downloading fonttools
asana_integration	Sync PR Review (GH To Asana)	2025-07-15T19:41:54.4841421Z       Built gym==0.25.2
asana_integration	Sync PR Review (GH To Asana)	2025-07-15T19:41:54.7237170Z  Downloading sympy
asana_integration	Sync PR Review (GH To Asana)	2025-07-15T19:41:54.9633967Z       Built pixie-python==4.3.0
asana_integration	Sync PR Review (GH To Asana)	2025-07-15T19:41:55.5103877Z  Downloading matplotlib
asana_integration	Sync PR Review (GH To Asana)	2025-07-15T19:41:55.5431172Z  Downloading nvidia-cuda-cupti-cu12
asana_integration	Sync PR Review (GH To Asana)	2025-07-15T19:41:55.8845659Z  Downloading plotly
asana_integration	Sync PR Review (GH To Asana)	2025-07-15T19:41:56.3422526Z  Downloading ruff
asana_integration	Sync PR Review (GH To Asana)	2025-07-15T19:41:56.6898039Z  Downloading pandas
asana_integration	Sync PR Review (GH To Asana)	2025-07-15T19:41:57.1020459Z  Downloading botocore
asana_integration	Sync PR Review (GH To Asana)	2025-07-15T19:41:57.6406240Z  Downloading pulp
asana_integration	Sync PR Review (GH To Asana)	2025-07-15T19:41:57.6788049Z  Downloading numpy
asana_integration	Sync PR Review (GH To Asana)	2025-07-15T19:41:58.3178247Z  Downloading nvidia-nvjitlink-cu12
asana_integration	Sync PR Review (GH To Asana)	2025-07-15T19:41:58.5891699Z  Downloading duckdb
asana_integration	Sync PR Review (GH To Asana)	2025-07-15T19:41:59.1156943Z  Downloading nvidia-cuda-nvrtc-cu12
asana_integration	Sync PR Review (GH To Asana)	2025-07-15T19:42:00.1258383Z  Downloading wandb
asana_integration	Sync PR Review (GH To Asana)	2025-07-15T19:42:00.5965253Z     Updated https://github.com/Metta-AI/PufferLib.git (dcd597ef1a094cc2da886f5a4ab2c7f1b27d0183)
asana_integration	Sync PR Review (GH To Asana)	2025-07-15T19:42:00.6042743Z    Building pufferlib @ git+https://github.com/Metta-AI/PufferLib.git@dcd597ef1a094cc2da886f5a4ab2c7f1b27d0183
asana_integration	Sync PR Review (GH To Asana)	2025-07-15T19:42:01.3392016Z  Downloading scipy
asana_integration	Sync PR Review (GH To Asana)	2025-07-15T19:42:02.9362693Z  Downloading nvidia-curand-cu12
asana_integration	Sync PR Review (GH To Asana)	2025-07-15T19:42:03.7246384Z  Downloading opencv-python
asana_integration	Sync PR Review (GH To Asana)	2025-07-15T19:42:06.2937748Z  Downloading pyright
asana_integration	Sync PR Review (GH To Asana)	2025-07-15T19:42:07.1507360Z       Built metta @ file:///home/runner/work/metta/metta
asana_integration	Sync PR Review (GH To Asana)	2025-07-15T19:42:10.0451571Z  Downloading nvidia-cusparselt-cu12
asana_integration	Sync PR Review (GH To Asana)	2025-07-15T19:42:10.0698888Z  Downloading nvidia-cusolver-cu12
asana_integration	Sync PR Review (GH To Asana)	2025-07-15T19:42:10.6893898Z  Downloading triton
asana_integration	Sync PR Review (GH To Asana)	2025-07-15T19:42:11.6844888Z  Downloading nvidia-nccl-cu12
asana_integration	Sync PR Review (GH To Asana)	2025-07-15T19:42:11.6874020Z  Downloading nvidia-cufft-cu12
asana_integration	Sync PR Review (GH To Asana)	2025-07-15T19:42:12.0720229Z  Downloading nvidia-cusparse-cu12
asana_integration	Sync PR Review (GH To Asana)	2025-07-15T19:42:14.8851180Z  Downloading nvidia-cublas-cu12
asana_integration	Sync PR Review (GH To Asana)	2025-07-15T19:42:15.9596590Z  Downloading nvidia-cudnn-cu12
asana_integration	Sync PR Review (GH To Asana)	2025-07-15T19:42:19.9568104Z       Built metta-mettagrid @ file:///home/runner/work/metta/metta/mettagrid
asana_integration	Sync PR Review (GH To Asana)	2025-07-15T19:42:23.8310670Z  Downloading torch
asana_integration	Sync PR Review (GH To Asana)	2025-07-15T19:42:57.7675659Z       Built pufferlib @ git+https://github.com/Metta-AI/PufferLib.git@dcd597ef1a094cc2da886f5a4ab2c7f1b27d0183
asana_integration	Sync PR Review (GH To Asana)	2025-07-15T19:42:58.2992655Z Installed 160 packages in 361ms
asana_integration	Post Sync PR Review (GH To Asana)	ï»¿2025-07-15T19:42:59.1600153Z Post job cleanup.
asana_integration	Post Sync PR Review (GH To Asana)	2025-07-15T19:42:59.1637720Z Post job cleanup.
asana_integration	Post Sync PR Review (GH To Asana)	2025-07-15T19:42:59.3231541Z Cache hit occurred on key setup-uv-1-x86_64-unknown-linux-gnu-3.11.7-pruned-fc7ad3d6132e153efefb4acae453fc8242b7ddf9bf716f8e4f241dc1c5de034f, not saving cache.
asana_integration	Post Sync PR Description (GH to Asana)	ï»¿2025-07-15T19:42:59.3326338Z Post job cleanup.
asana_integration	Post Sync PR Description (GH to Asana)	2025-07-15T19:42:59.3364198Z Post job cleanup.
asana_integration	Post Sync PR Description (GH to Asana)	2025-07-15T19:42:59.4967282Z Cache hit occurred on key setup-uv-1-x86_64-unknown-linux-gnu-3.11.7-pruned-fc7ad3d6132e153efefb4acae453fc8242b7ddf9bf716f8e4f241dc1c5de034f, not saving cache.
asana_integration	Post Sync PR Task (GH to Asana)	ï»¿2025-07-15T19:42:59.5086100Z Post job cleanup.
asana_integration	Post Sync PR Task (GH to Asana)	2025-07-15T19:42:59.5122306Z Post job cleanup.
asana_integration	Post Sync PR Task (GH to Asana)	2025-07-15T19:42:59.6734778Z Cache hit occurred on key setup-uv-1-x86_64-unknown-linux-gnu-unknown-pruned-fc7ad3d6132e153efefb4acae453fc8242b7ddf9bf716f8e4f241dc1c5de034f, not saving cache.
asana_integration	Post Checkout repository	ï»¿2025-07-15T19:42:59.6836232Z Post job cleanup.
asana_integration	Post Checkout repository	2025-07-15T19:42:59.7841898Z [command]/usr/bin/git version
asana_integration	Post Checkout repository	2025-07-15T19:42:59.7880405Z git version 2.50.1
asana_integration	Post Checkout repository	2025-07-15T19:42:59.7934186Z Temporarily overriding HOME='/home/runner/work/_temp/1453b46d-ffc5-4189-a285-1a5484db923d' before making global git config changes
asana_integration	Post Checkout repository	2025-07-15T19:42:59.7935707Z Adding repository directory to the temporary git global config as a safe directory
asana_integration	Post Checkout repository	2025-07-15T19:42:59.7940731Z [command]/usr/bin/git config --global --add safe.directory /home/runner/work/metta/metta
asana_integration	Post Checkout repository	2025-07-15T19:42:59.7978089Z [command]/usr/bin/git config --local --name-only --get-regexp core\.sshCommand
asana_integration	Post Checkout repository	2025-07-15T19:42:59.8011617Z [command]/usr/bin/git submodule foreach --recursive sh -c "git config --local --name-only --get-regexp 'core\.sshCommand' && git config --local --unset-all 'core.sshCommand' || :"
asana_integration	Post Checkout repository	2025-07-15T19:42:59.8241881Z [command]/usr/bin/git config --local --name-only --get-regexp http\.https\:\/\/github\.com\/\.extraheader
asana_integration	Post Checkout repository	2025-07-15T19:42:59.8264195Z http.https://github.com/.extraheader
asana_integration	Post Checkout repository	2025-07-15T19:42:59.8277075Z [command]/usr/bin/git config --local --unset-all http.https://github.com/.extraheader
asana_integration	Post Checkout repository	2025-07-15T19:42:59.8309746Z [command]/usr/bin/git submodule foreach --recursive sh -c "git config --local --name-only --get-regexp 'http\.https\:\/\/github\.com\/\.extraheader' && git config --local --unset-all 'http.https://github.com/.extraheader' || :"
asana_integration	Complete job	ï»¿2025-07-15T19:42:59.8650517Z Cleaning up orphan processes
