asana_integration	UNKNOWN STEP	ï»¿2025-07-19T23:54:26.0388231Z Current runner version: '2.326.0'
asana_integration	UNKNOWN STEP	2025-07-19T23:54:26.0411298Z ##[group]Runner Image Provisioner
asana_integration	UNKNOWN STEP	2025-07-19T23:54:26.0412187Z Hosted Compute Agent
asana_integration	UNKNOWN STEP	2025-07-19T23:54:26.0412867Z Version: 20250711.363
asana_integration	UNKNOWN STEP	2025-07-19T23:54:26.0413461Z Commit: 6785254374ce925a23743850c1cb91912ce5c14c
asana_integration	UNKNOWN STEP	2025-07-19T23:54:26.0414202Z Build Date: 2025-07-11T20:04:25Z
asana_integration	UNKNOWN STEP	2025-07-19T23:54:26.0414896Z ##[endgroup]
asana_integration	UNKNOWN STEP	2025-07-19T23:54:26.0415443Z ##[group]Operating System
asana_integration	UNKNOWN STEP	2025-07-19T23:54:26.0416046Z Ubuntu
asana_integration	UNKNOWN STEP	2025-07-19T23:54:26.0416596Z 24.04.2
asana_integration	UNKNOWN STEP	2025-07-19T23:54:26.0417084Z LTS
asana_integration	UNKNOWN STEP	2025-07-19T23:54:26.0417769Z ##[endgroup]
asana_integration	UNKNOWN STEP	2025-07-19T23:54:26.0418398Z ##[group]Runner Image
asana_integration	UNKNOWN STEP	2025-07-19T23:54:26.0419080Z Image: ubuntu-24.04
asana_integration	UNKNOWN STEP	2025-07-19T23:54:26.0419599Z Version: 20250710.1.0
asana_integration	UNKNOWN STEP	2025-07-19T23:54:26.0420786Z Included Software: https://github.com/actions/runner-images/blob/ubuntu24/20250710.1/images/ubuntu/Ubuntu2404-Readme.md
asana_integration	UNKNOWN STEP	2025-07-19T23:54:26.0422502Z Image Release: https://github.com/actions/runner-images/releases/tag/ubuntu24%2F20250710.1
asana_integration	UNKNOWN STEP	2025-07-19T23:54:26.0423645Z ##[endgroup]
asana_integration	UNKNOWN STEP	2025-07-19T23:54:26.0424914Z ##[group]GITHUB_TOKEN Permissions
asana_integration	UNKNOWN STEP	2025-07-19T23:54:26.0427040Z Actions: read
asana_integration	UNKNOWN STEP	2025-07-19T23:54:26.0427937Z Contents: read
asana_integration	UNKNOWN STEP	2025-07-19T23:54:26.0428428Z Metadata: read
asana_integration	UNKNOWN STEP	2025-07-19T23:54:26.0429008Z PullRequests: write
asana_integration	UNKNOWN STEP	2025-07-19T23:54:26.0429543Z ##[endgroup]
asana_integration	UNKNOWN STEP	2025-07-19T23:54:26.0431849Z Secret source: Actions
asana_integration	UNKNOWN STEP	2025-07-19T23:54:26.0432631Z Prepare workflow directory
asana_integration	UNKNOWN STEP	2025-07-19T23:54:26.0785989Z Prepare all required actions
asana_integration	UNKNOWN STEP	2025-07-19T23:54:26.0823675Z Getting action download info
asana_integration	UNKNOWN STEP	2025-07-19T23:54:26.3917416Z ##[group]Download immutable action package 'actions/checkout@v4'
asana_integration	UNKNOWN STEP	2025-07-19T23:54:26.3918589Z Version: 4.2.2
asana_integration	UNKNOWN STEP	2025-07-19T23:54:26.3919671Z Digest: sha256:ccb2698953eaebd21c7bf6268a94f9c26518a7e38e27e0b83c1fe1ad049819b1
asana_integration	UNKNOWN STEP	2025-07-19T23:54:26.3921113Z Source commit SHA: 11bd71901bbe5b1630ceea73d27597364c9af683
asana_integration	UNKNOWN STEP	2025-07-19T23:54:26.3921964Z ##[endgroup]
asana_integration	UNKNOWN STEP	2025-07-19T23:54:26.5625101Z Complete job name: asana_integration
asana_integration	UNKNOWN STEP	2025-07-19T23:54:26.6300899Z ##[group]Run actions/checkout@v4
asana_integration	UNKNOWN STEP	2025-07-19T23:54:26.6301757Z with:
asana_integration	UNKNOWN STEP	2025-07-19T23:54:26.6302175Z   repository: Metta-AI/metta
asana_integration	UNKNOWN STEP	2025-07-19T23:54:26.6302809Z   token: ***
asana_integration	UNKNOWN STEP	2025-07-19T23:54:26.6303202Z   ssh-strict: true
asana_integration	UNKNOWN STEP	2025-07-19T23:54:26.6303618Z   ssh-user: git
asana_integration	UNKNOWN STEP	2025-07-19T23:54:26.6304048Z   persist-credentials: true
asana_integration	UNKNOWN STEP	2025-07-19T23:54:26.6304512Z   clean: true
asana_integration	UNKNOWN STEP	2025-07-19T23:54:26.6304936Z   sparse-checkout-cone-mode: true
asana_integration	UNKNOWN STEP	2025-07-19T23:54:26.6305445Z   fetch-depth: 1
asana_integration	UNKNOWN STEP	2025-07-19T23:54:26.6305848Z   fetch-tags: false
asana_integration	UNKNOWN STEP	2025-07-19T23:54:26.6306265Z   show-progress: true
asana_integration	UNKNOWN STEP	2025-07-19T23:54:26.6306696Z   lfs: false
asana_integration	UNKNOWN STEP	2025-07-19T23:54:26.6307085Z   submodules: false
asana_integration	UNKNOWN STEP	2025-07-19T23:54:26.6307714Z   set-safe-directory: true
asana_integration	UNKNOWN STEP	2025-07-19T23:54:26.6308426Z ##[endgroup]
asana_integration	UNKNOWN STEP	2025-07-19T23:54:26.7405223Z Syncing repository: Metta-AI/metta
asana_integration	UNKNOWN STEP	2025-07-19T23:54:26.7406981Z ##[group]Getting Git version info
asana_integration	UNKNOWN STEP	2025-07-19T23:54:26.7408027Z Working directory is '/home/runner/work/metta/metta'
asana_integration	UNKNOWN STEP	2025-07-19T23:54:26.7409121Z [command]/usr/bin/git version
asana_integration	UNKNOWN STEP	2025-07-19T23:54:26.7452642Z git version 2.50.1
asana_integration	UNKNOWN STEP	2025-07-19T23:54:26.7480727Z ##[endgroup]
asana_integration	UNKNOWN STEP	2025-07-19T23:54:26.7494167Z Temporarily overriding HOME='/home/runner/work/_temp/b74381b6-9def-4c7f-a15d-46868bf227bf' before making global git config changes
asana_integration	UNKNOWN STEP	2025-07-19T23:54:26.7496841Z Adding repository directory to the temporary git global config as a safe directory
asana_integration	UNKNOWN STEP	2025-07-19T23:54:26.7499967Z [command]/usr/bin/git config --global --add safe.directory /home/runner/work/metta/metta
asana_integration	UNKNOWN STEP	2025-07-19T23:54:26.7538480Z Deleting the contents of '/home/runner/work/metta/metta'
asana_integration	UNKNOWN STEP	2025-07-19T23:54:26.7540726Z ##[group]Initializing the repository
asana_integration	UNKNOWN STEP	2025-07-19T23:54:26.7544808Z [command]/usr/bin/git init /home/runner/work/metta/metta
asana_integration	UNKNOWN STEP	2025-07-19T23:54:26.7622206Z hint: Using 'master' as the name for the initial branch. This default branch name
asana_integration	UNKNOWN STEP	2025-07-19T23:54:26.7623925Z hint: is subject to change. To configure the initial branch name to use in all
asana_integration	UNKNOWN STEP	2025-07-19T23:54:26.7625471Z hint: of your new repositories, which will suppress this warning, call:
asana_integration	UNKNOWN STEP	2025-07-19T23:54:26.7626958Z hint:
asana_integration	UNKNOWN STEP	2025-07-19T23:54:26.7628239Z hint: 	git config --global init.defaultBranch <name>
asana_integration	UNKNOWN STEP	2025-07-19T23:54:26.7628907Z hint:
asana_integration	UNKNOWN STEP	2025-07-19T23:54:26.7629510Z hint: Names commonly chosen instead of 'master' are 'main', 'trunk' and
asana_integration	UNKNOWN STEP	2025-07-19T23:54:26.7630517Z hint: 'development'. The just-created branch can be renamed via this command:
asana_integration	UNKNOWN STEP	2025-07-19T23:54:26.7631308Z hint:
asana_integration	UNKNOWN STEP	2025-07-19T23:54:26.7631783Z hint: 	git branch -m <name>
asana_integration	UNKNOWN STEP	2025-07-19T23:54:26.7632542Z hint:
asana_integration	UNKNOWN STEP	2025-07-19T23:54:26.7633350Z hint: Disable this message with "git config set advice.defaultBranchName false"
asana_integration	UNKNOWN STEP	2025-07-19T23:54:26.7634354Z Initialized empty Git repository in /home/runner/work/metta/metta/.git/
asana_integration	UNKNOWN STEP	2025-07-19T23:54:26.7640579Z [command]/usr/bin/git remote add origin https://github.com/Metta-AI/metta
asana_integration	UNKNOWN STEP	2025-07-19T23:54:26.7674178Z ##[endgroup]
asana_integration	UNKNOWN STEP	2025-07-19T23:54:26.7675537Z ##[group]Disabling automatic garbage collection
asana_integration	UNKNOWN STEP	2025-07-19T23:54:26.7679542Z [command]/usr/bin/git config --local gc.auto 0
asana_integration	UNKNOWN STEP	2025-07-19T23:54:26.7710572Z ##[endgroup]
asana_integration	UNKNOWN STEP	2025-07-19T23:54:26.7711907Z ##[group]Setting up auth
asana_integration	UNKNOWN STEP	2025-07-19T23:54:26.7718472Z [command]/usr/bin/git config --local --name-only --get-regexp core\.sshCommand
asana_integration	UNKNOWN STEP	2025-07-19T23:54:26.7752182Z [command]/usr/bin/git submodule foreach --recursive sh -c "git config --local --name-only --get-regexp 'core\.sshCommand' && git config --local --unset-all 'core.sshCommand' || :"
asana_integration	UNKNOWN STEP	2025-07-19T23:54:26.8044796Z [command]/usr/bin/git config --local --name-only --get-regexp http\.https\:\/\/github\.com\/\.extraheader
asana_integration	UNKNOWN STEP	2025-07-19T23:54:26.8079059Z [command]/usr/bin/git submodule foreach --recursive sh -c "git config --local --name-only --get-regexp 'http\.https\:\/\/github\.com\/\.extraheader' && git config --local --unset-all 'http.https://github.com/.extraheader' || :"
asana_integration	UNKNOWN STEP	2025-07-19T23:54:26.8318758Z [command]/usr/bin/git config --local http.https://github.com/.extraheader AUTHORIZATION: basic ***
asana_integration	UNKNOWN STEP	2025-07-19T23:54:26.8359870Z ##[endgroup]
asana_integration	UNKNOWN STEP	2025-07-19T23:54:26.8361618Z ##[group]Fetching the repository
asana_integration	UNKNOWN STEP	2025-07-19T23:54:26.8370240Z [command]/usr/bin/git -c protocol.version=2 fetch --no-tags --prune --no-recurse-submodules --depth=1 origin +c5a4350950f8af027e9cdbc36ec3968979d9b21e:refs/remotes/pull/1572/merge
asana_integration	UNKNOWN STEP	2025-07-19T23:54:27.3374754Z From https://github.com/Metta-AI/metta
asana_integration	UNKNOWN STEP	2025-07-19T23:54:27.3378124Z  * [new ref]         c5a4350950f8af027e9cdbc36ec3968979d9b21e -> pull/1572/merge
asana_integration	UNKNOWN STEP	2025-07-19T23:54:27.3461535Z ##[endgroup]
asana_integration	UNKNOWN STEP	2025-07-19T23:54:27.3463125Z ##[group]Determining the checkout info
asana_integration	UNKNOWN STEP	2025-07-19T23:54:27.3464693Z ##[endgroup]
asana_integration	UNKNOWN STEP	2025-07-19T23:54:27.3469490Z [command]/usr/bin/git sparse-checkout disable
asana_integration	UNKNOWN STEP	2025-07-19T23:54:27.3510981Z [command]/usr/bin/git config --local --unset-all extensions.worktreeConfig
asana_integration	UNKNOWN STEP	2025-07-19T23:54:27.3543568Z ##[group]Checking out the ref
asana_integration	UNKNOWN STEP	2025-07-19T23:54:27.3547562Z [command]/usr/bin/git checkout --progress --force refs/remotes/pull/1572/merge
asana_integration	UNKNOWN STEP	2025-07-19T23:54:27.4904735Z Note: switching to 'refs/remotes/pull/1572/merge'.
asana_integration	UNKNOWN STEP	2025-07-19T23:54:27.4906370Z 
asana_integration	UNKNOWN STEP	2025-07-19T23:54:27.4907679Z You are in 'detached HEAD' state. You can look around, make experimental
asana_integration	UNKNOWN STEP	2025-07-19T23:54:27.4910456Z changes and commit them, and you can discard any commits you make in this
asana_integration	UNKNOWN STEP	2025-07-19T23:54:27.4914714Z state without impacting any branches by switching back to a branch.
asana_integration	UNKNOWN STEP	2025-07-19T23:54:27.4917014Z 
asana_integration	UNKNOWN STEP	2025-07-19T23:54:27.4918458Z If you want to create a new branch to retain commits you create, you may
asana_integration	UNKNOWN STEP	2025-07-19T23:54:27.4922221Z do so (now or later) by using -c with the switch command. Example:
asana_integration	UNKNOWN STEP	2025-07-19T23:54:27.4924546Z 
asana_integration	UNKNOWN STEP	2025-07-19T23:54:27.4925368Z   git switch -c <new-branch-name>
asana_integration	UNKNOWN STEP	2025-07-19T23:54:27.4926589Z 
asana_integration	UNKNOWN STEP	2025-07-19T23:54:27.4927415Z Or undo this operation with:
asana_integration	UNKNOWN STEP	2025-07-19T23:54:27.4928436Z 
asana_integration	UNKNOWN STEP	2025-07-19T23:54:27.4929058Z   git switch -
asana_integration	UNKNOWN STEP	2025-07-19T23:54:27.4929746Z 
asana_integration	UNKNOWN STEP	2025-07-19T23:54:27.4930930Z Turn off this advice by setting config variable advice.detachedHead to false
asana_integration	UNKNOWN STEP	2025-07-19T23:54:27.4932782Z 
asana_integration	UNKNOWN STEP	2025-07-19T23:54:27.4934913Z HEAD is now at c5a4350 Merge f0a26438666489f932be5af2567ede066dafce3e into ccd3ae975cf5e8b412b05368c4149c16cc613479
asana_integration	UNKNOWN STEP	2025-07-19T23:54:27.4939902Z ##[endgroup]
asana_integration	UNKNOWN STEP	2025-07-19T23:54:27.4964070Z [command]/usr/bin/git log -1 --format=%H
asana_integration	UNKNOWN STEP	2025-07-19T23:54:27.4987810Z c5a4350950f8af027e9cdbc36ec3968979d9b21e
asana_integration	UNKNOWN STEP	2025-07-19T23:54:27.5430027Z Prepare all required actions
asana_integration	UNKNOWN STEP	2025-07-19T23:54:27.5431235Z Getting action download info
asana_integration	UNKNOWN STEP	2025-07-19T23:54:27.6671202Z Download action repository 'astral-sh/setup-uv@v6' (SHA:7edac99f961f18b581bbd960d59d049f04c0002f)
asana_integration	UNKNOWN STEP	2025-07-19T23:54:27.9481349Z ##[group]Download immutable action package 'actions/upload-artifact@v4'
asana_integration	UNKNOWN STEP	2025-07-19T23:54:27.9483064Z Version: 4.6.2
asana_integration	UNKNOWN STEP	2025-07-19T23:54:27.9484527Z Digest: sha256:290722aa3281d5caf23d0acdc3dbeb3424786a1a01a9cc97e72f147225e37c38
asana_integration	UNKNOWN STEP	2025-07-19T23:54:27.9486487Z Source commit SHA: ea165f8d65b6e75b540449e92b4886f43607fa02
asana_integration	UNKNOWN STEP	2025-07-19T23:54:27.9488151Z ##[endgroup]
asana_integration	UNKNOWN STEP	2025-07-19T23:54:28.1805959Z ##[group]Run ./.github/actions/asana/pr_gh_to_asana
asana_integration	UNKNOWN STEP	2025-07-19T23:54:28.1807404Z with:
asana_integration	UNKNOWN STEP	2025-07-19T23:54:28.1808253Z   title: branch for testing
asana_integration	UNKNOWN STEP	2025-07-19T23:54:28.1809222Z   pr_state: open
asana_integration	UNKNOWN STEP	2025-07-19T23:54:28.1810052Z   project_id: 1210348820405981
asana_integration	UNKNOWN STEP	2025-07-19T23:54:28.1811019Z   workspace_id: 1209016784099267
asana_integration	UNKNOWN STEP	2025-07-19T23:54:28.1812653Z   asana_token: ***
asana_integration	UNKNOWN STEP	2025-07-19T23:54:28.1813746Z   github_url: https://github.com/Metta-AI/metta/pull/1572
asana_integration	UNKNOWN STEP	2025-07-19T23:54:28.1815020Z   github_url_field_id: 1210578228718257
asana_integration	UNKNOWN STEP	2025-07-19T23:54:28.1816084Z   roster_project_id: 1209948553419016
asana_integration	UNKNOWN STEP	2025-07-19T23:54:28.1817405Z   gh_login_field_id: 1210594297567963
asana_integration	UNKNOWN STEP	2025-07-19T23:54:28.1818463Z   asana_email_field_id: 1209050603577235
asana_integration	UNKNOWN STEP	2025-07-19T23:54:28.1819528Z   pr_author_field_id: 1210679003513019
asana_integration	UNKNOWN STEP	2025-07-19T23:54:28.1821179Z   asana_attachment_secret: ***
asana_integration	UNKNOWN STEP	2025-07-19T23:54:28.1822132Z   pr_number: 1572
asana_integration	UNKNOWN STEP	2025-07-19T23:54:28.1822968Z   github_repo: Metta-AI/metta
asana_integration	UNKNOWN STEP	2025-07-19T23:54:28.1824184Z   github_token: ***
asana_integration	UNKNOWN STEP	2025-07-19T23:54:28.1824978Z ##[endgroup]
asana_integration	UNKNOWN STEP	2025-07-19T23:54:28.2009017Z ##[group]Run astral-sh/setup-uv@v6
asana_integration	UNKNOWN STEP	2025-07-19T23:54:28.2009941Z with:
asana_integration	UNKNOWN STEP	2025-07-19T23:54:28.2010622Z   version: 0.7.3
asana_integration	UNKNOWN STEP	2025-07-19T23:54:28.2011401Z   enable-cache: true
asana_integration	UNKNOWN STEP	2025-07-19T23:54:28.2012224Z   activate-environment: false
asana_integration	UNKNOWN STEP	2025-07-19T23:54:28.2013251Z   working-directory: /home/runner/work/metta/metta
asana_integration	UNKNOWN STEP	2025-07-19T23:54:28.2014410Z   server-url: https://github.com
asana_integration	UNKNOWN STEP	2025-07-19T23:54:28.2015644Z   github-token: ***
asana_integration	UNKNOWN STEP	2025-07-19T23:54:28.2017577Z   cache-dependency-glob: **/*requirements*.txt
asana_integration	UNKNOWN STEP	**/*requirements*.in
asana_integration	UNKNOWN STEP	**/*constraints*.txt
asana_integration	UNKNOWN STEP	**/*constraints*.in
asana_integration	UNKNOWN STEP	**/pyproject.toml
asana_integration	UNKNOWN STEP	**/uv.lock
asana_integration	UNKNOWN STEP	
asana_integration	UNKNOWN STEP	2025-07-19T23:54:28.2019637Z   prune-cache: true
asana_integration	UNKNOWN STEP	2025-07-19T23:54:28.2020461Z   ignore-nothing-to-cache: false
asana_integration	UNKNOWN STEP	2025-07-19T23:54:28.2021425Z   ignore-empty-workdir: false
asana_integration	UNKNOWN STEP	2025-07-19T23:54:28.2022317Z ##[endgroup]
asana_integration	UNKNOWN STEP	2025-07-19T23:54:28.4413635Z manifest-file not provided, reading from local file.
asana_integration	UNKNOWN STEP	2025-07-19T23:54:28.4453980Z Downloading uv from "https://github.com/astral-sh/uv/releases/download/0.7.3/uv-x86_64-unknown-linux-gnu.tar.gz" ...
asana_integration	UNKNOWN STEP	2025-07-19T23:54:28.7550594Z [command]/usr/bin/tar xz --warning=no-unknown-keyword --overwrite -C /home/runner/work/_temp/f78bd574-394e-46c0-bb77-44fa621fcebe -f /home/runner/work/_temp/edc554ef-a33b-47fc-8d4e-97b557dc1669
asana_integration	UNKNOWN STEP	2025-07-19T23:54:29.1275433Z Added /home/runner/.local/bin to the path
asana_integration	UNKNOWN STEP	2025-07-19T23:54:29.1278753Z Added /opt/hostedtoolcache/uv/0.7.3/x86_64 to the path
asana_integration	UNKNOWN STEP	2025-07-19T23:54:29.1302634Z Set UV_CACHE_DIR to /home/runner/work/_temp/setup-uv-cache
asana_integration	UNKNOWN STEP	2025-07-19T23:54:29.1303418Z Successfully installed uv version 0.7.3
asana_integration	UNKNOWN STEP	2025-07-19T23:54:29.1304710Z Searching files using cache dependency glob: **/*requirements*.txt,**/*requirements*.in,**/*constraints*.txt,**/*constraints*.in,**/pyproject.toml,**/uv.lock
asana_integration	UNKNOWN STEP	2025-07-19T23:54:29.1580189Z /home/runner/work/metta/metta/agent/pyproject.toml
asana_integration	UNKNOWN STEP	2025-07-19T23:54:29.1695464Z /home/runner/work/metta/metta/app_backend/pyproject.toml
asana_integration	UNKNOWN STEP	2025-07-19T23:54:29.1751983Z /home/runner/work/metta/metta/common/pyproject.toml
asana_integration	UNKNOWN STEP	2025-07-19T23:54:29.3000686Z /home/runner/work/metta/metta/mettagrid/pyproject.toml
asana_integration	UNKNOWN STEP	2025-07-19T23:54:29.3544198Z /home/runner/work/metta/metta/pyproject.toml
asana_integration	UNKNOWN STEP	2025-07-19T23:54:29.3859112Z /home/runner/work/metta/metta/uv.lock
asana_integration	UNKNOWN STEP	2025-07-19T23:54:29.3869261Z Found 6 files to hash.
asana_integration	UNKNOWN STEP	2025-07-19T23:54:29.5097600Z Trying to restore uv cache from GitHub Actions cache with key: setup-uv-1-x86_64-unknown-linux-gnu-unknown-pruned-fc7ad3d6132e153efefb4acae453fc8242b7ddf9bf716f8e4f241dc1c5de034f
asana_integration	UNKNOWN STEP	2025-07-19T23:54:29.6227960Z Cache hit for: setup-uv-1-x86_64-unknown-linux-gnu-unknown-pruned-fc7ad3d6132e153efefb4acae453fc8242b7ddf9bf716f8e4f241dc1c5de034f
asana_integration	UNKNOWN STEP	2025-07-19T23:54:29.6808005Z Received 219325 of 219325 (100.0%), 16.1 MBs/sec
asana_integration	UNKNOWN STEP	2025-07-19T23:54:29.6808844Z Cache Size: ~0 MB (219325 B)
asana_integration	UNKNOWN STEP	2025-07-19T23:54:29.6835475Z [command]/usr/bin/tar -xf /home/runner/work/_temp/132d1e60-7f4c-4d64-8780-55c5746e99cc/cache.tzst -P -C /home/runner/work/metta/metta --use-compress-program unzstd
asana_integration	UNKNOWN STEP	2025-07-19T23:54:29.7032265Z Cache restored successfully
asana_integration	UNKNOWN STEP	2025-07-19T23:54:29.7040019Z uv cache restored from GitHub Actions cache with key: setup-uv-1-x86_64-unknown-linux-gnu-unknown-pruned-fc7ad3d6132e153efefb4acae453fc8242b7ddf9bf716f8e4f241dc1c5de034f
asana_integration	UNKNOWN STEP	2025-07-19T23:54:29.7226123Z ##[group]Run uv run /home/runner/work/metta/metta/./.github/actions/asana/pr_gh_to_asana/pr_gh_to_asana.py
asana_integration	UNKNOWN STEP	2025-07-19T23:54:29.7227397Z [36;1muv run /home/runner/work/metta/metta/./.github/actions/asana/pr_gh_to_asana/pr_gh_to_asana.py[0m
asana_integration	UNKNOWN STEP	2025-07-19T23:54:29.7263402Z shell: /usr/bin/bash --noprofile --norc -e -o pipefail {0}
asana_integration	UNKNOWN STEP	2025-07-19T23:54:29.7263942Z env:
asana_integration	UNKNOWN STEP	2025-07-19T23:54:29.7264316Z   UV_CACHE_DIR: /home/runner/work/_temp/setup-uv-cache
asana_integration	UNKNOWN STEP	2025-07-19T23:54:29.7264821Z   INPUT_TITLE: branch for testing
asana_integration	UNKNOWN STEP	2025-07-19T23:54:29.7265229Z   INPUT_PR_STATE: open
asana_integration	UNKNOWN STEP	2025-07-19T23:54:29.7265601Z   INPUT_PROJECT_ID: 1210348820405981
asana_integration	UNKNOWN STEP	2025-07-19T23:54:29.7266014Z   INPUT_WORKSPACE_ID: 1209016784099267
asana_integration	UNKNOWN STEP	2025-07-19T23:54:29.7266799Z   INPUT_ASANA_TOKEN: ***
asana_integration	UNKNOWN STEP	2025-07-19T23:54:29.7267611Z   INPUT_GITHUB_URL: https://github.com/Metta-AI/metta/pull/1572
asana_integration	UNKNOWN STEP	2025-07-19T23:54:29.7268228Z   INPUT_GITHUB_URL_FIELD_ID: 1210578228718257
asana_integration	UNKNOWN STEP	2025-07-19T23:54:29.7268690Z   INPUT_ROSTER_PROJECT_ID: 1209948553419016
asana_integration	UNKNOWN STEP	2025-07-19T23:54:29.7269159Z   INPUT_GH_LOGIN_FIELD_ID: 1210594297567963
asana_integration	UNKNOWN STEP	2025-07-19T23:54:29.7269614Z   INPUT_ASANA_EMAIL_FIELD_ID: 1209050603577235
asana_integration	UNKNOWN STEP	2025-07-19T23:54:29.7270085Z   INPUT_PR_AUTHOR_FIELD_ID: 1210679003513019
asana_integration	UNKNOWN STEP	2025-07-19T23:54:29.7270810Z   INPUT_ASANA_ATTACHMENT_SECRET: ***
asana_integration	UNKNOWN STEP	2025-07-19T23:54:29.7271226Z   INPUT_PR_NUMBER: 1572
asana_integration	UNKNOWN STEP	2025-07-19T23:54:29.7271588Z   INPUT_GITHUB_REPO: Metta-AI/metta
asana_integration	UNKNOWN STEP	2025-07-19T23:54:29.7272179Z   INPUT_GITHUB_TOKEN: ***
asana_integration	UNKNOWN STEP	2025-07-19T23:54:29.7272550Z ##[endgroup]
asana_integration	UNKNOWN STEP	2025-07-19T23:54:29.8523989Z Downloading cpython-3.11.7-linux-x86_64-gnu (download) (28.0MiB)
asana_integration	UNKNOWN STEP	2025-07-19T23:54:30.4038219Z  Downloading cpython-3.11.7-linux-x86_64-gnu (download)
asana_integration	UNKNOWN STEP	2025-07-19T23:54:30.7284262Z Installed 11 packages in 6ms
asana_integration	UNKNOWN STEP	2025-07-19T23:54:32.4902667Z Starting VCR recording with cassette: http_interactions_16393962816.yaml
asana_integration	UNKNOWN STEP	2025-07-19T23:54:32.4903835Z Current working directory: /home/runner/work/metta/metta
asana_integration	UNKNOWN STEP	2025-07-19T23:54:32.4904904Z Environment variable 'INPUT_PROJECT_ID' = '1210348820405981'
asana_integration	UNKNOWN STEP	2025-07-19T23:54:32.4906214Z Environment variable 'INPUT_WORKSPACE_ID' = '1209016784099267'
asana_integration	UNKNOWN STEP	2025-07-19T23:54:32.4908113Z Environment variable 'INPUT_ASANA_TOKEN' = '***'
asana_integration	UNKNOWN STEP	2025-07-19T23:54:32.4914283Z Environment variable 'INPUT_GITHUB_URL' = 'https://github.com/Metta-AI/metta/pull/1572'
asana_integration	UNKNOWN STEP	2025-07-19T23:54:32.4915628Z Environment variable 'INPUT_GITHUB_URL_FIELD_ID' = '1210578228718257'
asana_integration	UNKNOWN STEP	2025-07-19T23:54:32.4916768Z Environment variable 'INPUT_GH_LOGIN_FIELD_ID' = '1210594297567963'
asana_integration	UNKNOWN STEP	2025-07-19T23:54:32.4919202Z Environment variable 'INPUT_ASANA_EMAIL_FIELD_ID' = '1209050603577235'
asana_integration	UNKNOWN STEP	2025-07-19T23:54:32.4920246Z Environment variable 'INPUT_ROSTER_PROJECT_ID' = '1209948553419016'
asana_integration	UNKNOWN STEP	2025-07-19T23:54:32.4921147Z Environment variable 'INPUT_PR_AUTHOR_FIELD_ID' = '1210679003513019'
asana_integration	UNKNOWN STEP	2025-07-19T23:54:32.4922824Z Environment variable 'INPUT_ASANA_ATTACHMENT_SECRET' = '***'
asana_integration	UNKNOWN STEP	2025-07-19T23:54:32.4923623Z Environment variable 'INPUT_PR_NUMBER' = '1572'
asana_integration	UNKNOWN STEP	2025-07-19T23:54:32.4924357Z Environment variable 'INPUT_GITHUB_REPO' = 'Metta-AI/metta'
asana_integration	UNKNOWN STEP	2025-07-19T23:54:32.4925968Z Environment variable 'INPUT_GITHUB_TOKEN' = '***'
asana_integration	UNKNOWN STEP	2025-07-19T23:54:32.4927441Z github_login_to_asana_email: {'sasmith': 'sasmith@stem.ai', 'badjacent': 'mh.next@gmail.com'}
asana_integration	UNKNOWN STEP	2025-07-19T23:54:32.4928646Z Pull request JSON:
asana_integration	UNKNOWN STEP	2025-07-19T23:54:32.4929055Z {
asana_integration	UNKNOWN STEP	2025-07-19T23:54:32.4929626Z   "url": "https://api.github.com/repos/Metta-AI/metta/pulls/1572",
asana_integration	UNKNOWN STEP	2025-07-19T23:54:32.4930317Z   "id": 2679433113,
asana_integration	UNKNOWN STEP	2025-07-19T23:54:32.4930721Z   "node_id": "PR_kwDOMk49j86ftOeZ",
asana_integration	UNKNOWN STEP	2025-07-19T23:54:32.4931420Z   "html_url": "https://github.com/Metta-AI/metta/pull/1572",
asana_integration	UNKNOWN STEP	2025-07-19T23:54:32.4932145Z   "diff_url": "https://github.com/Metta-AI/metta/pull/1572.diff",
asana_integration	UNKNOWN STEP	2025-07-19T23:54:32.4932850Z   "patch_url": "https://github.com/Metta-AI/metta/pull/1572.patch",
asana_integration	UNKNOWN STEP	2025-07-19T23:54:32.4933800Z   "issue_url": "https://api.github.com/repos/Metta-AI/metta/issues/1572",
asana_integration	UNKNOWN STEP	2025-07-19T23:54:32.4934373Z   "number": 1572,
asana_integration	UNKNOWN STEP	2025-07-19T23:54:32.4934676Z   "state": "open",
asana_integration	UNKNOWN STEP	2025-07-19T23:54:32.4935571Z   "locked": false,
asana_integration	UNKNOWN STEP	2025-07-19T23:54:32.4935896Z   "title": "branch for testing",
asana_integration	UNKNOWN STEP	2025-07-19T23:54:32.4936267Z   "user": {
asana_integration	UNKNOWN STEP	2025-07-19T23:54:32.4936562Z     "login": "badjacent",
asana_integration	UNKNOWN STEP	2025-07-19T23:54:32.4936926Z     "id": 3730593,
asana_integration	UNKNOWN STEP	2025-07-19T23:54:32.4937461Z     "node_id": "MDQ6VXNlcjM3MzA1OTM=",
asana_integration	UNKNOWN STEP	2025-07-19T23:54:32.4938050Z     "avatar_url": "https://avatars.githubusercontent.com/u/3730593?v=4",
asana_integration	UNKNOWN STEP	2025-07-19T23:54:32.4938422Z     "gravatar_id": "",
asana_integration	UNKNOWN STEP	2025-07-19T23:54:32.4939004Z     "url": "https://api.github.com/users/badjacent",
asana_integration	UNKNOWN STEP	2025-07-19T23:54:32.4939550Z     "html_url": "https://github.com/badjacent",
asana_integration	UNKNOWN STEP	2025-07-19T23:54:32.4940180Z     "followers_url": "https://api.github.com/users/badjacent/followers",
asana_integration	UNKNOWN STEP	2025-07-19T23:54:32.4940941Z     "following_url": "https://api.github.com/users/badjacent/following{/other_user}",
asana_integration	UNKNOWN STEP	2025-07-19T23:54:32.4941719Z     "gists_url": "https://api.github.com/users/badjacent/gists{/gist_id}",
asana_integration	UNKNOWN STEP	2025-07-19T23:54:32.4942484Z     "starred_url": "https://api.github.com/users/badjacent/starred{/owner}{/repo}",
asana_integration	UNKNOWN STEP	2025-07-19T23:54:32.4943280Z     "subscriptions_url": "https://api.github.com/users/badjacent/subscriptions",
asana_integration	UNKNOWN STEP	2025-07-19T23:54:32.4943760Z     "organizations_url": "https://api.github.com/users/badjacent/orgs",
asana_integration	UNKNOWN STEP	2025-07-19T23:54:32.4944543Z     "repos_url": "https://api.github.com/users/badjacent/repos",
asana_integration	UNKNOWN STEP	2025-07-19T23:54:32.4945238Z     "events_url": "https://api.github.com/users/badjacent/events{/privacy}",
asana_integration	UNKNOWN STEP	2025-07-19T23:54:32.4946097Z     "received_events_url": "https://api.github.com/users/badjacent/received_events",
asana_integration	UNKNOWN STEP	2025-07-19T23:54:32.4946711Z     "type": "User",
asana_integration	UNKNOWN STEP	2025-07-19T23:54:32.4947042Z     "user_view_type": "public",
asana_integration	UNKNOWN STEP	2025-07-19T23:54:32.4947581Z     "site_admin": false
asana_integration	UNKNOWN STEP	2025-07-19T23:54:32.4947896Z   },
asana_integration	UNKNOWN STEP	2025-07-19T23:54:32.4948557Z   "body": "\n\n[Asana Task](https://app.asana.com/1/1209016784099267/project/1210348820405981/task/1210838667996052)",
asana_integration	UNKNOWN STEP	2025-07-19T23:54:32.4949066Z   "created_at": "2025-07-19T23:42:44Z",
asana_integration	UNKNOWN STEP	2025-07-19T23:54:32.4949311Z   "updated_at": "2025-07-19T23:54:20Z",
asana_integration	UNKNOWN STEP	2025-07-19T23:54:32.4949554Z   "closed_at": null,
asana_integration	UNKNOWN STEP	2025-07-19T23:54:32.4950046Z   "merged_at": null,
asana_integration	UNKNOWN STEP	2025-07-19T23:54:32.4950495Z   "merge_commit_sha": "c5a4350950f8af027e9cdbc36ec3968979d9b21e",
asana_integration	UNKNOWN STEP	2025-07-19T23:54:32.4951008Z   "assignee": {
asana_integration	UNKNOWN STEP	2025-07-19T23:54:32.4951334Z     "login": "sasmith",
asana_integration	UNKNOWN STEP	2025-07-19T23:54:32.4951672Z     "id": 2469501,
asana_integration	UNKNOWN STEP	2025-07-19T23:54:32.4952002Z     "node_id": "MDQ6VXNlcjI0Njk1MDE=",
asana_integration	UNKNOWN STEP	2025-07-19T23:54:32.4952576Z     "avatar_url": "https://avatars.githubusercontent.com/u/2469501?v=4",
asana_integration	UNKNOWN STEP	2025-07-19T23:54:32.4953140Z     "gravatar_id": "",
asana_integration	UNKNOWN STEP	2025-07-19T23:54:32.4953525Z     "url": "https://api.github.com/users/sasmith",
asana_integration	UNKNOWN STEP	2025-07-19T23:54:32.4954040Z     "html_url": "https://github.com/sasmith",
asana_integration	UNKNOWN STEP	2025-07-19T23:54:32.4954419Z     "followers_url": "https://api.github.com/users/sasmith/followers",
asana_integration	UNKNOWN STEP	2025-07-19T23:54:32.4955343Z     "following_url": "https://api.github.com/users/sasmith/following{/other_user}",
asana_integration	UNKNOWN STEP	2025-07-19T23:54:32.4956146Z     "gists_url": "https://api.github.com/users/sasmith/gists{/gist_id}",
asana_integration	UNKNOWN STEP	2025-07-19T23:54:32.4957278Z     "starred_url": "https://api.github.com/users/sasmith/starred{/owner}{/repo}",
asana_integration	UNKNOWN STEP	2025-07-19T23:54:32.4958267Z     "subscriptions_url": "https://api.github.com/users/sasmith/subscriptions",
asana_integration	UNKNOWN STEP	2025-07-19T23:54:32.4959040Z     "organizations_url": "https://api.github.com/users/sasmith/orgs",
asana_integration	UNKNOWN STEP	2025-07-19T23:54:32.4959544Z     "repos_url": "https://api.github.com/users/sasmith/repos",
asana_integration	UNKNOWN STEP	2025-07-19T23:54:32.4960411Z     "events_url": "https://api.github.com/users/sasmith/events{/privacy}",
asana_integration	UNKNOWN STEP	2025-07-19T23:54:32.4961188Z     "received_events_url": "https://api.github.com/users/sasmith/received_events",
asana_integration	UNKNOWN STEP	2025-07-19T23:54:32.4961781Z     "type": "User",
asana_integration	UNKNOWN STEP	2025-07-19T23:54:32.4962099Z     "user_view_type": "public",
asana_integration	UNKNOWN STEP	2025-07-19T23:54:32.4962471Z     "site_admin": false
asana_integration	UNKNOWN STEP	2025-07-19T23:54:32.4962785Z   },
asana_integration	UNKNOWN STEP	2025-07-19T23:54:32.4963057Z   "assignees": [
asana_integration	UNKNOWN STEP	2025-07-19T23:54:32.4963354Z     {
asana_integration	UNKNOWN STEP	2025-07-19T23:54:32.4963621Z       "login": "sasmith",
asana_integration	UNKNOWN STEP	2025-07-19T23:54:32.4963985Z       "id": 2469501,
asana_integration	UNKNOWN STEP	2025-07-19T23:54:32.4964268Z       "node_id": "MDQ6VXNlcjI0Njk1MDE=",
asana_integration	UNKNOWN STEP	2025-07-19T23:54:32.4964907Z       "avatar_url": "https://avatars.githubusercontent.com/u/2469501?v=4",
asana_integration	UNKNOWN STEP	2025-07-19T23:54:32.4965506Z       "gravatar_id": "",
asana_integration	UNKNOWN STEP	2025-07-19T23:54:32.4965910Z       "url": "https://api.github.com/users/sasmith",
asana_integration	UNKNOWN STEP	2025-07-19T23:54:32.4966403Z       "html_url": "https://github.com/sasmith",
asana_integration	UNKNOWN STEP	2025-07-19T23:54:32.4966979Z       "followers_url": "https://api.github.com/users/sasmith/followers",
asana_integration	UNKNOWN STEP	2025-07-19T23:54:32.4967890Z       "following_url": "https://api.github.com/users/sasmith/following{/other_user}",
asana_integration	UNKNOWN STEP	2025-07-19T23:54:32.4968653Z       "gists_url": "https://api.github.com/users/sasmith/gists{/gist_id}",
asana_integration	UNKNOWN STEP	2025-07-19T23:54:32.4969312Z       "starred_url": "https://api.github.com/users/sasmith/starred{/owner}{/repo}",
asana_integration	UNKNOWN STEP	2025-07-19T23:54:32.4970150Z       "subscriptions_url": "https://api.github.com/users/sasmith/subscriptions",
asana_integration	UNKNOWN STEP	2025-07-19T23:54:32.4970904Z       "organizations_url": "https://api.github.com/users/sasmith/orgs",
asana_integration	UNKNOWN STEP	2025-07-19T23:54:32.4971567Z       "repos_url": "https://api.github.com/users/sasmith/repos",
asana_integration	UNKNOWN STEP	2025-07-19T23:54:32.4972246Z       "events_url": "https://api.github.com/users/sasmith/events{/privacy}",
asana_integration	UNKNOWN STEP	2025-07-19T23:54:32.4973027Z       "received_events_url": "https://api.github.com/users/sasmith/received_events",
asana_integration	UNKNOWN STEP	2025-07-19T23:54:32.4973644Z       "type": "User",
asana_integration	UNKNOWN STEP	2025-07-19T23:54:32.4974004Z       "user_view_type": "public",
asana_integration	UNKNOWN STEP	2025-07-19T23:54:32.4974377Z       "site_admin": false
asana_integration	UNKNOWN STEP	2025-07-19T23:54:32.4974783Z     },
asana_integration	UNKNOWN STEP	2025-07-19T23:54:32.4975060Z     {
asana_integration	UNKNOWN STEP	2025-07-19T23:54:32.4975334Z       "login": "badjacent",
asana_integration	UNKNOWN STEP	2025-07-19T23:54:32.4975678Z       "id": 3730593,
asana_integration	UNKNOWN STEP	2025-07-19T23:54:32.4976013Z       "node_id": "MDQ6VXNlcjM3MzA1OTM=",
asana_integration	UNKNOWN STEP	2025-07-19T23:54:32.4976598Z       "avatar_url": "https://avatars.githubusercontent.com/u/3730593?v=4",
asana_integration	UNKNOWN STEP	2025-07-19T23:54:32.4977305Z       "gravatar_id": "",
asana_integration	UNKNOWN STEP	2025-07-19T23:54:32.4977715Z       "url": "https://api.github.com/users/badjacent",
asana_integration	UNKNOWN STEP	2025-07-19T23:54:32.4978225Z       "html_url": "https://github.com/badjacent",
asana_integration	UNKNOWN STEP	2025-07-19T23:54:32.4978839Z       "followers_url": "https://api.github.com/users/badjacent/followers",
asana_integration	UNKNOWN STEP	2025-07-19T23:54:32.4979469Z       "following_url": "https://api.github.com/users/badjacent/following{/other_user}",
asana_integration	UNKNOWN STEP	2025-07-19T23:54:32.4979921Z       "gists_url": "https://api.github.com/users/badjacent/gists{/gist_id}",
asana_integration	UNKNOWN STEP	2025-07-19T23:54:32.4980749Z       "starred_url": "https://api.github.com/users/badjacent/starred{/owner}{/repo}",
asana_integration	UNKNOWN STEP	2025-07-19T23:54:32.4981555Z       "subscriptions_url": "https://api.github.com/users/badjacent/subscriptions",
asana_integration	UNKNOWN STEP	2025-07-19T23:54:32.4982334Z       "organizations_url": "https://api.github.com/users/badjacent/orgs",
asana_integration	UNKNOWN STEP	2025-07-19T23:54:32.4983023Z       "repos_url": "https://api.github.com/users/badjacent/repos",
asana_integration	UNKNOWN STEP	2025-07-19T23:54:32.4983713Z       "events_url": "https://api.github.com/users/badjacent/events{/privacy}",
asana_integration	UNKNOWN STEP	2025-07-19T23:54:32.4984515Z       "received_events_url": "https://api.github.com/users/badjacent/received_events",
asana_integration	UNKNOWN STEP	2025-07-19T23:54:32.4985284Z       "type": "User",
asana_integration	UNKNOWN STEP	2025-07-19T23:54:32.4985811Z       "user_view_type": "public",
asana_integration	UNKNOWN STEP	2025-07-19T23:54:32.4986209Z       "site_admin": false
asana_integration	UNKNOWN STEP	2025-07-19T23:54:32.4986533Z     }
asana_integration	UNKNOWN STEP	2025-07-19T23:54:32.4986967Z   ],
asana_integration	UNKNOWN STEP	2025-07-19T23:54:32.4987428Z   "requested_reviewers": [
asana_integration	UNKNOWN STEP	2025-07-19T23:54:32.4987807Z     {
asana_integration	UNKNOWN STEP	2025-07-19T23:54:32.4988068Z       "login": "sasmith",
asana_integration	UNKNOWN STEP	2025-07-19T23:54:32.4988396Z       "id": 2469501,
asana_integration	UNKNOWN STEP	2025-07-19T23:54:32.4988736Z       "node_id": "MDQ6VXNlcjI0Njk1MDE=",
asana_integration	UNKNOWN STEP	2025-07-19T23:54:32.4989318Z       "avatar_url": "https://avatars.githubusercontent.com/u/2469501?v=4",
asana_integration	UNKNOWN STEP	2025-07-19T23:54:32.4989897Z       "gravatar_id": "",
asana_integration	UNKNOWN STEP	2025-07-19T23:54:32.4990291Z       "url": "https://api.github.com/users/sasmith",
asana_integration	UNKNOWN STEP	2025-07-19T23:54:32.4990597Z       "html_url": "https://github.com/sasmith",
asana_integration	UNKNOWN STEP	2025-07-19T23:54:32.4991189Z       "followers_url": "https://api.github.com/users/sasmith/followers",
asana_integration	UNKNOWN STEP	2025-07-19T23:54:32.4991965Z       "following_url": "https://api.github.com/users/sasmith/following{/other_user}",
asana_integration	UNKNOWN STEP	2025-07-19T23:54:32.4992734Z       "gists_url": "https://api.github.com/users/sasmith/gists{/gist_id}",
asana_integration	UNKNOWN STEP	2025-07-19T23:54:32.4993482Z       "starred_url": "https://api.github.com/users/sasmith/starred{/owner}{/repo}",
asana_integration	UNKNOWN STEP	2025-07-19T23:54:32.4994282Z       "subscriptions_url": "https://api.github.com/users/sasmith/subscriptions",
asana_integration	UNKNOWN STEP	2025-07-19T23:54:32.4995040Z       "organizations_url": "https://api.github.com/users/sasmith/orgs",
asana_integration	UNKNOWN STEP	2025-07-19T23:54:32.4995600Z       "repos_url": "https://api.github.com/users/sasmith/repos",
asana_integration	UNKNOWN STEP	2025-07-19T23:54:32.4996317Z       "events_url": "https://api.github.com/users/sasmith/events{/privacy}",
asana_integration	UNKNOWN STEP	2025-07-19T23:54:32.4997089Z       "received_events_url": "https://api.github.com/users/sasmith/received_events",
asana_integration	UNKNOWN STEP	2025-07-19T23:54:32.4997879Z       "type": "User",
asana_integration	UNKNOWN STEP	2025-07-19T23:54:32.4998209Z       "user_view_type": "public",
asana_integration	UNKNOWN STEP	2025-07-19T23:54:32.4998595Z       "site_admin": false
asana_integration	UNKNOWN STEP	2025-07-19T23:54:32.4998922Z     },
asana_integration	UNKNOWN STEP	2025-07-19T23:54:32.4999176Z     {
asana_integration	UNKNOWN STEP	2025-07-19T23:54:32.4999455Z       "login": "rjwalters",
asana_integration	UNKNOWN STEP	2025-07-19T23:54:32.4999806Z       "id": 2687775,
asana_integration	UNKNOWN STEP	2025-07-19T23:54:32.5000160Z       "node_id": "MDQ6VXNlcjI2ODc3NzU=",
asana_integration	UNKNOWN STEP	2025-07-19T23:54:32.5000644Z       "avatar_url": "https://avatars.githubusercontent.com/u/2687775?v=4",
asana_integration	UNKNOWN STEP	2025-07-19T23:54:32.5001252Z       "gravatar_id": "",
asana_integration	UNKNOWN STEP	2025-07-19T23:54:32.5001650Z       "url": "https://api.github.com/users/rjwalters",
asana_integration	UNKNOWN STEP	2025-07-19T23:54:32.5002161Z       "html_url": "https://github.com/rjwalters",
asana_integration	UNKNOWN STEP	2025-07-19T23:54:32.5002764Z       "followers_url": "https://api.github.com/users/rjwalters/followers",
asana_integration	UNKNOWN STEP	2025-07-19T23:54:32.5003542Z       "following_url": "https://api.github.com/users/rjwalters/following{/other_user}",
asana_integration	UNKNOWN STEP	2025-07-19T23:54:32.5004325Z       "gists_url": "https://api.github.com/users/rjwalters/gists{/gist_id}",
asana_integration	UNKNOWN STEP	2025-07-19T23:54:32.5005091Z       "starred_url": "https://api.github.com/users/rjwalters/starred{/owner}{/repo}",
asana_integration	UNKNOWN STEP	2025-07-19T23:54:32.5005715Z       "subscriptions_url": "https://api.github.com/users/rjwalters/subscriptions",
asana_integration	UNKNOWN STEP	2025-07-19T23:54:32.5006568Z       "organizations_url": "https://api.github.com/users/rjwalters/orgs",
asana_integration	UNKNOWN STEP	2025-07-19T23:54:32.5007446Z       "repos_url": "https://api.github.com/users/rjwalters/repos",
asana_integration	UNKNOWN STEP	2025-07-19T23:54:32.5008163Z       "events_url": "https://api.github.com/users/rjwalters/events{/privacy}",
asana_integration	UNKNOWN STEP	2025-07-19T23:54:32.5008964Z       "received_events_url": "https://api.github.com/users/rjwalters/received_events",
asana_integration	UNKNOWN STEP	2025-07-19T23:54:32.5009597Z       "type": "User",
asana_integration	UNKNOWN STEP	2025-07-19T23:54:32.5009934Z       "user_view_type": "public",
asana_integration	UNKNOWN STEP	2025-07-19T23:54:32.5010330Z       "site_admin": false
asana_integration	UNKNOWN STEP	2025-07-19T23:54:32.5010618Z     },
asana_integration	UNKNOWN STEP	2025-07-19T23:54:32.5010789Z     {
asana_integration	UNKNOWN STEP	2025-07-19T23:54:32.5011166Z       "login": "badjacent2",
asana_integration	UNKNOWN STEP	2025-07-19T23:54:32.5011534Z       "id": 221431676,
asana_integration	UNKNOWN STEP	2025-07-19T23:54:32.5011858Z       "node_id": "U_kgDODTLHfA",
asana_integration	UNKNOWN STEP	2025-07-19T23:54:32.5012401Z       "avatar_url": "https://avatars.githubusercontent.com/u/221431676?v=4",
asana_integration	UNKNOWN STEP	2025-07-19T23:54:32.5012984Z       "gravatar_id": "",
asana_integration	UNKNOWN STEP	2025-07-19T23:54:32.5013400Z       "url": "https://api.github.com/users/badjacent2",
asana_integration	UNKNOWN STEP	2025-07-19T23:54:32.5014211Z       "html_url": "https://github.com/badjacent2",
asana_integration	UNKNOWN STEP	2025-07-19T23:54:32.5014989Z       "followers_url": "https://api.github.com/users/badjacent2/followers",
asana_integration	UNKNOWN STEP	2025-07-19T23:54:32.5015644Z       "following_url": "https://api.github.com/users/badjacent2/following{/other_user}",
asana_integration	UNKNOWN STEP	2025-07-19T23:54:32.5016356Z       "gists_url": "https://api.github.com/users/badjacent2/gists{/gist_id}",
asana_integration	UNKNOWN STEP	2025-07-19T23:54:32.5017298Z       "starred_url": "https://api.github.com/users/badjacent2/starred{/owner}{/repo}",
asana_integration	UNKNOWN STEP	2025-07-19T23:54:32.5018129Z       "subscriptions_url": "https://api.github.com/users/badjacent2/subscriptions",
asana_integration	UNKNOWN STEP	2025-07-19T23:54:32.5018918Z       "organizations_url": "https://api.github.com/users/badjacent2/orgs",
asana_integration	UNKNOWN STEP	2025-07-19T23:54:32.5019612Z       "repos_url": "https://api.github.com/users/badjacent2/repos",
asana_integration	UNKNOWN STEP	2025-07-19T23:54:32.5020316Z       "events_url": "https://api.github.com/users/badjacent2/events{/privacy}",
asana_integration	UNKNOWN STEP	2025-07-19T23:54:32.5020986Z       "received_events_url": "https://api.github.com/users/badjacent2/received_events",
asana_integration	UNKNOWN STEP	2025-07-19T23:54:32.5021562Z       "type": "User",
asana_integration	UNKNOWN STEP	2025-07-19T23:54:32.5021915Z       "user_view_type": "public",
asana_integration	UNKNOWN STEP	2025-07-19T23:54:32.5022300Z       "site_admin": false
asana_integration	UNKNOWN STEP	2025-07-19T23:54:32.5022637Z     }
asana_integration	UNKNOWN STEP	2025-07-19T23:54:32.5022910Z   ],
asana_integration	UNKNOWN STEP	2025-07-19T23:54:32.5023195Z   "requested_teams": [],
asana_integration	UNKNOWN STEP	2025-07-19T23:54:32.5023539Z   "labels": [],
asana_integration	UNKNOWN STEP	2025-07-19T23:54:32.5023846Z   "milestone": null,
asana_integration	UNKNOWN STEP	2025-07-19T23:54:32.5024172Z   "draft": false,
asana_integration	UNKNOWN STEP	2025-07-19T23:54:32.5024702Z   "commits_url": "https://api.github.com/repos/Metta-AI/metta/pulls/1572/commits",
asana_integration	UNKNOWN STEP	2025-07-19T23:54:32.5025582Z   "review_comments_url": "https://api.github.com/repos/Metta-AI/metta/pulls/1572/comments",
asana_integration	UNKNOWN STEP	2025-07-19T23:54:32.5026317Z   "review_comment_url": "https://api.github.com/repos/Metta-AI/metta/pulls/comments{/number}",
asana_integration	UNKNOWN STEP	2025-07-19T23:54:32.5027419Z   "comments_url": "https://api.github.com/repos/Metta-AI/metta/issues/1572/comments",
asana_integration	UNKNOWN STEP	2025-07-19T23:54:32.5028478Z   "statuses_url": "https://api.github.com/repos/Metta-AI/metta/statuses/f0a26438666489f932be5af2567ede066dafce3e",
asana_integration	UNKNOWN STEP	2025-07-19T23:54:32.5029298Z   "head": {
asana_integration	UNKNOWN STEP	2025-07-19T23:54:32.5029674Z     "label": "Metta-AI:hollander/asana-integration-z",
asana_integration	UNKNOWN STEP	2025-07-19T23:54:32.5030179Z     "ref": "hollander/asana-integration-z",
asana_integration	UNKNOWN STEP	2025-07-19T23:54:32.5030638Z     "sha": "f0a26438666489f932be5af2567ede066dafce3e",
asana_integration	UNKNOWN STEP	2025-07-19T23:54:32.5031091Z     "user": {
asana_integration	UNKNOWN STEP	2025-07-19T23:54:32.5031348Z       "login": "Metta-AI",
asana_integration	UNKNOWN STEP	2025-07-19T23:54:32.5031570Z       "id": 178685062,
asana_integration	UNKNOWN STEP	2025-07-19T23:54:32.5031789Z       "node_id": "O_kgDOCqaEhg",
asana_integration	UNKNOWN STEP	2025-07-19T23:54:32.5032135Z       "avatar_url": "https://avatars.githubusercontent.com/u/178685062?v=4",
asana_integration	UNKNOWN STEP	2025-07-19T23:54:32.5032485Z       "gravatar_id": "",
asana_integration	UNKNOWN STEP	2025-07-19T23:54:32.5032745Z       "url": "https://api.github.com/users/Metta-AI",
asana_integration	UNKNOWN STEP	2025-07-19T23:54:32.5033060Z       "html_url": "https://github.com/Metta-AI",
asana_integration	UNKNOWN STEP	2025-07-19T23:54:32.5033426Z       "followers_url": "https://api.github.com/users/Metta-AI/followers",
asana_integration	UNKNOWN STEP	2025-07-19T23:54:32.5033894Z       "following_url": "https://api.github.com/users/Metta-AI/following{/other_user}",
asana_integration	UNKNOWN STEP	2025-07-19T23:54:32.5034362Z       "gists_url": "https://api.github.com/users/Metta-AI/gists{/gist_id}",
asana_integration	UNKNOWN STEP	2025-07-19T23:54:32.5034827Z       "starred_url": "https://api.github.com/users/Metta-AI/starred{/owner}{/repo}",
asana_integration	UNKNOWN STEP	2025-07-19T23:54:32.5035310Z       "subscriptions_url": "https://api.github.com/users/Metta-AI/subscriptions",
asana_integration	UNKNOWN STEP	2025-07-19T23:54:32.5035775Z       "organizations_url": "https://api.github.com/users/Metta-AI/orgs",
asana_integration	UNKNOWN STEP	2025-07-19T23:54:32.5036186Z       "repos_url": "https://api.github.com/users/Metta-AI/repos",
asana_integration	UNKNOWN STEP	2025-07-19T23:54:32.5036603Z       "events_url": "https://api.github.com/users/Metta-AI/events{/privacy}",
asana_integration	UNKNOWN STEP	2025-07-19T23:54:32.5037628Z       "received_events_url": "https://api.github.com/users/Metta-AI/received_events",
asana_integration	UNKNOWN STEP	2025-07-19T23:54:32.5038300Z       "type": "Organization",
asana_integration	UNKNOWN STEP	2025-07-19T23:54:32.5038697Z       "user_view_type": "public",
asana_integration	UNKNOWN STEP	2025-07-19T23:54:32.5039294Z       "site_admin": false
asana_integration	UNKNOWN STEP	2025-07-19T23:54:32.5039646Z     },
asana_integration	UNKNOWN STEP	2025-07-19T23:54:32.5039930Z     "repo": {
asana_integration	UNKNOWN STEP	2025-07-19T23:54:32.5040240Z       "id": 843988367,
asana_integration	UNKNOWN STEP	2025-07-19T23:54:32.5040761Z       "node_id": "R_kgDOMk49jw",
asana_integration	UNKNOWN STEP	2025-07-19T23:54:32.5041154Z       "name": "metta",
asana_integration	UNKNOWN STEP	2025-07-19T23:54:32.5041521Z       "full_name": "Metta-AI/metta",
asana_integration	UNKNOWN STEP	2025-07-19T23:54:32.5041794Z       "private": false,
asana_integration	UNKNOWN STEP	2025-07-19T23:54:32.5042005Z       "owner": {
asana_integration	UNKNOWN STEP	2025-07-19T23:54:32.5042224Z         "login": "Metta-AI",
asana_integration	UNKNOWN STEP	2025-07-19T23:54:32.5042456Z         "id": 178685062,
asana_integration	UNKNOWN STEP	2025-07-19T23:54:32.5042947Z         "node_id": "O_kgDOCqaEhg",
asana_integration	UNKNOWN STEP	2025-07-19T23:54:32.5043527Z         "avatar_url": "https://avatars.githubusercontent.com/u/178685062?v=4",
asana_integration	UNKNOWN STEP	2025-07-19T23:54:32.5044135Z         "gravatar_id": "",
asana_integration	UNKNOWN STEP	2025-07-19T23:54:32.5044556Z         "url": "https://api.github.com/users/Metta-AI",
asana_integration	UNKNOWN STEP	2025-07-19T23:54:32.5045081Z         "html_url": "https://github.com/Metta-AI",
asana_integration	UNKNOWN STEP	2025-07-19T23:54:32.5045712Z         "followers_url": "https://api.github.com/users/Metta-AI/followers",
asana_integration	UNKNOWN STEP	2025-07-19T23:54:32.5046511Z         "following_url": "https://api.github.com/users/Metta-AI/following{/other_user}",
asana_integration	UNKNOWN STEP	2025-07-19T23:54:32.5047461Z         "gists_url": "https://api.github.com/users/Metta-AI/gists{/gist_id}",
asana_integration	UNKNOWN STEP	2025-07-19T23:54:32.5047935Z         "starred_url": "https://api.github.com/users/Metta-AI/starred{/owner}{/repo}",
asana_integration	UNKNOWN STEP	2025-07-19T23:54:32.5048887Z         "subscriptions_url": "https://api.github.com/users/Metta-AI/subscriptions",
asana_integration	UNKNOWN STEP	2025-07-19T23:54:32.5049677Z         "organizations_url": "https://api.github.com/users/Metta-AI/orgs",
asana_integration	UNKNOWN STEP	2025-07-19T23:54:32.5050372Z         "repos_url": "https://api.github.com/users/Metta-AI/repos",
asana_integration	UNKNOWN STEP	2025-07-19T23:54:32.5051071Z         "events_url": "https://api.github.com/users/Metta-AI/events{/privacy}",
asana_integration	UNKNOWN STEP	2025-07-19T23:54:32.5051871Z         "received_events_url": "https://api.github.com/users/Metta-AI/received_events",
asana_integration	UNKNOWN STEP	2025-07-19T23:54:32.5052522Z         "type": "Organization",
asana_integration	UNKNOWN STEP	2025-07-19T23:54:32.5052833Z         "user_view_type": "public",
asana_integration	UNKNOWN STEP	2025-07-19T23:54:32.5053118Z         "site_admin": false
asana_integration	UNKNOWN STEP	2025-07-19T23:54:32.5053334Z       },
asana_integration	UNKNOWN STEP	2025-07-19T23:54:32.5053798Z       "html_url": "https://github.com/Metta-AI/metta",
asana_integration	UNKNOWN STEP	2025-07-19T23:54:32.5054838Z       "description": "A reinforcement learning codebase focusing on the emergence of cooperation and alignment in multi-agent AI systems.",
asana_integration	UNKNOWN STEP	2025-07-19T23:54:32.5055779Z       "fork": false,
asana_integration	UNKNOWN STEP	2025-07-19T23:54:32.5056179Z       "url": "https://api.github.com/repos/Metta-AI/metta",
asana_integration	UNKNOWN STEP	2025-07-19T23:54:32.5056815Z       "forks_url": "https://api.github.com/repos/Metta-AI/metta/forks",
asana_integration	UNKNOWN STEP	2025-07-19T23:54:32.5057715Z       "keys_url": "https://api.github.com/repos/Metta-AI/metta/keys{/key_id}",
asana_integration	UNKNOWN STEP	2025-07-19T23:54:32.5058494Z       "collaborators_url": "https://api.github.com/repos/Metta-AI/metta/collaborators{/collaborator}",
asana_integration	UNKNOWN STEP	2025-07-19T23:54:32.5059025Z       "teams_url": "https://api.github.com/repos/Metta-AI/metta/teams",
asana_integration	UNKNOWN STEP	2025-07-19T23:54:32.5059873Z       "hooks_url": "https://api.github.com/repos/Metta-AI/metta/hooks",
asana_integration	UNKNOWN STEP	2025-07-19T23:54:32.5060710Z       "issue_events_url": "https://api.github.com/repos/Metta-AI/metta/issues/events{/number}",
asana_integration	UNKNOWN STEP	2025-07-19T23:54:32.5061538Z       "events_url": "https://api.github.com/repos/Metta-AI/metta/events",
asana_integration	UNKNOWN STEP	2025-07-19T23:54:32.5062321Z       "assignees_url": "https://api.github.com/repos/Metta-AI/metta/assignees{/user}",
asana_integration	UNKNOWN STEP	2025-07-19T23:54:32.5063159Z       "branches_url": "https://api.github.com/repos/Metta-AI/metta/branches{/branch}",
asana_integration	UNKNOWN STEP	2025-07-19T23:54:32.5063863Z       "tags_url": "https://api.github.com/repos/Metta-AI/metta/tags",
asana_integration	UNKNOWN STEP	2025-07-19T23:54:32.5064307Z       "blobs_url": "https://api.github.com/repos/Metta-AI/metta/git/blobs{/sha}",
asana_integration	UNKNOWN STEP	2025-07-19T23:54:32.5064786Z       "git_tags_url": "https://api.github.com/repos/Metta-AI/metta/git/tags{/sha}",
asana_integration	UNKNOWN STEP	2025-07-19T23:54:32.5065436Z       "git_refs_url": "https://api.github.com/repos/Metta-AI/metta/git/refs{/sha}",
asana_integration	UNKNOWN STEP	2025-07-19T23:54:32.5066223Z       "trees_url": "https://api.github.com/repos/Metta-AI/metta/git/trees{/sha}",
asana_integration	UNKNOWN STEP	2025-07-19T23:54:32.5067369Z       "statuses_url": "https://api.github.com/repos/Metta-AI/metta/statuses/{sha}",
asana_integration	UNKNOWN STEP	2025-07-19T23:54:32.5068376Z       "languages_url": "https://api.github.com/repos/Metta-AI/metta/languages",
asana_integration	UNKNOWN STEP	2025-07-19T23:54:32.5069171Z       "stargazers_url": "https://api.github.com/repos/Metta-AI/metta/stargazers",
asana_integration	UNKNOWN STEP	2025-07-19T23:54:32.5070003Z       "contributors_url": "https://api.github.com/repos/Metta-AI/metta/contributors",
asana_integration	UNKNOWN STEP	2025-07-19T23:54:32.5070526Z       "subscribers_url": "https://api.github.com/repos/Metta-AI/metta/subscribers",
asana_integration	UNKNOWN STEP	2025-07-19T23:54:32.5071400Z       "subscription_url": "https://api.github.com/repos/Metta-AI/metta/subscription",
asana_integration	UNKNOWN STEP	2025-07-19T23:54:32.5072222Z       "commits_url": "https://api.github.com/repos/Metta-AI/metta/commits{/sha}",
asana_integration	UNKNOWN STEP	2025-07-19T23:54:32.5073034Z       "git_commits_url": "https://api.github.com/repos/Metta-AI/metta/git/commits{/sha}",
asana_integration	UNKNOWN STEP	2025-07-19T23:54:32.5073878Z       "comments_url": "https://api.github.com/repos/Metta-AI/metta/comments{/number}",
asana_integration	UNKNOWN STEP	2025-07-19T23:54:32.5074796Z       "issue_comment_url": "https://api.github.com/repos/Metta-AI/metta/issues/comments{/number}",
asana_integration	UNKNOWN STEP	2025-07-19T23:54:32.5075630Z       "contents_url": "https://api.github.com/repos/Metta-AI/metta/contents/{+path}",
asana_integration	UNKNOWN STEP	2025-07-19T23:54:32.5076408Z       "compare_url": "https://api.github.com/repos/Metta-AI/metta/compare/{base}...{head}",
asana_integration	UNKNOWN STEP	2025-07-19T23:54:32.5077390Z       "merges_url": "https://api.github.com/repos/Metta-AI/metta/merges",
asana_integration	UNKNOWN STEP	2025-07-19T23:54:32.5078194Z       "archive_url": "https://api.github.com/repos/Metta-AI/metta/{archive_format}{/ref}",
asana_integration	UNKNOWN STEP	2025-07-19T23:54:32.5079034Z       "downloads_url": "https://api.github.com/repos/Metta-AI/metta/downloads",
asana_integration	UNKNOWN STEP	2025-07-19T23:54:32.5079813Z       "issues_url": "https://api.github.com/repos/Metta-AI/metta/issues{/number}",
asana_integration	UNKNOWN STEP	2025-07-19T23:54:32.5080607Z       "pulls_url": "https://api.github.com/repos/Metta-AI/metta/pulls{/number}",
asana_integration	UNKNOWN STEP	2025-07-19T23:54:32.5081203Z       "milestones_url": "https://api.github.com/repos/Metta-AI/metta/milestones{/number}",
asana_integration	UNKNOWN STEP	2025-07-19T23:54:32.5082300Z       "notifications_url": "https://api.github.com/repos/Metta-AI/metta/notifications{?since,all,participating}",
asana_integration	UNKNOWN STEP	2025-07-19T23:54:32.5083286Z       "labels_url": "https://api.github.com/repos/Metta-AI/metta/labels{/name}",
asana_integration	UNKNOWN STEP	2025-07-19T23:54:32.5084063Z       "releases_url": "https://api.github.com/repos/Metta-AI/metta/releases{/id}",
asana_integration	UNKNOWN STEP	2025-07-19T23:54:32.5084878Z       "deployments_url": "https://api.github.com/repos/Metta-AI/metta/deployments",
asana_integration	UNKNOWN STEP	2025-07-19T23:54:32.5085506Z       "created_at": "2024-08-18T03:16:25Z",
asana_integration	UNKNOWN STEP	2025-07-19T23:54:32.5085938Z       "updated_at": "2025-07-19T22:59:59Z",
asana_integration	UNKNOWN STEP	2025-07-19T23:54:32.5086362Z       "pushed_at": "2025-07-19T23:54:19Z",
asana_integration	UNKNOWN STEP	2025-07-19T23:54:32.5087024Z       "git_url": "git://github.com/Metta-AI/metta.git",
asana_integration	UNKNOWN STEP	2025-07-19T23:54:32.5087722Z       "ssh_url": "git@github.com:Metta-AI/metta.git",
asana_integration	UNKNOWN STEP	2025-07-19T23:54:32.5088260Z       "clone_url": "https://github.com/Metta-AI/metta.git",
asana_integration	UNKNOWN STEP	2025-07-19T23:54:32.5088795Z       "svn_url": "https://github.com/Metta-AI/metta",
asana_integration	UNKNOWN STEP	2025-07-19T23:54:32.5089277Z       "homepage": "http://softmax.com",
asana_integration	UNKNOWN STEP	2025-07-19T23:54:32.5089723Z       "size": 222238,
asana_integration	UNKNOWN STEP	2025-07-19T23:54:32.5090060Z       "stargazers_count": 64,
asana_integration	UNKNOWN STEP	2025-07-19T23:54:32.5090434Z       "watchers_count": 64,
asana_integration	UNKNOWN STEP	2025-07-19T23:54:32.5090794Z       "language": "Python",
asana_integration	UNKNOWN STEP	2025-07-19T23:54:32.5091161Z       "has_issues": true,
asana_integration	UNKNOWN STEP	2025-07-19T23:54:32.5091479Z       "has_projects": false,
asana_integration	UNKNOWN STEP	2025-07-19T23:54:32.5091703Z       "has_downloads": true,
asana_integration	UNKNOWN STEP	2025-07-19T23:54:32.5091920Z       "has_wiki": true,
asana_integration	UNKNOWN STEP	2025-07-19T23:54:32.5092407Z       "has_pages": true,
asana_integration	UNKNOWN STEP	2025-07-19T23:54:32.5092764Z       "has_discussions": false,
asana_integration	UNKNOWN STEP	2025-07-19T23:54:32.5093167Z       "forks_count": 31,
asana_integration	UNKNOWN STEP	2025-07-19T23:54:32.5093502Z       "mirror_url": null,
asana_integration	UNKNOWN STEP	2025-07-19T23:54:32.5093839Z       "archived": false,
asana_integration	UNKNOWN STEP	2025-07-19T23:54:32.5094175Z       "disabled": false,
asana_integration	UNKNOWN STEP	2025-07-19T23:54:32.5094518Z       "open_issues_count": 55,
asana_integration	UNKNOWN STEP	2025-07-19T23:54:32.5094881Z       "license": {
asana_integration	UNKNOWN STEP	2025-07-19T23:54:32.5095171Z         "key": "mit",
asana_integration	UNKNOWN STEP	2025-07-19T23:54:32.5095699Z         "name": "MIT License",
asana_integration	UNKNOWN STEP	2025-07-19T23:54:32.5096057Z         "spdx_id": "MIT",
asana_integration	UNKNOWN STEP	2025-07-19T23:54:32.5096636Z         "url": "https://api.github.com/licenses/mit",
asana_integration	UNKNOWN STEP	2025-07-19T23:54:32.5097303Z         "node_id": "MDc6TGljZW5zZTEz"
asana_integration	UNKNOWN STEP	2025-07-19T23:54:32.5097726Z       },
asana_integration	UNKNOWN STEP	2025-07-19T23:54:32.5098010Z       "allow_forking": true,
asana_integration	UNKNOWN STEP	2025-07-19T23:54:32.5098380Z       "is_template": false,
asana_integration	UNKNOWN STEP	2025-07-19T23:54:32.5098757Z       "web_commit_signoff_required": false,
asana_integration	UNKNOWN STEP	2025-07-19T23:54:32.5099173Z       "topics": [],
asana_integration	UNKNOWN STEP	2025-07-19T23:54:32.5099499Z       "visibility": "public",
asana_integration	UNKNOWN STEP	2025-07-19T23:54:32.5099864Z       "forks": 31,
asana_integration	UNKNOWN STEP	2025-07-19T23:54:32.5100163Z       "open_issues": 55,
asana_integration	UNKNOWN STEP	2025-07-19T23:54:32.5100504Z       "watchers": 64,
asana_integration	UNKNOWN STEP	2025-07-19T23:54:32.5100834Z       "default_branch": "main"
asana_integration	UNKNOWN STEP	2025-07-19T23:54:32.5101182Z     }
asana_integration	UNKNOWN STEP	2025-07-19T23:54:32.5101457Z   },
asana_integration	UNKNOWN STEP	2025-07-19T23:54:32.5101675Z   "base": {
asana_integration	UNKNOWN STEP	2025-07-19T23:54:32.5101924Z     "label": "Metta-AI:hollander/asana-integration",
asana_integration	UNKNOWN STEP	2025-07-19T23:54:32.5102625Z     "ref": "hollander/asana-integration",
asana_integration	UNKNOWN STEP	2025-07-19T23:54:32.5103105Z     "sha": "ccd3ae975cf5e8b412b05368c4149c16cc613479",
asana_integration	UNKNOWN STEP	2025-07-19T23:54:32.5103546Z     "user": {
asana_integration	UNKNOWN STEP	2025-07-19T23:54:32.5103855Z       "login": "Metta-AI",
asana_integration	UNKNOWN STEP	2025-07-19T23:54:32.5104186Z       "id": 178685062,
asana_integration	UNKNOWN STEP	2025-07-19T23:54:32.5104517Z       "node_id": "O_kgDOCqaEhg",
asana_integration	UNKNOWN STEP	2025-07-19T23:54:32.5105073Z       "avatar_url": "https://avatars.githubusercontent.com/u/178685062?v=4",
asana_integration	UNKNOWN STEP	2025-07-19T23:54:32.5105660Z       "gravatar_id": "",
asana_integration	UNKNOWN STEP	2025-07-19T23:54:32.5106066Z       "url": "https://api.github.com/users/Metta-AI",
asana_integration	UNKNOWN STEP	2025-07-19T23:54:32.5106575Z       "html_url": "https://github.com/Metta-AI",
asana_integration	UNKNOWN STEP	2025-07-19T23:54:32.5106942Z       "followers_url": "https://api.github.com/users/Metta-AI/followers",
asana_integration	UNKNOWN STEP	2025-07-19T23:54:32.5107996Z       "following_url": "https://api.github.com/users/Metta-AI/following{/other_user}",
asana_integration	UNKNOWN STEP	2025-07-19T23:54:32.5108768Z       "gists_url": "https://api.github.com/users/Metta-AI/gists{/gist_id}",
asana_integration	UNKNOWN STEP	2025-07-19T23:54:32.5109528Z       "starred_url": "https://api.github.com/users/Metta-AI/starred{/owner}{/repo}",
asana_integration	UNKNOWN STEP	2025-07-19T23:54:32.5110343Z       "subscriptions_url": "https://api.github.com/users/Metta-AI/subscriptions",
asana_integration	UNKNOWN STEP	2025-07-19T23:54:32.5111116Z       "organizations_url": "https://api.github.com/users/Metta-AI/orgs",
asana_integration	UNKNOWN STEP	2025-07-19T23:54:32.5111704Z       "repos_url": "https://api.github.com/users/Metta-AI/repos",
asana_integration	UNKNOWN STEP	2025-07-19T23:54:32.5112450Z       "events_url": "https://api.github.com/users/Metta-AI/events{/privacy}",
asana_integration	UNKNOWN STEP	2025-07-19T23:54:32.5113222Z       "received_events_url": "https://api.github.com/users/Metta-AI/received_events",
asana_integration	UNKNOWN STEP	2025-07-19T23:54:32.5113854Z       "type": "Organization",
asana_integration	UNKNOWN STEP	2025-07-19T23:54:32.5114239Z       "user_view_type": "public",
asana_integration	UNKNOWN STEP	2025-07-19T23:54:32.5114626Z       "site_admin": false
asana_integration	UNKNOWN STEP	2025-07-19T23:54:32.5114950Z     },
asana_integration	UNKNOWN STEP	2025-07-19T23:54:32.5115211Z     "repo": {
asana_integration	UNKNOWN STEP	2025-07-19T23:54:32.5115486Z       "id": 843988367,
asana_integration	UNKNOWN STEP	2025-07-19T23:54:32.5115817Z       "node_id": "R_kgDOMk49jw",
asana_integration	UNKNOWN STEP	2025-07-19T23:54:32.5116198Z       "name": "metta",
asana_integration	UNKNOWN STEP	2025-07-19T23:54:32.5116516Z       "full_name": "Metta-AI/metta",
asana_integration	UNKNOWN STEP	2025-07-19T23:54:32.5116760Z       "private": false,
asana_integration	UNKNOWN STEP	2025-07-19T23:54:32.5117345Z       "owner": {
asana_integration	UNKNOWN STEP	2025-07-19T23:54:32.5117664Z         "login": "Metta-AI",
asana_integration	UNKNOWN STEP	2025-07-19T23:54:32.5118010Z         "id": 178685062,
asana_integration	UNKNOWN STEP	2025-07-19T23:54:32.5118355Z         "node_id": "O_kgDOCqaEhg",
asana_integration	UNKNOWN STEP	2025-07-19T23:54:32.5118920Z         "avatar_url": "https://avatars.githubusercontent.com/u/178685062?v=4",
asana_integration	UNKNOWN STEP	2025-07-19T23:54:32.5119507Z         "gravatar_id": "",
asana_integration	UNKNOWN STEP	2025-07-19T23:54:32.5119911Z         "url": "https://api.github.com/users/Metta-AI",
asana_integration	UNKNOWN STEP	2025-07-19T23:54:32.5120414Z         "html_url": "https://github.com/Metta-AI",
asana_integration	UNKNOWN STEP	2025-07-19T23:54:32.5121016Z         "followers_url": "https://api.github.com/users/Metta-AI/followers",
asana_integration	UNKNOWN STEP	2025-07-19T23:54:32.5121703Z         "following_url": "https://api.github.com/users/Metta-AI/following{/other_user}",
asana_integration	UNKNOWN STEP	2025-07-19T23:54:32.5122522Z         "gists_url": "https://api.github.com/users/Metta-AI/gists{/gist_id}",
asana_integration	UNKNOWN STEP	2025-07-19T23:54:32.5123484Z         "starred_url": "https://api.github.com/users/Metta-AI/starred{/owner}{/repo}",
asana_integration	UNKNOWN STEP	2025-07-19T23:54:32.5124450Z         "subscriptions_url": "https://api.github.com/users/Metta-AI/subscriptions",
asana_integration	UNKNOWN STEP	2025-07-19T23:54:32.5125223Z         "organizations_url": "https://api.github.com/users/Metta-AI/orgs",
asana_integration	UNKNOWN STEP	2025-07-19T23:54:32.5125889Z         "repos_url": "https://api.github.com/users/Metta-AI/repos",
asana_integration	UNKNOWN STEP	2025-07-19T23:54:32.5126512Z         "events_url": "https://api.github.com/users/Metta-AI/events{/privacy}",
asana_integration	UNKNOWN STEP	2025-07-19T23:54:32.5155774Z         "received_events_url": "https://api.github.com/users/Metta-AI/received_events",
asana_integration	UNKNOWN STEP	2025-07-19T23:54:32.5156681Z         "type": "Organization",
asana_integration	UNKNOWN STEP	2025-07-19T23:54:32.5157464Z         "user_view_type": "public",
asana_integration	UNKNOWN STEP	2025-07-19T23:54:32.5158023Z         "site_admin": false
asana_integration	UNKNOWN STEP	2025-07-19T23:54:32.5158466Z       },
asana_integration	UNKNOWN STEP	2025-07-19T23:54:32.5158910Z       "html_url": "https://github.com/Metta-AI/metta",
asana_integration	UNKNOWN STEP	2025-07-19T23:54:32.5160204Z       "description": "A reinforcement learning codebase focusing on the emergence of cooperation and alignment in multi-agent AI systems.",
asana_integration	UNKNOWN STEP	2025-07-19T23:54:32.5161399Z       "fork": false,
asana_integration	UNKNOWN STEP	2025-07-19T23:54:32.5161933Z       "url": "https://api.github.com/repos/Metta-AI/metta",
asana_integration	UNKNOWN STEP	2025-07-19T23:54:32.5162738Z       "forks_url": "https://api.github.com/repos/Metta-AI/metta/forks",
asana_integration	UNKNOWN STEP	2025-07-19T23:54:32.5163653Z       "keys_url": "https://api.github.com/repos/Metta-AI/metta/keys{/key_id}",
asana_integration	UNKNOWN STEP	2025-07-19T23:54:32.5164802Z       "collaborators_url": "https://api.github.com/repos/Metta-AI/metta/collaborators{/collaborator}",
asana_integration	UNKNOWN STEP	2025-07-19T23:54:32.5165896Z       "teams_url": "https://api.github.com/repos/Metta-AI/metta/teams",
asana_integration	UNKNOWN STEP	2025-07-19T23:54:32.5166733Z       "hooks_url": "https://api.github.com/repos/Metta-AI/metta/hooks",
asana_integration	UNKNOWN STEP	2025-07-19T23:54:32.5167893Z       "issue_events_url": "https://api.github.com/repos/Metta-AI/metta/issues/events{/number}",
asana_integration	UNKNOWN STEP	2025-07-19T23:54:32.5168954Z       "events_url": "https://api.github.com/repos/Metta-AI/metta/events",
asana_integration	UNKNOWN STEP	2025-07-19T23:54:32.5169955Z       "assignees_url": "https://api.github.com/repos/Metta-AI/metta/assignees{/user}",
asana_integration	UNKNOWN STEP	2025-07-19T23:54:32.5170908Z       "branches_url": "https://api.github.com/repos/Metta-AI/metta/branches{/branch}",
asana_integration	UNKNOWN STEP	2025-07-19T23:54:32.5171729Z       "tags_url": "https://api.github.com/repos/Metta-AI/metta/tags",
asana_integration	UNKNOWN STEP	2025-07-19T23:54:32.5172505Z       "blobs_url": "https://api.github.com/repos/Metta-AI/metta/git/blobs{/sha}",
asana_integration	UNKNOWN STEP	2025-07-19T23:54:32.5173351Z       "git_tags_url": "https://api.github.com/repos/Metta-AI/metta/git/tags{/sha}",
asana_integration	UNKNOWN STEP	2025-07-19T23:54:32.5174197Z       "git_refs_url": "https://api.github.com/repos/Metta-AI/metta/git/refs{/sha}",
asana_integration	UNKNOWN STEP	2025-07-19T23:54:32.5175042Z       "trees_url": "https://api.github.com/repos/Metta-AI/metta/git/trees{/sha}",
asana_integration	UNKNOWN STEP	2025-07-19T23:54:32.5175898Z       "statuses_url": "https://api.github.com/repos/Metta-AI/metta/statuses/{sha}",
asana_integration	UNKNOWN STEP	2025-07-19T23:54:32.5176761Z       "languages_url": "https://api.github.com/repos/Metta-AI/metta/languages",
asana_integration	UNKNOWN STEP	2025-07-19T23:54:32.5177739Z       "stargazers_url": "https://api.github.com/repos/Metta-AI/metta/stargazers",
asana_integration	UNKNOWN STEP	2025-07-19T23:54:32.5178633Z       "contributors_url": "https://api.github.com/repos/Metta-AI/metta/contributors",
asana_integration	UNKNOWN STEP	2025-07-19T23:54:32.5179536Z       "subscribers_url": "https://api.github.com/repos/Metta-AI/metta/subscribers",
asana_integration	UNKNOWN STEP	2025-07-19T23:54:32.5180406Z       "subscription_url": "https://api.github.com/repos/Metta-AI/metta/subscription",
asana_integration	UNKNOWN STEP	2025-07-19T23:54:32.5181177Z       "commits_url": "https://api.github.com/repos/Metta-AI/metta/commits{/sha}",
asana_integration	UNKNOWN STEP	2025-07-19T23:54:32.5181953Z       "git_commits_url": "https://api.github.com/repos/Metta-AI/metta/git/commits{/sha}",
asana_integration	UNKNOWN STEP	2025-07-19T23:54:32.5182750Z       "comments_url": "https://api.github.com/repos/Metta-AI/metta/comments{/number}",
asana_integration	UNKNOWN STEP	2025-07-19T23:54:32.5183598Z       "issue_comment_url": "https://api.github.com/repos/Metta-AI/metta/issues/comments{/number}",
asana_integration	UNKNOWN STEP	2025-07-19T23:54:32.5184446Z       "contents_url": "https://api.github.com/repos/Metta-AI/metta/contents/{+path}",
asana_integration	UNKNOWN STEP	2025-07-19T23:54:32.5185480Z       "compare_url": "https://api.github.com/repos/Metta-AI/metta/compare/{base}...{head}",
asana_integration	UNKNOWN STEP	2025-07-19T23:54:32.5186337Z       "merges_url": "https://api.github.com/repos/Metta-AI/metta/merges",
asana_integration	UNKNOWN STEP	2025-07-19T23:54:32.5187228Z       "archive_url": "https://api.github.com/repos/Metta-AI/metta/{archive_format}{/ref}",
asana_integration	UNKNOWN STEP	2025-07-19T23:54:32.5188024Z       "downloads_url": "https://api.github.com/repos/Metta-AI/metta/downloads",
asana_integration	UNKNOWN STEP	2025-07-19T23:54:32.5188770Z       "issues_url": "https://api.github.com/repos/Metta-AI/metta/issues{/number}",
asana_integration	UNKNOWN STEP	2025-07-19T23:54:32.5189515Z       "pulls_url": "https://api.github.com/repos/Metta-AI/metta/pulls{/number}",
asana_integration	UNKNOWN STEP	2025-07-19T23:54:32.5190296Z       "milestones_url": "https://api.github.com/repos/Metta-AI/metta/milestones{/number}",
asana_integration	UNKNOWN STEP	2025-07-19T23:54:32.5191217Z       "notifications_url": "https://api.github.com/repos/Metta-AI/metta/notifications{?since,all,participating}",
asana_integration	UNKNOWN STEP	2025-07-19T23:54:32.5192054Z       "labels_url": "https://api.github.com/repos/Metta-AI/metta/labels{/name}",
asana_integration	UNKNOWN STEP	2025-07-19T23:54:32.5192722Z       "releases_url": "https://api.github.com/repos/Metta-AI/metta/releases{/id}",
asana_integration	UNKNOWN STEP	2025-07-19T23:54:32.5193420Z       "deployments_url": "https://api.github.com/repos/Metta-AI/metta/deployments",
asana_integration	UNKNOWN STEP	2025-07-19T23:54:32.5193973Z       "created_at": "2024-08-18T03:16:25Z",
asana_integration	UNKNOWN STEP	2025-07-19T23:54:32.5194349Z       "updated_at": "2025-07-19T22:59:59Z",
asana_integration	UNKNOWN STEP	2025-07-19T23:54:32.5194715Z       "pushed_at": "2025-07-19T23:54:19Z",
asana_integration	UNKNOWN STEP	2025-07-19T23:54:32.5195122Z       "git_url": "git://github.com/Metta-AI/metta.git",
asana_integration	UNKNOWN STEP	2025-07-19T23:54:32.5195573Z       "ssh_url": "git@github.com:Metta-AI/metta.git",
asana_integration	UNKNOWN STEP	2025-07-19T23:54:32.5196047Z       "clone_url": "https://github.com/Metta-AI/metta.git",
asana_integration	UNKNOWN STEP	2025-07-19T23:54:32.5196746Z       "svn_url": "https://github.com/Metta-AI/metta",
asana_integration	UNKNOWN STEP	2025-07-19T23:54:32.5197606Z       "homepage": "http://softmax.com",
asana_integration	UNKNOWN STEP	2025-07-19T23:54:32.5198109Z       "size": 222238,
asana_integration	UNKNOWN STEP	2025-07-19T23:54:32.5198401Z       "stargazers_count": 64,
asana_integration	UNKNOWN STEP	2025-07-19T23:54:32.5198734Z       "watchers_count": 64,
asana_integration	UNKNOWN STEP	2025-07-19T23:54:32.5199053Z       "language": "Python",
asana_integration	UNKNOWN STEP	2025-07-19T23:54:32.5199364Z       "has_issues": true,
asana_integration	UNKNOWN STEP	2025-07-19T23:54:32.5199672Z       "has_projects": false,
asana_integration	UNKNOWN STEP	2025-07-19T23:54:32.5199995Z       "has_downloads": true,
asana_integration	UNKNOWN STEP	2025-07-19T23:54:32.5200301Z       "has_wiki": true,
asana_integration	UNKNOWN STEP	2025-07-19T23:54:32.5200586Z       "has_pages": true,
asana_integration	UNKNOWN STEP	2025-07-19T23:54:32.5200884Z       "has_discussions": false,
asana_integration	UNKNOWN STEP	2025-07-19T23:54:32.5201186Z       "forks_count": 31,
asana_integration	UNKNOWN STEP	2025-07-19T23:54:32.5201453Z       "mirror_url": null,
asana_integration	UNKNOWN STEP	2025-07-19T23:54:32.5201721Z       "archived": false,
asana_integration	UNKNOWN STEP	2025-07-19T23:54:32.5201986Z       "disabled": false,
asana_integration	UNKNOWN STEP	2025-07-19T23:54:32.5202250Z       "open_issues_count": 55,
asana_integration	UNKNOWN STEP	2025-07-19T23:54:32.5202533Z       "license": {
asana_integration	UNKNOWN STEP	2025-07-19T23:54:32.5202774Z         "key": "mit",
asana_integration	UNKNOWN STEP	2025-07-19T23:54:32.5203029Z         "name": "MIT License",
asana_integration	UNKNOWN STEP	2025-07-19T23:54:32.5203317Z         "spdx_id": "MIT",
asana_integration	UNKNOWN STEP	2025-07-19T23:54:32.5203630Z         "url": "https://api.github.com/licenses/mit",
asana_integration	UNKNOWN STEP	2025-07-19T23:54:32.5203997Z         "node_id": "MDc6TGljZW5zZTEz"
asana_integration	UNKNOWN STEP	2025-07-19T23:54:32.5204328Z       },
asana_integration	UNKNOWN STEP	2025-07-19T23:54:32.5204559Z       "allow_forking": true,
asana_integration	UNKNOWN STEP	2025-07-19T23:54:32.5204851Z       "is_template": false,
asana_integration	UNKNOWN STEP	2025-07-19T23:54:32.5205154Z       "web_commit_signoff_required": false,
asana_integration	UNKNOWN STEP	2025-07-19T23:54:32.5205481Z       "topics": [],
asana_integration	UNKNOWN STEP	2025-07-19T23:54:32.5205730Z       "visibility": "public",
asana_integration	UNKNOWN STEP	2025-07-19T23:54:32.5206018Z       "forks": 31,
asana_integration	UNKNOWN STEP	2025-07-19T23:54:32.5206265Z       "open_issues": 55,
asana_integration	UNKNOWN STEP	2025-07-19T23:54:32.5206530Z       "watchers": 64,
asana_integration	UNKNOWN STEP	2025-07-19T23:54:32.5206787Z       "default_branch": "main"
asana_integration	UNKNOWN STEP	2025-07-19T23:54:32.5207067Z     }
asana_integration	UNKNOWN STEP	2025-07-19T23:54:32.5207464Z   },
asana_integration	UNKNOWN STEP	2025-07-19T23:54:32.5207673Z   "_links": {
asana_integration	UNKNOWN STEP	2025-07-19T23:54:32.5207902Z     "self": {
asana_integration	UNKNOWN STEP	2025-07-19T23:54:32.5208245Z       "href": "https://api.github.com/repos/Metta-AI/metta/pulls/1572"
asana_integration	UNKNOWN STEP	2025-07-19T23:54:32.5208657Z     },
asana_integration	UNKNOWN STEP	2025-07-19T23:54:32.5208874Z     "html": {
asana_integration	UNKNOWN STEP	2025-07-19T23:54:32.5209165Z       "href": "https://github.com/Metta-AI/metta/pull/1572"
asana_integration	UNKNOWN STEP	2025-07-19T23:54:32.5209540Z     },
asana_integration	UNKNOWN STEP	2025-07-19T23:54:32.5209927Z     "issue": {
asana_integration	UNKNOWN STEP	2025-07-19T23:54:32.5210277Z       "href": "https://api.github.com/repos/Metta-AI/metta/issues/1572"
asana_integration	UNKNOWN STEP	2025-07-19T23:54:32.5210693Z     },
asana_integration	UNKNOWN STEP	2025-07-19T23:54:32.5210985Z     "comments": {
asana_integration	UNKNOWN STEP	2025-07-19T23:54:32.5211352Z       "href": "https://api.github.com/repos/Metta-AI/metta/issues/1572/comments"
asana_integration	UNKNOWN STEP	2025-07-19T23:54:32.5211766Z     },
asana_integration	UNKNOWN STEP	2025-07-19T23:54:32.5211978Z     "review_comments": {
asana_integration	UNKNOWN STEP	2025-07-19T23:54:32.5212351Z       "href": "https://api.github.com/repos/Metta-AI/metta/pulls/1572/comments"
asana_integration	UNKNOWN STEP	2025-07-19T23:54:32.5212749Z     },
asana_integration	UNKNOWN STEP	2025-07-19T23:54:32.5212941Z     "review_comment": {
asana_integration	UNKNOWN STEP	2025-07-19T23:54:32.5213327Z       "href": "https://api.github.com/repos/Metta-AI/metta/pulls/comments{/number}"
asana_integration	UNKNOWN STEP	2025-07-19T23:54:32.5213751Z     },
asana_integration	UNKNOWN STEP	2025-07-19T23:54:32.5213950Z     "commits": {
asana_integration	UNKNOWN STEP	2025-07-19T23:54:32.5214312Z       "href": "https://api.github.com/repos/Metta-AI/metta/pulls/1572/commits"
asana_integration	UNKNOWN STEP	2025-07-19T23:54:32.5214716Z     },
asana_integration	UNKNOWN STEP	2025-07-19T23:54:32.5214926Z     "statuses": {
asana_integration	UNKNOWN STEP	2025-07-19T23:54:32.5215409Z       "href": "https://api.github.com/repos/Metta-AI/metta/statuses/f0a26438666489f932be5af2567ede066dafce3e"
asana_integration	UNKNOWN STEP	2025-07-19T23:54:32.5215947Z     }
asana_integration	UNKNOWN STEP	2025-07-19T23:54:32.5216137Z   },
asana_integration	UNKNOWN STEP	2025-07-19T23:54:32.5216357Z   "author_association": "NONE",
asana_integration	UNKNOWN STEP	2025-07-19T23:54:32.5216663Z   "auto_merge": null,
asana_integration	UNKNOWN STEP	2025-07-19T23:54:32.5216908Z   "active_lock_reason": null,
asana_integration	UNKNOWN STEP	2025-07-19T23:54:32.5217353Z   "merged": false,
asana_integration	UNKNOWN STEP	2025-07-19T23:54:32.5217587Z   "mergeable": true,
asana_integration	UNKNOWN STEP	2025-07-19T23:54:32.5217822Z   "rebaseable": true,
asana_integration	UNKNOWN STEP	2025-07-19T23:54:32.5218073Z   "mergeable_state": "unstable",
asana_integration	UNKNOWN STEP	2025-07-19T23:54:32.5218351Z   "merged_by": null,
asana_integration	UNKNOWN STEP	2025-07-19T23:54:32.5218573Z   "comments": 0,
asana_integration	UNKNOWN STEP	2025-07-19T23:54:32.5218803Z   "review_comments": 0,
asana_integration	UNKNOWN STEP	2025-07-19T23:54:32.5219060Z   "maintainer_can_modify": false,
asana_integration	UNKNOWN STEP	2025-07-19T23:54:32.5219340Z   "commits": 2,
asana_integration	UNKNOWN STEP	2025-07-19T23:54:32.5219563Z   "additions": 2,
asana_integration	UNKNOWN STEP	2025-07-19T23:54:32.5219782Z   "deletions": 0,
asana_integration	UNKNOWN STEP	2025-07-19T23:54:32.5219996Z   "changed_files": 2,
asana_integration	UNKNOWN STEP	2025-07-19T23:54:32.5220243Z   "retrieved_comments": [],
asana_integration	UNKNOWN STEP	2025-07-19T23:54:32.5220508Z   "retrieved_reviews": [
asana_integration	UNKNOWN STEP	2025-07-19T23:54:32.5220747Z     {
asana_integration	UNKNOWN STEP	2025-07-19T23:54:32.5220945Z       "id": 3035617740,
asana_integration	UNKNOWN STEP	2025-07-19T23:54:32.5221195Z       "node_id": "PRR_kwDOMk49j86079nM",
asana_integration	UNKNOWN STEP	2025-07-19T23:54:32.5221500Z       "user": {
asana_integration	UNKNOWN STEP	2025-07-19T23:54:32.5222017Z         "login": "badjacent2",
asana_integration	UNKNOWN STEP	2025-07-19T23:54:32.5222287Z         "id": 221431676,
asana_integration	UNKNOWN STEP	2025-07-19T23:54:32.5222540Z         "node_id": "U_kgDODTLHfA",
asana_integration	UNKNOWN STEP	2025-07-19T23:54:32.5222952Z         "avatar_url": "https://avatars.githubusercontent.com/u/221431676?v=4",
asana_integration	UNKNOWN STEP	2025-07-19T23:54:32.5223383Z         "gravatar_id": "",
asana_integration	UNKNOWN STEP	2025-07-19T23:54:32.5223686Z         "url": "https://api.github.com/users/badjacent2",
asana_integration	UNKNOWN STEP	2025-07-19T23:54:32.5224065Z         "html_url": "https://github.com/badjacent2",
asana_integration	UNKNOWN STEP	2025-07-19T23:54:32.5224538Z         "followers_url": "https://api.github.com/users/badjacent2/followers",
asana_integration	UNKNOWN STEP	2025-07-19T23:54:32.5225105Z         "following_url": "https://api.github.com/users/badjacent2/following{/other_user}",
asana_integration	UNKNOWN STEP	2025-07-19T23:54:32.5225679Z         "gists_url": "https://api.github.com/users/badjacent2/gists{/gist_id}",
asana_integration	UNKNOWN STEP	2025-07-19T23:54:32.5226235Z         "starred_url": "https://api.github.com/users/badjacent2/starred{/owner}{/repo}",
asana_integration	UNKNOWN STEP	2025-07-19T23:54:32.5226828Z         "subscriptions_url": "https://api.github.com/users/badjacent2/subscriptions",
asana_integration	UNKNOWN STEP	2025-07-19T23:54:32.5227568Z         "organizations_url": "https://api.github.com/users/badjacent2/orgs",
asana_integration	UNKNOWN STEP	2025-07-19T23:54:32.5228081Z         "repos_url": "https://api.github.com/users/badjacent2/repos",
asana_integration	UNKNOWN STEP	2025-07-19T23:54:32.5228582Z         "events_url": "https://api.github.com/users/badjacent2/events{/privacy}",
asana_integration	UNKNOWN STEP	2025-07-19T23:54:32.5229157Z         "received_events_url": "https://api.github.com/users/badjacent2/received_events",
asana_integration	UNKNOWN STEP	2025-07-19T23:54:32.5229606Z         "type": "User",
asana_integration	UNKNOWN STEP	2025-07-19T23:54:32.5229854Z         "user_view_type": "public",
asana_integration	UNKNOWN STEP	2025-07-19T23:54:32.5230142Z         "site_admin": false
asana_integration	UNKNOWN STEP	2025-07-19T23:54:32.5230383Z       },
asana_integration	UNKNOWN STEP	2025-07-19T23:54:32.5230611Z       "body": "there is one empty file here",
asana_integration	UNKNOWN STEP	2025-07-19T23:54:32.5231067Z       "state": "CHANGES_REQUESTED",
asana_integration	UNKNOWN STEP	2025-07-19T23:54:32.5231608Z       "html_url": "https://github.com/Metta-AI/metta/pull/1572#pullrequestreview-3035617740",
asana_integration	UNKNOWN STEP	2025-07-19T23:54:32.5232192Z       "pull_request_url": "https://api.github.com/repos/Metta-AI/metta/pulls/1572",
asana_integration	UNKNOWN STEP	2025-07-19T23:54:32.5232611Z       "author_association": "NONE",
asana_integration	UNKNOWN STEP	2025-07-19T23:54:32.5232859Z       "_links": {
asana_integration	UNKNOWN STEP	2025-07-19T23:54:32.5233061Z         "html": {
asana_integration	UNKNOWN STEP	2025-07-19T23:54:32.5233425Z           "href": "https://github.com/Metta-AI/metta/pull/1572#pullrequestreview-3035617740"
asana_integration	UNKNOWN STEP	2025-07-19T23:54:32.5233836Z         },
asana_integration	UNKNOWN STEP	2025-07-19T23:54:32.5234030Z         "pull_request": {
asana_integration	UNKNOWN STEP	2025-07-19T23:54:32.5234349Z           "href": "https://api.github.com/repos/Metta-AI/metta/pulls/1572"
asana_integration	UNKNOWN STEP	2025-07-19T23:54:32.5234691Z         }
asana_integration	UNKNOWN STEP	2025-07-19T23:54:32.5234874Z       },
asana_integration	UNKNOWN STEP	2025-07-19T23:54:32.5235081Z       "submitted_at": "2025-07-19T23:44:08Z",
asana_integration	UNKNOWN STEP	2025-07-19T23:54:32.5235417Z       "commit_id": "a262c63f96864fed7c0d988d9ea52ff8c9167d17"
asana_integration	UNKNOWN STEP	2025-07-19T23:54:32.5235733Z     },
asana_integration	UNKNOWN STEP	2025-07-19T23:54:32.5235909Z     {
asana_integration	UNKNOWN STEP	2025-07-19T23:54:32.5236081Z       "id": 3035617810,
asana_integration	UNKNOWN STEP	2025-07-19T23:54:32.5236318Z       "node_id": "PRR_kwDOMk49j86079oS",
asana_integration	UNKNOWN STEP	2025-07-19T23:54:32.5236586Z       "user": {
asana_integration	UNKNOWN STEP	2025-07-19T23:54:32.5236798Z         "login": "badjacent2",
asana_integration	UNKNOWN STEP	2025-07-19T23:54:32.5237035Z         "id": 221431676,
asana_integration	UNKNOWN STEP	2025-07-19T23:54:32.5237440Z         "node_id": "U_kgDODTLHfA",
asana_integration	UNKNOWN STEP	2025-07-19T23:54:32.5237821Z         "avatar_url": "https://avatars.githubusercontent.com/u/221431676?v=4",
asana_integration	UNKNOWN STEP	2025-07-19T23:54:32.5238223Z         "gravatar_id": "",
asana_integration	UNKNOWN STEP	2025-07-19T23:54:32.5238505Z         "url": "https://api.github.com/users/badjacent2",
asana_integration	UNKNOWN STEP	2025-07-19T23:54:32.5238854Z         "html_url": "https://github.com/badjacent2",
asana_integration	UNKNOWN STEP	2025-07-19T23:54:32.5239266Z         "followers_url": "https://api.github.com/users/badjacent2/followers",
asana_integration	UNKNOWN STEP	2025-07-19T23:54:32.5239788Z         "following_url": "https://api.github.com/users/badjacent2/following{/other_user}",
asana_integration	UNKNOWN STEP	2025-07-19T23:54:32.5240321Z         "gists_url": "https://api.github.com/users/badjacent2/gists{/gist_id}",
asana_integration	UNKNOWN STEP	2025-07-19T23:54:32.5240843Z         "starred_url": "https://api.github.com/users/badjacent2/starred{/owner}{/repo}",
asana_integration	UNKNOWN STEP	2025-07-19T23:54:32.5241395Z         "subscriptions_url": "https://api.github.com/users/badjacent2/subscriptions",
asana_integration	UNKNOWN STEP	2025-07-19T23:54:32.5241917Z         "organizations_url": "https://api.github.com/users/badjacent2/orgs",
asana_integration	UNKNOWN STEP	2025-07-19T23:54:32.5242380Z         "repos_url": "https://api.github.com/users/badjacent2/repos",
asana_integration	UNKNOWN STEP	2025-07-19T23:54:32.5242841Z         "events_url": "https://api.github.com/users/badjacent2/events{/privacy}",
asana_integration	UNKNOWN STEP	2025-07-19T23:54:32.5243376Z         "received_events_url": "https://api.github.com/users/badjacent2/received_events",
asana_integration	UNKNOWN STEP	2025-07-19T23:54:32.5243794Z         "type": "User",
asana_integration	UNKNOWN STEP	2025-07-19T23:54:32.5244020Z         "user_view_type": "public",
asana_integration	UNKNOWN STEP	2025-07-19T23:54:32.5244290Z         "site_admin": false
asana_integration	UNKNOWN STEP	2025-07-19T23:54:32.5244518Z       },
asana_integration	UNKNOWN STEP	2025-07-19T23:54:32.5244736Z       "body": "actually empty files are okay",
asana_integration	UNKNOWN STEP	2025-07-19T23:54:32.5245036Z       "state": "APPROVED",
asana_integration	UNKNOWN STEP	2025-07-19T23:54:32.5245585Z       "html_url": "https://github.com/Metta-AI/metta/pull/1572#pullrequestreview-3035617810",
asana_integration	UNKNOWN STEP	2025-07-19T23:54:32.5246169Z       "pull_request_url": "https://api.github.com/repos/Metta-AI/metta/pulls/1572",
asana_integration	UNKNOWN STEP	2025-07-19T23:54:32.5246586Z       "author_association": "NONE",
asana_integration	UNKNOWN STEP	2025-07-19T23:54:32.5246843Z       "_links": {
asana_integration	UNKNOWN STEP	2025-07-19T23:54:32.5247046Z         "html": {
asana_integration	UNKNOWN STEP	2025-07-19T23:54:32.5247622Z           "href": "https://github.com/Metta-AI/metta/pull/1572#pullrequestreview-3035617810"
asana_integration	UNKNOWN STEP	2025-07-19T23:54:32.5248047Z         },
asana_integration	UNKNOWN STEP	2025-07-19T23:54:32.5248239Z         "pull_request": {
asana_integration	UNKNOWN STEP	2025-07-19T23:54:32.5248561Z           "href": "https://api.github.com/repos/Metta-AI/metta/pulls/1572"
asana_integration	UNKNOWN STEP	2025-07-19T23:54:32.5248909Z         }
asana_integration	UNKNOWN STEP	2025-07-19T23:54:32.5249099Z       },
asana_integration	UNKNOWN STEP	2025-07-19T23:54:32.5249310Z       "submitted_at": "2025-07-19T23:44:44Z",
asana_integration	UNKNOWN STEP	2025-07-19T23:54:32.5249654Z       "commit_id": "a262c63f96864fed7c0d988d9ea52ff8c9167d17"
asana_integration	UNKNOWN STEP	2025-07-19T23:54:32.5250100Z     }
asana_integration	UNKNOWN STEP	2025-07-19T23:54:32.5250292Z   ],
asana_integration	UNKNOWN STEP	2025-07-19T23:54:32.5250484Z   "retrieved_timeline": [
asana_integration	UNKNOWN STEP	2025-07-19T23:54:32.5250707Z     {
asana_integration	UNKNOWN STEP	2025-07-19T23:54:32.5251383Z       "sha": "a262c63f96864fed7c0d988d9ea52ff8c9167d17",
asana_integration	UNKNOWN STEP	2025-07-19T23:54:32.5251894Z       "node_id": "C_kwDOMk49j9oAKGEyNjJjNjNmOTY4NjRmZWQ3YzBkOTg4ZDllYTUyZmY4YzkxNjdkMTc",
asana_integration	UNKNOWN STEP	2025-07-19T23:54:32.5252594Z       "url": "https://api.github.com/repos/Metta-AI/metta/git/commits/a262c63f96864fed7c0d988d9ea52ff8c9167d17",
asana_integration	UNKNOWN STEP	2025-07-19T23:54:32.5253288Z       "html_url": "https://github.com/Metta-AI/metta/commit/a262c63f96864fed7c0d988d9ea52ff8c9167d17",
asana_integration	UNKNOWN STEP	2025-07-19T23:54:32.5253738Z       "author": {
asana_integration	UNKNOWN STEP	2025-07-19T23:54:32.5253949Z         "name": "badjacent",
asana_integration	UNKNOWN STEP	2025-07-19T23:54:32.5254208Z         "email": "mh.next@gmail.com",
asana_integration	UNKNOWN STEP	2025-07-19T23:54:32.5254476Z         "date": "2025-07-19T23:42:18Z"
asana_integration	UNKNOWN STEP	2025-07-19T23:54:32.5254717Z       },
asana_integration	UNKNOWN STEP	2025-07-19T23:54:32.5254905Z       "committer": {
asana_integration	UNKNOWN STEP	2025-07-19T23:54:32.5255123Z         "name": "badjacent",
asana_integration	UNKNOWN STEP	2025-07-19T23:54:32.5255373Z         "email": "mh.next@gmail.com",
asana_integration	UNKNOWN STEP	2025-07-19T23:54:32.5255633Z         "date": "2025-07-19T23:42:18Z"
asana_integration	UNKNOWN STEP	2025-07-19T23:54:32.5255872Z       },
asana_integration	UNKNOWN STEP	2025-07-19T23:54:32.5256041Z       "tree": {
asana_integration	UNKNOWN STEP	2025-07-19T23:54:32.5256281Z         "sha": "5c71a6d828b77bd26aa450d01579f4757dd24f3a",
asana_integration	UNKNOWN STEP	2025-07-19T23:54:32.5256797Z         "url": "https://api.github.com/repos/Metta-AI/metta/git/trees/5c71a6d828b77bd26aa450d01579f4757dd24f3a"
asana_integration	UNKNOWN STEP	2025-07-19T23:54:32.5257390Z       },
asana_integration	UNKNOWN STEP	2025-07-19T23:54:32.5257587Z       "message": "branch for testing",
asana_integration	UNKNOWN STEP	2025-07-19T23:54:32.5257850Z       "parents": [
asana_integration	UNKNOWN STEP	2025-07-19T23:54:32.5258044Z         {
asana_integration	UNKNOWN STEP	2025-07-19T23:54:32.5258258Z           "sha": "84c8607e0bb9a850771d9d2f833c22b4a88ac7c1",
asana_integration	UNKNOWN STEP	2025-07-19T23:54:32.5258777Z           "url": "https://api.github.com/repos/Metta-AI/metta/git/commits/84c8607e0bb9a850771d9d2f833c22b4a88ac7c1",
asana_integration	UNKNOWN STEP	2025-07-19T23:54:32.5259444Z           "html_url": "https://github.com/Metta-AI/metta/commit/84c8607e0bb9a850771d9d2f833c22b4a88ac7c1"
asana_integration	UNKNOWN STEP	2025-07-19T23:54:32.5259879Z         }
asana_integration	UNKNOWN STEP	2025-07-19T23:54:32.5260045Z       ],
asana_integration	UNKNOWN STEP	2025-07-19T23:54:32.5260222Z       "verification": {
asana_integration	UNKNOWN STEP	2025-07-19T23:54:32.5260428Z         "verified": false,
asana_integration	UNKNOWN STEP	2025-07-19T23:54:32.5260652Z         "reason": "unsigned",
asana_integration	UNKNOWN STEP	2025-07-19T23:54:32.5260882Z         "signature": null,
asana_integration	UNKNOWN STEP	2025-07-19T23:54:32.5261096Z         "payload": null,
asana_integration	UNKNOWN STEP	2025-07-19T23:54:32.5261312Z         "verified_at": null
asana_integration	UNKNOWN STEP	2025-07-19T23:54:32.5261520Z       },
asana_integration	UNKNOWN STEP	2025-07-19T23:54:32.5261694Z       "event": "committed"
asana_integration	UNKNOWN STEP	2025-07-19T23:54:32.5261899Z     },
asana_integration	UNKNOWN STEP	2025-07-19T23:54:32.5262065Z     {
asana_integration	UNKNOWN STEP	2025-07-19T23:54:32.5262239Z       "id": 18713834847,
asana_integration	UNKNOWN STEP	2025-07-19T23:54:32.5262487Z       "node_id": "RRE_lADOMk49j87BdoHYzwAAAARbbnVf",
asana_integration	UNKNOWN STEP	2025-07-19T23:54:32.5262901Z       "url": "https://api.github.com/repos/Metta-AI/metta/issues/events/18713834847",
asana_integration	UNKNOWN STEP	2025-07-19T23:54:32.5263277Z       "actor": {
asana_integration	UNKNOWN STEP	2025-07-19T23:54:32.5263475Z         "login": "badjacent",
asana_integration	UNKNOWN STEP	2025-07-19T23:54:32.5263702Z         "id": 3730593,
asana_integration	UNKNOWN STEP	2025-07-19T23:54:32.5263927Z         "node_id": "MDQ6VXNlcjM3MzA1OTM=",
asana_integration	UNKNOWN STEP	2025-07-19T23:54:32.5264484Z         "avatar_url": "https://avatars.githubusercontent.com/u/3730593?v=4",
asana_integration	UNKNOWN STEP	2025-07-19T23:54:32.5264949Z         "gravatar_id": "",
asana_integration	UNKNOWN STEP	2025-07-19T23:54:32.5265219Z         "url": "https://api.github.com/users/badjacent",
asana_integration	UNKNOWN STEP	2025-07-19T23:54:32.5265545Z         "html_url": "https://github.com/badjacent",
asana_integration	UNKNOWN STEP	2025-07-19T23:54:32.5265927Z         "followers_url": "https://api.github.com/users/badjacent/followers",
asana_integration	UNKNOWN STEP	2025-07-19T23:54:32.5266416Z         "following_url": "https://api.github.com/users/badjacent/following{/other_user}",
asana_integration	UNKNOWN STEP	2025-07-19T23:54:32.5266907Z         "gists_url": "https://api.github.com/users/badjacent/gists{/gist_id}",
asana_integration	UNKNOWN STEP	2025-07-19T23:54:32.5267489Z         "starred_url": "https://api.github.com/users/badjacent/starred{/owner}{/repo}",
asana_integration	UNKNOWN STEP	2025-07-19T23:54:32.5267994Z         "subscriptions_url": "https://api.github.com/users/badjacent/subscriptions",
asana_integration	UNKNOWN STEP	2025-07-19T23:54:32.5268472Z         "organizations_url": "https://api.github.com/users/badjacent/orgs",
asana_integration	UNKNOWN STEP	2025-07-19T23:54:32.5269031Z         "repos_url": "https://api.github.com/users/badjacent/repos",
asana_integration	UNKNOWN STEP	2025-07-19T23:54:32.5269561Z         "events_url": "https://api.github.com/users/badjacent/events{/privacy}",
asana_integration	UNKNOWN STEP	2025-07-19T23:54:32.5270065Z         "received_events_url": "https://api.github.com/users/badjacent/received_events",
asana_integration	UNKNOWN STEP	2025-07-19T23:54:32.5270452Z         "type": "User",
asana_integration	UNKNOWN STEP	2025-07-19T23:54:32.5270671Z         "user_view_type": "public",
asana_integration	UNKNOWN STEP	2025-07-19T23:54:32.5270912Z         "site_admin": false
asana_integration	UNKNOWN STEP	2025-07-19T23:54:32.5271119Z       },
asana_integration	UNKNOWN STEP	2025-07-19T23:54:32.5271304Z       "event": "review_requested",
asana_integration	UNKNOWN STEP	2025-07-19T23:54:32.5271546Z       "commit_id": null,
asana_integration	UNKNOWN STEP	2025-07-19T23:54:32.5271760Z       "commit_url": null,
asana_integration	UNKNOWN STEP	2025-07-19T23:54:32.5271985Z       "created_at": "2025-07-19T23:42:44Z",
asana_integration	UNKNOWN STEP	2025-07-19T23:54:32.5272235Z       "review_requester": {
asana_integration	UNKNOWN STEP	2025-07-19T23:54:32.5272458Z         "login": "badjacent",
asana_integration	UNKNOWN STEP	2025-07-19T23:54:32.5272680Z         "id": 3730593,
asana_integration	UNKNOWN STEP	2025-07-19T23:54:32.5272899Z         "node_id": "MDQ6VXNlcjM3MzA1OTM=",
asana_integration	UNKNOWN STEP	2025-07-19T23:54:32.5273268Z         "avatar_url": "https://avatars.githubusercontent.com/u/3730593?v=4",
asana_integration	UNKNOWN STEP	2025-07-19T23:54:32.5273624Z         "gravatar_id": "",
asana_integration	UNKNOWN STEP	2025-07-19T23:54:32.5273880Z         "url": "https://api.github.com/users/badjacent",
asana_integration	UNKNOWN STEP	2025-07-19T23:54:32.5274200Z         "html_url": "https://github.com/badjacent",
asana_integration	UNKNOWN STEP	2025-07-19T23:54:32.5274581Z         "followers_url": "https://api.github.com/users/badjacent/followers",
asana_integration	UNKNOWN STEP	2025-07-19T23:54:32.5275065Z         "following_url": "https://api.github.com/users/badjacent/following{/other_user}",
asana_integration	UNKNOWN STEP	2025-07-19T23:54:32.5275559Z         "gists_url": "https://api.github.com/users/badjacent/gists{/gist_id}",
asana_integration	UNKNOWN STEP	2025-07-19T23:54:32.5276037Z         "starred_url": "https://api.github.com/users/badjacent/starred{/owner}{/repo}",
asana_integration	UNKNOWN STEP	2025-07-19T23:54:32.5276549Z         "subscriptions_url": "https://api.github.com/users/badjacent/subscriptions",
asana_integration	UNKNOWN STEP	2025-07-19T23:54:32.5277022Z         "organizations_url": "https://api.github.com/users/badjacent/orgs",
asana_integration	UNKNOWN STEP	2025-07-19T23:54:32.5277582Z         "repos_url": "https://api.github.com/users/badjacent/repos",
asana_integration	UNKNOWN STEP	2025-07-19T23:54:32.5278016Z         "events_url": "https://api.github.com/users/badjacent/events{/privacy}",
asana_integration	UNKNOWN STEP	2025-07-19T23:54:32.5278512Z         "received_events_url": "https://api.github.com/users/badjacent/received_events",
asana_integration	UNKNOWN STEP	2025-07-19T23:54:32.5278906Z         "type": "User",
asana_integration	UNKNOWN STEP	2025-07-19T23:54:32.5279124Z         "user_view_type": "public",
asana_integration	UNKNOWN STEP	2025-07-19T23:54:32.5279376Z         "site_admin": false
asana_integration	UNKNOWN STEP	2025-07-19T23:54:32.5279585Z       },
asana_integration	UNKNOWN STEP	2025-07-19T23:54:32.5279770Z       "requested_reviewer": {
asana_integration	UNKNOWN STEP	2025-07-19T23:54:32.5280003Z         "login": "sasmith",
asana_integration	UNKNOWN STEP	2025-07-19T23:54:32.5280223Z         "id": 2469501,
asana_integration	UNKNOWN STEP	2025-07-19T23:54:32.5280448Z         "node_id": "MDQ6VXNlcjI0Njk1MDE=",
asana_integration	UNKNOWN STEP	2025-07-19T23:54:32.5280812Z         "avatar_url": "https://avatars.githubusercontent.com/u/2469501?v=4",
asana_integration	UNKNOWN STEP	2025-07-19T23:54:32.5281164Z         "gravatar_id": "",
asana_integration	UNKNOWN STEP	2025-07-19T23:54:32.5281421Z         "url": "https://api.github.com/users/sasmith",
asana_integration	UNKNOWN STEP	2025-07-19T23:54:32.5281746Z         "html_url": "https://github.com/sasmith",
asana_integration	UNKNOWN STEP	2025-07-19T23:54:32.5282121Z         "followers_url": "https://api.github.com/users/sasmith/followers",
asana_integration	UNKNOWN STEP	2025-07-19T23:54:32.5282603Z         "following_url": "https://api.github.com/users/sasmith/following{/other_user}",
asana_integration	UNKNOWN STEP	2025-07-19T23:54:32.5283077Z         "gists_url": "https://api.github.com/users/sasmith/gists{/gist_id}",
asana_integration	UNKNOWN STEP	2025-07-19T23:54:32.5283536Z         "starred_url": "https://api.github.com/users/sasmith/starred{/owner}{/repo}",
asana_integration	UNKNOWN STEP	2025-07-19T23:54:32.5284025Z         "subscriptions_url": "https://api.github.com/users/sasmith/subscriptions",
asana_integration	UNKNOWN STEP	2025-07-19T23:54:32.5284493Z         "organizations_url": "https://api.github.com/users/sasmith/orgs",
asana_integration	UNKNOWN STEP	2025-07-19T23:54:32.5284909Z         "repos_url": "https://api.github.com/users/sasmith/repos",
asana_integration	UNKNOWN STEP	2025-07-19T23:54:32.5285315Z         "events_url": "https://api.github.com/users/sasmith/events{/privacy}",
asana_integration	UNKNOWN STEP	2025-07-19T23:54:32.5285783Z         "received_events_url": "https://api.github.com/users/sasmith/received_events",
asana_integration	UNKNOWN STEP	2025-07-19T23:54:32.5286280Z         "type": "User",
asana_integration	UNKNOWN STEP	2025-07-19T23:54:32.5286488Z         "user_view_type": "public",
asana_integration	UNKNOWN STEP	2025-07-19T23:54:32.5286725Z         "site_admin": false
asana_integration	UNKNOWN STEP	2025-07-19T23:54:32.5287022Z       },
asana_integration	UNKNOWN STEP	2025-07-19T23:54:32.5287330Z       "performed_via_github_app": null
asana_integration	UNKNOWN STEP	2025-07-19T23:54:32.5287663Z     },
asana_integration	UNKNOWN STEP	2025-07-19T23:54:32.5287928Z     {
asana_integration	UNKNOWN STEP	2025-07-19T23:54:32.5288225Z       "id": 18713835450,
asana_integration	UNKNOWN STEP	2025-07-19T23:54:32.5288638Z       "node_id": "AE_lADOMk49j87BdoHYzwAAAARbbne6",
asana_integration	UNKNOWN STEP	2025-07-19T23:54:32.5289312Z       "url": "https://api.github.com/repos/Metta-AI/metta/issues/events/18713835450",
asana_integration	UNKNOWN STEP	2025-07-19T23:54:32.5289869Z       "actor": {
asana_integration	UNKNOWN STEP	2025-07-19T23:54:32.5290232Z         "login": "badjacent",
asana_integration	UNKNOWN STEP	2025-07-19T23:54:32.5290571Z         "id": 3730593,
asana_integration	UNKNOWN STEP	2025-07-19T23:54:32.5290898Z         "node_id": "MDQ6VXNlcjM3MzA1OTM=",
asana_integration	UNKNOWN STEP	2025-07-19T23:54:32.5291426Z         "avatar_url": "https://avatars.githubusercontent.com/u/3730593?v=4",
asana_integration	UNKNOWN STEP	2025-07-19T23:54:32.5291957Z         "gravatar_id": "",
asana_integration	UNKNOWN STEP	2025-07-19T23:54:32.5292386Z         "url": "https://api.github.com/users/badjacent",
asana_integration	UNKNOWN STEP	2025-07-19T23:54:32.5292949Z         "html_url": "https://github.com/badjacent",
asana_integration	UNKNOWN STEP	2025-07-19T23:54:32.5293620Z         "followers_url": "https://api.github.com/users/badjacent/followers",
asana_integration	UNKNOWN STEP	2025-07-19T23:54:32.5294828Z         "following_url": "https://api.github.com/users/badjacent/following{/other_user}",
asana_integration	UNKNOWN STEP	2025-07-19T23:54:32.5295683Z         "gists_url": "https://api.github.com/users/badjacent/gists{/gist_id}",
asana_integration	UNKNOWN STEP	2025-07-19T23:54:32.5296483Z         "starred_url": "https://api.github.com/users/badjacent/starred{/owner}{/repo}",
asana_integration	UNKNOWN STEP	2025-07-19T23:54:32.5297572Z         "subscriptions_url": "https://api.github.com/users/badjacent/subscriptions",
asana_integration	UNKNOWN STEP	2025-07-19T23:54:32.5298432Z         "organizations_url": "https://api.github.com/users/badjacent/orgs",
asana_integration	UNKNOWN STEP	2025-07-19T23:54:32.5299179Z         "repos_url": "https://api.github.com/users/badjacent/repos",
asana_integration	UNKNOWN STEP	2025-07-19T23:54:32.5299901Z         "events_url": "https://api.github.com/users/badjacent/events{/privacy}",
asana_integration	UNKNOWN STEP	2025-07-19T23:54:32.5300772Z         "received_events_url": "https://api.github.com/users/badjacent/received_events",
asana_integration	UNKNOWN STEP	2025-07-19T23:54:32.5301429Z         "type": "User",
asana_integration	UNKNOWN STEP	2025-07-19T23:54:32.5301803Z         "user_view_type": "public",
asana_integration	UNKNOWN STEP	2025-07-19T23:54:32.5302249Z         "site_admin": false
asana_integration	UNKNOWN STEP	2025-07-19T23:54:32.5302662Z       },
asana_integration	UNKNOWN STEP	2025-07-19T23:54:32.5302970Z       "event": "assigned",
asana_integration	UNKNOWN STEP	2025-07-19T23:54:32.5303327Z       "commit_id": null,
asana_integration	UNKNOWN STEP	2025-07-19T23:54:32.5303666Z       "commit_url": null,
asana_integration	UNKNOWN STEP	2025-07-19T23:54:32.5304013Z       "created_at": "2025-07-19T23:42:51Z",
asana_integration	UNKNOWN STEP	2025-07-19T23:54:32.5304265Z       "assignee": {
asana_integration	UNKNOWN STEP	2025-07-19T23:54:32.5304467Z         "login": "badjacent",
asana_integration	UNKNOWN STEP	2025-07-19T23:54:32.5304686Z         "id": 3730593,
asana_integration	UNKNOWN STEP	2025-07-19T23:54:32.5304903Z         "node_id": "MDQ6VXNlcjM3MzA1OTM=",
asana_integration	UNKNOWN STEP	2025-07-19T23:54:32.5305271Z         "avatar_url": "https://avatars.githubusercontent.com/u/3730593?v=4",
asana_integration	UNKNOWN STEP	2025-07-19T23:54:32.5305629Z         "gravatar_id": "",
asana_integration	UNKNOWN STEP	2025-07-19T23:54:32.5305888Z         "url": "https://api.github.com/users/badjacent",
asana_integration	UNKNOWN STEP	2025-07-19T23:54:32.5306204Z         "html_url": "https://github.com/badjacent",
asana_integration	UNKNOWN STEP	2025-07-19T23:54:32.5306577Z         "followers_url": "https://api.github.com/users/badjacent/followers",
asana_integration	UNKNOWN STEP	2025-07-19T23:54:32.5307042Z         "following_url": "https://api.github.com/users/badjacent/following{/other_user}",
asana_integration	UNKNOWN STEP	2025-07-19T23:54:32.5307660Z         "gists_url": "https://api.github.com/users/badjacent/gists{/gist_id}",
asana_integration	UNKNOWN STEP	2025-07-19T23:54:32.5308118Z         "starred_url": "https://api.github.com/users/badjacent/starred{/owner}{/repo}",
asana_integration	UNKNOWN STEP	2025-07-19T23:54:32.5308607Z         "subscriptions_url": "https://api.github.com/users/badjacent/subscriptions",
asana_integration	UNKNOWN STEP	2025-07-19T23:54:32.5309066Z         "organizations_url": "https://api.github.com/users/badjacent/orgs",
asana_integration	UNKNOWN STEP	2025-07-19T23:54:32.5309469Z         "repos_url": "https://api.github.com/users/badjacent/repos",
asana_integration	UNKNOWN STEP	2025-07-19T23:54:32.5309880Z         "events_url": "https://api.github.com/users/badjacent/events{/privacy}",
asana_integration	UNKNOWN STEP	2025-07-19T23:54:32.5310349Z         "received_events_url": "https://api.github.com/users/badjacent/received_events",
asana_integration	UNKNOWN STEP	2025-07-19T23:54:32.5310880Z         "type": "User",
asana_integration	UNKNOWN STEP	2025-07-19T23:54:32.5311092Z         "user_view_type": "public",
asana_integration	UNKNOWN STEP	2025-07-19T23:54:32.5311424Z         "site_admin": false
asana_integration	UNKNOWN STEP	2025-07-19T23:54:32.5311629Z       },
asana_integration	UNKNOWN STEP	2025-07-19T23:54:32.5311807Z       "performed_via_github_app": null
asana_integration	UNKNOWN STEP	2025-07-19T23:54:32.5312051Z     },
asana_integration	UNKNOWN STEP	2025-07-19T23:54:32.5312204Z     {
asana_integration	UNKNOWN STEP	2025-07-19T23:54:32.5312368Z       "id": 18713835757,
asana_integration	UNKNOWN STEP	2025-07-19T23:54:32.5312610Z       "node_id": "AE_lADOMk49j87BdoHYzwAAAARbbnjt",
asana_integration	UNKNOWN STEP	2025-07-19T23:54:32.5313007Z       "url": "https://api.github.com/repos/Metta-AI/metta/issues/events/18713835757",
asana_integration	UNKNOWN STEP	2025-07-19T23:54:32.5313354Z       "actor": {
asana_integration	UNKNOWN STEP	2025-07-19T23:54:32.5313545Z         "login": "badjacent",
asana_integration	UNKNOWN STEP	2025-07-19T23:54:32.5313755Z         "id": 3730593,
asana_integration	UNKNOWN STEP	2025-07-19T23:54:32.5313967Z         "node_id": "MDQ6VXNlcjM3MzA1OTM=",
asana_integration	UNKNOWN STEP	2025-07-19T23:54:32.5314314Z         "avatar_url": "https://avatars.githubusercontent.com/u/3730593?v=4",
asana_integration	UNKNOWN STEP	2025-07-19T23:54:32.5315059Z         "gravatar_id": "",
asana_integration	UNKNOWN STEP	2025-07-19T23:54:32.5315418Z         "url": "https://api.github.com/users/badjacent",
asana_integration	UNKNOWN STEP	2025-07-19T23:54:32.5315971Z         "html_url": "https://github.com/badjacent",
asana_integration	UNKNOWN STEP	2025-07-19T23:54:32.5316341Z         "followers_url": "https://api.github.com/users/badjacent/followers",
asana_integration	UNKNOWN STEP	2025-07-19T23:54:32.5317081Z         "following_url": "https://api.github.com/users/badjacent/following{/other_user}",
asana_integration	UNKNOWN STEP	2025-07-19T23:54:32.5317724Z         "gists_url": "https://api.github.com/users/badjacent/gists{/gist_id}",
asana_integration	UNKNOWN STEP	2025-07-19T23:54:32.5318176Z         "starred_url": "https://api.github.com/users/badjacent/starred{/owner}{/repo}",
asana_integration	UNKNOWN STEP	2025-07-19T23:54:32.5318652Z         "subscriptions_url": "https://api.github.com/users/badjacent/subscriptions",
asana_integration	UNKNOWN STEP	2025-07-19T23:54:32.5319096Z         "organizations_url": "https://api.github.com/users/badjacent/orgs",
asana_integration	UNKNOWN STEP	2025-07-19T23:54:32.5319493Z         "repos_url": "https://api.github.com/users/badjacent/repos",
asana_integration	UNKNOWN STEP	2025-07-19T23:54:32.5319905Z         "events_url": "https://api.github.com/users/badjacent/events{/privacy}",
asana_integration	UNKNOWN STEP	2025-07-19T23:54:32.5320387Z         "received_events_url": "https://api.github.com/users/badjacent/received_events",
asana_integration	UNKNOWN STEP	2025-07-19T23:54:32.5320761Z         "type": "User",
asana_integration	UNKNOWN STEP	2025-07-19T23:54:32.5320968Z         "user_view_type": "public",
asana_integration	UNKNOWN STEP	2025-07-19T23:54:32.5321210Z         "site_admin": false
asana_integration	UNKNOWN STEP	2025-07-19T23:54:32.5321406Z       },
asana_integration	UNKNOWN STEP	2025-07-19T23:54:32.5321580Z       "event": "assigned",
asana_integration	UNKNOWN STEP	2025-07-19T23:54:32.5321791Z       "commit_id": null,
asana_integration	UNKNOWN STEP	2025-07-19T23:54:32.5322000Z       "commit_url": null,
asana_integration	UNKNOWN STEP	2025-07-19T23:54:32.5322218Z       "created_at": "2025-07-19T23:43:00Z",
asana_integration	UNKNOWN STEP	2025-07-19T23:54:32.5322454Z       "assignee": {
asana_integration	UNKNOWN STEP	2025-07-19T23:54:32.5322648Z         "login": "sasmith",
asana_integration	UNKNOWN STEP	2025-07-19T23:54:32.5322853Z         "id": 2469501,
asana_integration	UNKNOWN STEP	2025-07-19T23:54:32.5323066Z         "node_id": "MDQ6VXNlcjI0Njk1MDE=",
asana_integration	UNKNOWN STEP	2025-07-19T23:54:32.5323422Z         "avatar_url": "https://avatars.githubusercontent.com/u/2469501?v=4",
asana_integration	UNKNOWN STEP	2025-07-19T23:54:32.5323765Z         "gravatar_id": "",
asana_integration	UNKNOWN STEP	2025-07-19T23:54:32.5324012Z         "url": "https://api.github.com/users/sasmith",
asana_integration	UNKNOWN STEP	2025-07-19T23:54:32.5324321Z         "html_url": "https://github.com/sasmith",
asana_integration	UNKNOWN STEP	2025-07-19T23:54:32.5324684Z         "followers_url": "https://api.github.com/users/sasmith/followers",
asana_integration	UNKNOWN STEP	2025-07-19T23:54:32.5325138Z         "following_url": "https://api.github.com/users/sasmith/following{/other_user}",
asana_integration	UNKNOWN STEP	2025-07-19T23:54:32.5325593Z         "gists_url": "https://api.github.com/users/sasmith/gists{/gist_id}",
asana_integration	UNKNOWN STEP	2025-07-19T23:54:32.5326040Z         "starred_url": "https://api.github.com/users/sasmith/starred{/owner}{/repo}",
asana_integration	UNKNOWN STEP	2025-07-19T23:54:32.5326513Z         "subscriptions_url": "https://api.github.com/users/sasmith/subscriptions",
asana_integration	UNKNOWN STEP	2025-07-19T23:54:32.5326966Z         "organizations_url": "https://api.github.com/users/sasmith/orgs",
asana_integration	UNKNOWN STEP	2025-07-19T23:54:32.5327470Z         "repos_url": "https://api.github.com/users/sasmith/repos",
asana_integration	UNKNOWN STEP	2025-07-19T23:54:32.5327868Z         "events_url": "https://api.github.com/users/sasmith/events{/privacy}",
asana_integration	UNKNOWN STEP	2025-07-19T23:54:32.5328506Z         "received_events_url": "https://api.github.com/users/sasmith/received_events",
asana_integration	UNKNOWN STEP	2025-07-19T23:54:32.5328870Z         "type": "User",
asana_integration	UNKNOWN STEP	2025-07-19T23:54:32.5329217Z         "user_view_type": "public",
asana_integration	UNKNOWN STEP	2025-07-19T23:54:32.5329455Z         "site_admin": false
asana_integration	UNKNOWN STEP	2025-07-19T23:54:32.5329657Z       },
asana_integration	UNKNOWN STEP	2025-07-19T23:54:32.5329851Z       "performed_via_github_app": null
asana_integration	UNKNOWN STEP	2025-07-19T23:54:32.5330094Z     },
asana_integration	UNKNOWN STEP	2025-07-19T23:54:32.5330259Z     {
asana_integration	UNKNOWN STEP	2025-07-19T23:54:32.5330424Z       "id": 3035617740,
asana_integration	UNKNOWN STEP	2025-07-19T23:54:32.5330643Z       "node_id": "PRR_kwDOMk49j86079nM",
asana_integration	UNKNOWN STEP	2025-07-19T23:54:32.5330888Z       "user": {
asana_integration	UNKNOWN STEP	2025-07-19T23:54:32.5331084Z         "login": "badjacent2",
asana_integration	UNKNOWN STEP	2025-07-19T23:54:32.5331308Z         "id": 221431676,
asana_integration	UNKNOWN STEP	2025-07-19T23:54:32.5331525Z         "node_id": "U_kgDODTLHfA",
asana_integration	UNKNOWN STEP	2025-07-19T23:54:32.5331878Z         "avatar_url": "https://avatars.githubusercontent.com/u/221431676?v=4",
asana_integration	UNKNOWN STEP	2025-07-19T23:54:32.5332245Z         "gravatar_id": "",
asana_integration	UNKNOWN STEP	2025-07-19T23:54:32.5332506Z         "url": "https://api.github.com/users/badjacent2",
asana_integration	UNKNOWN STEP	2025-07-19T23:54:32.5332838Z         "html_url": "https://github.com/badjacent2",
asana_integration	UNKNOWN STEP	2025-07-19T23:54:32.5333226Z         "followers_url": "https://api.github.com/users/badjacent2/followers",
asana_integration	UNKNOWN STEP	2025-07-19T23:54:32.5333716Z         "following_url": "https://api.github.com/users/badjacent2/following{/other_user}",
asana_integration	UNKNOWN STEP	2025-07-19T23:54:32.5334212Z         "gists_url": "https://api.github.com/users/badjacent2/gists{/gist_id}",
asana_integration	UNKNOWN STEP	2025-07-19T23:54:32.5334694Z         "starred_url": "https://api.github.com/users/badjacent2/starred{/owner}{/repo}",
asana_integration	UNKNOWN STEP	2025-07-19T23:54:32.5335204Z         "subscriptions_url": "https://api.github.com/users/badjacent2/subscriptions",
asana_integration	UNKNOWN STEP	2025-07-19T23:54:32.5335684Z         "organizations_url": "https://api.github.com/users/badjacent2/orgs",
asana_integration	UNKNOWN STEP	2025-07-19T23:54:32.5336115Z         "repos_url": "https://api.github.com/users/badjacent2/repos",
asana_integration	UNKNOWN STEP	2025-07-19T23:54:32.5336550Z         "events_url": "https://api.github.com/users/badjacent2/events{/privacy}",
asana_integration	UNKNOWN STEP	2025-07-19T23:54:32.5337292Z         "received_events_url": "https://api.github.com/users/badjacent2/received_events",
asana_integration	UNKNOWN STEP	2025-07-19T23:54:32.5337919Z         "type": "User",
asana_integration	UNKNOWN STEP	2025-07-19T23:54:32.5338138Z         "user_view_type": "public",
asana_integration	UNKNOWN STEP	2025-07-19T23:54:32.5338383Z         "site_admin": false
asana_integration	UNKNOWN STEP	2025-07-19T23:54:32.5338672Z       },
asana_integration	UNKNOWN STEP	2025-07-19T23:54:32.5338873Z       "body": "there is one empty file here",
asana_integration	UNKNOWN STEP	2025-07-19T23:54:32.5339200Z       "commit_id": "a262c63f96864fed7c0d988d9ea52ff8c9167d17",
asana_integration	UNKNOWN STEP	2025-07-19T23:54:32.5339518Z       "submitted_at": "2025-07-19T23:44:08Z",
asana_integration	UNKNOWN STEP	2025-07-19T23:54:32.5339789Z       "state": "changes_requested",
asana_integration	UNKNOWN STEP	2025-07-19T23:54:32.5340200Z       "html_url": "https://github.com/Metta-AI/metta/pull/1572#pullrequestreview-3035617740",
asana_integration	UNKNOWN STEP	2025-07-19T23:54:32.5340735Z       "pull_request_url": "https://api.github.com/repos/Metta-AI/metta/pulls/1572",
asana_integration	UNKNOWN STEP	2025-07-19T23:54:32.5341123Z       "author_association": "NONE",
asana_integration	UNKNOWN STEP	2025-07-19T23:54:32.5341359Z       "_links": {
asana_integration	UNKNOWN STEP	2025-07-19T23:54:32.5341544Z         "html": {
asana_integration	UNKNOWN STEP	2025-07-19T23:54:32.5341883Z           "href": "https://github.com/Metta-AI/metta/pull/1572#pullrequestreview-3035617740"
asana_integration	UNKNOWN STEP	2025-07-19T23:54:32.5342272Z         },
asana_integration	UNKNOWN STEP	2025-07-19T23:54:32.5342450Z         "pull_request": {
asana_integration	UNKNOWN STEP	2025-07-19T23:54:32.5342749Z           "href": "https://api.github.com/repos/Metta-AI/metta/pulls/1572"
asana_integration	UNKNOWN STEP	2025-07-19T23:54:32.5343076Z         }
asana_integration	UNKNOWN STEP	2025-07-19T23:54:32.5343243Z       },
asana_integration	UNKNOWN STEP	2025-07-19T23:54:32.5343418Z       "event": "reviewed"
asana_integration	UNKNOWN STEP	2025-07-19T23:54:32.5343620Z     },
asana_integration	UNKNOWN STEP	2025-07-19T23:54:32.5343777Z     {
asana_integration	UNKNOWN STEP	2025-07-19T23:54:32.5343946Z       "id": 3035617810,
asana_integration	UNKNOWN STEP	2025-07-19T23:54:32.5344162Z       "node_id": "PRR_kwDOMk49j86079oS",
asana_integration	UNKNOWN STEP	2025-07-19T23:54:32.5344414Z       "user": {
asana_integration	UNKNOWN STEP	2025-07-19T23:54:32.5344605Z         "login": "badjacent2",
asana_integration	UNKNOWN STEP	2025-07-19T23:54:32.5344831Z         "id": 221431676,
asana_integration	UNKNOWN STEP	2025-07-19T23:54:32.5345040Z         "node_id": "U_kgDODTLHfA",
asana_integration	UNKNOWN STEP	2025-07-19T23:54:32.5345394Z         "avatar_url": "https://avatars.githubusercontent.com/u/221431676?v=4",
asana_integration	UNKNOWN STEP	2025-07-19T23:54:32.5345760Z         "gravatar_id": "",
asana_integration	UNKNOWN STEP	2025-07-19T23:54:32.5346151Z         "url": "https://api.github.com/users/badjacent2",
asana_integration	UNKNOWN STEP	2025-07-19T23:54:32.5346483Z         "html_url": "https://github.com/badjacent2",
asana_integration	UNKNOWN STEP	2025-07-19T23:54:32.5346966Z         "followers_url": "https://api.github.com/users/badjacent2/followers",
asana_integration	UNKNOWN STEP	2025-07-19T23:54:32.5347569Z         "following_url": "https://api.github.com/users/badjacent2/following{/other_user}",
asana_integration	UNKNOWN STEP	2025-07-19T23:54:32.5348067Z         "gists_url": "https://api.github.com/users/badjacent2/gists{/gist_id}",
asana_integration	UNKNOWN STEP	2025-07-19T23:54:32.5348554Z         "starred_url": "https://api.github.com/users/badjacent2/starred{/owner}{/repo}",
asana_integration	UNKNOWN STEP	2025-07-19T23:54:32.5349070Z         "subscriptions_url": "https://api.github.com/users/badjacent2/subscriptions",
asana_integration	UNKNOWN STEP	2025-07-19T23:54:32.5349561Z         "organizations_url": "https://api.github.com/users/badjacent2/orgs",
asana_integration	UNKNOWN STEP	2025-07-19T23:54:32.5350018Z         "repos_url": "https://api.github.com/users/badjacent2/repos",
asana_integration	UNKNOWN STEP	2025-07-19T23:54:32.5350485Z         "events_url": "https://api.github.com/users/badjacent2/events{/privacy}",
asana_integration	UNKNOWN STEP	2025-07-19T23:54:32.5351027Z         "received_events_url": "https://api.github.com/users/badjacent2/received_events",
asana_integration	UNKNOWN STEP	2025-07-19T23:54:32.5351444Z         "type": "User",
asana_integration	UNKNOWN STEP	2025-07-19T23:54:32.5351672Z         "user_view_type": "public",
asana_integration	UNKNOWN STEP	2025-07-19T23:54:32.5351934Z         "site_admin": false
asana_integration	UNKNOWN STEP	2025-07-19T23:54:32.5352157Z       },
asana_integration	UNKNOWN STEP	2025-07-19T23:54:32.5352374Z       "body": "actually empty files are okay",
asana_integration	UNKNOWN STEP	2025-07-19T23:54:32.5352722Z       "commit_id": "a262c63f96864fed7c0d988d9ea52ff8c9167d17",
asana_integration	UNKNOWN STEP	2025-07-19T23:54:32.5353058Z       "submitted_at": "2025-07-19T23:44:44Z",
asana_integration	UNKNOWN STEP	2025-07-19T23:54:32.5353337Z       "state": "approved",
asana_integration	UNKNOWN STEP	2025-07-19T23:54:32.5353741Z       "html_url": "https://github.com/Metta-AI/metta/pull/1572#pullrequestreview-3035617810",
asana_integration	UNKNOWN STEP	2025-07-19T23:54:32.5354316Z       "pull_request_url": "https://api.github.com/repos/Metta-AI/metta/pulls/1572",
asana_integration	UNKNOWN STEP	2025-07-19T23:54:32.5354729Z       "author_association": "NONE",
asana_integration	UNKNOWN STEP	2025-07-19T23:54:32.5354982Z       "_links": {
asana_integration	UNKNOWN STEP	2025-07-19T23:54:32.5355177Z         "html": {
asana_integration	UNKNOWN STEP	2025-07-19T23:54:32.5355536Z           "href": "https://github.com/Metta-AI/metta/pull/1572#pullrequestreview-3035617810"
asana_integration	UNKNOWN STEP	2025-07-19T23:54:32.5355954Z         },
asana_integration	UNKNOWN STEP	2025-07-19T23:54:32.5356147Z         "pull_request": {
asana_integration	UNKNOWN STEP	2025-07-19T23:54:32.5356468Z           "href": "https://api.github.com/repos/Metta-AI/metta/pulls/1572"
asana_integration	UNKNOWN STEP	2025-07-19T23:54:32.5356816Z         }
asana_integration	UNKNOWN STEP	2025-07-19T23:54:32.5356986Z       },
asana_integration	UNKNOWN STEP	2025-07-19T23:54:32.5357271Z       "event": "reviewed"
asana_integration	UNKNOWN STEP	2025-07-19T23:54:32.5357496Z     },
asana_integration	UNKNOWN STEP	2025-07-19T23:54:32.5357672Z     {
asana_integration	UNKNOWN STEP	2025-07-19T23:54:32.5357853Z       "id": 18713840623,
asana_integration	UNKNOWN STEP	2025-07-19T23:54:32.5358126Z       "node_id": "RRE_lADOMk49j87BdoHYzwAAAARbbovv",
asana_integration	UNKNOWN STEP	2025-07-19T23:54:32.5358576Z       "url": "https://api.github.com/repos/Metta-AI/metta/issues/events/18713840623",
asana_integration	UNKNOWN STEP	2025-07-19T23:54:32.5358971Z       "actor": {
asana_integration	UNKNOWN STEP	2025-07-19T23:54:32.5359181Z         "login": "badjacent",
asana_integration	UNKNOWN STEP	2025-07-19T23:54:32.5359419Z         "id": 3730593,
asana_integration	UNKNOWN STEP	2025-07-19T23:54:32.5359657Z         "node_id": "MDQ6VXNlcjM3MzA1OTM=",
asana_integration	UNKNOWN STEP	2025-07-19T23:54:32.5360045Z         "avatar_url": "https://avatars.githubusercontent.com/u/3730593?v=4",
asana_integration	UNKNOWN STEP	2025-07-19T23:54:32.5360428Z         "gravatar_id": "",
asana_integration	UNKNOWN STEP	2025-07-19T23:54:32.5360702Z         "url": "https://api.github.com/users/badjacent",
asana_integration	UNKNOWN STEP	2025-07-19T23:54:32.5361048Z         "html_url": "https://github.com/badjacent",
asana_integration	UNKNOWN STEP	2025-07-19T23:54:32.5361456Z         "followers_url": "https://api.github.com/users/badjacent/followers",
asana_integration	UNKNOWN STEP	2025-07-19T23:54:32.5361973Z         "following_url": "https://api.github.com/users/badjacent/following{/other_user}",
asana_integration	UNKNOWN STEP	2025-07-19T23:54:32.5362494Z         "gists_url": "https://api.github.com/users/badjacent/gists{/gist_id}",
asana_integration	UNKNOWN STEP	2025-07-19T23:54:32.5363000Z         "starred_url": "https://api.github.com/users/badjacent/starred{/owner}{/repo}",
asana_integration	UNKNOWN STEP	2025-07-19T23:54:32.5363544Z         "subscriptions_url": "https://api.github.com/users/badjacent/subscriptions",
asana_integration	UNKNOWN STEP	2025-07-19T23:54:32.5364054Z         "organizations_url": "https://api.github.com/users/badjacent/orgs",
asana_integration	UNKNOWN STEP	2025-07-19T23:54:32.5364632Z         "repos_url": "https://api.github.com/users/badjacent/repos",
asana_integration	UNKNOWN STEP	2025-07-19T23:54:32.5365092Z         "events_url": "https://api.github.com/users/badjacent/events{/privacy}",
asana_integration	UNKNOWN STEP	2025-07-19T23:54:32.5365743Z         "received_events_url": "https://api.github.com/users/badjacent/received_events",
asana_integration	UNKNOWN STEP	2025-07-19T23:54:32.5366161Z         "type": "User",
asana_integration	UNKNOWN STEP	2025-07-19T23:54:32.5366394Z         "user_view_type": "public",
asana_integration	UNKNOWN STEP	2025-07-19T23:54:32.5366659Z         "site_admin": false
asana_integration	UNKNOWN STEP	2025-07-19T23:54:32.5366878Z       },
asana_integration	UNKNOWN STEP	2025-07-19T23:54:32.5367080Z       "event": "review_requested",
asana_integration	UNKNOWN STEP	2025-07-19T23:54:32.5367449Z       "commit_id": null,
asana_integration	UNKNOWN STEP	2025-07-19T23:54:32.5367681Z       "commit_url": null,
asana_integration	UNKNOWN STEP	2025-07-19T23:54:32.5367927Z       "created_at": "2025-07-19T23:45:16Z",
asana_integration	UNKNOWN STEP	2025-07-19T23:54:32.5368209Z       "review_requester": {
asana_integration	UNKNOWN STEP	2025-07-19T23:54:32.5368448Z         "login": "badjacent",
asana_integration	UNKNOWN STEP	2025-07-19T23:54:32.5368686Z         "id": 3730593,
asana_integration	UNKNOWN STEP	2025-07-19T23:54:32.5368921Z         "node_id": "MDQ6VXNlcjM3MzA1OTM=",
asana_integration	UNKNOWN STEP	2025-07-19T23:54:32.5369321Z         "avatar_url": "https://avatars.githubusercontent.com/u/3730593?v=4",
asana_integration	UNKNOWN STEP	2025-07-19T23:54:32.5369703Z         "gravatar_id": "",
asana_integration	UNKNOWN STEP	2025-07-19T23:54:32.5369985Z         "url": "https://api.github.com/users/badjacent",
asana_integration	UNKNOWN STEP	2025-07-19T23:54:32.5370325Z         "html_url": "https://github.com/badjacent",
asana_integration	UNKNOWN STEP	2025-07-19T23:54:32.5370734Z         "followers_url": "https://api.github.com/users/badjacent/followers",
asana_integration	UNKNOWN STEP	2025-07-19T23:54:32.5371256Z         "following_url": "https://api.github.com/users/badjacent/following{/other_user}",
asana_integration	UNKNOWN STEP	2025-07-19T23:54:32.5371781Z         "gists_url": "https://api.github.com/users/badjacent/gists{/gist_id}",
asana_integration	UNKNOWN STEP	2025-07-19T23:54:32.5372293Z         "starred_url": "https://api.github.com/users/badjacent/starred{/owner}{/repo}",
asana_integration	UNKNOWN STEP	2025-07-19T23:54:32.5372844Z         "subscriptions_url": "https://api.github.com/users/badjacent/subscriptions",
asana_integration	UNKNOWN STEP	2025-07-19T23:54:32.5373360Z         "organizations_url": "https://api.github.com/users/badjacent/orgs",
asana_integration	UNKNOWN STEP	2025-07-19T23:54:32.5373811Z         "repos_url": "https://api.github.com/users/badjacent/repos",
asana_integration	UNKNOWN STEP	2025-07-19T23:54:32.5374276Z         "events_url": "https://api.github.com/users/badjacent/events{/privacy}",
asana_integration	UNKNOWN STEP	2025-07-19T23:54:32.5374810Z         "received_events_url": "https://api.github.com/users/badjacent/received_events",
asana_integration	UNKNOWN STEP	2025-07-19T23:54:32.5375224Z         "type": "User",
asana_integration	UNKNOWN STEP	2025-07-19T23:54:32.5375455Z         "user_view_type": "public",
asana_integration	UNKNOWN STEP	2025-07-19T23:54:32.5375718Z         "site_admin": false
asana_integration	UNKNOWN STEP	2025-07-19T23:54:32.5375945Z       },
asana_integration	UNKNOWN STEP	2025-07-19T23:54:32.5376135Z       "requested_reviewer": {
asana_integration	UNKNOWN STEP	2025-07-19T23:54:32.5376384Z         "login": "badjacent2",
asana_integration	UNKNOWN STEP	2025-07-19T23:54:32.5376628Z         "id": 221431676,
asana_integration	UNKNOWN STEP	2025-07-19T23:54:32.5376857Z         "node_id": "U_kgDODTLHfA",
asana_integration	UNKNOWN STEP	2025-07-19T23:54:32.5377339Z         "avatar_url": "https://avatars.githubusercontent.com/u/221431676?v=4",
asana_integration	UNKNOWN STEP	2025-07-19T23:54:32.5377737Z         "gravatar_id": "",
asana_integration	UNKNOWN STEP	2025-07-19T23:54:32.5378011Z         "url": "https://api.github.com/users/badjacent2",
asana_integration	UNKNOWN STEP	2025-07-19T23:54:32.5378370Z         "html_url": "https://github.com/badjacent2",
asana_integration	UNKNOWN STEP	2025-07-19T23:54:32.5378779Z         "followers_url": "https://api.github.com/users/badjacent2/followers",
asana_integration	UNKNOWN STEP	2025-07-19T23:54:32.5379308Z         "following_url": "https://api.github.com/users/badjacent2/following{/other_user}",
asana_integration	UNKNOWN STEP	2025-07-19T23:54:32.5379835Z         "gists_url": "https://api.github.com/users/badjacent2/gists{/gist_id}",
asana_integration	UNKNOWN STEP	2025-07-19T23:54:32.5380347Z         "starred_url": "https://api.github.com/users/badjacent2/starred{/owner}{/repo}",
asana_integration	UNKNOWN STEP	2025-07-19T23:54:32.5380890Z         "subscriptions_url": "https://api.github.com/users/badjacent2/subscriptions",
asana_integration	UNKNOWN STEP	2025-07-19T23:54:32.5381402Z         "organizations_url": "https://api.github.com/users/badjacent2/orgs",
asana_integration	UNKNOWN STEP	2025-07-19T23:54:32.5381860Z         "repos_url": "https://api.github.com/users/badjacent2/repos",
asana_integration	UNKNOWN STEP	2025-07-19T23:54:32.5382324Z         "events_url": "https://api.github.com/users/badjacent2/events{/privacy}",
asana_integration	UNKNOWN STEP	2025-07-19T23:54:32.5383046Z         "received_events_url": "https://api.github.com/users/badjacent2/received_events",
asana_integration	UNKNOWN STEP	2025-07-19T23:54:32.5383620Z         "type": "User",
asana_integration	UNKNOWN STEP	2025-07-19T23:54:32.5383857Z         "user_view_type": "public",
asana_integration	UNKNOWN STEP	2025-07-19T23:54:32.5384215Z         "site_admin": false
asana_integration	UNKNOWN STEP	2025-07-19T23:54:32.5384442Z       },
asana_integration	UNKNOWN STEP	2025-07-19T23:54:32.5384646Z       "performed_via_github_app": null
asana_integration	UNKNOWN STEP	2025-07-19T23:54:32.5384908Z     },
asana_integration	UNKNOWN STEP	2025-07-19T23:54:32.5385078Z     {
asana_integration	UNKNOWN STEP	2025-07-19T23:54:32.5385298Z       "sha": "f0a26438666489f932be5af2567ede066dafce3e",
asana_integration	UNKNOWN STEP	2025-07-19T23:54:32.5385781Z       "node_id": "C_kwDOMk49j9oAKGYwYTI2NDM4NjY2NDg5ZjkzMmJlNWFmMjU2N2VkZTA2NmRhZmNlM2U",
asana_integration	UNKNOWN STEP	2025-07-19T23:54:32.5386488Z       "url": "https://api.github.com/repos/Metta-AI/metta/git/commits/f0a26438666489f932be5af2567ede066dafce3e",
asana_integration	UNKNOWN STEP	2025-07-19T23:54:32.5387361Z       "html_url": "https://github.com/Metta-AI/metta/commit/f0a26438666489f932be5af2567ede066dafce3e",
asana_integration	UNKNOWN STEP	2025-07-19T23:54:32.5387825Z       "author": {
asana_integration	UNKNOWN STEP	2025-07-19T23:54:32.5388039Z         "name": "badjacent",
asana_integration	UNKNOWN STEP	2025-07-19T23:54:32.5388296Z         "email": "mh.next@gmail.com",
asana_integration	UNKNOWN STEP	2025-07-19T23:54:32.5388571Z         "date": "2025-07-19T23:54:16Z"
asana_integration	UNKNOWN STEP	2025-07-19T23:54:32.5388817Z       },
asana_integration	UNKNOWN STEP	2025-07-19T23:54:32.5389004Z       "committer": {
asana_integration	UNKNOWN STEP	2025-07-19T23:54:32.5389222Z         "name": "badjacent",
asana_integration	UNKNOWN STEP	2025-07-19T23:54:32.5389469Z         "email": "mh.next@gmail.com",
asana_integration	UNKNOWN STEP	2025-07-19T23:54:32.5389734Z         "date": "2025-07-19T23:54:16Z"
asana_integration	UNKNOWN STEP	2025-07-19T23:54:32.5389978Z       },
asana_integration	UNKNOWN STEP	2025-07-19T23:54:32.5390147Z       "tree": {
asana_integration	UNKNOWN STEP	2025-07-19T23:54:32.5390387Z         "sha": "7828756c58f93ad54f38880c6d2dfbb54a96f1c0",
asana_integration	UNKNOWN STEP	2025-07-19T23:54:32.5391054Z         "url": "https://api.github.com/repos/Metta-AI/metta/git/trees/7828756c58f93ad54f38880c6d2dfbb54a96f1c0"
asana_integration	UNKNOWN STEP	2025-07-19T23:54:32.5391558Z       },
asana_integration	UNKNOWN STEP	2025-07-19T23:54:32.5391757Z       "message": "a little debugging'",
asana_integration	UNKNOWN STEP	2025-07-19T23:54:32.5392027Z       "parents": [
asana_integration	UNKNOWN STEP	2025-07-19T23:54:32.5392218Z         {
asana_integration	UNKNOWN STEP	2025-07-19T23:54:32.5392448Z           "sha": "a262c63f96864fed7c0d988d9ea52ff8c9167d17",
asana_integration	UNKNOWN STEP	2025-07-19T23:54:32.5393009Z           "url": "https://api.github.com/repos/Metta-AI/metta/git/commits/a262c63f96864fed7c0d988d9ea52ff8c9167d17",
asana_integration	UNKNOWN STEP	2025-07-19T23:54:32.5393917Z           "html_url": "https://github.com/Metta-AI/metta/commit/a262c63f96864fed7c0d988d9ea52ff8c9167d17"
asana_integration	UNKNOWN STEP	2025-07-19T23:54:32.5394423Z         }
asana_integration	UNKNOWN STEP	2025-07-19T23:54:32.5394603Z       ],
asana_integration	UNKNOWN STEP	2025-07-19T23:54:32.5394788Z       "verification": {
asana_integration	UNKNOWN STEP	2025-07-19T23:54:32.5395019Z         "verified": false,
asana_integration	UNKNOWN STEP	2025-07-19T23:54:32.5395257Z         "reason": "unsigned",
asana_integration	UNKNOWN STEP	2025-07-19T23:54:32.5395507Z         "signature": null,
asana_integration	UNKNOWN STEP	2025-07-19T23:54:32.5395744Z         "payload": null,
asana_integration	UNKNOWN STEP	2025-07-19T23:54:32.5396000Z         "verified_at": null
asana_integration	UNKNOWN STEP	2025-07-19T23:54:32.5396220Z       },
asana_integration	UNKNOWN STEP	2025-07-19T23:54:32.5396409Z       "event": "committed"
asana_integration	UNKNOWN STEP	2025-07-19T23:54:32.5396627Z     },
asana_integration	UNKNOWN STEP	2025-07-19T23:54:32.5396798Z     {
asana_integration	UNKNOWN STEP	2025-07-19T23:54:32.5396976Z       "id": 18713863451,
asana_integration	UNKNOWN STEP	2025-07-19T23:54:32.5397360Z       "node_id": "RRE_lADOMk49j87BdoHYzwAAAARbbuUb",
asana_integration	UNKNOWN STEP	2025-07-19T23:54:32.5397805Z       "url": "https://api.github.com/repos/Metta-AI/metta/issues/events/18713863451",
asana_integration	UNKNOWN STEP	2025-07-19T23:54:32.5398212Z       "actor": {
asana_integration	UNKNOWN STEP	2025-07-19T23:54:32.5398417Z         "login": "badjacent",
asana_integration	UNKNOWN STEP	2025-07-19T23:54:32.5398655Z         "id": 3730593,
asana_integration	UNKNOWN STEP	2025-07-19T23:54:32.5398891Z         "node_id": "MDQ6VXNlcjM3MzA1OTM=",
asana_integration	UNKNOWN STEP	2025-07-19T23:54:32.5399289Z         "avatar_url": "https://avatars.githubusercontent.com/u/3730593?v=4",
asana_integration	UNKNOWN STEP	2025-07-19T23:54:32.5399671Z         "gravatar_id": "",
asana_integration	UNKNOWN STEP	2025-07-19T23:54:32.5399948Z         "url": "https://api.github.com/users/badjacent",
asana_integration	UNKNOWN STEP	2025-07-19T23:54:32.5400292Z         "html_url": "https://github.com/badjacent",
asana_integration	UNKNOWN STEP	2025-07-19T23:54:32.5400701Z         "followers_url": "https://api.github.com/users/badjacent/followers",
asana_integration	UNKNOWN STEP	2025-07-19T23:54:32.5401203Z         "following_url": "https://api.github.com/users/badjacent/following{/other_user}",
asana_integration	UNKNOWN STEP	2025-07-19T23:54:32.5401696Z         "gists_url": "https://api.github.com/users/badjacent/gists{/gist_id}",
asana_integration	UNKNOWN STEP	2025-07-19T23:54:32.5402177Z         "starred_url": "https://api.github.com/users/badjacent/starred{/owner}{/repo}",
asana_integration	UNKNOWN STEP	2025-07-19T23:54:32.5402829Z         "subscriptions_url": "https://api.github.com/users/badjacent/subscriptions",
asana_integration	UNKNOWN STEP	2025-07-19T23:54:32.5403415Z         "organizations_url": "https://api.github.com/users/badjacent/orgs",
asana_integration	UNKNOWN STEP	2025-07-19T23:54:32.5403847Z         "repos_url": "https://api.github.com/users/badjacent/repos",
asana_integration	UNKNOWN STEP	2025-07-19T23:54:32.5404281Z         "events_url": "https://api.github.com/users/badjacent/events{/privacy}",
asana_integration	UNKNOWN STEP	2025-07-19T23:54:32.5404775Z         "received_events_url": "https://api.github.com/users/badjacent/received_events",
asana_integration	UNKNOWN STEP	2025-07-19T23:54:32.5405165Z         "type": "User",
asana_integration	UNKNOWN STEP	2025-07-19T23:54:32.5405379Z         "user_view_type": "public",
asana_integration	UNKNOWN STEP	2025-07-19T23:54:32.5405625Z         "site_admin": false
asana_integration	UNKNOWN STEP	2025-07-19T23:54:32.5405868Z       },
asana_integration	UNKNOWN STEP	2025-07-19T23:54:32.5406053Z       "event": "review_requested",
asana_integration	UNKNOWN STEP	2025-07-19T23:54:32.5406299Z       "commit_id": null,
asana_integration	UNKNOWN STEP	2025-07-19T23:54:32.5406514Z       "commit_url": null,
asana_integration	UNKNOWN STEP	2025-07-19T23:54:32.5406743Z       "created_at": "2025-07-19T23:54:20Z",
asana_integration	UNKNOWN STEP	2025-07-19T23:54:32.5406999Z       "review_requester": {
asana_integration	UNKNOWN STEP	2025-07-19T23:54:32.5407348Z         "login": "badjacent",
asana_integration	UNKNOWN STEP	2025-07-19T23:54:32.5407577Z         "id": 3730593,
asana_integration	UNKNOWN STEP	2025-07-19T23:54:32.5407801Z         "node_id": "MDQ6VXNlcjM3MzA1OTM=",
asana_integration	UNKNOWN STEP	2025-07-19T23:54:32.5408169Z         "avatar_url": "https://avatars.githubusercontent.com/u/3730593?v=4",
asana_integration	UNKNOWN STEP	2025-07-19T23:54:32.5408530Z         "gravatar_id": "",
asana_integration	UNKNOWN STEP	2025-07-19T23:54:32.5408785Z         "url": "https://api.github.com/users/badjacent",
asana_integration	UNKNOWN STEP	2025-07-19T23:54:32.5409107Z         "html_url": "https://github.com/badjacent",
asana_integration	UNKNOWN STEP	2025-07-19T23:54:32.5409485Z         "followers_url": "https://api.github.com/users/badjacent/followers",
asana_integration	UNKNOWN STEP	2025-07-19T23:54:32.5409971Z         "following_url": "https://api.github.com/users/badjacent/following{/other_user}",
asana_integration	UNKNOWN STEP	2025-07-19T23:54:32.5410455Z         "gists_url": "https://api.github.com/users/badjacent/gists{/gist_id}",
asana_integration	UNKNOWN STEP	2025-07-19T23:54:32.5410930Z         "starred_url": "https://api.github.com/users/badjacent/starred{/owner}{/repo}",
asana_integration	UNKNOWN STEP	2025-07-19T23:54:32.5411444Z         "subscriptions_url": "https://api.github.com/users/badjacent/subscriptions",
asana_integration	UNKNOWN STEP	2025-07-19T23:54:32.5411916Z         "organizations_url": "https://api.github.com/users/badjacent/orgs",
asana_integration	UNKNOWN STEP	2025-07-19T23:54:32.5412342Z         "repos_url": "https://api.github.com/users/badjacent/repos",
asana_integration	UNKNOWN STEP	2025-07-19T23:54:32.5412775Z         "events_url": "https://api.github.com/users/badjacent/events{/privacy}",
asana_integration	UNKNOWN STEP	2025-07-19T23:54:32.5413267Z         "received_events_url": "https://api.github.com/users/badjacent/received_events",
asana_integration	UNKNOWN STEP	2025-07-19T23:54:32.5413655Z         "type": "User",
asana_integration	UNKNOWN STEP	2025-07-19T23:54:32.5413870Z         "user_view_type": "public",
asana_integration	UNKNOWN STEP	2025-07-19T23:54:32.5414126Z         "site_admin": false
asana_integration	UNKNOWN STEP	2025-07-19T23:54:32.5414344Z       },
asana_integration	UNKNOWN STEP	2025-07-19T23:54:32.5414523Z       "requested_reviewer": {
asana_integration	UNKNOWN STEP	2025-07-19T23:54:32.5414757Z         "login": "rjwalters",
asana_integration	UNKNOWN STEP	2025-07-19T23:54:32.5414979Z         "id": 2687775,
asana_integration	UNKNOWN STEP	2025-07-19T23:54:32.5415196Z         "node_id": "MDQ6VXNlcjI2ODc3NzU=",
asana_integration	UNKNOWN STEP	2025-07-19T23:54:32.5415549Z         "avatar_url": "https://avatars.githubusercontent.com/u/2687775?v=4",
asana_integration	UNKNOWN STEP	2025-07-19T23:54:32.5415907Z         "gravatar_id": "",
asana_integration	UNKNOWN STEP	2025-07-19T23:54:32.5416164Z         "url": "https://api.github.com/users/rjwalters",
asana_integration	UNKNOWN STEP	2025-07-19T23:54:32.5416491Z         "html_url": "https://github.com/rjwalters",
asana_integration	UNKNOWN STEP	2025-07-19T23:54:32.5416869Z         "followers_url": "https://api.github.com/users/rjwalters/followers",
asana_integration	UNKNOWN STEP	2025-07-19T23:54:32.5417454Z         "following_url": "https://api.github.com/users/rjwalters/following{/other_user}",
asana_integration	UNKNOWN STEP	2025-07-19T23:54:32.5417939Z         "gists_url": "https://api.github.com/users/rjwalters/gists{/gist_id}",
asana_integration	UNKNOWN STEP	2025-07-19T23:54:32.5418410Z         "starred_url": "https://api.github.com/users/rjwalters/starred{/owner}{/repo}",
asana_integration	UNKNOWN STEP	2025-07-19T23:54:32.5418921Z         "subscriptions_url": "https://api.github.com/users/rjwalters/subscriptions",
asana_integration	UNKNOWN STEP	2025-07-19T23:54:32.5419410Z         "organizations_url": "https://api.github.com/users/rjwalters/orgs",
asana_integration	UNKNOWN STEP	2025-07-19T23:54:32.5419841Z         "repos_url": "https://api.github.com/users/rjwalters/repos",
asana_integration	UNKNOWN STEP	2025-07-19T23:54:32.5420393Z         "events_url": "https://api.github.com/users/rjwalters/events{/privacy}",
asana_integration	UNKNOWN STEP	2025-07-19T23:54:32.5420989Z         "received_events_url": "https://api.github.com/users/rjwalters/received_events",
asana_integration	UNKNOWN STEP	2025-07-19T23:54:32.5421367Z         "type": "User",
asana_integration	UNKNOWN STEP	2025-07-19T23:54:32.5421568Z         "user_view_type": "public",
asana_integration	UNKNOWN STEP	2025-07-19T23:54:32.5421805Z         "site_admin": false
asana_integration	UNKNOWN STEP	2025-07-19T23:54:32.5422005Z       },
asana_integration	UNKNOWN STEP	2025-07-19T23:54:32.5422190Z       "performed_via_github_app": null
asana_integration	UNKNOWN STEP	2025-07-19T23:54:32.5422433Z     }
asana_integration	UNKNOWN STEP	2025-07-19T23:54:32.5422597Z   ]
asana_integration	UNKNOWN STEP	2025-07-19T23:54:33.6187015Z }
asana_integration	UNKNOWN STEP	2025-07-19T23:54:33.6187914Z assignees: ['sasmith', 'badjacent']
asana_integration	UNKNOWN STEP	2025-07-19T23:54:33.6188816Z author: badjacent
asana_integration	UNKNOWN STEP	2025-07-19T23:54:33.6189275Z reviewers: ['badjacent2', 'badjacent2']
asana_integration	UNKNOWN STEP	2025-07-19T23:54:33.6189798Z commenters: []
asana_integration	UNKNOWN STEP	2025-07-19T23:54:33.6190285Z github_logins: {'sasmith', 'badjacent2', 'badjacent'}
asana_integration	UNKNOWN STEP	2025-07-19T23:54:33.6193643Z event stream: [{'type': 'review', 'timestamp': '2025-07-19T23:44:08Z', 'user': 'badjacent2', 'text': ': there is one empty file here', 'action': 'changes_requested', 'id': 3035617740}, {'type': 'review', 'timestamp': '2025-07-19T23:44:44Z', 'user': 'badjacent2', 'text': ': actually empty files are okay', 'action': 'approved', 'id': 3035617810}, {'type': 'review_requested', 'timestamp': '2025-07-19T23:45:16Z', 'user': 'badjacent', 'requested_reviewer': 'badjacent2', 'action': 're-requested', 'text': ' review from badjacent2', 'id': 18713840623}]
asana_integration	UNKNOWN STEP	2025-07-19T23:54:33.6198097Z last event: {'type': 'review_requested', 'timestamp': '2025-07-19T23:45:16Z', 'user': 'badjacent', 'requested_reviewer': 'badjacent2', 'action': 're-requested', 'text': ' review from badjacent2', 'id': 18713840623}
asana_integration	UNKNOWN STEP	2025-07-19T23:54:33.6199975Z [__init__] Initializing AsanaTask with project_id=1210348820405981, workspace_id=1209016784099267
asana_integration	UNKNOWN STEP	2025-07-19T23:54:33.6200896Z Found 1 Asana URLs in description: 
asana_integration	UNKNOWN STEP	2025-07-19T23:54:33.6201246Z 
asana_integration	UNKNOWN STEP	2025-07-19T23:54:33.6201792Z [Asana Task](https://app.asana.com/1/1209016784099267/project/1210348820405981/task/1210838667996052)
asana_integration	UNKNOWN STEP	2025-07-19T23:54:33.6203396Z [ensure] ensure() called with title='branch for testing', github_url='https://github.com/Metta-AI/metta/pull/1572', urls=['https://app.asana.com/1/1209016784099267/project/1210348820405981/task/1210838667996052)']
asana_integration	UNKNOWN STEP	2025-07-19T23:54:33.6204683Z [ensure] Checking 1 existing URLs for validation
asana_integration	UNKNOWN STEP	2025-07-19T23:54:33.6205488Z [ensure] Validating URL: https://app.asana.com/1/1209016784099267/project/1210348820405981/task/1210838667996052)
asana_integration	UNKNOWN STEP	2025-07-19T23:54:33.6207045Z [validate] validate() called with url='https://app.asana.com/1/1209016784099267/project/1210348820405981/task/1210838667996052)', github_url='https://github.com/Metta-AI/metta/pull/1572'
asana_integration	UNKNOWN STEP	2025-07-19T23:54:33.6208877Z [extract_gid_from_url] extract_gid_from_url() called with task_url='https://app.asana.com/1/1209016784099267/project/1210348820405981/task/1210838667996052)'
asana_integration	UNKNOWN STEP	2025-07-19T23:54:33.6209969Z [extract_gid_from_url] Extracted GID using Format 2: 1210838667996052
asana_integration	UNKNOWN STEP	2025-07-19T23:54:33.6210549Z [validate] Extracted GID: 1210838667996052
asana_integration	UNKNOWN STEP	2025-07-19T23:54:33.6211182Z [validate] Making GET request to: https://app.asana.com/api/1.0/tasks/1210838667996052
asana_integration	UNKNOWN STEP	2025-07-19T23:54:33.6211817Z [validate] Response status: 200
asana_integration	UNKNOWN STEP	2025-07-19T23:54:33.6212642Z [validate] Task GitHub URL: 'https://github.com/Metta-AI/metta/pull/1572', expected: 'https://github.com/Metta-AI/metta/pull/1572'
asana_integration	UNKNOWN STEP	2025-07-19T23:54:33.6213498Z [validate] Task validation successful
asana_integration	UNKNOWN STEP	2025-07-19T23:54:33.6214304Z [ensure] Found valid existing task: https://app.asana.com/1/1209016784099267/project/1210348820405981/task/1210838667996052
asana_integration	UNKNOWN STEP	2025-07-19T23:54:33.6215500Z [ensure] Updating existing task: https://app.asana.com/1/1209016784099267/project/1210348820405981/task/1210838667996052
asana_integration	UNKNOWN STEP	2025-07-19T23:54:33.6216331Z [update_if_needed] update_if_needed() called
asana_integration	UNKNOWN STEP	2025-07-19T23:54:33.6216784Z [update_if_needed] Current vs new values:
asana_integration	UNKNOWN STEP	2025-07-19T23:54:33.6217364Z   title: 'branch for testing' vs 'branch for testing'
asana_integration	UNKNOWN STEP	2025-07-19T23:54:33.6218165Z   notes: '
asana_integration	UNKNOWN STEP	2025-07-19T23:54:33.6218321Z 
asana_integration	UNKNOWN STEP	2025-07-19T23:54:33.6218611Z [Asana Task](https://app.asana.com/1/12090167840...' vs '
asana_integration	UNKNOWN STEP	2025-07-19T23:54:33.6218955Z 
asana_integration	UNKNOWN STEP	2025-07-19T23:54:33.6219284Z [Asana Task](https://app.asana.com/1/12090167840...'
asana_integration	UNKNOWN STEP	2025-07-19T23:54:33.6219734Z   completed: False vs False
asana_integration	UNKNOWN STEP	2025-07-19T23:54:33.6220137Z   assignee: 'sasmith@stem.ai' vs 'sasmith@stem.ai'
asana_integration	UNKNOWN STEP	2025-07-19T23:54:33.6220610Z [update_if_needed] No changes needed
asana_integration	UNKNOWN STEP	2025-07-19T23:54:33.6221415Z [task_url.setter] Setting task_url to: https://app.asana.com/1/1209016784099267/project/1210348820405981/task/1210838667996052
asana_integration	UNKNOWN STEP	2025-07-19T23:54:33.6222335Z [synchronize_comments_in_asana_as_multiple_blocks] Starting with:
asana_integration	UNKNOWN STEP	2025-07-19T23:54:33.6222931Z [asana_comments_with_links] asana_comments_with_links() called
asana_integration	UNKNOWN STEP	2025-07-19T23:54:33.6223879Z [extract_gid_from_url] extract_gid_from_url() called with task_url='https://app.asana.com/1/1209016784099267/project/1210348820405981/task/1210838667996052'
asana_integration	UNKNOWN STEP	2025-07-19T23:54:33.6224853Z [extract_gid_from_url] Extracted GID using Format 2: 1210838667996052
asana_integration	UNKNOWN STEP	2025-07-19T23:54:33.6225794Z [task_gid] Extracted task_gid: 1210838667996052 from URL: https://app.asana.com/1/1209016784099267/project/1210348820405981/task/1210838667996052
asana_integration	UNKNOWN STEP	2025-07-19T23:54:33.6226714Z [get_comments] get_comments() called with task_id='1210838667996052'
asana_integration	UNKNOWN STEP	2025-07-19T23:54:33.6227530Z [get_comments] Making GET request to: https://app.asana.com/api/1.0/tasks/1210838667996052/stories
asana_integration	UNKNOWN STEP	2025-07-19T23:54:33.6228172Z [get_comments] Get comments response status: 200
asana_integration	UNKNOWN STEP	2025-07-19T23:54:33.6228658Z [get_comments] Found 2 comment stories out of 8 total stories
asana_integration	UNKNOWN STEP	2025-07-19T23:54:33.6229121Z [get_comments] Processed 2 comments
asana_integration	UNKNOWN STEP	2025-07-19T23:54:33.6234194Z comments in asana: [{'id': '1210838668594595', 'text': 'Review from badjacent2 (ID 3035617740): ðChanges Requested: there is one empty file here', 'html_text': '<body><strong>Review from badjacent2 (ID 3035617740)</strong>: ðChanges Requested: there is one empty file here</body>', 'author': {'name': 'Github Sync', 'email': 'stemaidaemon@gmail.com'}, 'created_at': datetime.datetime(2025, 7, 19, 23, 44, 22, 982000, tzinfo=datetime.timezone.utc), 'is_pinned': False, 'review_id': 3035617740}, {'id': '1210838668818172', 'text': 'Review from badjacent2 (ID 3035617810): ðApproved: actually empty files are okay', 'html_text': '<body><strong>Review from badjacent2 (ID 3035617810)</strong>: ðApproved: actually empty files are okay</body>', 'author': {'name': 'Github Sync', 'email': 'stemaidaemon@gmail.com'}, 'created_at': datetime.datetime(2025, 7, 19, 23, 45, 1, 423000, tzinfo=datetime.timezone.utc), 'is_pinned': False, 'review_id': 3035617810}]
asana_integration	UNKNOWN STEP	2025-07-19T23:54:33.6238015Z [asana_comments_with_links] Found 2 comments with review links of 2
asana_integration	UNKNOWN STEP	2025-07-19T23:54:33.6238481Z   asana_comments_with_links: 2 comments
asana_integration	UNKNOWN STEP	2025-07-19T23:54:33.6238826Z   comments_from_github: 2 reviews
asana_integration	UNKNOWN STEP	2025-07-19T23:54:33.6239595Z [extract_gid_from_url] extract_gid_from_url() called with task_url='https://app.asana.com/1/1209016784099267/project/1210348820405981/task/1210838667996052'
asana_integration	UNKNOWN STEP	2025-07-19T23:54:33.6240502Z [extract_gid_from_url] Extracted GID using Format 2: 1210838667996052
asana_integration	UNKNOWN STEP	2025-07-19T23:54:33.6241365Z [task_gid] Extracted task_gid: 1210838667996052 from URL: https://app.asana.com/1/1209016784099267/project/1210348820405981/task/1210838667996052
asana_integration	UNKNOWN STEP	2025-07-19T23:54:33.6242124Z [s] Existing comments by review ID: [3035617740, 3035617810]
asana_integration	UNKNOWN STEP	2025-07-19T23:54:33.6242597Z [s] Processing review 3035617740 from badjacent2 (changes_requested)
asana_integration	UNKNOWN STEP	2025-07-19T23:54:33.6243210Z [synchronize_comments_in_asana_as_multiple_blocks] Review 3035617740 has existing Asana comment
asana_integration	UNKNOWN STEP	2025-07-19T23:54:33.6243804Z [s] Updating existing comment for review 3035617740
asana_integration	UNKNOWN STEP	2025-07-19T23:54:33.6245080Z {'data': {'html_text': '<body><strong>Review from badjacent2 (ID 3035617740)</strong>: ðChanges Requested: there is one empty file here</body>'}}
asana_integration	UNKNOWN STEP	2025-07-19T23:54:33.6245862Z Updated Asana comment 1210838668594595 for review 3035617740
asana_integration	UNKNOWN STEP	2025-07-19T23:54:33.6246310Z [s] Processing review 3035617810 from badjacent2 (approved)
asana_integration	UNKNOWN STEP	2025-07-19T23:54:33.6247061Z [synchronize_comments_in_asana_as_multiple_blocks] Review 3035617810 has existing Asana comment
asana_integration	UNKNOWN STEP	2025-07-19T23:54:33.6247868Z [s] Updating existing comment for review 3035617810
asana_integration	UNKNOWN STEP	2025-07-19T23:54:33.6248685Z {'data': {'html_text': '<body><strong>Review from badjacent2 (ID 3035617810)</strong>: ðApproved: actually empty files are okay</body>'}}
asana_integration	UNKNOWN STEP	2025-07-19T23:54:33.6249393Z Updated Asana comment 1210838668818172 for review 3035617810
asana_integration	UNKNOWN STEP	2025-07-19T23:54:33.6249873Z Recorded 9 HTTP interactions in http_interactions_16393962816.yaml
asana_integration	UNKNOWN STEP	2025-07-19T23:54:33.6250394Z   1. GET https://api.github.com/repos/Metta-AI/metta/pulls/1572 -> 200
asana_integration	UNKNOWN STEP	2025-07-19T23:54:33.6250945Z   2. GET https://api.github.com/repos/Metta-AI/metta/issues/1572/comments -> 200
asana_integration	UNKNOWN STEP	2025-07-19T23:54:33.6251521Z   3. GET https://api.github.com/repos/Metta-AI/metta/pulls/1572/reviews -> 200
asana_integration	UNKNOWN STEP	2025-07-19T23:54:33.6252057Z   4. GET https://api.github.com/repos/Metta-AI/metta/issues/1572/timeline -> 200
asana_integration	UNKNOWN STEP	2025-07-19T23:54:33.6252732Z   5. GET https://app.asana.com/api/1.0/projects/1209948553419016/tasks?limit=100&opt_fields=custom_fields -> 200
asana_integration	UNKNOWN STEP	2025-07-19T23:54:33.6253883Z   6. GET https://app.asana.com/api/1.0/tasks/1210838667996052?opt_fields=permalink_url%2Ccustom_fields%2Cname%2Cnotes%2Cmodified_at%2Ccompleted%2Cassignee.email%2Cfollowers.email%2Cprojects.gid -> 200
asana_integration	UNKNOWN STEP	2025-07-19T23:54:33.6255309Z   7. GET https://app.asana.com/api/1.0/tasks/1210838667996052/stories?opt_fields=text%2Chtml_text%2Ccreated_by.name%2Ccreated_by.email%2Ccreated_at%2Ctype%2Cresource_subtype%2Cis_pinned -> 200
asana_integration	UNKNOWN STEP	2025-07-19T23:54:33.6256226Z   8. PUT https://app.asana.com/api/1.0/stories/1210838668594595 -> 200
asana_integration	UNKNOWN STEP	2025-07-19T23:54:33.6256678Z   9. PUT https://app.asana.com/api/1.0/stories/1210838668818172 -> 200
asana_integration	UNKNOWN STEP	2025-07-19T23:54:33.6560994Z ##[group]Run actions/upload-artifact@v4
asana_integration	UNKNOWN STEP	2025-07-19T23:54:33.6561301Z with:
asana_integration	UNKNOWN STEP	2025-07-19T23:54:33.6561534Z   name: http-interactions-16393962816
asana_integration	UNKNOWN STEP	2025-07-19T23:54:33.6561843Z   path: http_interactions_*.yaml
asana_integration	UNKNOWN STEP	2025-07-19T23:54:33.6562134Z   retention-days: 7
asana_integration	UNKNOWN STEP	2025-07-19T23:54:33.6562360Z   if-no-files-found: warn
asana_integration	UNKNOWN STEP	2025-07-19T23:54:33.6562611Z   compression-level: 6
asana_integration	UNKNOWN STEP	2025-07-19T23:54:33.6562858Z   overwrite: false
asana_integration	UNKNOWN STEP	2025-07-19T23:54:33.6563094Z   include-hidden-files: false
asana_integration	UNKNOWN STEP	2025-07-19T23:54:33.6563351Z env:
asana_integration	UNKNOWN STEP	2025-07-19T23:54:33.6563604Z   UV_CACHE_DIR: /home/runner/work/_temp/setup-uv-cache
asana_integration	UNKNOWN STEP	2025-07-19T23:54:33.6563949Z ##[endgroup]
asana_integration	UNKNOWN STEP	2025-07-19T23:54:33.8726259Z With the provided path, there will be 1 file uploaded
asana_integration	UNKNOWN STEP	2025-07-19T23:54:33.8731904Z Artifact name is valid!
asana_integration	UNKNOWN STEP	2025-07-19T23:54:33.8733116Z Root directory input is valid!
asana_integration	UNKNOWN STEP	2025-07-19T23:54:33.9740193Z Beginning upload of artifact content to blob storage
asana_integration	UNKNOWN STEP	2025-07-19T23:54:34.0556748Z Uploaded bytes 12056
asana_integration	UNKNOWN STEP	2025-07-19T23:54:34.0793198Z Finished uploading artifact content to blob storage!
asana_integration	UNKNOWN STEP	2025-07-19T23:54:34.0797671Z SHA256 digest of uploaded artifact zip is cfbddcb88f79dd579a6524e8ca3d94756787f957b0a623fd3c442c9785794a62
asana_integration	UNKNOWN STEP	2025-07-19T23:54:34.0799492Z Finalizing artifact upload
asana_integration	UNKNOWN STEP	2025-07-19T23:54:34.1450957Z Artifact http-interactions-16393962816.zip successfully finalized. Artifact ID 3570763760
asana_integration	UNKNOWN STEP	2025-07-19T23:54:34.1452572Z Artifact http-interactions-16393962816 has been successfully uploaded! Final size is 12056 bytes. Artifact ID is 3570763760
asana_integration	UNKNOWN STEP	2025-07-19T23:54:34.1459932Z Artifact download URL: https://github.com/Metta-AI/metta/actions/runs/16393962816/artifacts/3570763760
asana_integration	UNKNOWN STEP	2025-07-19T23:54:34.1624294Z Prepare all required actions
asana_integration	UNKNOWN STEP	2025-07-19T23:54:34.1624669Z Getting action download info
asana_integration	UNKNOWN STEP	2025-07-19T23:54:34.3010909Z ##[group]Run ./.github/actions/asana/pr_description_asana_to_gh
asana_integration	UNKNOWN STEP	2025-07-19T23:54:34.3011327Z with:
asana_integration	UNKNOWN STEP	2025-07-19T23:54:34.3011554Z   pr_number: 1572
asana_integration	UNKNOWN STEP	2025-07-19T23:54:34.3011812Z   repo: Metta-AI/metta
asana_integration	UNKNOWN STEP	2025-07-19T23:54:34.3012276Z   token: ***
asana_integration	UNKNOWN STEP	2025-07-19T23:54:34.3012760Z   task_url: https://app.asana.com/1/1209016784099267/project/1210348820405981/task/1210838667996052
asana_integration	UNKNOWN STEP	2025-07-19T23:54:34.3013316Z env:
asana_integration	UNKNOWN STEP	2025-07-19T23:54:34.3013595Z   UV_CACHE_DIR: /home/runner/work/_temp/setup-uv-cache
asana_integration	UNKNOWN STEP	2025-07-19T23:54:34.3014162Z ##[endgroup]
asana_integration	UNKNOWN STEP	2025-07-19T23:54:34.3062648Z ##[group]Run astral-sh/setup-uv@v6
asana_integration	UNKNOWN STEP	2025-07-19T23:54:34.3062962Z with:
asana_integration	UNKNOWN STEP	2025-07-19T23:54:34.3063183Z   version: 0.7.3
asana_integration	UNKNOWN STEP	2025-07-19T23:54:34.3063441Z   enable-cache: true
asana_integration	UNKNOWN STEP	2025-07-19T23:54:34.3063730Z   activate-environment: false
asana_integration	UNKNOWN STEP	2025-07-19T23:54:34.3064092Z   working-directory: /home/runner/work/metta/metta
asana_integration	UNKNOWN STEP	2025-07-19T23:54:34.3064523Z   server-url: https://github.com
asana_integration	UNKNOWN STEP	2025-07-19T23:54:34.3064940Z   github-token: ***
asana_integration	UNKNOWN STEP	2025-07-19T23:54:34.3065533Z   cache-dependency-glob: **/*requirements*.txt
asana_integration	UNKNOWN STEP	**/*requirements*.in
asana_integration	UNKNOWN STEP	**/*constraints*.txt
asana_integration	UNKNOWN STEP	**/*constraints*.in
asana_integration	UNKNOWN STEP	**/pyproject.toml
asana_integration	UNKNOWN STEP	**/uv.lock
asana_integration	UNKNOWN STEP	
asana_integration	UNKNOWN STEP	2025-07-19T23:54:34.3066198Z   prune-cache: true
asana_integration	UNKNOWN STEP	2025-07-19T23:54:34.3066453Z   ignore-nothing-to-cache: false
asana_integration	UNKNOWN STEP	2025-07-19T23:54:34.3066756Z   ignore-empty-workdir: false
asana_integration	UNKNOWN STEP	2025-07-19T23:54:34.3067037Z env:
asana_integration	UNKNOWN STEP	2025-07-19T23:54:34.3067433Z   UV_CACHE_DIR: /home/runner/work/_temp/setup-uv-cache
asana_integration	UNKNOWN STEP	2025-07-19T23:54:34.3067780Z ##[endgroup]
asana_integration	UNKNOWN STEP	2025-07-19T23:54:34.5462346Z Found uv in tool-cache for 0.7.3
asana_integration	UNKNOWN STEP	2025-07-19T23:54:34.5467043Z Added /home/runner/.local/bin to the path
asana_integration	UNKNOWN STEP	2025-07-19T23:54:34.5473562Z Added /opt/hostedtoolcache/uv/0.7.3/x86_64 to the path
asana_integration	UNKNOWN STEP	2025-07-19T23:54:34.5482677Z Set UV_CACHE_DIR to /home/runner/work/_temp/setup-uv-cache
asana_integration	UNKNOWN STEP	2025-07-19T23:54:34.5483363Z Successfully installed uv version 0.7.3
asana_integration	UNKNOWN STEP	2025-07-19T23:54:34.5484617Z Searching files using cache dependency glob: **/*requirements*.txt,**/*requirements*.in,**/*constraints*.txt,**/*constraints*.in,**/pyproject.toml,**/uv.lock
asana_integration	UNKNOWN STEP	2025-07-19T23:54:34.5797898Z /home/runner/work/metta/metta/agent/pyproject.toml
asana_integration	UNKNOWN STEP	2025-07-19T23:54:34.5943337Z /home/runner/work/metta/metta/app_backend/pyproject.toml
asana_integration	UNKNOWN STEP	2025-07-19T23:54:34.5995824Z /home/runner/work/metta/metta/common/pyproject.toml
asana_integration	UNKNOWN STEP	2025-07-19T23:54:34.7133429Z /home/runner/work/metta/metta/mettagrid/pyproject.toml
asana_integration	UNKNOWN STEP	2025-07-19T23:54:34.7699655Z /home/runner/work/metta/metta/pyproject.toml
asana_integration	UNKNOWN STEP	2025-07-19T23:54:34.8065091Z /home/runner/work/metta/metta/uv.lock
asana_integration	UNKNOWN STEP	2025-07-19T23:54:34.8079492Z Found 6 files to hash.
asana_integration	UNKNOWN STEP	2025-07-19T23:54:34.8439126Z Trying to restore uv cache from GitHub Actions cache with key: setup-uv-1-x86_64-unknown-linux-gnu-3.11.7-pruned-fc7ad3d6132e153efefb4acae453fc8242b7ddf9bf716f8e4f241dc1c5de034f
asana_integration	UNKNOWN STEP	2025-07-19T23:54:34.9175703Z Cache hit for: setup-uv-1-x86_64-unknown-linux-gnu-3.11.7-pruned-fc7ad3d6132e153efefb4acae453fc8242b7ddf9bf716f8e4f241dc1c5de034f
asana_integration	UNKNOWN STEP	2025-07-19T23:54:34.9759299Z Received 219308 of 219308 (100.0%), 11.6 MBs/sec
asana_integration	UNKNOWN STEP	2025-07-19T23:54:34.9761041Z Cache Size: ~0 MB (219308 B)
asana_integration	UNKNOWN STEP	2025-07-19T23:54:34.9789175Z [command]/usr/bin/tar -xf /home/runner/work/_temp/d04e00e0-237e-47a2-8260-4bffd6432b08/cache.tzst -P -C /home/runner/work/metta/metta --use-compress-program unzstd
asana_integration	UNKNOWN STEP	2025-07-19T23:54:34.9875140Z Cache restored successfully
asana_integration	UNKNOWN STEP	2025-07-19T23:54:34.9882567Z uv cache restored from GitHub Actions cache with key: setup-uv-1-x86_64-unknown-linux-gnu-3.11.7-pruned-fc7ad3d6132e153efefb4acae453fc8242b7ddf9bf716f8e4f241dc1c5de034f
asana_integration	UNKNOWN STEP	2025-07-19T23:54:35.0013303Z ##[group]Run uv run /home/runner/work/metta/metta/./.github/actions/asana/pr_description_asana_to_gh/pr_description_asana_to_gh.py
asana_integration	UNKNOWN STEP	2025-07-19T23:54:35.0014555Z [36;1muv run /home/runner/work/metta/metta/./.github/actions/asana/pr_description_asana_to_gh/pr_description_asana_to_gh.py[0m
asana_integration	UNKNOWN STEP	2025-07-19T23:54:35.0043899Z shell: /usr/bin/bash --noprofile --norc -e -o pipefail {0}
asana_integration	UNKNOWN STEP	2025-07-19T23:54:35.0044406Z env:
asana_integration	UNKNOWN STEP	2025-07-19T23:54:35.0044975Z   UV_CACHE_DIR: /home/runner/work/_temp/setup-uv-cache
asana_integration	UNKNOWN STEP	2025-07-19T23:54:35.0045480Z   INPUT_REPO: Metta-AI/metta
asana_integration	UNKNOWN STEP	2025-07-19T23:54:35.0045855Z   INPUT_PR_NUMBER: 1572
asana_integration	UNKNOWN STEP	2025-07-19T23:54:35.0046534Z   INPUT_TASK_URL: https://app.asana.com/1/1209016784099267/project/1210348820405981/task/1210838667996052
asana_integration	UNKNOWN STEP	2025-07-19T23:54:35.0047772Z   INPUT_TOKEN: ***
asana_integration	UNKNOWN STEP	2025-07-19T23:54:35.0048101Z ##[endgroup]
asana_integration	UNKNOWN STEP	2025-07-19T23:54:35.0408131Z Installed 5 packages in 4ms
asana_integration	UNKNOWN STEP	2025-07-19T23:54:35.9913929Z Updating PR description for Metta-AI/metta #1572 with task https://app.asana.com/1/1209016784099267/project/1210348820405981/task/1210838667996052
asana_integration	UNKNOWN STEP	2025-07-19T23:54:36.0239181Z Post job cleanup.
asana_integration	UNKNOWN STEP	2025-07-19T23:54:36.0286246Z Post job cleanup.
asana_integration	UNKNOWN STEP	2025-07-19T23:54:36.1872596Z Cache hit occurred on key setup-uv-1-x86_64-unknown-linux-gnu-3.11.7-pruned-fc7ad3d6132e153efefb4acae453fc8242b7ddf9bf716f8e4f241dc1c5de034f, not saving cache.
asana_integration	UNKNOWN STEP	2025-07-19T23:54:36.2010593Z Post job cleanup.
asana_integration	UNKNOWN STEP	2025-07-19T23:54:36.2051125Z Post job cleanup.
asana_integration	UNKNOWN STEP	2025-07-19T23:54:36.3618424Z Cache hit occurred on key setup-uv-1-x86_64-unknown-linux-gnu-unknown-pruned-fc7ad3d6132e153efefb4acae453fc8242b7ddf9bf716f8e4f241dc1c5de034f, not saving cache.
asana_integration	UNKNOWN STEP	2025-07-19T23:54:36.3746386Z Post job cleanup.
asana_integration	UNKNOWN STEP	2025-07-19T23:54:36.4698869Z [command]/usr/bin/git version
asana_integration	UNKNOWN STEP	2025-07-19T23:54:36.4735887Z git version 2.50.1
asana_integration	UNKNOWN STEP	2025-07-19T23:54:36.4788165Z Temporarily overriding HOME='/home/runner/work/_temp/e7932d68-5471-48ba-adf9-171943398c67' before making global git config changes
asana_integration	UNKNOWN STEP	2025-07-19T23:54:36.4789707Z Adding repository directory to the temporary git global config as a safe directory
asana_integration	UNKNOWN STEP	2025-07-19T23:54:36.4794292Z [command]/usr/bin/git config --global --add safe.directory /home/runner/work/metta/metta
asana_integration	UNKNOWN STEP	2025-07-19T23:54:36.4829769Z [command]/usr/bin/git config --local --name-only --get-regexp core\.sshCommand
asana_integration	UNKNOWN STEP	2025-07-19T23:54:36.4863753Z [command]/usr/bin/git submodule foreach --recursive sh -c "git config --local --name-only --get-regexp 'core\.sshCommand' && git config --local --unset-all 'core.sshCommand' || :"
asana_integration	UNKNOWN STEP	2025-07-19T23:54:36.5103039Z [command]/usr/bin/git config --local --name-only --get-regexp http\.https\:\/\/github\.com\/\.extraheader
asana_integration	UNKNOWN STEP	2025-07-19T23:54:36.5124900Z http.https://github.com/.extraheader
asana_integration	UNKNOWN STEP	2025-07-19T23:54:36.5138422Z [command]/usr/bin/git config --local --unset-all http.https://github.com/.extraheader
asana_integration	UNKNOWN STEP	2025-07-19T23:54:36.5170388Z [command]/usr/bin/git submodule foreach --recursive sh -c "git config --local --name-only --get-regexp 'http\.https\:\/\/github\.com\/\.extraheader' && git config --local --unset-all 'http.https://github.com/.extraheader' || :"
asana_integration	UNKNOWN STEP	2025-07-19T23:54:36.5509942Z Cleaning up orphan processes
